MSBuild version 17.14.23+b0019275e for .NET Framework

  1>Checking Build System
  Building Custom Rule E:/C++/FlutterReflect/build/_deps/spdlog-src/CMakeLists.txt
  spdlog.cpp
  stdout_sinks.cpp
  color_sinks.cpp
  file_sinks.cpp
  async.cpp
  cfg.cpp
  bundled_fmtlib_format.cpp
C:\Program Files\Microsoft Visual Studio\2022\Community\VC\Tools\MSVC\14.38.33130\include\xutility(1141,31): warning C4996: 'stdext::checked_array_iterator<T *>': warning STL4043: stdext::checked_array_iterator, stdext::unchecked_array_iterator, and related factory functions are non-Standard extensions and will be removed in the future. std::span (since C++20) and gsl::span can be used instead. You can define _SILENCE_STDEXT_ARR_ITERS_DEPRECATION_WARNING or _SILENCE_ALL_MS_EXT_DEPRECATION_WARNINGS to suppress this warning. [E:\C++\FlutterReflect\build\_deps\spdlog-build\spdlog.vcxproj]
C:\Program Files\Microsoft Visual Studio\2022\Community\VC\Tools\MSVC\14.38.33130\include\xutility(1141,31): warning C4996:         with [E:\C++\FlutterReflect\build\_deps\spdlog-build\spdlog.vcxproj]
C:\Program Files\Microsoft Visual Studio\2022\Community\VC\Tools\MSVC\14.38.33130\include\xutility(1141,31): warning C4996:         [ [E:\C++\FlutterReflect\build\_deps\spdlog-build\spdlog.vcxproj]
C:\Program Files\Microsoft Visual Studio\2022\Community\VC\Tools\MSVC\14.38.33130\include\xutility(1141,31): warning C4996:             T=fmt::v9::detail::bigint::bigit [E:\C++\FlutterReflect\build\_deps\spdlog-build\spdlog.vcxproj]
C:\Program Files\Microsoft Visual Studio\2022\Community\VC\Tools\MSVC\14.38.33130\include\xutility(1141,31): warning C4996:         ] [E:\C++\FlutterReflect\build\_deps\spdlog-build\spdlog.vcxproj]
  (compiling source file '../spdlog-src/src/bundled_fmtlib_format.cpp')
      C:\Program Files\Microsoft Visual Studio\2022\Community\VC\Tools\MSVC\14.38.33130\include\iterator(1470,58):
      see declaration of 'stdext::checked_array_iterator'
      C:\Program Files\Microsoft Visual Studio\2022\Community\VC\Tools\MSVC\14.38.33130\include\xutility(1141,31):
      the template instantiation context (the oldest one first) is
          E:\C++\FlutterReflect\build\_deps\spdlog-src\include\spdlog\fmt\bundled\format.h(2807,10):
          see reference to function template instantiation '_OutIt std::copy<const T*,stdext::checked_array_iterator<T *>>(_InIt,_InIt,_OutIt)' being compiled
          with
          [
              _OutIt=stdext::checked_array_iterator<fmt::v9::detail::bigint::bigit *>,
              T=fmt::v9::detail::bigint::bigit,
              _InIt=const fmt::v9::detail::bigint::bigit *
          ]
          C:\Program Files\Microsoft Visual Studio\2022\Community\VC\Tools\MSVC\14.38.33130\include\xutility(4610,26):
          see reference to function template instantiation 'decltype(auto) std::_Get_unwrapped_n<_OutIt&,__int64>(_Iter,const _Diff)' being compiled
          with
          [
              _OutIt=stdext::checked_array_iterator<fmt::v9::detail::bigint::bigit *>,
              _Iter=stdext::checked_array_iterator<fmt::v9::detail::bigint::bigit *> &,
              _Diff=__int64
          ]
          C:\Program Files\Microsoft Visual Studio\2022\Community\VC\Tools\MSVC\14.38.33130\include\xutility(1244,26):
          see reference to variable template 'const bool _Unwrappable_for_offset_v<stdext::checked_array_iterator<unsigned int *> &>' being compiled
          C:\Program Files\Microsoft Visual Studio\2022\Community\VC\Tools\MSVC\14.38.33130\include\xutility(1238,5):
          see reference to variable template 'const bool _Unwrappable_v<stdext::checked_array_iterator<unsigned int *> &,void>' being compiled
          C:\Program Files\Microsoft Visual Studio\2022\Community\VC\Tools\MSVC\14.38.33130\include\xutility(1165,5):
          see reference to variable template 'const bool _Allow_inheriting_unwrap_v<stdext::checked_array_iterator<unsigned int *>,void>' being compiled
  
C:\Program Files\Microsoft Visual Studio\2022\Community\VC\Tools\MSVC\14.38.33130\include\xutility(1141,22): warning C4996: 'stdext::checked_array_iterator<T *>::_Prevent_inheriting_unwrap': warning STL4043: stdext::checked_array_iterator, stdext::unchecked_array_iterator, and related factory functions are non-Standard extensions and will be removed in the future. std::span (since C++20) and gsl::span can be used instead. You can define _SILENCE_STDEXT_ARR_ITERS_DEPRECATION_WARNING or _SILENCE_ALL_MS_EXT_DEPRECATION_WARNINGS to suppress this warning. [E:\C++\FlutterReflect\build\_deps\spdlog-build\spdlog.vcxproj]
C:\Program Files\Microsoft Visual Studio\2022\Community\VC\Tools\MSVC\14.38.33130\include\xutility(1141,22): warning C4996:         with [E:\C++\FlutterReflect\build\_deps\spdlog-build\spdlog.vcxproj]
C:\Program Files\Microsoft Visual Studio\2022\Community\VC\Tools\MSVC\14.38.33130\include\xutility(1141,22): warning C4996:         [ [E:\C++\FlutterReflect\build\_deps\spdlog-build\spdlog.vcxproj]
C:\Program Files\Microsoft Visual Studio\2022\Community\VC\Tools\MSVC\14.38.33130\include\xutility(1141,22): warning C4996:             T=fmt::v9::detail::bigint::bigit [E:\C++\FlutterReflect\build\_deps\spdlog-build\spdlog.vcxproj]
C:\Program Files\Microsoft Visual Studio\2022\Community\VC\Tools\MSVC\14.38.33130\include\xutility(1141,22): warning C4996:         ] [E:\C++\FlutterReflect\build\_deps\spdlog-build\spdlog.vcxproj]
  (compiling source file '../spdlog-src/src/bundled_fmtlib_format.cpp')
  
C:\Program Files\Microsoft Visual Studio\2022\Community\VC\Tools\MSVC\14.38.33130\include\__msvc_iter_core.hpp(488,40): warning C4996: 'stdext::checked_array_iterator<T *>': warning STL4043: stdext::checked_array_iterator, stdext::unchecked_array_iterator, and related factory functions are non-Standard extensions and will be removed in the future. std::span (since C++20) and gsl::span can be used instead. You can define _SILENCE_STDEXT_ARR_ITERS_DEPRECATION_WARNING or _SILENCE_ALL_MS_EXT_DEPRECATION_WARNINGS to suppress this warning. [E:\C++\FlutterReflect\build\_deps\spdlog-build\spdlog.vcxproj]
C:\Program Files\Microsoft Visual Studio\2022\Community\VC\Tools\MSVC\14.38.33130\include\__msvc_iter_core.hpp(488,40): warning C4996:         with [E:\C++\FlutterReflect\build\_deps\spdlog-build\spdlog.vcxproj]
C:\Program Files\Microsoft Visual Studio\2022\Community\VC\Tools\MSVC\14.38.33130\include\__msvc_iter_core.hpp(488,40): warning C4996:         [ [E:\C++\FlutterReflect\build\_deps\spdlog-build\spdlog.vcxproj]
C:\Program Files\Microsoft Visual Studio\2022\Community\VC\Tools\MSVC\14.38.33130\include\__msvc_iter_core.hpp(488,40): warning C4996:             T=fmt::v9::detail::bigint::bigit [E:\C++\FlutterReflect\build\_deps\spdlog-build\spdlog.vcxproj]
C:\Program Files\Microsoft Visual Studio\2022\Community\VC\Tools\MSVC\14.38.33130\include\__msvc_iter_core.hpp(488,40): warning C4996:         ] [E:\C++\FlutterReflect\build\_deps\spdlog-build\spdlog.vcxproj]
  (compiling source file '../spdlog-src/src/bundled_fmtlib_format.cpp')
      C:\Program Files\Microsoft Visual Studio\2022\Community\VC\Tools\MSVC\14.38.33130\include\iterator(1470,58):
      see declaration of 'stdext::checked_array_iterator'
      C:\Program Files\Microsoft Visual Studio\2022\Community\VC\Tools\MSVC\14.38.33130\include\__msvc_iter_core.hpp(488,40):
      the template instantiation context (the oldest one first) is
          C:\Program Files\Microsoft Visual Studio\2022\Community\VC\Tools\MSVC\14.38.33130\include\xutility(1233,93):
          see reference to alias template instantiation 'std::_Iter_diff_t<_Iter>' being compiled
          with
          [
              _Iter=stdext::checked_array_iterator<fmt::v9::detail::bigint::bigit *>
          ]
          C:\Program Files\Microsoft Visual Studio\2022\Community\VC\Tools\MSVC\14.38.33130\include\xutility(1238,5):
          see reference to class template instantiation 'std::iterator_traits<_Iter>' being compiled
          with
          [
              _Iter=stdext::checked_array_iterator<fmt::v9::detail::bigint::bigit *>
          ]
          C:\Program Files\Microsoft Visual Studio\2022\Community\VC\Tools\MSVC\14.38.33130\include\__msvc_iter_core.hpp(508,26):
          see reference to class template instantiation 'std::_Iterator_traits_base<_Iter,void>' being compiled
          with
          [
              _Iter=stdext::checked_array_iterator<fmt::v9::detail::bigint::bigit *>
          ]
  
C:\Program Files\Microsoft Visual Studio\2022\Community\VC\Tools\MSVC\14.38.33130\include\__msvc_iter_core.hpp(488,31): warning C4996: 'stdext::checked_array_iterator<T *>::iterator_category': warning STL4043: stdext::checked_array_iterator, stdext::unchecked_array_iterator, and related factory functions are non-Standard extensions and will be removed in the future. std::span (since C++20) and gsl::span can be used instead. You can define _SILENCE_STDEXT_ARR_ITERS_DEPRECATION_WARNING or _SILENCE_ALL_MS_EXT_DEPRECATION_WARNINGS to suppress this warning. [E:\C++\FlutterReflect\build\_deps\spdlog-build\spdlog.vcxproj]
C:\Program Files\Microsoft Visual Studio\2022\Community\VC\Tools\MSVC\14.38.33130\include\__msvc_iter_core.hpp(488,31): warning C4996:         with [E:\C++\FlutterReflect\build\_deps\spdlog-build\spdlog.vcxproj]
C:\Program Files\Microsoft Visual Studio\2022\Community\VC\Tools\MSVC\14.38.33130\include\__msvc_iter_core.hpp(488,31): warning C4996:         [ [E:\C++\FlutterReflect\build\_deps\spdlog-build\spdlog.vcxproj]
C:\Program Files\Microsoft Visual Studio\2022\Community\VC\Tools\MSVC\14.38.33130\include\__msvc_iter_core.hpp(488,31): warning C4996:             T=fmt::v9::detail::bigint::bigit [E:\C++\FlutterReflect\build\_deps\spdlog-build\spdlog.vcxproj]
C:\Program Files\Microsoft Visual Studio\2022\Community\VC\Tools\MSVC\14.38.33130\include\__msvc_iter_core.hpp(488,31): warning C4996:         ] [E:\C++\FlutterReflect\build\_deps\spdlog-build\spdlog.vcxproj]
  (compiling source file '../spdlog-src/src/bundled_fmtlib_format.cpp')
  
C:\Program Files\Microsoft Visual Studio\2022\Community\VC\Tools\MSVC\14.38.33130\include\__msvc_iter_core.hpp(489,40): warning C4996: 'stdext::checked_array_iterator<T *>': warning STL4043: stdext::checked_array_iterator, stdext::unchecked_array_iterator, and related factory functions are non-Standard extensions and will be removed in the future. std::span (since C++20) and gsl::span can be used instead. You can define _SILENCE_STDEXT_ARR_ITERS_DEPRECATION_WARNING or _SILENCE_ALL_MS_EXT_DEPRECATION_WARNINGS to suppress this warning. [E:\C++\FlutterReflect\build\_deps\spdlog-build\spdlog.vcxproj]
C:\Program Files\Microsoft Visual Studio\2022\Community\VC\Tools\MSVC\14.38.33130\include\__msvc_iter_core.hpp(489,40): warning C4996:         with [E:\C++\FlutterReflect\build\_deps\spdlog-build\spdlog.vcxproj]
C:\Program Files\Microsoft Visual Studio\2022\Community\VC\Tools\MSVC\14.38.33130\include\__msvc_iter_core.hpp(489,40): warning C4996:         [ [E:\C++\FlutterReflect\build\_deps\spdlog-build\spdlog.vcxproj]
C:\Program Files\Microsoft Visual Studio\2022\Community\VC\Tools\MSVC\14.38.33130\include\__msvc_iter_core.hpp(489,40): warning C4996:             T=fmt::v9::detail::bigint::bigit [E:\C++\FlutterReflect\build\_deps\spdlog-build\spdlog.vcxproj]
C:\Program Files\Microsoft Visual Studio\2022\Community\VC\Tools\MSVC\14.38.33130\include\__msvc_iter_core.hpp(489,40): warning C4996:         ] [E:\C++\FlutterReflect\build\_deps\spdlog-build\spdlog.vcxproj]
  (compiling source file '../spdlog-src/src/bundled_fmtlib_format.cpp')
      C:\Program Files\Microsoft Visual Studio\2022\Community\VC\Tools\MSVC\14.38.33130\include\iterator(1470,58):
      see declaration of 'stdext::checked_array_iterator'
  
C:\Program Files\Microsoft Visual Studio\2022\Community\VC\Tools\MSVC\14.38.33130\include\__msvc_iter_core.hpp(489,31): warning C4996: 'stdext::checked_array_iterator<T *>::value_type': warning STL4043: stdext::checked_array_iterator, stdext::unchecked_array_iterator, and related factory functions are non-Standard extensions and will be removed in the future. std::span (since C++20) and gsl::span can be used instead. You can define _SILENCE_STDEXT_ARR_ITERS_DEPRECATION_WARNING or _SILENCE_ALL_MS_EXT_DEPRECATION_WARNINGS to suppress this warning. [E:\C++\FlutterReflect\build\_deps\spdlog-build\spdlog.vcxproj]
C:\Program Files\Microsoft Visual Studio\2022\Community\VC\Tools\MSVC\14.38.33130\include\__msvc_iter_core.hpp(489,31): warning C4996:         with [E:\C++\FlutterReflect\build\_deps\spdlog-build\spdlog.vcxproj]
C:\Program Files\Microsoft Visual Studio\2022\Community\VC\Tools\MSVC\14.38.33130\include\__msvc_iter_core.hpp(489,31): warning C4996:         [ [E:\C++\FlutterReflect\build\_deps\spdlog-build\spdlog.vcxproj]
C:\Program Files\Microsoft Visual Studio\2022\Community\VC\Tools\MSVC\14.38.33130\include\__msvc_iter_core.hpp(489,31): warning C4996:             T=fmt::v9::detail::bigint::bigit [E:\C++\FlutterReflect\build\_deps\spdlog-build\spdlog.vcxproj]
C:\Program Files\Microsoft Visual Studio\2022\Community\VC\Tools\MSVC\14.38.33130\include\__msvc_iter_core.hpp(489,31): warning C4996:         ] [E:\C++\FlutterReflect\build\_deps\spdlog-build\spdlog.vcxproj]
  (compiling source file '../spdlog-src/src/bundled_fmtlib_format.cpp')
  
C:\Program Files\Microsoft Visual Studio\2022\Community\VC\Tools\MSVC\14.38.33130\include\__msvc_iter_core.hpp(490,40): warning C4996: 'stdext::checked_array_iterator<T *>': warning STL4043: stdext::checked_array_iterator, stdext::unchecked_array_iterator, and related factory functions are non-Standard extensions and will be removed in the future. std::span (since C++20) and gsl::span can be used instead. You can define _SILENCE_STDEXT_ARR_ITERS_DEPRECATION_WARNING or _SILENCE_ALL_MS_EXT_DEPRECATION_WARNINGS to suppress this warning. [E:\C++\FlutterReflect\build\_deps\spdlog-build\spdlog.vcxproj]
C:\Program Files\Microsoft Visual Studio\2022\Community\VC\Tools\MSVC\14.38.33130\include\__msvc_iter_core.hpp(490,40): warning C4996:         with [E:\C++\FlutterReflect\build\_deps\spdlog-build\spdlog.vcxproj]
C:\Program Files\Microsoft Visual Studio\2022\Community\VC\Tools\MSVC\14.38.33130\include\__msvc_iter_core.hpp(490,40): warning C4996:         [ [E:\C++\FlutterReflect\build\_deps\spdlog-build\spdlog.vcxproj]
C:\Program Files\Microsoft Visual Studio\2022\Community\VC\Tools\MSVC\14.38.33130\include\__msvc_iter_core.hpp(490,40): warning C4996:             T=fmt::v9::detail::bigint::bigit [E:\C++\FlutterReflect\build\_deps\spdlog-build\spdlog.vcxproj]
C:\Program Files\Microsoft Visual Studio\2022\Community\VC\Tools\MSVC\14.38.33130\include\__msvc_iter_core.hpp(490,40): warning C4996:         ] [E:\C++\FlutterReflect\build\_deps\spdlog-build\spdlog.vcxproj]
  (compiling source file '../spdlog-src/src/bundled_fmtlib_format.cpp')
      C:\Program Files\Microsoft Visual Studio\2022\Community\VC\Tools\MSVC\14.38.33130\include\iterator(1470,58):
      see declaration of 'stdext::checked_array_iterator'
  
C:\Program Files\Microsoft Visual Studio\2022\Community\VC\Tools\MSVC\14.38.33130\include\__msvc_iter_core.hpp(490,31): warning C4996: 'stdext::checked_array_iterator<T *>::difference_type': warning STL4043: stdext::checked_array_iterator, stdext::unchecked_array_iterator, and related factory functions are non-Standard extensions and will be removed in the future. std::span (since C++20) and gsl::span can be used instead. You can define _SILENCE_STDEXT_ARR_ITERS_DEPRECATION_WARNING or _SILENCE_ALL_MS_EXT_DEPRECATION_WARNINGS to suppress this warning. [E:\C++\FlutterReflect\build\_deps\spdlog-build\spdlog.vcxproj]
C:\Program Files\Microsoft Visual Studio\2022\Community\VC\Tools\MSVC\14.38.33130\include\__msvc_iter_core.hpp(490,31): warning C4996:         with [E:\C++\FlutterReflect\build\_deps\spdlog-build\spdlog.vcxproj]
C:\Program Files\Microsoft Visual Studio\2022\Community\VC\Tools\MSVC\14.38.33130\include\__msvc_iter_core.hpp(490,31): warning C4996:         [ [E:\C++\FlutterReflect\build\_deps\spdlog-build\spdlog.vcxproj]
C:\Program Files\Microsoft Visual Studio\2022\Community\VC\Tools\MSVC\14.38.33130\include\__msvc_iter_core.hpp(490,31): warning C4996:             T=fmt::v9::detail::bigint::bigit [E:\C++\FlutterReflect\build\_deps\spdlog-build\spdlog.vcxproj]
C:\Program Files\Microsoft Visual Studio\2022\Community\VC\Tools\MSVC\14.38.33130\include\__msvc_iter_core.hpp(490,31): warning C4996:         ] [E:\C++\FlutterReflect\build\_deps\spdlog-build\spdlog.vcxproj]
  (compiling source file '../spdlog-src/src/bundled_fmtlib_format.cpp')
  
C:\Program Files\Microsoft Visual Studio\2022\Community\VC\Tools\MSVC\14.38.33130\include\__msvc_iter_core.hpp(491,40): warning C4996: 'stdext::checked_array_iterator<T *>': warning STL4043: stdext::checked_array_iterator, stdext::unchecked_array_iterator, and related factory functions are non-Standard extensions and will be removed in the future. std::span (since C++20) and gsl::span can be used instead. You can define _SILENCE_STDEXT_ARR_ITERS_DEPRECATION_WARNING or _SILENCE_ALL_MS_EXT_DEPRECATION_WARNINGS to suppress this warning. [E:\C++\FlutterReflect\build\_deps\spdlog-build\spdlog.vcxproj]
C:\Program Files\Microsoft Visual Studio\2022\Community\VC\Tools\MSVC\14.38.33130\include\__msvc_iter_core.hpp(491,40): warning C4996:         with [E:\C++\FlutterReflect\build\_deps\spdlog-build\spdlog.vcxproj]
C:\Program Files\Microsoft Visual Studio\2022\Community\VC\Tools\MSVC\14.38.33130\include\__msvc_iter_core.hpp(491,40): warning C4996:         [ [E:\C++\FlutterReflect\build\_deps\spdlog-build\spdlog.vcxproj]
C:\Program Files\Microsoft Visual Studio\2022\Community\VC\Tools\MSVC\14.38.33130\include\__msvc_iter_core.hpp(491,40): warning C4996:             T=fmt::v9::detail::bigint::bigit [E:\C++\FlutterReflect\build\_deps\spdlog-build\spdlog.vcxproj]
C:\Program Files\Microsoft Visual Studio\2022\Community\VC\Tools\MSVC\14.38.33130\include\__msvc_iter_core.hpp(491,40): warning C4996:         ] [E:\C++\FlutterReflect\build\_deps\spdlog-build\spdlog.vcxproj]
  (compiling source file '../spdlog-src/src/bundled_fmtlib_format.cpp')
      C:\Program Files\Microsoft Visual Studio\2022\Community\VC\Tools\MSVC\14.38.33130\include\iterator(1470,58):
      see declaration of 'stdext::checked_array_iterator'
  
C:\Program Files\Microsoft Visual Studio\2022\Community\VC\Tools\MSVC\14.38.33130\include\__msvc_iter_core.hpp(491,31): warning C4996: 'stdext::checked_array_iterator<T *>::pointer': warning STL4043: stdext::checked_array_iterator, stdext::unchecked_array_iterator, and related factory functions are non-Standard extensions and will be removed in the future. std::span (since C++20) and gsl::span can be used instead. You can define _SILENCE_STDEXT_ARR_ITERS_DEPRECATION_WARNING or _SILENCE_ALL_MS_EXT_DEPRECATION_WARNINGS to suppress this warning. [E:\C++\FlutterReflect\build\_deps\spdlog-build\spdlog.vcxproj]
C:\Program Files\Microsoft Visual Studio\2022\Community\VC\Tools\MSVC\14.38.33130\include\__msvc_iter_core.hpp(491,31): warning C4996:         with [E:\C++\FlutterReflect\build\_deps\spdlog-build\spdlog.vcxproj]
C:\Program Files\Microsoft Visual Studio\2022\Community\VC\Tools\MSVC\14.38.33130\include\__msvc_iter_core.hpp(491,31): warning C4996:         [ [E:\C++\FlutterReflect\build\_deps\spdlog-build\spdlog.vcxproj]
C:\Program Files\Microsoft Visual Studio\2022\Community\VC\Tools\MSVC\14.38.33130\include\__msvc_iter_core.hpp(491,31): warning C4996:             T=fmt::v9::detail::bigint::bigit [E:\C++\FlutterReflect\build\_deps\spdlog-build\spdlog.vcxproj]
C:\Program Files\Microsoft Visual Studio\2022\Community\VC\Tools\MSVC\14.38.33130\include\__msvc_iter_core.hpp(491,31): warning C4996:         ] [E:\C++\FlutterReflect\build\_deps\spdlog-build\spdlog.vcxproj]
  (compiling source file '../spdlog-src/src/bundled_fmtlib_format.cpp')
  
C:\Program Files\Microsoft Visual Studio\2022\Community\VC\Tools\MSVC\14.38.33130\include\__msvc_iter_core.hpp(492,40): warning C4996: 'stdext::checked_array_iterator<T *>': warning STL4043: stdext::checked_array_iterator, stdext::unchecked_array_iterator, and related factory functions are non-Standard extensions and will be removed in the future. std::span (since C++20) and gsl::span can be used instead. You can define _SILENCE_STDEXT_ARR_ITERS_DEPRECATION_WARNING or _SILENCE_ALL_MS_EXT_DEPRECATION_WARNINGS to suppress this warning. [E:\C++\FlutterReflect\build\_deps\spdlog-build\spdlog.vcxproj]
C:\Program Files\Microsoft Visual Studio\2022\Community\VC\Tools\MSVC\14.38.33130\include\__msvc_iter_core.hpp(492,40): warning C4996:         with [E:\C++\FlutterReflect\build\_deps\spdlog-build\spdlog.vcxproj]
C:\Program Files\Microsoft Visual Studio\2022\Community\VC\Tools\MSVC\14.38.33130\include\__msvc_iter_core.hpp(492,40): warning C4996:         [ [E:\C++\FlutterReflect\build\_deps\spdlog-build\spdlog.vcxproj]
C:\Program Files\Microsoft Visual Studio\2022\Community\VC\Tools\MSVC\14.38.33130\include\__msvc_iter_core.hpp(492,40): warning C4996:             T=fmt::v9::detail::bigint::bigit [E:\C++\FlutterReflect\build\_deps\spdlog-build\spdlog.vcxproj]
C:\Program Files\Microsoft Visual Studio\2022\Community\VC\Tools\MSVC\14.38.33130\include\__msvc_iter_core.hpp(492,40): warning C4996:         ] [E:\C++\FlutterReflect\build\_deps\spdlog-build\spdlog.vcxproj]
  (compiling source file '../spdlog-src/src/bundled_fmtlib_format.cpp')
      C:\Program Files\Microsoft Visual Studio\2022\Community\VC\Tools\MSVC\14.38.33130\include\iterator(1470,58):
      see declaration of 'stdext::checked_array_iterator'
  
C:\Program Files\Microsoft Visual Studio\2022\Community\VC\Tools\MSVC\14.38.33130\include\__msvc_iter_core.hpp(492,31): warning C4996: 'stdext::checked_array_iterator<T *>::reference': warning STL4043: stdext::checked_array_iterator, stdext::unchecked_array_iterator, and related factory functions are non-Standard extensions and will be removed in the future. std::span (since C++20) and gsl::span can be used instead. You can define _SILENCE_STDEXT_ARR_ITERS_DEPRECATION_WARNING or _SILENCE_ALL_MS_EXT_DEPRECATION_WARNINGS to suppress this warning. [E:\C++\FlutterReflect\build\_deps\spdlog-build\spdlog.vcxproj]
C:\Program Files\Microsoft Visual Studio\2022\Community\VC\Tools\MSVC\14.38.33130\include\__msvc_iter_core.hpp(492,31): warning C4996:         with [E:\C++\FlutterReflect\build\_deps\spdlog-build\spdlog.vcxproj]
C:\Program Files\Microsoft Visual Studio\2022\Community\VC\Tools\MSVC\14.38.33130\include\__msvc_iter_core.hpp(492,31): warning C4996:         [ [E:\C++\FlutterReflect\build\_deps\spdlog-build\spdlog.vcxproj]
C:\Program Files\Microsoft Visual Studio\2022\Community\VC\Tools\MSVC\14.38.33130\include\__msvc_iter_core.hpp(492,31): warning C4996:             T=fmt::v9::detail::bigint::bigit [E:\C++\FlutterReflect\build\_deps\spdlog-build\spdlog.vcxproj]
C:\Program Files\Microsoft Visual Studio\2022\Community\VC\Tools\MSVC\14.38.33130\include\__msvc_iter_core.hpp(492,31): warning C4996:         ] [E:\C++\FlutterReflect\build\_deps\spdlog-build\spdlog.vcxproj]
  (compiling source file '../spdlog-src/src/bundled_fmtlib_format.cpp')
  
C:\Program Files\Microsoft Visual Studio\2022\Community\VC\Tools\MSVC\14.38.33130\include\xutility(1255,12): warning C4996: 'stdext::checked_array_iterator<T *>::_Verify_offset': warning STL4043: stdext::checked_array_iterator, stdext::unchecked_array_iterator, and related factory functions are non-Standard extensions and will be removed in the future. std::span (since C++20) and gsl::span can be used instead. You can define _SILENCE_STDEXT_ARR_ITERS_DEPRECATION_WARNING or _SILENCE_ALL_MS_EXT_DEPRECATION_WARNINGS to suppress this warning. [E:\C++\FlutterReflect\build\_deps\spdlog-build\spdlog.vcxproj]
C:\Program Files\Microsoft Visual Studio\2022\Community\VC\Tools\MSVC\14.38.33130\include\xutility(1255,12): warning C4996:         with [E:\C++\FlutterReflect\build\_deps\spdlog-build\spdlog.vcxproj]
C:\Program Files\Microsoft Visual Studio\2022\Community\VC\Tools\MSVC\14.38.33130\include\xutility(1255,12): warning C4996:         [ [E:\C++\FlutterReflect\build\_deps\spdlog-build\spdlog.vcxproj]
C:\Program Files\Microsoft Visual Studio\2022\Community\VC\Tools\MSVC\14.38.33130\include\xutility(1255,12): warning C4996:             T=fmt::v9::detail::bigint::bigit [E:\C++\FlutterReflect\build\_deps\spdlog-build\spdlog.vcxproj]
C:\Program Files\Microsoft Visual Studio\2022\Community\VC\Tools\MSVC\14.38.33130\include\xutility(1255,12): warning C4996:         ] [E:\C++\FlutterReflect\build\_deps\spdlog-build\spdlog.vcxproj]
  (compiling source file '../spdlog-src/src/bundled_fmtlib_format.cpp')
  
C:\Program Files\Microsoft Visual Studio\2022\Community\VC\Tools\MSVC\14.38.33130\include\xutility(1256,41): warning C4996: 'stdext::checked_array_iterator<T *>::_Unwrapped': warning STL4043: stdext::checked_array_iterator, stdext::unchecked_array_iterator, and related factory functions are non-Standard extensions and will be removed in the future. std::span (since C++20) and gsl::span can be used instead. You can define _SILENCE_STDEXT_ARR_ITERS_DEPRECATION_WARNING or _SILENCE_ALL_MS_EXT_DEPRECATION_WARNINGS to suppress this warning. [E:\C++\FlutterReflect\build\_deps\spdlog-build\spdlog.vcxproj]
C:\Program Files\Microsoft Visual Studio\2022\Community\VC\Tools\MSVC\14.38.33130\include\xutility(1256,41): warning C4996:         with [E:\C++\FlutterReflect\build\_deps\spdlog-build\spdlog.vcxproj]
C:\Program Files\Microsoft Visual Studio\2022\Community\VC\Tools\MSVC\14.38.33130\include\xutility(1256,41): warning C4996:         [ [E:\C++\FlutterReflect\build\_deps\spdlog-build\spdlog.vcxproj]
C:\Program Files\Microsoft Visual Studio\2022\Community\VC\Tools\MSVC\14.38.33130\include\xutility(1256,41): warning C4996:             T=fmt::v9::detail::bigint::bigit [E:\C++\FlutterReflect\build\_deps\spdlog-build\spdlog.vcxproj]
C:\Program Files\Microsoft Visual Studio\2022\Community\VC\Tools\MSVC\14.38.33130\include\xutility(1256,41): warning C4996:         ] [E:\C++\FlutterReflect\build\_deps\spdlog-build\spdlog.vcxproj]
  (compiling source file '../spdlog-src/src/bundled_fmtlib_format.cpp')
  
C:\Program Files\Microsoft Visual Studio\2022\Community\VC\Tools\MSVC\14.38.33130\include\xutility(1141,31): warning C4996: 'stdext::checked_array_iterator<T *>': warning STL4043: stdext::checked_array_iterator, stdext::unchecked_array_iterator, and related factory functions are non-Standard extensions and will be removed in the future. std::span (since C++20) and gsl::span can be used instead. You can define _SILENCE_STDEXT_ARR_ITERS_DEPRECATION_WARNING or _SILENCE_ALL_MS_EXT_DEPRECATION_WARNINGS to suppress this warning. [E:\C++\FlutterReflect\build\_deps\spdlog-build\spdlog.vcxproj]
C:\Program Files\Microsoft Visual Studio\2022\Community\VC\Tools\MSVC\14.38.33130\include\xutility(1141,31): warning C4996:         with [E:\C++\FlutterReflect\build\_deps\spdlog-build\spdlog.vcxproj]
C:\Program Files\Microsoft Visual Studio\2022\Community\VC\Tools\MSVC\14.38.33130\include\xutility(1141,31): warning C4996:         [ [E:\C++\FlutterReflect\build\_deps\spdlog-build\spdlog.vcxproj]
C:\Program Files\Microsoft Visual Studio\2022\Community\VC\Tools\MSVC\14.38.33130\include\xutility(1141,31): warning C4996:             T=fmt::v9::detail::bigint::bigit [E:\C++\FlutterReflect\build\_deps\spdlog-build\spdlog.vcxproj]
C:\Program Files\Microsoft Visual Studio\2022\Community\VC\Tools\MSVC\14.38.33130\include\xutility(1141,31): warning C4996:         ] [E:\C++\FlutterReflect\build\_deps\spdlog-build\spdlog.vcxproj]
  (compiling source file '../spdlog-src/src/file_sinks.cpp')
      C:\Program Files\Microsoft Visual Studio\2022\Community\VC\Tools\MSVC\14.38.33130\include\iterator(1470,58):
      see declaration of 'stdext::checked_array_iterator'
      C:\Program Files\Microsoft Visual Studio\2022\Community\VC\Tools\MSVC\14.38.33130\include\xutility(1141,31):
      the template instantiation context (the oldest one first) is
          E:\C++\FlutterReflect\build\_deps\spdlog-src\include\spdlog\fmt\bundled\format.h(2807,10):
          see reference to function template instantiation '_OutIt std::copy<const T*,stdext::checked_array_iterator<T *>>(_InIt,_InIt,_OutIt)' being compiled
          with
          [
              _OutIt=stdext::checked_array_iterator<fmt::v9::detail::bigint::bigit *>,
              T=fmt::v9::detail::bigint::bigit,
              _InIt=const fmt::v9::detail::bigint::bigit *
          ]
          C:\Program Files\Microsoft Visual Studio\2022\Community\VC\Tools\MSVC\14.38.33130\include\xutility(4610,26):
          see reference to function template instantiation 'decltype(auto) std::_Get_unwrapped_n<_OutIt&,__int64>(_Iter,const _Diff)' being compiled
          with
          [
              _OutIt=stdext::checked_array_iterator<fmt::v9::detail::bigint::bigit *>,
              _Iter=stdext::checked_array_iterator<fmt::v9::detail::bigint::bigit *> &,
              _Diff=__int64
          ]
          C:\Program Files\Microsoft Visual Studio\2022\Community\VC\Tools\MSVC\14.38.33130\include\xutility(1244,26):
          see reference to variable template 'const bool _Unwrappable_for_offset_v<stdext::checked_array_iterator<unsigned int *> &>' being compiled
          C:\Program Files\Microsoft Visual Studio\2022\Community\VC\Tools\MSVC\14.38.33130\include\xutility(1238,5):
          see reference to variable template 'const bool _Unwrappable_v<stdext::checked_array_iterator<unsigned int *> &,void>' being compiled
          C:\Program Files\Microsoft Visual Studio\2022\Community\VC\Tools\MSVC\14.38.33130\include\xutility(1165,5):
          see reference to variable template 'const bool _Allow_inheriting_unwrap_v<stdext::checked_array_iterator<unsigned int *>,void>' being compiled
  
C:\Program Files\Microsoft Visual Studio\2022\Community\VC\Tools\MSVC\14.38.33130\include\xutility(1141,22): warning C4996: 'stdext::checked_array_iterator<T *>::_Prevent_inheriting_unwrap': warning STL4043: stdext::checked_array_iterator, stdext::unchecked_array_iterator, and related factory functions are non-Standard extensions and will be removed in the future. std::span (since C++20) and gsl::span can be used instead. You can define _SILENCE_STDEXT_ARR_ITERS_DEPRECATION_WARNING or _SILENCE_ALL_MS_EXT_DEPRECATION_WARNINGS to suppress this warning. [E:\C++\FlutterReflect\build\_deps\spdlog-build\spdlog.vcxproj]
C:\Program Files\Microsoft Visual Studio\2022\Community\VC\Tools\MSVC\14.38.33130\include\xutility(1141,22): warning C4996:         with [E:\C++\FlutterReflect\build\_deps\spdlog-build\spdlog.vcxproj]
C:\Program Files\Microsoft Visual Studio\2022\Community\VC\Tools\MSVC\14.38.33130\include\xutility(1141,22): warning C4996:         [ [E:\C++\FlutterReflect\build\_deps\spdlog-build\spdlog.vcxproj]
C:\Program Files\Microsoft Visual Studio\2022\Community\VC\Tools\MSVC\14.38.33130\include\xutility(1141,22): warning C4996:             T=fmt::v9::detail::bigint::bigit [E:\C++\FlutterReflect\build\_deps\spdlog-build\spdlog.vcxproj]
C:\Program Files\Microsoft Visual Studio\2022\Community\VC\Tools\MSVC\14.38.33130\include\xutility(1141,22): warning C4996:         ] [E:\C++\FlutterReflect\build\_deps\spdlog-build\spdlog.vcxproj]
  (compiling source file '../spdlog-src/src/file_sinks.cpp')
  
C:\Program Files\Microsoft Visual Studio\2022\Community\VC\Tools\MSVC\14.38.33130\include\__msvc_iter_core.hpp(488,40): warning C4996: 'stdext::checked_array_iterator<T *>': warning STL4043: stdext::checked_array_iterator, stdext::unchecked_array_iterator, and related factory functions are non-Standard extensions and will be removed in the future. std::span (since C++20) and gsl::span can be used instead. You can define _SILENCE_STDEXT_ARR_ITERS_DEPRECATION_WARNING or _SILENCE_ALL_MS_EXT_DEPRECATION_WARNINGS to suppress this warning. [E:\C++\FlutterReflect\build\_deps\spdlog-build\spdlog.vcxproj]
C:\Program Files\Microsoft Visual Studio\2022\Community\VC\Tools\MSVC\14.38.33130\include\__msvc_iter_core.hpp(488,40): warning C4996:         with [E:\C++\FlutterReflect\build\_deps\spdlog-build\spdlog.vcxproj]
C:\Program Files\Microsoft Visual Studio\2022\Community\VC\Tools\MSVC\14.38.33130\include\__msvc_iter_core.hpp(488,40): warning C4996:         [ [E:\C++\FlutterReflect\build\_deps\spdlog-build\spdlog.vcxproj]
C:\Program Files\Microsoft Visual Studio\2022\Community\VC\Tools\MSVC\14.38.33130\include\__msvc_iter_core.hpp(488,40): warning C4996:             T=fmt::v9::detail::bigint::bigit [E:\C++\FlutterReflect\build\_deps\spdlog-build\spdlog.vcxproj]
C:\Program Files\Microsoft Visual Studio\2022\Community\VC\Tools\MSVC\14.38.33130\include\__msvc_iter_core.hpp(488,40): warning C4996:         ] [E:\C++\FlutterReflect\build\_deps\spdlog-build\spdlog.vcxproj]
  (compiling source file '../spdlog-src/src/file_sinks.cpp')
      C:\Program Files\Microsoft Visual Studio\2022\Community\VC\Tools\MSVC\14.38.33130\include\iterator(1470,58):
      see declaration of 'stdext::checked_array_iterator'
      C:\Program Files\Microsoft Visual Studio\2022\Community\VC\Tools\MSVC\14.38.33130\include\__msvc_iter_core.hpp(488,40):
      the template instantiation context (the oldest one first) is
          C:\Program Files\Microsoft Visual Studio\2022\Community\VC\Tools\MSVC\14.38.33130\include\xutility(1233,93):
          see reference to alias template instantiation 'std::_Iter_diff_t<_Iter>' being compiled
          with
          [
              _Iter=stdext::checked_array_iterator<fmt::v9::detail::bigint::bigit *>
          ]
          C:\Program Files\Microsoft Visual Studio\2022\Community\VC\Tools\MSVC\14.38.33130\include\xutility(1238,5):
          see reference to class template instantiation 'std::iterator_traits<_Iter>' being compiled
          with
          [
              _Iter=stdext::checked_array_iterator<fmt::v9::detail::bigint::bigit *>
          ]
          C:\Program Files\Microsoft Visual Studio\2022\Community\VC\Tools\MSVC\14.38.33130\include\__msvc_iter_core.hpp(508,26):
          see reference to class template instantiation 'std::_Iterator_traits_base<_Iter,void>' being compiled
          with
          [
              _Iter=stdext::checked_array_iterator<fmt::v9::detail::bigint::bigit *>
          ]
  
C:\Program Files\Microsoft Visual Studio\2022\Community\VC\Tools\MSVC\14.38.33130\include\__msvc_iter_core.hpp(488,31): warning C4996: 'stdext::checked_array_iterator<T *>::iterator_category': warning STL4043: stdext::checked_array_iterator, stdext::unchecked_array_iterator, and related factory functions are non-Standard extensions and will be removed in the future. std::span (since C++20) and gsl::span can be used instead. You can define _SILENCE_STDEXT_ARR_ITERS_DEPRECATION_WARNING or _SILENCE_ALL_MS_EXT_DEPRECATION_WARNINGS to suppress this warning. [E:\C++\FlutterReflect\build\_deps\spdlog-build\spdlog.vcxproj]
C:\Program Files\Microsoft Visual Studio\2022\Community\VC\Tools\MSVC\14.38.33130\include\__msvc_iter_core.hpp(488,31): warning C4996:         with [E:\C++\FlutterReflect\build\_deps\spdlog-build\spdlog.vcxproj]
C:\Program Files\Microsoft Visual Studio\2022\Community\VC\Tools\MSVC\14.38.33130\include\__msvc_iter_core.hpp(488,31): warning C4996:         [ [E:\C++\FlutterReflect\build\_deps\spdlog-build\spdlog.vcxproj]
C:\Program Files\Microsoft Visual Studio\2022\Community\VC\Tools\MSVC\14.38.33130\include\__msvc_iter_core.hpp(488,31): warning C4996:             T=fmt::v9::detail::bigint::bigit [E:\C++\FlutterReflect\build\_deps\spdlog-build\spdlog.vcxproj]
C:\Program Files\Microsoft Visual Studio\2022\Community\VC\Tools\MSVC\14.38.33130\include\__msvc_iter_core.hpp(488,31): warning C4996:         ] [E:\C++\FlutterReflect\build\_deps\spdlog-build\spdlog.vcxproj]
  (compiling source file '../spdlog-src/src/file_sinks.cpp')
  
C:\Program Files\Microsoft Visual Studio\2022\Community\VC\Tools\MSVC\14.38.33130\include\__msvc_iter_core.hpp(489,40): warning C4996: 'stdext::checked_array_iterator<T *>': warning STL4043: stdext::checked_array_iterator, stdext::unchecked_array_iterator, and related factory functions are non-Standard extensions and will be removed in the future. std::span (since C++20) and gsl::span can be used instead. You can define _SILENCE_STDEXT_ARR_ITERS_DEPRECATION_WARNING or _SILENCE_ALL_MS_EXT_DEPRECATION_WARNINGS to suppress this warning. [E:\C++\FlutterReflect\build\_deps\spdlog-build\spdlog.vcxproj]
C:\Program Files\Microsoft Visual Studio\2022\Community\VC\Tools\MSVC\14.38.33130\include\__msvc_iter_core.hpp(489,40): warning C4996:         with [E:\C++\FlutterReflect\build\_deps\spdlog-build\spdlog.vcxproj]
C:\Program Files\Microsoft Visual Studio\2022\Community\VC\Tools\MSVC\14.38.33130\include\__msvc_iter_core.hpp(489,40): warning C4996:         [ [E:\C++\FlutterReflect\build\_deps\spdlog-build\spdlog.vcxproj]
C:\Program Files\Microsoft Visual Studio\2022\Community\VC\Tools\MSVC\14.38.33130\include\__msvc_iter_core.hpp(489,40): warning C4996:             T=fmt::v9::detail::bigint::bigit [E:\C++\FlutterReflect\build\_deps\spdlog-build\spdlog.vcxproj]
C:\Program Files\Microsoft Visual Studio\2022\Community\VC\Tools\MSVC\14.38.33130\include\__msvc_iter_core.hpp(489,40): warning C4996:         ] [E:\C++\FlutterReflect\build\_deps\spdlog-build\spdlog.vcxproj]
  (compiling source file '../spdlog-src/src/file_sinks.cpp')
      C:\Program Files\Microsoft Visual Studio\2022\Community\VC\Tools\MSVC\14.38.33130\include\iterator(1470,58):
      see declaration of 'stdext::checked_array_iterator'
  
C:\Program Files\Microsoft Visual Studio\2022\Community\VC\Tools\MSVC\14.38.33130\include\__msvc_iter_core.hpp(489,31): warning C4996: 'stdext::checked_array_iterator<T *>::value_type': warning STL4043: stdext::checked_array_iterator, stdext::unchecked_array_iterator, and related factory functions are non-Standard extensions and will be removed in the future. std::span (since C++20) and gsl::span can be used instead. You can define _SILENCE_STDEXT_ARR_ITERS_DEPRECATION_WARNING or _SILENCE_ALL_MS_EXT_DEPRECATION_WARNINGS to suppress this warning. [E:\C++\FlutterReflect\build\_deps\spdlog-build\spdlog.vcxproj]
C:\Program Files\Microsoft Visual Studio\2022\Community\VC\Tools\MSVC\14.38.33130\include\__msvc_iter_core.hpp(489,31): warning C4996:         with [E:\C++\FlutterReflect\build\_deps\spdlog-build\spdlog.vcxproj]
C:\Program Files\Microsoft Visual Studio\2022\Community\VC\Tools\MSVC\14.38.33130\include\__msvc_iter_core.hpp(489,31): warning C4996:         [ [E:\C++\FlutterReflect\build\_deps\spdlog-build\spdlog.vcxproj]
C:\Program Files\Microsoft Visual Studio\2022\Community\VC\Tools\MSVC\14.38.33130\include\__msvc_iter_core.hpp(489,31): warning C4996:             T=fmt::v9::detail::bigint::bigit [E:\C++\FlutterReflect\build\_deps\spdlog-build\spdlog.vcxproj]
C:\Program Files\Microsoft Visual Studio\2022\Community\VC\Tools\MSVC\14.38.33130\include\__msvc_iter_core.hpp(489,31): warning C4996:         ] [E:\C++\FlutterReflect\build\_deps\spdlog-build\spdlog.vcxproj]
  (compiling source file '../spdlog-src/src/file_sinks.cpp')
  
C:\Program Files\Microsoft Visual Studio\2022\Community\VC\Tools\MSVC\14.38.33130\include\__msvc_iter_core.hpp(490,40): warning C4996: 'stdext::checked_array_iterator<T *>': warning STL4043: stdext::checked_array_iterator, stdext::unchecked_array_iterator, and related factory functions are non-Standard extensions and will be removed in the future. std::span (since C++20) and gsl::span can be used instead. You can define _SILENCE_STDEXT_ARR_ITERS_DEPRECATION_WARNING or _SILENCE_ALL_MS_EXT_DEPRECATION_WARNINGS to suppress this warning. [E:\C++\FlutterReflect\build\_deps\spdlog-build\spdlog.vcxproj]
C:\Program Files\Microsoft Visual Studio\2022\Community\VC\Tools\MSVC\14.38.33130\include\__msvc_iter_core.hpp(490,40): warning C4996:         with [E:\C++\FlutterReflect\build\_deps\spdlog-build\spdlog.vcxproj]
C:\Program Files\Microsoft Visual Studio\2022\Community\VC\Tools\MSVC\14.38.33130\include\__msvc_iter_core.hpp(490,40): warning C4996:         [ [E:\C++\FlutterReflect\build\_deps\spdlog-build\spdlog.vcxproj]
C:\Program Files\Microsoft Visual Studio\2022\Community\VC\Tools\MSVC\14.38.33130\include\__msvc_iter_core.hpp(490,40): warning C4996:             T=fmt::v9::detail::bigint::bigit [E:\C++\FlutterReflect\build\_deps\spdlog-build\spdlog.vcxproj]
C:\Program Files\Microsoft Visual Studio\2022\Community\VC\Tools\MSVC\14.38.33130\include\__msvc_iter_core.hpp(490,40): warning C4996:         ] [E:\C++\FlutterReflect\build\_deps\spdlog-build\spdlog.vcxproj]
  (compiling source file '../spdlog-src/src/file_sinks.cpp')
      C:\Program Files\Microsoft Visual Studio\2022\Community\VC\Tools\MSVC\14.38.33130\include\iterator(1470,58):
      see declaration of 'stdext::checked_array_iterator'
  
C:\Program Files\Microsoft Visual Studio\2022\Community\VC\Tools\MSVC\14.38.33130\include\__msvc_iter_core.hpp(490,31): warning C4996: 'stdext::checked_array_iterator<T *>::difference_type': warning STL4043: stdext::checked_array_iterator, stdext::unchecked_array_iterator, and related factory functions are non-Standard extensions and will be removed in the future. std::span (since C++20) and gsl::span can be used instead. You can define _SILENCE_STDEXT_ARR_ITERS_DEPRECATION_WARNING or _SILENCE_ALL_MS_EXT_DEPRECATION_WARNINGS to suppress this warning. [E:\C++\FlutterReflect\build\_deps\spdlog-build\spdlog.vcxproj]
C:\Program Files\Microsoft Visual Studio\2022\Community\VC\Tools\MSVC\14.38.33130\include\__msvc_iter_core.hpp(490,31): warning C4996:         with [E:\C++\FlutterReflect\build\_deps\spdlog-build\spdlog.vcxproj]
C:\Program Files\Microsoft Visual Studio\2022\Community\VC\Tools\MSVC\14.38.33130\include\__msvc_iter_core.hpp(490,31): warning C4996:         [ [E:\C++\FlutterReflect\build\_deps\spdlog-build\spdlog.vcxproj]
C:\Program Files\Microsoft Visual Studio\2022\Community\VC\Tools\MSVC\14.38.33130\include\__msvc_iter_core.hpp(490,31): warning C4996:             T=fmt::v9::detail::bigint::bigit [E:\C++\FlutterReflect\build\_deps\spdlog-build\spdlog.vcxproj]
C:\Program Files\Microsoft Visual Studio\2022\Community\VC\Tools\MSVC\14.38.33130\include\__msvc_iter_core.hpp(490,31): warning C4996:         ] [E:\C++\FlutterReflect\build\_deps\spdlog-build\spdlog.vcxproj]
  (compiling source file '../spdlog-src/src/file_sinks.cpp')
  
C:\Program Files\Microsoft Visual Studio\2022\Community\VC\Tools\MSVC\14.38.33130\include\__msvc_iter_core.hpp(491,40): warning C4996: 'stdext::checked_array_iterator<T *>': warning STL4043: stdext::checked_array_iterator, stdext::unchecked_array_iterator, and related factory functions are non-Standard extensions and will be removed in the future. std::span (since C++20) and gsl::span can be used instead. You can define _SILENCE_STDEXT_ARR_ITERS_DEPRECATION_WARNING or _SILENCE_ALL_MS_EXT_DEPRECATION_WARNINGS to suppress this warning. [E:\C++\FlutterReflect\build\_deps\spdlog-build\spdlog.vcxproj]
C:\Program Files\Microsoft Visual Studio\2022\Community\VC\Tools\MSVC\14.38.33130\include\__msvc_iter_core.hpp(491,40): warning C4996:         with [E:\C++\FlutterReflect\build\_deps\spdlog-build\spdlog.vcxproj]
C:\Program Files\Microsoft Visual Studio\2022\Community\VC\Tools\MSVC\14.38.33130\include\__msvc_iter_core.hpp(491,40): warning C4996:         [ [E:\C++\FlutterReflect\build\_deps\spdlog-build\spdlog.vcxproj]
C:\Program Files\Microsoft Visual Studio\2022\Community\VC\Tools\MSVC\14.38.33130\include\__msvc_iter_core.hpp(491,40): warning C4996:             T=fmt::v9::detail::bigint::bigit [E:\C++\FlutterReflect\build\_deps\spdlog-build\spdlog.vcxproj]
C:\Program Files\Microsoft Visual Studio\2022\Community\VC\Tools\MSVC\14.38.33130\include\__msvc_iter_core.hpp(491,40): warning C4996:         ] [E:\C++\FlutterReflect\build\_deps\spdlog-build\spdlog.vcxproj]
  (compiling source file '../spdlog-src/src/file_sinks.cpp')
      C:\Program Files\Microsoft Visual Studio\2022\Community\VC\Tools\MSVC\14.38.33130\include\iterator(1470,58):
      see declaration of 'stdext::checked_array_iterator'
  
C:\Program Files\Microsoft Visual Studio\2022\Community\VC\Tools\MSVC\14.38.33130\include\__msvc_iter_core.hpp(491,31): warning C4996: 'stdext::checked_array_iterator<T *>::pointer': warning STL4043: stdext::checked_array_iterator, stdext::unchecked_array_iterator, and related factory functions are non-Standard extensions and will be removed in the future. std::span (since C++20) and gsl::span can be used instead. You can define _SILENCE_STDEXT_ARR_ITERS_DEPRECATION_WARNING or _SILENCE_ALL_MS_EXT_DEPRECATION_WARNINGS to suppress this warning. [E:\C++\FlutterReflect\build\_deps\spdlog-build\spdlog.vcxproj]
C:\Program Files\Microsoft Visual Studio\2022\Community\VC\Tools\MSVC\14.38.33130\include\__msvc_iter_core.hpp(491,31): warning C4996:         with [E:\C++\FlutterReflect\build\_deps\spdlog-build\spdlog.vcxproj]
C:\Program Files\Microsoft Visual Studio\2022\Community\VC\Tools\MSVC\14.38.33130\include\__msvc_iter_core.hpp(491,31): warning C4996:         [ [E:\C++\FlutterReflect\build\_deps\spdlog-build\spdlog.vcxproj]
C:\Program Files\Microsoft Visual Studio\2022\Community\VC\Tools\MSVC\14.38.33130\include\__msvc_iter_core.hpp(491,31): warning C4996:             T=fmt::v9::detail::bigint::bigit [E:\C++\FlutterReflect\build\_deps\spdlog-build\spdlog.vcxproj]
C:\Program Files\Microsoft Visual Studio\2022\Community\VC\Tools\MSVC\14.38.33130\include\__msvc_iter_core.hpp(491,31): warning C4996:         ] [E:\C++\FlutterReflect\build\_deps\spdlog-build\spdlog.vcxproj]
  (compiling source file '../spdlog-src/src/file_sinks.cpp')
  
C:\Program Files\Microsoft Visual Studio\2022\Community\VC\Tools\MSVC\14.38.33130\include\__msvc_iter_core.hpp(492,40): warning C4996: 'stdext::checked_array_iterator<T *>': warning STL4043: stdext::checked_array_iterator, stdext::unchecked_array_iterator, and related factory functions are non-Standard extensions and will be removed in the future. std::span (since C++20) and gsl::span can be used instead. You can define _SILENCE_STDEXT_ARR_ITERS_DEPRECATION_WARNING or _SILENCE_ALL_MS_EXT_DEPRECATION_WARNINGS to suppress this warning. [E:\C++\FlutterReflect\build\_deps\spdlog-build\spdlog.vcxproj]
C:\Program Files\Microsoft Visual Studio\2022\Community\VC\Tools\MSVC\14.38.33130\include\__msvc_iter_core.hpp(492,40): warning C4996:         with [E:\C++\FlutterReflect\build\_deps\spdlog-build\spdlog.vcxproj]
C:\Program Files\Microsoft Visual Studio\2022\Community\VC\Tools\MSVC\14.38.33130\include\__msvc_iter_core.hpp(492,40): warning C4996:         [ [E:\C++\FlutterReflect\build\_deps\spdlog-build\spdlog.vcxproj]
C:\Program Files\Microsoft Visual Studio\2022\Community\VC\Tools\MSVC\14.38.33130\include\__msvc_iter_core.hpp(492,40): warning C4996:             T=fmt::v9::detail::bigint::bigit [E:\C++\FlutterReflect\build\_deps\spdlog-build\spdlog.vcxproj]
C:\Program Files\Microsoft Visual Studio\2022\Community\VC\Tools\MSVC\14.38.33130\include\__msvc_iter_core.hpp(492,40): warning C4996:         ] [E:\C++\FlutterReflect\build\_deps\spdlog-build\spdlog.vcxproj]
  (compiling source file '../spdlog-src/src/file_sinks.cpp')
      C:\Program Files\Microsoft Visual Studio\2022\Community\VC\Tools\MSVC\14.38.33130\include\iterator(1470,58):
      see declaration of 'stdext::checked_array_iterator'
  
C:\Program Files\Microsoft Visual Studio\2022\Community\VC\Tools\MSVC\14.38.33130\include\__msvc_iter_core.hpp(492,31): warning C4996: 'stdext::checked_array_iterator<T *>::reference': warning STL4043: stdext::checked_array_iterator, stdext::unchecked_array_iterator, and related factory functions are non-Standard extensions and will be removed in the future. std::span (since C++20) and gsl::span can be used instead. You can define _SILENCE_STDEXT_ARR_ITERS_DEPRECATION_WARNING or _SILENCE_ALL_MS_EXT_DEPRECATION_WARNINGS to suppress this warning. [E:\C++\FlutterReflect\build\_deps\spdlog-build\spdlog.vcxproj]
C:\Program Files\Microsoft Visual Studio\2022\Community\VC\Tools\MSVC\14.38.33130\include\__msvc_iter_core.hpp(492,31): warning C4996:         with [E:\C++\FlutterReflect\build\_deps\spdlog-build\spdlog.vcxproj]
C:\Program Files\Microsoft Visual Studio\2022\Community\VC\Tools\MSVC\14.38.33130\include\__msvc_iter_core.hpp(492,31): warning C4996:         [ [E:\C++\FlutterReflect\build\_deps\spdlog-build\spdlog.vcxproj]
C:\Program Files\Microsoft Visual Studio\2022\Community\VC\Tools\MSVC\14.38.33130\include\__msvc_iter_core.hpp(492,31): warning C4996:             T=fmt::v9::detail::bigint::bigit [E:\C++\FlutterReflect\build\_deps\spdlog-build\spdlog.vcxproj]
C:\Program Files\Microsoft Visual Studio\2022\Community\VC\Tools\MSVC\14.38.33130\include\__msvc_iter_core.hpp(492,31): warning C4996:         ] [E:\C++\FlutterReflect\build\_deps\spdlog-build\spdlog.vcxproj]
  (compiling source file '../spdlog-src/src/file_sinks.cpp')
  
C:\Program Files\Microsoft Visual Studio\2022\Community\VC\Tools\MSVC\14.38.33130\include\xutility(1255,12): warning C4996: 'stdext::checked_array_iterator<T *>::_Verify_offset': warning STL4043: stdext::checked_array_iterator, stdext::unchecked_array_iterator, and related factory functions are non-Standard extensions and will be removed in the future. std::span (since C++20) and gsl::span can be used instead. You can define _SILENCE_STDEXT_ARR_ITERS_DEPRECATION_WARNING or _SILENCE_ALL_MS_EXT_DEPRECATION_WARNINGS to suppress this warning. [E:\C++\FlutterReflect\build\_deps\spdlog-build\spdlog.vcxproj]
C:\Program Files\Microsoft Visual Studio\2022\Community\VC\Tools\MSVC\14.38.33130\include\xutility(1255,12): warning C4996:         with [E:\C++\FlutterReflect\build\_deps\spdlog-build\spdlog.vcxproj]
C:\Program Files\Microsoft Visual Studio\2022\Community\VC\Tools\MSVC\14.38.33130\include\xutility(1255,12): warning C4996:         [ [E:\C++\FlutterReflect\build\_deps\spdlog-build\spdlog.vcxproj]
C:\Program Files\Microsoft Visual Studio\2022\Community\VC\Tools\MSVC\14.38.33130\include\xutility(1255,12): warning C4996:             T=fmt::v9::detail::bigint::bigit [E:\C++\FlutterReflect\build\_deps\spdlog-build\spdlog.vcxproj]
C:\Program Files\Microsoft Visual Studio\2022\Community\VC\Tools\MSVC\14.38.33130\include\xutility(1255,12): warning C4996:         ] [E:\C++\FlutterReflect\build\_deps\spdlog-build\spdlog.vcxproj]
  (compiling source file '../spdlog-src/src/file_sinks.cpp')
  
C:\Program Files\Microsoft Visual Studio\2022\Community\VC\Tools\MSVC\14.38.33130\include\xutility(1256,41): warning C4996: 'stdext::checked_array_iterator<T *>::_Unwrapped': warning STL4043: stdext::checked_array_iterator, stdext::unchecked_array_iterator, and related factory functions are non-Standard extensions and will be removed in the future. std::span (since C++20) and gsl::span can be used instead. You can define _SILENCE_STDEXT_ARR_ITERS_DEPRECATION_WARNING or _SILENCE_ALL_MS_EXT_DEPRECATION_WARNINGS to suppress this warning. [E:\C++\FlutterReflect\build\_deps\spdlog-build\spdlog.vcxproj]
C:\Program Files\Microsoft Visual Studio\2022\Community\VC\Tools\MSVC\14.38.33130\include\xutility(1256,41): warning C4996:         with [E:\C++\FlutterReflect\build\_deps\spdlog-build\spdlog.vcxproj]
C:\Program Files\Microsoft Visual Studio\2022\Community\VC\Tools\MSVC\14.38.33130\include\xutility(1256,41): warning C4996:         [ [E:\C++\FlutterReflect\build\_deps\spdlog-build\spdlog.vcxproj]
C:\Program Files\Microsoft Visual Studio\2022\Community\VC\Tools\MSVC\14.38.33130\include\xutility(1256,41): warning C4996:             T=fmt::v9::detail::bigint::bigit [E:\C++\FlutterReflect\build\_deps\spdlog-build\spdlog.vcxproj]
C:\Program Files\Microsoft Visual Studio\2022\Community\VC\Tools\MSVC\14.38.33130\include\xutility(1256,41): warning C4996:         ] [E:\C++\FlutterReflect\build\_deps\spdlog-build\spdlog.vcxproj]
  (compiling source file '../spdlog-src/src/file_sinks.cpp')
  
C:\Program Files\Microsoft Visual Studio\2022\Community\VC\Tools\MSVC\14.38.33130\include\xutility(1141,31): warning C4996: 'stdext::checked_array_iterator<T *>': warning STL4043: stdext::checked_array_iterator, stdext::unchecked_array_iterator, and related factory functions are non-Standard extensions and will be removed in the future. std::span (since C++20) and gsl::span can be used instead. You can define _SILENCE_STDEXT_ARR_ITERS_DEPRECATION_WARNING or _SILENCE_ALL_MS_EXT_DEPRECATION_WARNINGS to suppress this warning. [E:\C++\FlutterReflect\build\_deps\spdlog-build\spdlog.vcxproj]
C:\Program Files\Microsoft Visual Studio\2022\Community\VC\Tools\MSVC\14.38.33130\include\xutility(1141,31): warning C4996:         with [E:\C++\FlutterReflect\build\_deps\spdlog-build\spdlog.vcxproj]
C:\Program Files\Microsoft Visual Studio\2022\Community\VC\Tools\MSVC\14.38.33130\include\xutility(1141,31): warning C4996:         [ [E:\C++\FlutterReflect\build\_deps\spdlog-build\spdlog.vcxproj]
C:\Program Files\Microsoft Visual Studio\2022\Community\VC\Tools\MSVC\14.38.33130\include\xutility(1141,31): warning C4996:             T=char [E:\C++\FlutterReflect\build\_deps\spdlog-build\spdlog.vcxproj]
C:\Program Files\Microsoft Visual Studio\2022\Community\VC\Tools\MSVC\14.38.33130\include\xutility(1141,31): warning C4996:         ] [E:\C++\FlutterReflect\build\_deps\spdlog-build\spdlog.vcxproj]
  (compiling source file '../spdlog-src/src/bundled_fmtlib_format.cpp')
      C:\Program Files\Microsoft Visual Studio\2022\Community\VC\Tools\MSVC\14.38.33130\include\iterator(1470,58):
      see declaration of 'stdext::checked_array_iterator'
      C:\Program Files\Microsoft Visual Studio\2022\Community\VC\Tools\MSVC\14.38.33130\include\xutility(1141,31):
      the template instantiation context (the oldest one first) is
          E:\C++\FlutterReflect\build\_deps\spdlog-src\include\spdlog\fmt\bundled\format-inl.h(72,17):
          see reference to class template instantiation 'fmt::v9::basic_memory_buffer<char,500,std::allocator<char>>' being compiled
          E:\C++\FlutterReflect\build\_deps\spdlog-src\include\spdlog\fmt\bundled\format.h(912,18):
          while compiling class template member function 'void fmt::v9::basic_memory_buffer<char,500,std::allocator<char>>::grow(size_t)'
          E:\C++\FlutterReflect\build\_deps\spdlog-src\include\spdlog\fmt\bundled\format.h(925,8):
          see reference to function template instantiation '_NoThrowFwdIt std::uninitialized_copy<T*,stdext::checked_array_iterator<T *>>(const _InIt,const _InIt,_NoThrowFwdIt)' being compiled
          with
          [
              _NoThrowFwdIt=stdext::checked_array_iterator<char *>,
              T=char,
              _InIt=char *
          ]
          C:\Program Files\Microsoft Visual Studio\2022\Community\VC\Tools\MSVC\14.38.33130\include\xmemory(1919,25):
          see reference to function template instantiation 'decltype(auto) std::_Get_unwrapped_n<_NoThrowFwdIt&,__int64>(_Iter,const _Diff)' being compiled
          with
          [
              _NoThrowFwdIt=stdext::checked_array_iterator<char *>,
              _Iter=stdext::checked_array_iterator<char *> &,
              _Diff=__int64
          ]
          C:\Program Files\Microsoft Visual Studio\2022\Community\VC\Tools\MSVC\14.38.33130\include\xutility(1244,26):
          see reference to variable template 'const bool _Unwrappable_for_offset_v<stdext::checked_array_iterator<char *> &>' being compiled
          C:\Program Files\Microsoft Visual Studio\2022\Community\VC\Tools\MSVC\14.38.33130\include\xutility(1238,5):
          see reference to variable template 'const bool _Unwrappable_v<stdext::checked_array_iterator<char *> &,void>' being compiled
          C:\Program Files\Microsoft Visual Studio\2022\Community\VC\Tools\MSVC\14.38.33130\include\xutility(1165,5):
          see reference to variable template 'const bool _Allow_inheriting_unwrap_v<stdext::checked_array_iterator<char *>,void>' being compiled
  
C:\Program Files\Microsoft Visual Studio\2022\Community\VC\Tools\MSVC\14.38.33130\include\xutility(1141,22): warning C4996: 'stdext::checked_array_iterator<T *>::_Prevent_inheriting_unwrap': warning STL4043: stdext::checked_array_iterator, stdext::unchecked_array_iterator, and related factory functions are non-Standard extensions and will be removed in the future. std::span (since C++20) and gsl::span can be used instead. You can define _SILENCE_STDEXT_ARR_ITERS_DEPRECATION_WARNING or _SILENCE_ALL_MS_EXT_DEPRECATION_WARNINGS to suppress this warning. [E:\C++\FlutterReflect\build\_deps\spdlog-build\spdlog.vcxproj]
C:\Program Files\Microsoft Visual Studio\2022\Community\VC\Tools\MSVC\14.38.33130\include\xutility(1141,22): warning C4996:         with [E:\C++\FlutterReflect\build\_deps\spdlog-build\spdlog.vcxproj]
C:\Program Files\Microsoft Visual Studio\2022\Community\VC\Tools\MSVC\14.38.33130\include\xutility(1141,22): warning C4996:         [ [E:\C++\FlutterReflect\build\_deps\spdlog-build\spdlog.vcxproj]
C:\Program Files\Microsoft Visual Studio\2022\Community\VC\Tools\MSVC\14.38.33130\include\xutility(1141,22): warning C4996:             T=char [E:\C++\FlutterReflect\build\_deps\spdlog-build\spdlog.vcxproj]
C:\Program Files\Microsoft Visual Studio\2022\Community\VC\Tools\MSVC\14.38.33130\include\xutility(1141,22): warning C4996:         ] [E:\C++\FlutterReflect\build\_deps\spdlog-build\spdlog.vcxproj]
  (compiling source file '../spdlog-src/src/bundled_fmtlib_format.cpp')
  
C:\Program Files\Microsoft Visual Studio\2022\Community\VC\Tools\MSVC\14.38.33130\include\__msvc_iter_core.hpp(488,40): warning C4996: 'stdext::checked_array_iterator<T *>': warning STL4043: stdext::checked_array_iterator, stdext::unchecked_array_iterator, and related factory functions are non-Standard extensions and will be removed in the future. std::span (since C++20) and gsl::span can be used instead. You can define _SILENCE_STDEXT_ARR_ITERS_DEPRECATION_WARNING or _SILENCE_ALL_MS_EXT_DEPRECATION_WARNINGS to suppress this warning. [E:\C++\FlutterReflect\build\_deps\spdlog-build\spdlog.vcxproj]
C:\Program Files\Microsoft Visual Studio\2022\Community\VC\Tools\MSVC\14.38.33130\include\__msvc_iter_core.hpp(488,40): warning C4996:         with [E:\C++\FlutterReflect\build\_deps\spdlog-build\spdlog.vcxproj]
C:\Program Files\Microsoft Visual Studio\2022\Community\VC\Tools\MSVC\14.38.33130\include\__msvc_iter_core.hpp(488,40): warning C4996:         [ [E:\C++\FlutterReflect\build\_deps\spdlog-build\spdlog.vcxproj]
C:\Program Files\Microsoft Visual Studio\2022\Community\VC\Tools\MSVC\14.38.33130\include\__msvc_iter_core.hpp(488,40): warning C4996:             T=char [E:\C++\FlutterReflect\build\_deps\spdlog-build\spdlog.vcxproj]
C:\Program Files\Microsoft Visual Studio\2022\Community\VC\Tools\MSVC\14.38.33130\include\__msvc_iter_core.hpp(488,40): warning C4996:         ] [E:\C++\FlutterReflect\build\_deps\spdlog-build\spdlog.vcxproj]
  (compiling source file '../spdlog-src/src/bundled_fmtlib_format.cpp')
      C:\Program Files\Microsoft Visual Studio\2022\Community\VC\Tools\MSVC\14.38.33130\include\iterator(1470,58):
      see declaration of 'stdext::checked_array_iterator'
      C:\Program Files\Microsoft Visual Studio\2022\Community\VC\Tools\MSVC\14.38.33130\include\__msvc_iter_core.hpp(488,40):
      the template instantiation context (the oldest one first) is
          C:\Program Files\Microsoft Visual Studio\2022\Community\VC\Tools\MSVC\14.38.33130\include\xutility(1233,93):
          see reference to alias template instantiation 'std::_Iter_diff_t<_Iter>' being compiled
          with
          [
              _Iter=stdext::checked_array_iterator<char *>
          ]
          C:\Program Files\Microsoft Visual Studio\2022\Community\VC\Tools\MSVC\14.38.33130\include\xutility(1238,5):
          see reference to class template instantiation 'std::iterator_traits<_Iter>' being compiled
          with
          [
              _Iter=stdext::checked_array_iterator<char *>
          ]
          C:\Program Files\Microsoft Visual Studio\2022\Community\VC\Tools\MSVC\14.38.33130\include\__msvc_iter_core.hpp(508,26):
          see reference to class template instantiation 'std::_Iterator_traits_base<_Iter,void>' being compiled
          with
          [
              _Iter=stdext::checked_array_iterator<char *>
          ]
  
C:\Program Files\Microsoft Visual Studio\2022\Community\VC\Tools\MSVC\14.38.33130\include\__msvc_iter_core.hpp(488,31): warning C4996: 'stdext::checked_array_iterator<T *>::iterator_category': warning STL4043: stdext::checked_array_iterator, stdext::unchecked_array_iterator, and related factory functions are non-Standard extensions and will be removed in the future. std::span (since C++20) and gsl::span can be used instead. You can define _SILENCE_STDEXT_ARR_ITERS_DEPRECATION_WARNING or _SILENCE_ALL_MS_EXT_DEPRECATION_WARNINGS to suppress this warning. [E:\C++\FlutterReflect\build\_deps\spdlog-build\spdlog.vcxproj]
C:\Program Files\Microsoft Visual Studio\2022\Community\VC\Tools\MSVC\14.38.33130\include\__msvc_iter_core.hpp(488,31): warning C4996:         with [E:\C++\FlutterReflect\build\_deps\spdlog-build\spdlog.vcxproj]
C:\Program Files\Microsoft Visual Studio\2022\Community\VC\Tools\MSVC\14.38.33130\include\__msvc_iter_core.hpp(488,31): warning C4996:         [ [E:\C++\FlutterReflect\build\_deps\spdlog-build\spdlog.vcxproj]
C:\Program Files\Microsoft Visual Studio\2022\Community\VC\Tools\MSVC\14.38.33130\include\__msvc_iter_core.hpp(488,31): warning C4996:             T=char [E:\C++\FlutterReflect\build\_deps\spdlog-build\spdlog.vcxproj]
C:\Program Files\Microsoft Visual Studio\2022\Community\VC\Tools\MSVC\14.38.33130\include\__msvc_iter_core.hpp(488,31): warning C4996:         ] [E:\C++\FlutterReflect\build\_deps\spdlog-build\spdlog.vcxproj]
  (compiling source file '../spdlog-src/src/bundled_fmtlib_format.cpp')
  
C:\Program Files\Microsoft Visual Studio\2022\Community\VC\Tools\MSVC\14.38.33130\include\__msvc_iter_core.hpp(489,40): warning C4996: 'stdext::checked_array_iterator<T *>': warning STL4043: stdext::checked_array_iterator, stdext::unchecked_array_iterator, and related factory functions are non-Standard extensions and will be removed in the future. std::span (since C++20) and gsl::span can be used instead. You can define _SILENCE_STDEXT_ARR_ITERS_DEPRECATION_WARNING or _SILENCE_ALL_MS_EXT_DEPRECATION_WARNINGS to suppress this warning. [E:\C++\FlutterReflect\build\_deps\spdlog-build\spdlog.vcxproj]
C:\Program Files\Microsoft Visual Studio\2022\Community\VC\Tools\MSVC\14.38.33130\include\__msvc_iter_core.hpp(489,40): warning C4996:         with [E:\C++\FlutterReflect\build\_deps\spdlog-build\spdlog.vcxproj]
C:\Program Files\Microsoft Visual Studio\2022\Community\VC\Tools\MSVC\14.38.33130\include\__msvc_iter_core.hpp(489,40): warning C4996:         [ [E:\C++\FlutterReflect\build\_deps\spdlog-build\spdlog.vcxproj]
C:\Program Files\Microsoft Visual Studio\2022\Community\VC\Tools\MSVC\14.38.33130\include\__msvc_iter_core.hpp(489,40): warning C4996:             T=char [E:\C++\FlutterReflect\build\_deps\spdlog-build\spdlog.vcxproj]
C:\Program Files\Microsoft Visual Studio\2022\Community\VC\Tools\MSVC\14.38.33130\include\__msvc_iter_core.hpp(489,40): warning C4996:         ] [E:\C++\FlutterReflect\build\_deps\spdlog-build\spdlog.vcxproj]
  (compiling source file '../spdlog-src/src/bundled_fmtlib_format.cpp')
      C:\Program Files\Microsoft Visual Studio\2022\Community\VC\Tools\MSVC\14.38.33130\include\iterator(1470,58):
      see declaration of 'stdext::checked_array_iterator'
  
C:\Program Files\Microsoft Visual Studio\2022\Community\VC\Tools\MSVC\14.38.33130\include\__msvc_iter_core.hpp(489,31): warning C4996: 'stdext::checked_array_iterator<T *>::value_type': warning STL4043: stdext::checked_array_iterator, stdext::unchecked_array_iterator, and related factory functions are non-Standard extensions and will be removed in the future. std::span (since C++20) and gsl::span can be used instead. You can define _SILENCE_STDEXT_ARR_ITERS_DEPRECATION_WARNING or _SILENCE_ALL_MS_EXT_DEPRECATION_WARNINGS to suppress this warning. [E:\C++\FlutterReflect\build\_deps\spdlog-build\spdlog.vcxproj]
C:\Program Files\Microsoft Visual Studio\2022\Community\VC\Tools\MSVC\14.38.33130\include\__msvc_iter_core.hpp(489,31): warning C4996:         with [E:\C++\FlutterReflect\build\_deps\spdlog-build\spdlog.vcxproj]
C:\Program Files\Microsoft Visual Studio\2022\Community\VC\Tools\MSVC\14.38.33130\include\__msvc_iter_core.hpp(489,31): warning C4996:         [ [E:\C++\FlutterReflect\build\_deps\spdlog-build\spdlog.vcxproj]
C:\Program Files\Microsoft Visual Studio\2022\Community\VC\Tools\MSVC\14.38.33130\include\__msvc_iter_core.hpp(489,31): warning C4996:             T=char [E:\C++\FlutterReflect\build\_deps\spdlog-build\spdlog.vcxproj]
C:\Program Files\Microsoft Visual Studio\2022\Community\VC\Tools\MSVC\14.38.33130\include\__msvc_iter_core.hpp(489,31): warning C4996:         ] [E:\C++\FlutterReflect\build\_deps\spdlog-build\spdlog.vcxproj]
  (compiling source file '../spdlog-src/src/bundled_fmtlib_format.cpp')
  
C:\Program Files\Microsoft Visual Studio\2022\Community\VC\Tools\MSVC\14.38.33130\include\__msvc_iter_core.hpp(490,40): warning C4996: 'stdext::checked_array_iterator<T *>': warning STL4043: stdext::checked_array_iterator, stdext::unchecked_array_iterator, and related factory functions are non-Standard extensions and will be removed in the future. std::span (since C++20) and gsl::span can be used instead. You can define _SILENCE_STDEXT_ARR_ITERS_DEPRECATION_WARNING or _SILENCE_ALL_MS_EXT_DEPRECATION_WARNINGS to suppress this warning. [E:\C++\FlutterReflect\build\_deps\spdlog-build\spdlog.vcxproj]
C:\Program Files\Microsoft Visual Studio\2022\Community\VC\Tools\MSVC\14.38.33130\include\__msvc_iter_core.hpp(490,40): warning C4996:         with [E:\C++\FlutterReflect\build\_deps\spdlog-build\spdlog.vcxproj]
C:\Program Files\Microsoft Visual Studio\2022\Community\VC\Tools\MSVC\14.38.33130\include\__msvc_iter_core.hpp(490,40): warning C4996:         [ [E:\C++\FlutterReflect\build\_deps\spdlog-build\spdlog.vcxproj]
C:\Program Files\Microsoft Visual Studio\2022\Community\VC\Tools\MSVC\14.38.33130\include\__msvc_iter_core.hpp(490,40): warning C4996:             T=char [E:\C++\FlutterReflect\build\_deps\spdlog-build\spdlog.vcxproj]
C:\Program Files\Microsoft Visual Studio\2022\Community\VC\Tools\MSVC\14.38.33130\include\__msvc_iter_core.hpp(490,40): warning C4996:         ] [E:\C++\FlutterReflect\build\_deps\spdlog-build\spdlog.vcxproj]
  (compiling source file '../spdlog-src/src/bundled_fmtlib_format.cpp')
      C:\Program Files\Microsoft Visual Studio\2022\Community\VC\Tools\MSVC\14.38.33130\include\iterator(1470,58):
      see declaration of 'stdext::checked_array_iterator'
  
C:\Program Files\Microsoft Visual Studio\2022\Community\VC\Tools\MSVC\14.38.33130\include\__msvc_iter_core.hpp(490,31): warning C4996: 'stdext::checked_array_iterator<T *>::difference_type': warning STL4043: stdext::checked_array_iterator, stdext::unchecked_array_iterator, and related factory functions are non-Standard extensions and will be removed in the future. std::span (since C++20) and gsl::span can be used instead. You can define _SILENCE_STDEXT_ARR_ITERS_DEPRECATION_WARNING or _SILENCE_ALL_MS_EXT_DEPRECATION_WARNINGS to suppress this warning. [E:\C++\FlutterReflect\build\_deps\spdlog-build\spdlog.vcxproj]
C:\Program Files\Microsoft Visual Studio\2022\Community\VC\Tools\MSVC\14.38.33130\include\__msvc_iter_core.hpp(490,31): warning C4996:         with [E:\C++\FlutterReflect\build\_deps\spdlog-build\spdlog.vcxproj]
C:\Program Files\Microsoft Visual Studio\2022\Community\VC\Tools\MSVC\14.38.33130\include\__msvc_iter_core.hpp(490,31): warning C4996:         [ [E:\C++\FlutterReflect\build\_deps\spdlog-build\spdlog.vcxproj]
C:\Program Files\Microsoft Visual Studio\2022\Community\VC\Tools\MSVC\14.38.33130\include\__msvc_iter_core.hpp(490,31): warning C4996:             T=char [E:\C++\FlutterReflect\build\_deps\spdlog-build\spdlog.vcxproj]
C:\Program Files\Microsoft Visual Studio\2022\Community\VC\Tools\MSVC\14.38.33130\include\__msvc_iter_core.hpp(490,31): warning C4996:         ] [E:\C++\FlutterReflect\build\_deps\spdlog-build\spdlog.vcxproj]
  (compiling source file '../spdlog-src/src/bundled_fmtlib_format.cpp')
  
C:\Program Files\Microsoft Visual Studio\2022\Community\VC\Tools\MSVC\14.38.33130\include\__msvc_iter_core.hpp(491,40): warning C4996: 'stdext::checked_array_iterator<T *>': warning STL4043: stdext::checked_array_iterator, stdext::unchecked_array_iterator, and related factory functions are non-Standard extensions and will be removed in the future. std::span (since C++20) and gsl::span can be used instead. You can define _SILENCE_STDEXT_ARR_ITERS_DEPRECATION_WARNING or _SILENCE_ALL_MS_EXT_DEPRECATION_WARNINGS to suppress this warning. [E:\C++\FlutterReflect\build\_deps\spdlog-build\spdlog.vcxproj]
C:\Program Files\Microsoft Visual Studio\2022\Community\VC\Tools\MSVC\14.38.33130\include\__msvc_iter_core.hpp(491,40): warning C4996:         with [E:\C++\FlutterReflect\build\_deps\spdlog-build\spdlog.vcxproj]
C:\Program Files\Microsoft Visual Studio\2022\Community\VC\Tools\MSVC\14.38.33130\include\__msvc_iter_core.hpp(491,40): warning C4996:         [ [E:\C++\FlutterReflect\build\_deps\spdlog-build\spdlog.vcxproj]
C:\Program Files\Microsoft Visual Studio\2022\Community\VC\Tools\MSVC\14.38.33130\include\__msvc_iter_core.hpp(491,40): warning C4996:             T=char [E:\C++\FlutterReflect\build\_deps\spdlog-build\spdlog.vcxproj]
C:\Program Files\Microsoft Visual Studio\2022\Community\VC\Tools\MSVC\14.38.33130\include\__msvc_iter_core.hpp(491,40): warning C4996:         ] [E:\C++\FlutterReflect\build\_deps\spdlog-build\spdlog.vcxproj]
  (compiling source file '../spdlog-src/src/bundled_fmtlib_format.cpp')
      C:\Program Files\Microsoft Visual Studio\2022\Community\VC\Tools\MSVC\14.38.33130\include\iterator(1470,58):
      see declaration of 'stdext::checked_array_iterator'
  
C:\Program Files\Microsoft Visual Studio\2022\Community\VC\Tools\MSVC\14.38.33130\include\__msvc_iter_core.hpp(491,31): warning C4996: 'stdext::checked_array_iterator<T *>::pointer': warning STL4043: stdext::checked_array_iterator, stdext::unchecked_array_iterator, and related factory functions are non-Standard extensions and will be removed in the future. std::span (since C++20) and gsl::span can be used instead. You can define _SILENCE_STDEXT_ARR_ITERS_DEPRECATION_WARNING or _SILENCE_ALL_MS_EXT_DEPRECATION_WARNINGS to suppress this warning. [E:\C++\FlutterReflect\build\_deps\spdlog-build\spdlog.vcxproj]
C:\Program Files\Microsoft Visual Studio\2022\Community\VC\Tools\MSVC\14.38.33130\include\__msvc_iter_core.hpp(491,31): warning C4996:         with [E:\C++\FlutterReflect\build\_deps\spdlog-build\spdlog.vcxproj]
C:\Program Files\Microsoft Visual Studio\2022\Community\VC\Tools\MSVC\14.38.33130\include\__msvc_iter_core.hpp(491,31): warning C4996:         [ [E:\C++\FlutterReflect\build\_deps\spdlog-build\spdlog.vcxproj]
C:\Program Files\Microsoft Visual Studio\2022\Community\VC\Tools\MSVC\14.38.33130\include\__msvc_iter_core.hpp(491,31): warning C4996:             T=char [E:\C++\FlutterReflect\build\_deps\spdlog-build\spdlog.vcxproj]
C:\Program Files\Microsoft Visual Studio\2022\Community\VC\Tools\MSVC\14.38.33130\include\__msvc_iter_core.hpp(491,31): warning C4996:         ] [E:\C++\FlutterReflect\build\_deps\spdlog-build\spdlog.vcxproj]
  (compiling source file '../spdlog-src/src/bundled_fmtlib_format.cpp')
  
C:\Program Files\Microsoft Visual Studio\2022\Community\VC\Tools\MSVC\14.38.33130\include\__msvc_iter_core.hpp(492,40): warning C4996: 'stdext::checked_array_iterator<T *>': warning STL4043: stdext::checked_array_iterator, stdext::unchecked_array_iterator, and related factory functions are non-Standard extensions and will be removed in the future. std::span (since C++20) and gsl::span can be used instead. You can define _SILENCE_STDEXT_ARR_ITERS_DEPRECATION_WARNING or _SILENCE_ALL_MS_EXT_DEPRECATION_WARNINGS to suppress this warning. [E:\C++\FlutterReflect\build\_deps\spdlog-build\spdlog.vcxproj]
C:\Program Files\Microsoft Visual Studio\2022\Community\VC\Tools\MSVC\14.38.33130\include\__msvc_iter_core.hpp(492,40): warning C4996:         with [E:\C++\FlutterReflect\build\_deps\spdlog-build\spdlog.vcxproj]
C:\Program Files\Microsoft Visual Studio\2022\Community\VC\Tools\MSVC\14.38.33130\include\__msvc_iter_core.hpp(492,40): warning C4996:         [ [E:\C++\FlutterReflect\build\_deps\spdlog-build\spdlog.vcxproj]
C:\Program Files\Microsoft Visual Studio\2022\Community\VC\Tools\MSVC\14.38.33130\include\__msvc_iter_core.hpp(492,40): warning C4996:             T=char [E:\C++\FlutterReflect\build\_deps\spdlog-build\spdlog.vcxproj]
C:\Program Files\Microsoft Visual Studio\2022\Community\VC\Tools\MSVC\14.38.33130\include\__msvc_iter_core.hpp(492,40): warning C4996:         ] [E:\C++\FlutterReflect\build\_deps\spdlog-build\spdlog.vcxproj]
  (compiling source file '../spdlog-src/src/bundled_fmtlib_format.cpp')
      C:\Program Files\Microsoft Visual Studio\2022\Community\VC\Tools\MSVC\14.38.33130\include\iterator(1470,58):
      see declaration of 'stdext::checked_array_iterator'
  
C:\Program Files\Microsoft Visual Studio\2022\Community\VC\Tools\MSVC\14.38.33130\include\__msvc_iter_core.hpp(492,31): warning C4996: 'stdext::checked_array_iterator<T *>::reference': warning STL4043: stdext::checked_array_iterator, stdext::unchecked_array_iterator, and related factory functions are non-Standard extensions and will be removed in the future. std::span (since C++20) and gsl::span can be used instead. You can define _SILENCE_STDEXT_ARR_ITERS_DEPRECATION_WARNING or _SILENCE_ALL_MS_EXT_DEPRECATION_WARNINGS to suppress this warning. [E:\C++\FlutterReflect\build\_deps\spdlog-build\spdlog.vcxproj]
C:\Program Files\Microsoft Visual Studio\2022\Community\VC\Tools\MSVC\14.38.33130\include\__msvc_iter_core.hpp(492,31): warning C4996:         with [E:\C++\FlutterReflect\build\_deps\spdlog-build\spdlog.vcxproj]
C:\Program Files\Microsoft Visual Studio\2022\Community\VC\Tools\MSVC\14.38.33130\include\__msvc_iter_core.hpp(492,31): warning C4996:         [ [E:\C++\FlutterReflect\build\_deps\spdlog-build\spdlog.vcxproj]
C:\Program Files\Microsoft Visual Studio\2022\Community\VC\Tools\MSVC\14.38.33130\include\__msvc_iter_core.hpp(492,31): warning C4996:             T=char [E:\C++\FlutterReflect\build\_deps\spdlog-build\spdlog.vcxproj]
C:\Program Files\Microsoft Visual Studio\2022\Community\VC\Tools\MSVC\14.38.33130\include\__msvc_iter_core.hpp(492,31): warning C4996:         ] [E:\C++\FlutterReflect\build\_deps\spdlog-build\spdlog.vcxproj]
  (compiling source file '../spdlog-src/src/bundled_fmtlib_format.cpp')
  
C:\Program Files\Microsoft Visual Studio\2022\Community\VC\Tools\MSVC\14.38.33130\include\xutility(1255,12): warning C4996: 'stdext::checked_array_iterator<T *>::_Verify_offset': warning STL4043: stdext::checked_array_iterator, stdext::unchecked_array_iterator, and related factory functions are non-Standard extensions and will be removed in the future. std::span (since C++20) and gsl::span can be used instead. You can define _SILENCE_STDEXT_ARR_ITERS_DEPRECATION_WARNING or _SILENCE_ALL_MS_EXT_DEPRECATION_WARNINGS to suppress this warning. [E:\C++\FlutterReflect\build\_deps\spdlog-build\spdlog.vcxproj]
C:\Program Files\Microsoft Visual Studio\2022\Community\VC\Tools\MSVC\14.38.33130\include\xutility(1255,12): warning C4996:         with [E:\C++\FlutterReflect\build\_deps\spdlog-build\spdlog.vcxproj]
C:\Program Files\Microsoft Visual Studio\2022\Community\VC\Tools\MSVC\14.38.33130\include\xutility(1255,12): warning C4996:         [ [E:\C++\FlutterReflect\build\_deps\spdlog-build\spdlog.vcxproj]
C:\Program Files\Microsoft Visual Studio\2022\Community\VC\Tools\MSVC\14.38.33130\include\xutility(1255,12): warning C4996:             T=char [E:\C++\FlutterReflect\build\_deps\spdlog-build\spdlog.vcxproj]
C:\Program Files\Microsoft Visual Studio\2022\Community\VC\Tools\MSVC\14.38.33130\include\xutility(1255,12): warning C4996:         ] [E:\C++\FlutterReflect\build\_deps\spdlog-build\spdlog.vcxproj]
  (compiling source file '../spdlog-src/src/bundled_fmtlib_format.cpp')
  
C:\Program Files\Microsoft Visual Studio\2022\Community\VC\Tools\MSVC\14.38.33130\include\xutility(1256,41): warning C4996: 'stdext::checked_array_iterator<T *>::_Unwrapped': warning STL4043: stdext::checked_array_iterator, stdext::unchecked_array_iterator, and related factory functions are non-Standard extensions and will be removed in the future. std::span (since C++20) and gsl::span can be used instead. You can define _SILENCE_STDEXT_ARR_ITERS_DEPRECATION_WARNING or _SILENCE_ALL_MS_EXT_DEPRECATION_WARNINGS to suppress this warning. [E:\C++\FlutterReflect\build\_deps\spdlog-build\spdlog.vcxproj]
C:\Program Files\Microsoft Visual Studio\2022\Community\VC\Tools\MSVC\14.38.33130\include\xutility(1256,41): warning C4996:         with [E:\C++\FlutterReflect\build\_deps\spdlog-build\spdlog.vcxproj]
C:\Program Files\Microsoft Visual Studio\2022\Community\VC\Tools\MSVC\14.38.33130\include\xutility(1256,41): warning C4996:         [ [E:\C++\FlutterReflect\build\_deps\spdlog-build\spdlog.vcxproj]
C:\Program Files\Microsoft Visual Studio\2022\Community\VC\Tools\MSVC\14.38.33130\include\xutility(1256,41): warning C4996:             T=char [E:\C++\FlutterReflect\build\_deps\spdlog-build\spdlog.vcxproj]
C:\Program Files\Microsoft Visual Studio\2022\Community\VC\Tools\MSVC\14.38.33130\include\xutility(1256,41): warning C4996:         ] [E:\C++\FlutterReflect\build\_deps\spdlog-build\spdlog.vcxproj]
  (compiling source file '../spdlog-src/src/bundled_fmtlib_format.cpp')
  
C:\Program Files\Microsoft Visual Studio\2022\Community\VC\Tools\MSVC\14.38.33130\include\xutility(1141,31): warning C4996: 'stdext::checked_array_iterator<T *>': warning STL4043: stdext::checked_array_iterator, stdext::unchecked_array_iterator, and related factory functions are non-Standard extensions and will be removed in the future. std::span (since C++20) and gsl::span can be used instead. You can define _SILENCE_STDEXT_ARR_ITERS_DEPRECATION_WARNING or _SILENCE_ALL_MS_EXT_DEPRECATION_WARNINGS to suppress this warning. [E:\C++\FlutterReflect\build\_deps\spdlog-build\spdlog.vcxproj]
C:\Program Files\Microsoft Visual Studio\2022\Community\VC\Tools\MSVC\14.38.33130\include\xutility(1141,31): warning C4996:         with [E:\C++\FlutterReflect\build\_deps\spdlog-build\spdlog.vcxproj]
C:\Program Files\Microsoft Visual Studio\2022\Community\VC\Tools\MSVC\14.38.33130\include\xutility(1141,31): warning C4996:         [ [E:\C++\FlutterReflect\build\_deps\spdlog-build\spdlog.vcxproj]
C:\Program Files\Microsoft Visual Studio\2022\Community\VC\Tools\MSVC\14.38.33130\include\xutility(1141,31): warning C4996:             T=wchar_t [E:\C++\FlutterReflect\build\_deps\spdlog-build\spdlog.vcxproj]
C:\Program Files\Microsoft Visual Studio\2022\Community\VC\Tools\MSVC\14.38.33130\include\xutility(1141,31): warning C4996:         ] [E:\C++\FlutterReflect\build\_deps\spdlog-build\spdlog.vcxproj]
  (compiling source file '../spdlog-src/src/bundled_fmtlib_format.cpp')
      C:\Program Files\Microsoft Visual Studio\2022\Community\VC\Tools\MSVC\14.38.33130\include\iterator(1470,58):
      see declaration of 'stdext::checked_array_iterator'
      C:\Program Files\Microsoft Visual Studio\2022\Community\VC\Tools\MSVC\14.38.33130\include\xutility(1141,31):
      the template instantiation context (the oldest one first) is
          E:\C++\FlutterReflect\build\_deps\spdlog-src\include\spdlog\fmt\bundled\format.h(1276,32):
          see reference to class template instantiation 'fmt::v9::basic_memory_buffer<wchar_t,500,std::allocator<wchar_t>>' being compiled
          E:\C++\FlutterReflect\build\_deps\spdlog-src\include\spdlog\fmt\bundled\format.h(912,18):
          while compiling class template member function 'void fmt::v9::basic_memory_buffer<wchar_t,500,std::allocator<wchar_t>>::grow(size_t)'
          E:\C++\FlutterReflect\build\_deps\spdlog-src\include\spdlog\fmt\bundled\format.h(925,8):
          see reference to function template instantiation '_NoThrowFwdIt std::uninitialized_copy<T*,stdext::checked_array_iterator<T *>>(const _InIt,const _InIt,_NoThrowFwdIt)' being compiled
          with
          [
              _NoThrowFwdIt=stdext::checked_array_iterator<wchar_t *>,
              T=wchar_t,
              _InIt=wchar_t *
          ]
          C:\Program Files\Microsoft Visual Studio\2022\Community\VC\Tools\MSVC\14.38.33130\include\xmemory(1919,25):
          see reference to function template instantiation 'decltype(auto) std::_Get_unwrapped_n<_NoThrowFwdIt&,__int64>(_Iter,const _Diff)' being compiled
          with
          [
              _NoThrowFwdIt=stdext::checked_array_iterator<wchar_t *>,
              _Iter=stdext::checked_array_iterator<wchar_t *> &,
              _Diff=__int64
          ]
          C:\Program Files\Microsoft Visual Studio\2022\Community\VC\Tools\MSVC\14.38.33130\include\xutility(1244,26):
          see reference to variable template 'const bool _Unwrappable_for_offset_v<stdext::checked_array_iterator<wchar_t *> &>' being compiled
          C:\Program Files\Microsoft Visual Studio\2022\Community\VC\Tools\MSVC\14.38.33130\include\xutility(1238,5):
          see reference to variable template 'const bool _Unwrappable_v<stdext::checked_array_iterator<wchar_t *> &,void>' being compiled
          C:\Program Files\Microsoft Visual Studio\2022\Community\VC\Tools\MSVC\14.38.33130\include\xutility(1165,5):
          see reference to variable template 'const bool _Allow_inheriting_unwrap_v<stdext::checked_array_iterator<wchar_t *>,void>' being compiled
  
C:\Program Files\Microsoft Visual Studio\2022\Community\VC\Tools\MSVC\14.38.33130\include\xutility(1141,22): warning C4996: 'stdext::checked_array_iterator<T *>::_Prevent_inheriting_unwrap': warning STL4043: stdext::checked_array_iterator, stdext::unchecked_array_iterator, and related factory functions are non-Standard extensions and will be removed in the future. std::span (since C++20) and gsl::span can be used instead. You can define _SILENCE_STDEXT_ARR_ITERS_DEPRECATION_WARNING or _SILENCE_ALL_MS_EXT_DEPRECATION_WARNINGS to suppress this warning. [E:\C++\FlutterReflect\build\_deps\spdlog-build\spdlog.vcxproj]
C:\Program Files\Microsoft Visual Studio\2022\Community\VC\Tools\MSVC\14.38.33130\include\xutility(1141,22): warning C4996:         with [E:\C++\FlutterReflect\build\_deps\spdlog-build\spdlog.vcxproj]
C:\Program Files\Microsoft Visual Studio\2022\Community\VC\Tools\MSVC\14.38.33130\include\xutility(1141,22): warning C4996:         [ [E:\C++\FlutterReflect\build\_deps\spdlog-build\spdlog.vcxproj]
C:\Program Files\Microsoft Visual Studio\2022\Community\VC\Tools\MSVC\14.38.33130\include\xutility(1141,22): warning C4996:             T=wchar_t [E:\C++\FlutterReflect\build\_deps\spdlog-build\spdlog.vcxproj]
C:\Program Files\Microsoft Visual Studio\2022\Community\VC\Tools\MSVC\14.38.33130\include\xutility(1141,22): warning C4996:         ] [E:\C++\FlutterReflect\build\_deps\spdlog-build\spdlog.vcxproj]
  (compiling source file '../spdlog-src/src/bundled_fmtlib_format.cpp')
  
C:\Program Files\Microsoft Visual Studio\2022\Community\VC\Tools\MSVC\14.38.33130\include\__msvc_iter_core.hpp(488,40): warning C4996: 'stdext::checked_array_iterator<T *>': warning STL4043: stdext::checked_array_iterator, stdext::unchecked_array_iterator, and related factory functions are non-Standard extensions and will be removed in the future. std::span (since C++20) and gsl::span can be used instead. You can define _SILENCE_STDEXT_ARR_ITERS_DEPRECATION_WARNING or _SILENCE_ALL_MS_EXT_DEPRECATION_WARNINGS to suppress this warning. [E:\C++\FlutterReflect\build\_deps\spdlog-build\spdlog.vcxproj]
C:\Program Files\Microsoft Visual Studio\2022\Community\VC\Tools\MSVC\14.38.33130\include\__msvc_iter_core.hpp(488,40): warning C4996:         with [E:\C++\FlutterReflect\build\_deps\spdlog-build\spdlog.vcxproj]
C:\Program Files\Microsoft Visual Studio\2022\Community\VC\Tools\MSVC\14.38.33130\include\__msvc_iter_core.hpp(488,40): warning C4996:         [ [E:\C++\FlutterReflect\build\_deps\spdlog-build\spdlog.vcxproj]
C:\Program Files\Microsoft Visual Studio\2022\Community\VC\Tools\MSVC\14.38.33130\include\__msvc_iter_core.hpp(488,40): warning C4996:             T=wchar_t [E:\C++\FlutterReflect\build\_deps\spdlog-build\spdlog.vcxproj]
C:\Program Files\Microsoft Visual Studio\2022\Community\VC\Tools\MSVC\14.38.33130\include\__msvc_iter_core.hpp(488,40): warning C4996:         ] [E:\C++\FlutterReflect\build\_deps\spdlog-build\spdlog.vcxproj]
  (compiling source file '../spdlog-src/src/bundled_fmtlib_format.cpp')
      C:\Program Files\Microsoft Visual Studio\2022\Community\VC\Tools\MSVC\14.38.33130\include\iterator(1470,58):
      see declaration of 'stdext::checked_array_iterator'
      C:\Program Files\Microsoft Visual Studio\2022\Community\VC\Tools\MSVC\14.38.33130\include\__msvc_iter_core.hpp(488,40):
      the template instantiation context (the oldest one first) is
          C:\Program Files\Microsoft Visual Studio\2022\Community\VC\Tools\MSVC\14.38.33130\include\xutility(1233,93):
          see reference to alias template instantiation 'std::_Iter_diff_t<_Iter>' being compiled
          with
          [
              _Iter=stdext::checked_array_iterator<wchar_t *>
          ]
          C:\Program Files\Microsoft Visual Studio\2022\Community\VC\Tools\MSVC\14.38.33130\include\xutility(1238,5):
          see reference to class template instantiation 'std::iterator_traits<_Iter>' being compiled
          with
          [
              _Iter=stdext::checked_array_iterator<wchar_t *>
          ]
          C:\Program Files\Microsoft Visual Studio\2022\Community\VC\Tools\MSVC\14.38.33130\include\__msvc_iter_core.hpp(508,26):
          see reference to class template instantiation 'std::_Iterator_traits_base<_Iter,void>' being compiled
          with
          [
              _Iter=stdext::checked_array_iterator<wchar_t *>
          ]
  
C:\Program Files\Microsoft Visual Studio\2022\Community\VC\Tools\MSVC\14.38.33130\include\__msvc_iter_core.hpp(488,31): warning C4996: 'stdext::checked_array_iterator<T *>::iterator_category': warning STL4043: stdext::checked_array_iterator, stdext::unchecked_array_iterator, and related factory functions are non-Standard extensions and will be removed in the future. std::span (since C++20) and gsl::span can be used instead. You can define _SILENCE_STDEXT_ARR_ITERS_DEPRECATION_WARNING or _SILENCE_ALL_MS_EXT_DEPRECATION_WARNINGS to suppress this warning. [E:\C++\FlutterReflect\build\_deps\spdlog-build\spdlog.vcxproj]
C:\Program Files\Microsoft Visual Studio\2022\Community\VC\Tools\MSVC\14.38.33130\include\__msvc_iter_core.hpp(488,31): warning C4996:         with [E:\C++\FlutterReflect\build\_deps\spdlog-build\spdlog.vcxproj]
C:\Program Files\Microsoft Visual Studio\2022\Community\VC\Tools\MSVC\14.38.33130\include\__msvc_iter_core.hpp(488,31): warning C4996:         [ [E:\C++\FlutterReflect\build\_deps\spdlog-build\spdlog.vcxproj]
C:\Program Files\Microsoft Visual Studio\2022\Community\VC\Tools\MSVC\14.38.33130\include\__msvc_iter_core.hpp(488,31): warning C4996:             T=wchar_t [E:\C++\FlutterReflect\build\_deps\spdlog-build\spdlog.vcxproj]
C:\Program Files\Microsoft Visual Studio\2022\Community\VC\Tools\MSVC\14.38.33130\include\__msvc_iter_core.hpp(488,31): warning C4996:         ] [E:\C++\FlutterReflect\build\_deps\spdlog-build\spdlog.vcxproj]
  (compiling source file '../spdlog-src/src/bundled_fmtlib_format.cpp')
  
C:\Program Files\Microsoft Visual Studio\2022\Community\VC\Tools\MSVC\14.38.33130\include\__msvc_iter_core.hpp(489,40): warning C4996: 'stdext::checked_array_iterator<T *>': warning STL4043: stdext::checked_array_iterator, stdext::unchecked_array_iterator, and related factory functions are non-Standard extensions and will be removed in the future. std::span (since C++20) and gsl::span can be used instead. You can define _SILENCE_STDEXT_ARR_ITERS_DEPRECATION_WARNING or _SILENCE_ALL_MS_EXT_DEPRECATION_WARNINGS to suppress this warning. [E:\C++\FlutterReflect\build\_deps\spdlog-build\spdlog.vcxproj]
C:\Program Files\Microsoft Visual Studio\2022\Community\VC\Tools\MSVC\14.38.33130\include\__msvc_iter_core.hpp(489,40): warning C4996:         with [E:\C++\FlutterReflect\build\_deps\spdlog-build\spdlog.vcxproj]
C:\Program Files\Microsoft Visual Studio\2022\Community\VC\Tools\MSVC\14.38.33130\include\__msvc_iter_core.hpp(489,40): warning C4996:         [ [E:\C++\FlutterReflect\build\_deps\spdlog-build\spdlog.vcxproj]
C:\Program Files\Microsoft Visual Studio\2022\Community\VC\Tools\MSVC\14.38.33130\include\__msvc_iter_core.hpp(489,40): warning C4996:             T=wchar_t [E:\C++\FlutterReflect\build\_deps\spdlog-build\spdlog.vcxproj]
C:\Program Files\Microsoft Visual Studio\2022\Community\VC\Tools\MSVC\14.38.33130\include\__msvc_iter_core.hpp(489,40): warning C4996:         ] [E:\C++\FlutterReflect\build\_deps\spdlog-build\spdlog.vcxproj]
  (compiling source file '../spdlog-src/src/bundled_fmtlib_format.cpp')
      C:\Program Files\Microsoft Visual Studio\2022\Community\VC\Tools\MSVC\14.38.33130\include\iterator(1470,58):
      see declaration of 'stdext::checked_array_iterator'
  
C:\Program Files\Microsoft Visual Studio\2022\Community\VC\Tools\MSVC\14.38.33130\include\__msvc_iter_core.hpp(489,31): warning C4996: 'stdext::checked_array_iterator<T *>::value_type': warning STL4043: stdext::checked_array_iterator, stdext::unchecked_array_iterator, and related factory functions are non-Standard extensions and will be removed in the future. std::span (since C++20) and gsl::span can be used instead. You can define _SILENCE_STDEXT_ARR_ITERS_DEPRECATION_WARNING or _SILENCE_ALL_MS_EXT_DEPRECATION_WARNINGS to suppress this warning. [E:\C++\FlutterReflect\build\_deps\spdlog-build\spdlog.vcxproj]
C:\Program Files\Microsoft Visual Studio\2022\Community\VC\Tools\MSVC\14.38.33130\include\__msvc_iter_core.hpp(489,31): warning C4996:         with [E:\C++\FlutterReflect\build\_deps\spdlog-build\spdlog.vcxproj]
C:\Program Files\Microsoft Visual Studio\2022\Community\VC\Tools\MSVC\14.38.33130\include\__msvc_iter_core.hpp(489,31): warning C4996:         [ [E:\C++\FlutterReflect\build\_deps\spdlog-build\spdlog.vcxproj]
C:\Program Files\Microsoft Visual Studio\2022\Community\VC\Tools\MSVC\14.38.33130\include\__msvc_iter_core.hpp(489,31): warning C4996:             T=wchar_t [E:\C++\FlutterReflect\build\_deps\spdlog-build\spdlog.vcxproj]
C:\Program Files\Microsoft Visual Studio\2022\Community\VC\Tools\MSVC\14.38.33130\include\__msvc_iter_core.hpp(489,31): warning C4996:         ] [E:\C++\FlutterReflect\build\_deps\spdlog-build\spdlog.vcxproj]
  (compiling source file '../spdlog-src/src/bundled_fmtlib_format.cpp')
  
C:\Program Files\Microsoft Visual Studio\2022\Community\VC\Tools\MSVC\14.38.33130\include\__msvc_iter_core.hpp(490,40): warning C4996: 'stdext::checked_array_iterator<T *>': warning STL4043: stdext::checked_array_iterator, stdext::unchecked_array_iterator, and related factory functions are non-Standard extensions and will be removed in the future. std::span (since C++20) and gsl::span can be used instead. You can define _SILENCE_STDEXT_ARR_ITERS_DEPRECATION_WARNING or _SILENCE_ALL_MS_EXT_DEPRECATION_WARNINGS to suppress this warning. [E:\C++\FlutterReflect\build\_deps\spdlog-build\spdlog.vcxproj]
C:\Program Files\Microsoft Visual Studio\2022\Community\VC\Tools\MSVC\14.38.33130\include\__msvc_iter_core.hpp(490,40): warning C4996:         with [E:\C++\FlutterReflect\build\_deps\spdlog-build\spdlog.vcxproj]
C:\Program Files\Microsoft Visual Studio\2022\Community\VC\Tools\MSVC\14.38.33130\include\__msvc_iter_core.hpp(490,40): warning C4996:         [ [E:\C++\FlutterReflect\build\_deps\spdlog-build\spdlog.vcxproj]
C:\Program Files\Microsoft Visual Studio\2022\Community\VC\Tools\MSVC\14.38.33130\include\__msvc_iter_core.hpp(490,40): warning C4996:             T=wchar_t [E:\C++\FlutterReflect\build\_deps\spdlog-build\spdlog.vcxproj]
C:\Program Files\Microsoft Visual Studio\2022\Community\VC\Tools\MSVC\14.38.33130\include\__msvc_iter_core.hpp(490,40): warning C4996:         ] [E:\C++\FlutterReflect\build\_deps\spdlog-build\spdlog.vcxproj]
  (compiling source file '../spdlog-src/src/bundled_fmtlib_format.cpp')
      C:\Program Files\Microsoft Visual Studio\2022\Community\VC\Tools\MSVC\14.38.33130\include\iterator(1470,58):
      see declaration of 'stdext::checked_array_iterator'
  
C:\Program Files\Microsoft Visual Studio\2022\Community\VC\Tools\MSVC\14.38.33130\include\__msvc_iter_core.hpp(490,31): warning C4996: 'stdext::checked_array_iterator<T *>::difference_type': warning STL4043: stdext::checked_array_iterator, stdext::unchecked_array_iterator, and related factory functions are non-Standard extensions and will be removed in the future. std::span (since C++20) and gsl::span can be used instead. You can define _SILENCE_STDEXT_ARR_ITERS_DEPRECATION_WARNING or _SILENCE_ALL_MS_EXT_DEPRECATION_WARNINGS to suppress this warning. [E:\C++\FlutterReflect\build\_deps\spdlog-build\spdlog.vcxproj]
C:\Program Files\Microsoft Visual Studio\2022\Community\VC\Tools\MSVC\14.38.33130\include\__msvc_iter_core.hpp(490,31): warning C4996:         with [E:\C++\FlutterReflect\build\_deps\spdlog-build\spdlog.vcxproj]
C:\Program Files\Microsoft Visual Studio\2022\Community\VC\Tools\MSVC\14.38.33130\include\__msvc_iter_core.hpp(490,31): warning C4996:         [ [E:\C++\FlutterReflect\build\_deps\spdlog-build\spdlog.vcxproj]
C:\Program Files\Microsoft Visual Studio\2022\Community\VC\Tools\MSVC\14.38.33130\include\__msvc_iter_core.hpp(490,31): warning C4996:             T=wchar_t [E:\C++\FlutterReflect\build\_deps\spdlog-build\spdlog.vcxproj]
C:\Program Files\Microsoft Visual Studio\2022\Community\VC\Tools\MSVC\14.38.33130\include\__msvc_iter_core.hpp(490,31): warning C4996:         ] [E:\C++\FlutterReflect\build\_deps\spdlog-build\spdlog.vcxproj]
  (compiling source file '../spdlog-src/src/bundled_fmtlib_format.cpp')
  
C:\Program Files\Microsoft Visual Studio\2022\Community\VC\Tools\MSVC\14.38.33130\include\__msvc_iter_core.hpp(491,40): warning C4996: 'stdext::checked_array_iterator<T *>': warning STL4043: stdext::checked_array_iterator, stdext::unchecked_array_iterator, and related factory functions are non-Standard extensions and will be removed in the future. std::span (since C++20) and gsl::span can be used instead. You can define _SILENCE_STDEXT_ARR_ITERS_DEPRECATION_WARNING or _SILENCE_ALL_MS_EXT_DEPRECATION_WARNINGS to suppress this warning. [E:\C++\FlutterReflect\build\_deps\spdlog-build\spdlog.vcxproj]
C:\Program Files\Microsoft Visual Studio\2022\Community\VC\Tools\MSVC\14.38.33130\include\__msvc_iter_core.hpp(491,40): warning C4996:         with [E:\C++\FlutterReflect\build\_deps\spdlog-build\spdlog.vcxproj]
C:\Program Files\Microsoft Visual Studio\2022\Community\VC\Tools\MSVC\14.38.33130\include\__msvc_iter_core.hpp(491,40): warning C4996:         [ [E:\C++\FlutterReflect\build\_deps\spdlog-build\spdlog.vcxproj]
C:\Program Files\Microsoft Visual Studio\2022\Community\VC\Tools\MSVC\14.38.33130\include\__msvc_iter_core.hpp(491,40): warning C4996:             T=wchar_t [E:\C++\FlutterReflect\build\_deps\spdlog-build\spdlog.vcxproj]
C:\Program Files\Microsoft Visual Studio\2022\Community\VC\Tools\MSVC\14.38.33130\include\__msvc_iter_core.hpp(491,40): warning C4996:         ] [E:\C++\FlutterReflect\build\_deps\spdlog-build\spdlog.vcxproj]
  (compiling source file '../spdlog-src/src/bundled_fmtlib_format.cpp')
      C:\Program Files\Microsoft Visual Studio\2022\Community\VC\Tools\MSVC\14.38.33130\include\iterator(1470,58):
      see declaration of 'stdext::checked_array_iterator'
  
C:\Program Files\Microsoft Visual Studio\2022\Community\VC\Tools\MSVC\14.38.33130\include\__msvc_iter_core.hpp(491,31): warning C4996: 'stdext::checked_array_iterator<T *>::pointer': warning STL4043: stdext::checked_array_iterator, stdext::unchecked_array_iterator, and related factory functions are non-Standard extensions and will be removed in the future. std::span (since C++20) and gsl::span can be used instead. You can define _SILENCE_STDEXT_ARR_ITERS_DEPRECATION_WARNING or _SILENCE_ALL_MS_EXT_DEPRECATION_WARNINGS to suppress this warning. [E:\C++\FlutterReflect\build\_deps\spdlog-build\spdlog.vcxproj]
C:\Program Files\Microsoft Visual Studio\2022\Community\VC\Tools\MSVC\14.38.33130\include\__msvc_iter_core.hpp(491,31): warning C4996:         with [E:\C++\FlutterReflect\build\_deps\spdlog-build\spdlog.vcxproj]
C:\Program Files\Microsoft Visual Studio\2022\Community\VC\Tools\MSVC\14.38.33130\include\__msvc_iter_core.hpp(491,31): warning C4996:         [ [E:\C++\FlutterReflect\build\_deps\spdlog-build\spdlog.vcxproj]
C:\Program Files\Microsoft Visual Studio\2022\Community\VC\Tools\MSVC\14.38.33130\include\__msvc_iter_core.hpp(491,31): warning C4996:             T=wchar_t [E:\C++\FlutterReflect\build\_deps\spdlog-build\spdlog.vcxproj]
C:\Program Files\Microsoft Visual Studio\2022\Community\VC\Tools\MSVC\14.38.33130\include\__msvc_iter_core.hpp(491,31): warning C4996:         ] [E:\C++\FlutterReflect\build\_deps\spdlog-build\spdlog.vcxproj]
  (compiling source file '../spdlog-src/src/bundled_fmtlib_format.cpp')
  
C:\Program Files\Microsoft Visual Studio\2022\Community\VC\Tools\MSVC\14.38.33130\include\__msvc_iter_core.hpp(492,40): warning C4996: 'stdext::checked_array_iterator<T *>': warning STL4043: stdext::checked_array_iterator, stdext::unchecked_array_iterator, and related factory functions are non-Standard extensions and will be removed in the future. std::span (since C++20) and gsl::span can be used instead. You can define _SILENCE_STDEXT_ARR_ITERS_DEPRECATION_WARNING or _SILENCE_ALL_MS_EXT_DEPRECATION_WARNINGS to suppress this warning. [E:\C++\FlutterReflect\build\_deps\spdlog-build\spdlog.vcxproj]
C:\Program Files\Microsoft Visual Studio\2022\Community\VC\Tools\MSVC\14.38.33130\include\__msvc_iter_core.hpp(492,40): warning C4996:         with [E:\C++\FlutterReflect\build\_deps\spdlog-build\spdlog.vcxproj]
C:\Program Files\Microsoft Visual Studio\2022\Community\VC\Tools\MSVC\14.38.33130\include\__msvc_iter_core.hpp(492,40): warning C4996:         [ [E:\C++\FlutterReflect\build\_deps\spdlog-build\spdlog.vcxproj]
C:\Program Files\Microsoft Visual Studio\2022\Community\VC\Tools\MSVC\14.38.33130\include\__msvc_iter_core.hpp(492,40): warning C4996:             T=wchar_t [E:\C++\FlutterReflect\build\_deps\spdlog-build\spdlog.vcxproj]
C:\Program Files\Microsoft Visual Studio\2022\Community\VC\Tools\MSVC\14.38.33130\include\__msvc_iter_core.hpp(492,40): warning C4996:         ] [E:\C++\FlutterReflect\build\_deps\spdlog-build\spdlog.vcxproj]
  (compiling source file '../spdlog-src/src/bundled_fmtlib_format.cpp')
      C:\Program Files\Microsoft Visual Studio\2022\Community\VC\Tools\MSVC\14.38.33130\include\iterator(1470,58):
      see declaration of 'stdext::checked_array_iterator'
  
C:\Program Files\Microsoft Visual Studio\2022\Community\VC\Tools\MSVC\14.38.33130\include\__msvc_iter_core.hpp(492,31): warning C4996: 'stdext::checked_array_iterator<T *>::reference': warning STL4043: stdext::checked_array_iterator, stdext::unchecked_array_iterator, and related factory functions are non-Standard extensions and will be removed in the future. std::span (since C++20) and gsl::span can be used instead. You can define _SILENCE_STDEXT_ARR_ITERS_DEPRECATION_WARNING or _SILENCE_ALL_MS_EXT_DEPRECATION_WARNINGS to suppress this warning. [E:\C++\FlutterReflect\build\_deps\spdlog-build\spdlog.vcxproj]
C:\Program Files\Microsoft Visual Studio\2022\Community\VC\Tools\MSVC\14.38.33130\include\__msvc_iter_core.hpp(492,31): warning C4996:         with [E:\C++\FlutterReflect\build\_deps\spdlog-build\spdlog.vcxproj]
C:\Program Files\Microsoft Visual Studio\2022\Community\VC\Tools\MSVC\14.38.33130\include\__msvc_iter_core.hpp(492,31): warning C4996:         [ [E:\C++\FlutterReflect\build\_deps\spdlog-build\spdlog.vcxproj]
C:\Program Files\Microsoft Visual Studio\2022\Community\VC\Tools\MSVC\14.38.33130\include\__msvc_iter_core.hpp(492,31): warning C4996:             T=wchar_t [E:\C++\FlutterReflect\build\_deps\spdlog-build\spdlog.vcxproj]
C:\Program Files\Microsoft Visual Studio\2022\Community\VC\Tools\MSVC\14.38.33130\include\__msvc_iter_core.hpp(492,31): warning C4996:         ] [E:\C++\FlutterReflect\build\_deps\spdlog-build\spdlog.vcxproj]
  (compiling source file '../spdlog-src/src/bundled_fmtlib_format.cpp')
  
C:\Program Files\Microsoft Visual Studio\2022\Community\VC\Tools\MSVC\14.38.33130\include\xutility(1255,12): warning C4996: 'stdext::checked_array_iterator<T *>::_Verify_offset': warning STL4043: stdext::checked_array_iterator, stdext::unchecked_array_iterator, and related factory functions are non-Standard extensions and will be removed in the future. std::span (since C++20) and gsl::span can be used instead. You can define _SILENCE_STDEXT_ARR_ITERS_DEPRECATION_WARNING or _SILENCE_ALL_MS_EXT_DEPRECATION_WARNINGS to suppress this warning. [E:\C++\FlutterReflect\build\_deps\spdlog-build\spdlog.vcxproj]
C:\Program Files\Microsoft Visual Studio\2022\Community\VC\Tools\MSVC\14.38.33130\include\xutility(1255,12): warning C4996:         with [E:\C++\FlutterReflect\build\_deps\spdlog-build\spdlog.vcxproj]
C:\Program Files\Microsoft Visual Studio\2022\Community\VC\Tools\MSVC\14.38.33130\include\xutility(1255,12): warning C4996:         [ [E:\C++\FlutterReflect\build\_deps\spdlog-build\spdlog.vcxproj]
C:\Program Files\Microsoft Visual Studio\2022\Community\VC\Tools\MSVC\14.38.33130\include\xutility(1255,12): warning C4996:             T=wchar_t [E:\C++\FlutterReflect\build\_deps\spdlog-build\spdlog.vcxproj]
C:\Program Files\Microsoft Visual Studio\2022\Community\VC\Tools\MSVC\14.38.33130\include\xutility(1255,12): warning C4996:         ] [E:\C++\FlutterReflect\build\_deps\spdlog-build\spdlog.vcxproj]
  (compiling source file '../spdlog-src/src/bundled_fmtlib_format.cpp')
  
C:\Program Files\Microsoft Visual Studio\2022\Community\VC\Tools\MSVC\14.38.33130\include\xutility(1256,41): warning C4996: 'stdext::checked_array_iterator<T *>::_Unwrapped': warning STL4043: stdext::checked_array_iterator, stdext::unchecked_array_iterator, and related factory functions are non-Standard extensions and will be removed in the future. std::span (since C++20) and gsl::span can be used instead. You can define _SILENCE_STDEXT_ARR_ITERS_DEPRECATION_WARNING or _SILENCE_ALL_MS_EXT_DEPRECATION_WARNINGS to suppress this warning. [E:\C++\FlutterReflect\build\_deps\spdlog-build\spdlog.vcxproj]
C:\Program Files\Microsoft Visual Studio\2022\Community\VC\Tools\MSVC\14.38.33130\include\xutility(1256,41): warning C4996:         with [E:\C++\FlutterReflect\build\_deps\spdlog-build\spdlog.vcxproj]
C:\Program Files\Microsoft Visual Studio\2022\Community\VC\Tools\MSVC\14.38.33130\include\xutility(1256,41): warning C4996:         [ [E:\C++\FlutterReflect\build\_deps\spdlog-build\spdlog.vcxproj]
C:\Program Files\Microsoft Visual Studio\2022\Community\VC\Tools\MSVC\14.38.33130\include\xutility(1256,41): warning C4996:             T=wchar_t [E:\C++\FlutterReflect\build\_deps\spdlog-build\spdlog.vcxproj]
C:\Program Files\Microsoft Visual Studio\2022\Community\VC\Tools\MSVC\14.38.33130\include\xutility(1256,41): warning C4996:         ] [E:\C++\FlutterReflect\build\_deps\spdlog-build\spdlog.vcxproj]
  (compiling source file '../spdlog-src/src/bundled_fmtlib_format.cpp')
  
C:\Program Files\Microsoft Visual Studio\2022\Community\VC\Tools\MSVC\14.38.33130\include\xutility(1277,12): warning C4996: 'stdext::checked_array_iterator<T *>::_Seek_to': warning STL4043: stdext::checked_array_iterator, stdext::unchecked_array_iterator, and related factory functions are non-Standard extensions and will be removed in the future. std::span (since C++20) and gsl::span can be used instead. You can define _SILENCE_STDEXT_ARR_ITERS_DEPRECATION_WARNING or _SILENCE_ALL_MS_EXT_DEPRECATION_WARNINGS to suppress this warning. [E:\C++\FlutterReflect\build\_deps\spdlog-build\spdlog.vcxproj]
C:\Program Files\Microsoft Visual Studio\2022\Community\VC\Tools\MSVC\14.38.33130\include\xutility(1277,12): warning C4996:         with [E:\C++\FlutterReflect\build\_deps\spdlog-build\spdlog.vcxproj]
C:\Program Files\Microsoft Visual Studio\2022\Community\VC\Tools\MSVC\14.38.33130\include\xutility(1277,12): warning C4996:         [ [E:\C++\FlutterReflect\build\_deps\spdlog-build\spdlog.vcxproj]
C:\Program Files\Microsoft Visual Studio\2022\Community\VC\Tools\MSVC\14.38.33130\include\xutility(1277,12): warning C4996:             T=fmt::v9::detail::bigint::bigit [E:\C++\FlutterReflect\build\_deps\spdlog-build\spdlog.vcxproj]
C:\Program Files\Microsoft Visual Studio\2022\Community\VC\Tools\MSVC\14.38.33130\include\xutility(1277,12): warning C4996:         ] [E:\C++\FlutterReflect\build\_deps\spdlog-build\spdlog.vcxproj]
  (compiling source file '../spdlog-src/src/bundled_fmtlib_format.cpp')
      C:\Program Files\Microsoft Visual Studio\2022\Community\VC\Tools\MSVC\14.38.33130\include\xutility(1277,12):
      the template instantiation context (the oldest one first) is
          E:\C++\FlutterReflect\build\_deps\spdlog-src\include\spdlog\fmt\bundled\format.h(2807,10):
          see reference to function template instantiation '_OutIt std::copy<const T*,stdext::checked_array_iterator<T *>>(_InIt,_InIt,_OutIt)' being compiled
          with
          [
              _OutIt=stdext::checked_array_iterator<fmt::v9::detail::bigint::bigit *>,
              T=fmt::v9::detail::bigint::bigit,
              _InIt=const fmt::v9::detail::bigint::bigit *
          ]
          C:\Program Files\Microsoft Visual Studio\2022\Community\VC\Tools\MSVC\14.38.33130\include\xutility(4611,5):
          see reference to function template instantiation 'void std::_Seek_wrapped<_OutIt,unsigned int*>(_Iter &,_UIter &&)' being compiled
          with
          [
              _OutIt=stdext::checked_array_iterator<fmt::v9::detail::bigint::bigit *>,
              _Iter=stdext::checked_array_iterator<fmt::v9::detail::bigint::bigit *>,
              _UIter=fmt::v9::detail::bigint::bigit *
          ]
  
C:\Program Files\Microsoft Visual Studio\2022\Community\VC\Tools\MSVC\14.38.33130\include\xutility(1141,31): warning C4996: 'stdext::checked_array_iterator<T *>': warning STL4043: stdext::checked_array_iterator, stdext::unchecked_array_iterator, and related factory functions are non-Standard extensions and will be removed in the future. std::span (since C++20) and gsl::span can be used instead. You can define _SILENCE_STDEXT_ARR_ITERS_DEPRECATION_WARNING or _SILENCE_ALL_MS_EXT_DEPRECATION_WARNINGS to suppress this warning. [E:\C++\FlutterReflect\build\_deps\spdlog-build\spdlog.vcxproj]
C:\Program Files\Microsoft Visual Studio\2022\Community\VC\Tools\MSVC\14.38.33130\include\xutility(1141,31): warning C4996:         with [E:\C++\FlutterReflect\build\_deps\spdlog-build\spdlog.vcxproj]
C:\Program Files\Microsoft Visual Studio\2022\Community\VC\Tools\MSVC\14.38.33130\include\xutility(1141,31): warning C4996:         [ [E:\C++\FlutterReflect\build\_deps\spdlog-build\spdlog.vcxproj]
C:\Program Files\Microsoft Visual Studio\2022\Community\VC\Tools\MSVC\14.38.33130\include\xutility(1141,31): warning C4996:             T=fmt::v9::detail::bigint::bigit [E:\C++\FlutterReflect\build\_deps\spdlog-build\spdlog.vcxproj]
C:\Program Files\Microsoft Visual Studio\2022\Community\VC\Tools\MSVC\14.38.33130\include\xutility(1141,31): warning C4996:         ] [E:\C++\FlutterReflect\build\_deps\spdlog-build\spdlog.vcxproj]
  (compiling source file '../spdlog-src/src/async.cpp')
      C:\Program Files\Microsoft Visual Studio\2022\Community\VC\Tools\MSVC\14.38.33130\include\iterator(1470,58):
      see declaration of 'stdext::checked_array_iterator'
      C:\Program Files\Microsoft Visual Studio\2022\Community\VC\Tools\MSVC\14.38.33130\include\xutility(1141,31):
      the template instantiation context (the oldest one first) is
          E:\C++\FlutterReflect\build\_deps\spdlog-src\include\spdlog\fmt\bundled\format.h(2807,10):
          see reference to function template instantiation '_OutIt std::copy<const T*,stdext::checked_array_iterator<T *>>(_InIt,_InIt,_OutIt)' being compiled
          with
          [
              _OutIt=stdext::checked_array_iterator<fmt::v9::detail::bigint::bigit *>,
              T=fmt::v9::detail::bigint::bigit,
              _InIt=const fmt::v9::detail::bigint::bigit *
          ]
          C:\Program Files\Microsoft Visual Studio\2022\Community\VC\Tools\MSVC\14.38.33130\include\xutility(4610,26):
          see reference to function template instantiation 'decltype(auto) std::_Get_unwrapped_n<_OutIt&,__int64>(_Iter,const _Diff)' being compiled
          with
          [
              _OutIt=stdext::checked_array_iterator<fmt::v9::detail::bigint::bigit *>,
              _Iter=stdext::checked_array_iterator<fmt::v9::detail::bigint::bigit *> &,
              _Diff=__int64
          ]
          C:\Program Files\Microsoft Visual Studio\2022\Community\VC\Tools\MSVC\14.38.33130\include\xutility(1244,26):
          see reference to variable template 'const bool _Unwrappable_for_offset_v<stdext::checked_array_iterator<unsigned int *> &>' being compiled
          C:\Program Files\Microsoft Visual Studio\2022\Community\VC\Tools\MSVC\14.38.33130\include\xutility(1238,5):
          see reference to variable template 'const bool _Unwrappable_v<stdext::checked_array_iterator<unsigned int *> &,void>' being compiled
          C:\Program Files\Microsoft Visual Studio\2022\Community\VC\Tools\MSVC\14.38.33130\include\xutility(1165,5):
          see reference to variable template 'const bool _Allow_inheriting_unwrap_v<stdext::checked_array_iterator<unsigned int *>,void>' being compiled
  
C:\Program Files\Microsoft Visual Studio\2022\Community\VC\Tools\MSVC\14.38.33130\include\xutility(1141,22): warning C4996: 'stdext::checked_array_iterator<T *>::_Prevent_inheriting_unwrap': warning STL4043: stdext::checked_array_iterator, stdext::unchecked_array_iterator, and related factory functions are non-Standard extensions and will be removed in the future. std::span (since C++20) and gsl::span can be used instead. You can define _SILENCE_STDEXT_ARR_ITERS_DEPRECATION_WARNING or _SILENCE_ALL_MS_EXT_DEPRECATION_WARNINGS to suppress this warning. [E:\C++\FlutterReflect\build\_deps\spdlog-build\spdlog.vcxproj]
C:\Program Files\Microsoft Visual Studio\2022\Community\VC\Tools\MSVC\14.38.33130\include\xutility(1141,22): warning C4996:         with [E:\C++\FlutterReflect\build\_deps\spdlog-build\spdlog.vcxproj]
C:\Program Files\Microsoft Visual Studio\2022\Community\VC\Tools\MSVC\14.38.33130\include\xutility(1141,22): warning C4996:         [ [E:\C++\FlutterReflect\build\_deps\spdlog-build\spdlog.vcxproj]
C:\Program Files\Microsoft Visual Studio\2022\Community\VC\Tools\MSVC\14.38.33130\include\xutility(1141,22): warning C4996:             T=fmt::v9::detail::bigint::bigit [E:\C++\FlutterReflect\build\_deps\spdlog-build\spdlog.vcxproj]
C:\Program Files\Microsoft Visual Studio\2022\Community\VC\Tools\MSVC\14.38.33130\include\xutility(1141,22): warning C4996:         ] [E:\C++\FlutterReflect\build\_deps\spdlog-build\spdlog.vcxproj]
  (compiling source file '../spdlog-src/src/async.cpp')
  
C:\Program Files\Microsoft Visual Studio\2022\Community\VC\Tools\MSVC\14.38.33130\include\__msvc_iter_core.hpp(488,40): warning C4996: 'stdext::checked_array_iterator<T *>': warning STL4043: stdext::checked_array_iterator, stdext::unchecked_array_iterator, and related factory functions are non-Standard extensions and will be removed in the future. std::span (since C++20) and gsl::span can be used instead. You can define _SILENCE_STDEXT_ARR_ITERS_DEPRECATION_WARNING or _SILENCE_ALL_MS_EXT_DEPRECATION_WARNINGS to suppress this warning. [E:\C++\FlutterReflect\build\_deps\spdlog-build\spdlog.vcxproj]
C:\Program Files\Microsoft Visual Studio\2022\Community\VC\Tools\MSVC\14.38.33130\include\__msvc_iter_core.hpp(488,40): warning C4996:         with [E:\C++\FlutterReflect\build\_deps\spdlog-build\spdlog.vcxproj]
C:\Program Files\Microsoft Visual Studio\2022\Community\VC\Tools\MSVC\14.38.33130\include\__msvc_iter_core.hpp(488,40): warning C4996:         [ [E:\C++\FlutterReflect\build\_deps\spdlog-build\spdlog.vcxproj]
C:\Program Files\Microsoft Visual Studio\2022\Community\VC\Tools\MSVC\14.38.33130\include\__msvc_iter_core.hpp(488,40): warning C4996:             T=fmt::v9::detail::bigint::bigit [E:\C++\FlutterReflect\build\_deps\spdlog-build\spdlog.vcxproj]
C:\Program Files\Microsoft Visual Studio\2022\Community\VC\Tools\MSVC\14.38.33130\include\__msvc_iter_core.hpp(488,40): warning C4996:         ] [E:\C++\FlutterReflect\build\_deps\spdlog-build\spdlog.vcxproj]
  (compiling source file '../spdlog-src/src/async.cpp')
      C:\Program Files\Microsoft Visual Studio\2022\Community\VC\Tools\MSVC\14.38.33130\include\iterator(1470,58):
      see declaration of 'stdext::checked_array_iterator'
      C:\Program Files\Microsoft Visual Studio\2022\Community\VC\Tools\MSVC\14.38.33130\include\__msvc_iter_core.hpp(488,40):
      the template instantiation context (the oldest one first) is
          C:\Program Files\Microsoft Visual Studio\2022\Community\VC\Tools\MSVC\14.38.33130\include\xutility(1233,93):
          see reference to alias template instantiation 'std::_Iter_diff_t<_Iter>' being compiled
          with
          [
              _Iter=stdext::checked_array_iterator<fmt::v9::detail::bigint::bigit *>
          ]
          C:\Program Files\Microsoft Visual Studio\2022\Community\VC\Tools\MSVC\14.38.33130\include\xutility(1238,5):
          see reference to class template instantiation 'std::iterator_traits<_Iter>' being compiled
          with
          [
              _Iter=stdext::checked_array_iterator<fmt::v9::detail::bigint::bigit *>
          ]
          C:\Program Files\Microsoft Visual Studio\2022\Community\VC\Tools\MSVC\14.38.33130\include\__msvc_iter_core.hpp(508,26):
          see reference to class template instantiation 'std::_Iterator_traits_base<_Iter,void>' being compiled
          with
          [
              _Iter=stdext::checked_array_iterator<fmt::v9::detail::bigint::bigit *>
          ]
  
C:\Program Files\Microsoft Visual Studio\2022\Community\VC\Tools\MSVC\14.38.33130\include\__msvc_iter_core.hpp(488,31): warning C4996: 'stdext::checked_array_iterator<T *>::iterator_category': warning STL4043: stdext::checked_array_iterator, stdext::unchecked_array_iterator, and related factory functions are non-Standard extensions and will be removed in the future. std::span (since C++20) and gsl::span can be used instead. You can define _SILENCE_STDEXT_ARR_ITERS_DEPRECATION_WARNING or _SILENCE_ALL_MS_EXT_DEPRECATION_WARNINGS to suppress this warning. [E:\C++\FlutterReflect\build\_deps\spdlog-build\spdlog.vcxproj]
C:\Program Files\Microsoft Visual Studio\2022\Community\VC\Tools\MSVC\14.38.33130\include\__msvc_iter_core.hpp(488,31): warning C4996:         with [E:\C++\FlutterReflect\build\_deps\spdlog-build\spdlog.vcxproj]
C:\Program Files\Microsoft Visual Studio\2022\Community\VC\Tools\MSVC\14.38.33130\include\__msvc_iter_core.hpp(488,31): warning C4996:         [ [E:\C++\FlutterReflect\build\_deps\spdlog-build\spdlog.vcxproj]
C:\Program Files\Microsoft Visual Studio\2022\Community\VC\Tools\MSVC\14.38.33130\include\__msvc_iter_core.hpp(488,31): warning C4996:             T=fmt::v9::detail::bigint::bigit [E:\C++\FlutterReflect\build\_deps\spdlog-build\spdlog.vcxproj]
C:\Program Files\Microsoft Visual Studio\2022\Community\VC\Tools\MSVC\14.38.33130\include\__msvc_iter_core.hpp(488,31): warning C4996:         ] [E:\C++\FlutterReflect\build\_deps\spdlog-build\spdlog.vcxproj]
  (compiling source file '../spdlog-src/src/async.cpp')
  
C:\Program Files\Microsoft Visual Studio\2022\Community\VC\Tools\MSVC\14.38.33130\include\__msvc_iter_core.hpp(489,40): warning C4996: 'stdext::checked_array_iterator<T *>': warning STL4043: stdext::checked_array_iterator, stdext::unchecked_array_iterator, and related factory functions are non-Standard extensions and will be removed in the future. std::span (since C++20) and gsl::span can be used instead. You can define _SILENCE_STDEXT_ARR_ITERS_DEPRECATION_WARNING or _SILENCE_ALL_MS_EXT_DEPRECATION_WARNINGS to suppress this warning. [E:\C++\FlutterReflect\build\_deps\spdlog-build\spdlog.vcxproj]
C:\Program Files\Microsoft Visual Studio\2022\Community\VC\Tools\MSVC\14.38.33130\include\__msvc_iter_core.hpp(489,40): warning C4996:         with [E:\C++\FlutterReflect\build\_deps\spdlog-build\spdlog.vcxproj]
C:\Program Files\Microsoft Visual Studio\2022\Community\VC\Tools\MSVC\14.38.33130\include\__msvc_iter_core.hpp(489,40): warning C4996:         [ [E:\C++\FlutterReflect\build\_deps\spdlog-build\spdlog.vcxproj]
C:\Program Files\Microsoft Visual Studio\2022\Community\VC\Tools\MSVC\14.38.33130\include\__msvc_iter_core.hpp(489,40): warning C4996:             T=fmt::v9::detail::bigint::bigit [E:\C++\FlutterReflect\build\_deps\spdlog-build\spdlog.vcxproj]
C:\Program Files\Microsoft Visual Studio\2022\Community\VC\Tools\MSVC\14.38.33130\include\__msvc_iter_core.hpp(489,40): warning C4996:         ] [E:\C++\FlutterReflect\build\_deps\spdlog-build\spdlog.vcxproj]
  (compiling source file '../spdlog-src/src/async.cpp')
      C:\Program Files\Microsoft Visual Studio\2022\Community\VC\Tools\MSVC\14.38.33130\include\iterator(1470,58):
      see declaration of 'stdext::checked_array_iterator'
  
C:\Program Files\Microsoft Visual Studio\2022\Community\VC\Tools\MSVC\14.38.33130\include\__msvc_iter_core.hpp(489,31): warning C4996: 'stdext::checked_array_iterator<T *>::value_type': warning STL4043: stdext::checked_array_iterator, stdext::unchecked_array_iterator, and related factory functions are non-Standard extensions and will be removed in the future. std::span (since C++20) and gsl::span can be used instead. You can define _SILENCE_STDEXT_ARR_ITERS_DEPRECATION_WARNING or _SILENCE_ALL_MS_EXT_DEPRECATION_WARNINGS to suppress this warning. [E:\C++\FlutterReflect\build\_deps\spdlog-build\spdlog.vcxproj]
C:\Program Files\Microsoft Visual Studio\2022\Community\VC\Tools\MSVC\14.38.33130\include\__msvc_iter_core.hpp(489,31): warning C4996:         with [E:\C++\FlutterReflect\build\_deps\spdlog-build\spdlog.vcxproj]
C:\Program Files\Microsoft Visual Studio\2022\Community\VC\Tools\MSVC\14.38.33130\include\__msvc_iter_core.hpp(489,31): warning C4996:         [ [E:\C++\FlutterReflect\build\_deps\spdlog-build\spdlog.vcxproj]
C:\Program Files\Microsoft Visual Studio\2022\Community\VC\Tools\MSVC\14.38.33130\include\__msvc_iter_core.hpp(489,31): warning C4996:             T=fmt::v9::detail::bigint::bigit [E:\C++\FlutterReflect\build\_deps\spdlog-build\spdlog.vcxproj]
C:\Program Files\Microsoft Visual Studio\2022\Community\VC\Tools\MSVC\14.38.33130\include\__msvc_iter_core.hpp(489,31): warning C4996:         ] [E:\C++\FlutterReflect\build\_deps\spdlog-build\spdlog.vcxproj]
  (compiling source file '../spdlog-src/src/async.cpp')
  
C:\Program Files\Microsoft Visual Studio\2022\Community\VC\Tools\MSVC\14.38.33130\include\__msvc_iter_core.hpp(490,40): warning C4996: 'stdext::checked_array_iterator<T *>': warning STL4043: stdext::checked_array_iterator, stdext::unchecked_array_iterator, and related factory functions are non-Standard extensions and will be removed in the future. std::span (since C++20) and gsl::span can be used instead. You can define _SILENCE_STDEXT_ARR_ITERS_DEPRECATION_WARNING or _SILENCE_ALL_MS_EXT_DEPRECATION_WARNINGS to suppress this warning. [E:\C++\FlutterReflect\build\_deps\spdlog-build\spdlog.vcxproj]
C:\Program Files\Microsoft Visual Studio\2022\Community\VC\Tools\MSVC\14.38.33130\include\__msvc_iter_core.hpp(490,40): warning C4996:         with [E:\C++\FlutterReflect\build\_deps\spdlog-build\spdlog.vcxproj]
C:\Program Files\Microsoft Visual Studio\2022\Community\VC\Tools\MSVC\14.38.33130\include\__msvc_iter_core.hpp(490,40): warning C4996:         [ [E:\C++\FlutterReflect\build\_deps\spdlog-build\spdlog.vcxproj]
C:\Program Files\Microsoft Visual Studio\2022\Community\VC\Tools\MSVC\14.38.33130\include\__msvc_iter_core.hpp(490,40): warning C4996:             T=fmt::v9::detail::bigint::bigit [E:\C++\FlutterReflect\build\_deps\spdlog-build\spdlog.vcxproj]
C:\Program Files\Microsoft Visual Studio\2022\Community\VC\Tools\MSVC\14.38.33130\include\__msvc_iter_core.hpp(490,40): warning C4996:         ] [E:\C++\FlutterReflect\build\_deps\spdlog-build\spdlog.vcxproj]
  (compiling source file '../spdlog-src/src/async.cpp')
      C:\Program Files\Microsoft Visual Studio\2022\Community\VC\Tools\MSVC\14.38.33130\include\iterator(1470,58):
      see declaration of 'stdext::checked_array_iterator'
  
C:\Program Files\Microsoft Visual Studio\2022\Community\VC\Tools\MSVC\14.38.33130\include\__msvc_iter_core.hpp(490,31): warning C4996: 'stdext::checked_array_iterator<T *>::difference_type': warning STL4043: stdext::checked_array_iterator, stdext::unchecked_array_iterator, and related factory functions are non-Standard extensions and will be removed in the future. std::span (since C++20) and gsl::span can be used instead. You can define _SILENCE_STDEXT_ARR_ITERS_DEPRECATION_WARNING or _SILENCE_ALL_MS_EXT_DEPRECATION_WARNINGS to suppress this warning. [E:\C++\FlutterReflect\build\_deps\spdlog-build\spdlog.vcxproj]
C:\Program Files\Microsoft Visual Studio\2022\Community\VC\Tools\MSVC\14.38.33130\include\__msvc_iter_core.hpp(490,31): warning C4996:         with [E:\C++\FlutterReflect\build\_deps\spdlog-build\spdlog.vcxproj]
C:\Program Files\Microsoft Visual Studio\2022\Community\VC\Tools\MSVC\14.38.33130\include\__msvc_iter_core.hpp(490,31): warning C4996:         [ [E:\C++\FlutterReflect\build\_deps\spdlog-build\spdlog.vcxproj]
C:\Program Files\Microsoft Visual Studio\2022\Community\VC\Tools\MSVC\14.38.33130\include\__msvc_iter_core.hpp(490,31): warning C4996:             T=fmt::v9::detail::bigint::bigit [E:\C++\FlutterReflect\build\_deps\spdlog-build\spdlog.vcxproj]
C:\Program Files\Microsoft Visual Studio\2022\Community\VC\Tools\MSVC\14.38.33130\include\__msvc_iter_core.hpp(490,31): warning C4996:         ] [E:\C++\FlutterReflect\build\_deps\spdlog-build\spdlog.vcxproj]
  (compiling source file '../spdlog-src/src/async.cpp')
  
C:\Program Files\Microsoft Visual Studio\2022\Community\VC\Tools\MSVC\14.38.33130\include\__msvc_iter_core.hpp(491,40): warning C4996: 'stdext::checked_array_iterator<T *>': warning STL4043: stdext::checked_array_iterator, stdext::unchecked_array_iterator, and related factory functions are non-Standard extensions and will be removed in the future. std::span (since C++20) and gsl::span can be used instead. You can define _SILENCE_STDEXT_ARR_ITERS_DEPRECATION_WARNING or _SILENCE_ALL_MS_EXT_DEPRECATION_WARNINGS to suppress this warning. [E:\C++\FlutterReflect\build\_deps\spdlog-build\spdlog.vcxproj]
C:\Program Files\Microsoft Visual Studio\2022\Community\VC\Tools\MSVC\14.38.33130\include\__msvc_iter_core.hpp(491,40): warning C4996:         with [E:\C++\FlutterReflect\build\_deps\spdlog-build\spdlog.vcxproj]
C:\Program Files\Microsoft Visual Studio\2022\Community\VC\Tools\MSVC\14.38.33130\include\__msvc_iter_core.hpp(491,40): warning C4996:         [ [E:\C++\FlutterReflect\build\_deps\spdlog-build\spdlog.vcxproj]
C:\Program Files\Microsoft Visual Studio\2022\Community\VC\Tools\MSVC\14.38.33130\include\__msvc_iter_core.hpp(491,40): warning C4996:             T=fmt::v9::detail::bigint::bigit [E:\C++\FlutterReflect\build\_deps\spdlog-build\spdlog.vcxproj]
C:\Program Files\Microsoft Visual Studio\2022\Community\VC\Tools\MSVC\14.38.33130\include\__msvc_iter_core.hpp(491,40): warning C4996:         ] [E:\C++\FlutterReflect\build\_deps\spdlog-build\spdlog.vcxproj]
  (compiling source file '../spdlog-src/src/async.cpp')
      C:\Program Files\Microsoft Visual Studio\2022\Community\VC\Tools\MSVC\14.38.33130\include\iterator(1470,58):
      see declaration of 'stdext::checked_array_iterator'
  
C:\Program Files\Microsoft Visual Studio\2022\Community\VC\Tools\MSVC\14.38.33130\include\__msvc_iter_core.hpp(491,31): warning C4996: 'stdext::checked_array_iterator<T *>::pointer': warning STL4043: stdext::checked_array_iterator, stdext::unchecked_array_iterator, and related factory functions are non-Standard extensions and will be removed in the future. std::span (since C++20) and gsl::span can be used instead. You can define _SILENCE_STDEXT_ARR_ITERS_DEPRECATION_WARNING or _SILENCE_ALL_MS_EXT_DEPRECATION_WARNINGS to suppress this warning. [E:\C++\FlutterReflect\build\_deps\spdlog-build\spdlog.vcxproj]
C:\Program Files\Microsoft Visual Studio\2022\Community\VC\Tools\MSVC\14.38.33130\include\__msvc_iter_core.hpp(491,31): warning C4996:         with [E:\C++\FlutterReflect\build\_deps\spdlog-build\spdlog.vcxproj]
C:\Program Files\Microsoft Visual Studio\2022\Community\VC\Tools\MSVC\14.38.33130\include\__msvc_iter_core.hpp(491,31): warning C4996:         [ [E:\C++\FlutterReflect\build\_deps\spdlog-build\spdlog.vcxproj]
C:\Program Files\Microsoft Visual Studio\2022\Community\VC\Tools\MSVC\14.38.33130\include\__msvc_iter_core.hpp(491,31): warning C4996:             T=fmt::v9::detail::bigint::bigit [E:\C++\FlutterReflect\build\_deps\spdlog-build\spdlog.vcxproj]
C:\Program Files\Microsoft Visual Studio\2022\Community\VC\Tools\MSVC\14.38.33130\include\__msvc_iter_core.hpp(491,31): warning C4996:         ] [E:\C++\FlutterReflect\build\_deps\spdlog-build\spdlog.vcxproj]
  (compiling source file '../spdlog-src/src/async.cpp')
  
C:\Program Files\Microsoft Visual Studio\2022\Community\VC\Tools\MSVC\14.38.33130\include\__msvc_iter_core.hpp(492,40): warning C4996: 'stdext::checked_array_iterator<T *>': warning STL4043: stdext::checked_array_iterator, stdext::unchecked_array_iterator, and related factory functions are non-Standard extensions and will be removed in the future. std::span (since C++20) and gsl::span can be used instead. You can define _SILENCE_STDEXT_ARR_ITERS_DEPRECATION_WARNING or _SILENCE_ALL_MS_EXT_DEPRECATION_WARNINGS to suppress this warning. [E:\C++\FlutterReflect\build\_deps\spdlog-build\spdlog.vcxproj]
C:\Program Files\Microsoft Visual Studio\2022\Community\VC\Tools\MSVC\14.38.33130\include\__msvc_iter_core.hpp(492,40): warning C4996:         with [E:\C++\FlutterReflect\build\_deps\spdlog-build\spdlog.vcxproj]
C:\Program Files\Microsoft Visual Studio\2022\Community\VC\Tools\MSVC\14.38.33130\include\__msvc_iter_core.hpp(492,40): warning C4996:         [ [E:\C++\FlutterReflect\build\_deps\spdlog-build\spdlog.vcxproj]
C:\Program Files\Microsoft Visual Studio\2022\Community\VC\Tools\MSVC\14.38.33130\include\__msvc_iter_core.hpp(492,40): warning C4996:             T=fmt::v9::detail::bigint::bigit [E:\C++\FlutterReflect\build\_deps\spdlog-build\spdlog.vcxproj]
C:\Program Files\Microsoft Visual Studio\2022\Community\VC\Tools\MSVC\14.38.33130\include\__msvc_iter_core.hpp(492,40): warning C4996:         ] [E:\C++\FlutterReflect\build\_deps\spdlog-build\spdlog.vcxproj]
  (compiling source file '../spdlog-src/src/async.cpp')
      C:\Program Files\Microsoft Visual Studio\2022\Community\VC\Tools\MSVC\14.38.33130\include\iterator(1470,58):
      see declaration of 'stdext::checked_array_iterator'
  
C:\Program Files\Microsoft Visual Studio\2022\Community\VC\Tools\MSVC\14.38.33130\include\__msvc_iter_core.hpp(492,31): warning C4996: 'stdext::checked_array_iterator<T *>::reference': warning STL4043: stdext::checked_array_iterator, stdext::unchecked_array_iterator, and related factory functions are non-Standard extensions and will be removed in the future. std::span (since C++20) and gsl::span can be used instead. You can define _SILENCE_STDEXT_ARR_ITERS_DEPRECATION_WARNING or _SILENCE_ALL_MS_EXT_DEPRECATION_WARNINGS to suppress this warning. [E:\C++\FlutterReflect\build\_deps\spdlog-build\spdlog.vcxproj]
C:\Program Files\Microsoft Visual Studio\2022\Community\VC\Tools\MSVC\14.38.33130\include\__msvc_iter_core.hpp(492,31): warning C4996:         with [E:\C++\FlutterReflect\build\_deps\spdlog-build\spdlog.vcxproj]
C:\Program Files\Microsoft Visual Studio\2022\Community\VC\Tools\MSVC\14.38.33130\include\__msvc_iter_core.hpp(492,31): warning C4996:         [ [E:\C++\FlutterReflect\build\_deps\spdlog-build\spdlog.vcxproj]
C:\Program Files\Microsoft Visual Studio\2022\Community\VC\Tools\MSVC\14.38.33130\include\__msvc_iter_core.hpp(492,31): warning C4996:             T=fmt::v9::detail::bigint::bigit [E:\C++\FlutterReflect\build\_deps\spdlog-build\spdlog.vcxproj]
C:\Program Files\Microsoft Visual Studio\2022\Community\VC\Tools\MSVC\14.38.33130\include\__msvc_iter_core.hpp(492,31): warning C4996:         ] [E:\C++\FlutterReflect\build\_deps\spdlog-build\spdlog.vcxproj]
  (compiling source file '../spdlog-src/src/async.cpp')
  
C:\Program Files\Microsoft Visual Studio\2022\Community\VC\Tools\MSVC\14.38.33130\include\xutility(1255,12): warning C4996: 'stdext::checked_array_iterator<T *>::_Verify_offset': warning STL4043: stdext::checked_array_iterator, stdext::unchecked_array_iterator, and related factory functions are non-Standard extensions and will be removed in the future. std::span (since C++20) and gsl::span can be used instead. You can define _SILENCE_STDEXT_ARR_ITERS_DEPRECATION_WARNING or _SILENCE_ALL_MS_EXT_DEPRECATION_WARNINGS to suppress this warning. [E:\C++\FlutterReflect\build\_deps\spdlog-build\spdlog.vcxproj]
C:\Program Files\Microsoft Visual Studio\2022\Community\VC\Tools\MSVC\14.38.33130\include\xutility(1255,12): warning C4996:         with [E:\C++\FlutterReflect\build\_deps\spdlog-build\spdlog.vcxproj]
C:\Program Files\Microsoft Visual Studio\2022\Community\VC\Tools\MSVC\14.38.33130\include\xutility(1255,12): warning C4996:         [ [E:\C++\FlutterReflect\build\_deps\spdlog-build\spdlog.vcxproj]
C:\Program Files\Microsoft Visual Studio\2022\Community\VC\Tools\MSVC\14.38.33130\include\xutility(1255,12): warning C4996:             T=fmt::v9::detail::bigint::bigit [E:\C++\FlutterReflect\build\_deps\spdlog-build\spdlog.vcxproj]
C:\Program Files\Microsoft Visual Studio\2022\Community\VC\Tools\MSVC\14.38.33130\include\xutility(1255,12): warning C4996:         ] [E:\C++\FlutterReflect\build\_deps\spdlog-build\spdlog.vcxproj]
  (compiling source file '../spdlog-src/src/async.cpp')
  
C:\Program Files\Microsoft Visual Studio\2022\Community\VC\Tools\MSVC\14.38.33130\include\xutility(1256,41): warning C4996: 'stdext::checked_array_iterator<T *>::_Unwrapped': warning STL4043: stdext::checked_array_iterator, stdext::unchecked_array_iterator, and related factory functions are non-Standard extensions and will be removed in the future. std::span (since C++20) and gsl::span can be used instead. You can define _SILENCE_STDEXT_ARR_ITERS_DEPRECATION_WARNING or _SILENCE_ALL_MS_EXT_DEPRECATION_WARNINGS to suppress this warning. [E:\C++\FlutterReflect\build\_deps\spdlog-build\spdlog.vcxproj]
C:\Program Files\Microsoft Visual Studio\2022\Community\VC\Tools\MSVC\14.38.33130\include\xutility(1256,41): warning C4996:         with [E:\C++\FlutterReflect\build\_deps\spdlog-build\spdlog.vcxproj]
C:\Program Files\Microsoft Visual Studio\2022\Community\VC\Tools\MSVC\14.38.33130\include\xutility(1256,41): warning C4996:         [ [E:\C++\FlutterReflect\build\_deps\spdlog-build\spdlog.vcxproj]
C:\Program Files\Microsoft Visual Studio\2022\Community\VC\Tools\MSVC\14.38.33130\include\xutility(1256,41): warning C4996:             T=fmt::v9::detail::bigint::bigit [E:\C++\FlutterReflect\build\_deps\spdlog-build\spdlog.vcxproj]
C:\Program Files\Microsoft Visual Studio\2022\Community\VC\Tools\MSVC\14.38.33130\include\xutility(1256,41): warning C4996:         ] [E:\C++\FlutterReflect\build\_deps\spdlog-build\spdlog.vcxproj]
  (compiling source file '../spdlog-src/src/async.cpp')
  
C:\Program Files\Microsoft Visual Studio\2022\Community\VC\Tools\MSVC\14.38.33130\include\xutility(1277,12): warning C4996: 'stdext::checked_array_iterator<T *>::_Seek_to': warning STL4043: stdext::checked_array_iterator, stdext::unchecked_array_iterator, and related factory functions are non-Standard extensions and will be removed in the future. std::span (since C++20) and gsl::span can be used instead. You can define _SILENCE_STDEXT_ARR_ITERS_DEPRECATION_WARNING or _SILENCE_ALL_MS_EXT_DEPRECATION_WARNINGS to suppress this warning. [E:\C++\FlutterReflect\build\_deps\spdlog-build\spdlog.vcxproj]
C:\Program Files\Microsoft Visual Studio\2022\Community\VC\Tools\MSVC\14.38.33130\include\xutility(1277,12): warning C4996:         with [E:\C++\FlutterReflect\build\_deps\spdlog-build\spdlog.vcxproj]
C:\Program Files\Microsoft Visual Studio\2022\Community\VC\Tools\MSVC\14.38.33130\include\xutility(1277,12): warning C4996:         [ [E:\C++\FlutterReflect\build\_deps\spdlog-build\spdlog.vcxproj]
C:\Program Files\Microsoft Visual Studio\2022\Community\VC\Tools\MSVC\14.38.33130\include\xutility(1277,12): warning C4996:             T=char [E:\C++\FlutterReflect\build\_deps\spdlog-build\spdlog.vcxproj]
C:\Program Files\Microsoft Visual Studio\2022\Community\VC\Tools\MSVC\14.38.33130\include\xutility(1277,12): warning C4996:         ] [E:\C++\FlutterReflect\build\_deps\spdlog-build\spdlog.vcxproj]
  (compiling source file '../spdlog-src/src/bundled_fmtlib_format.cpp')
      C:\Program Files\Microsoft Visual Studio\2022\Community\VC\Tools\MSVC\14.38.33130\include\xutility(1277,12):
      the template instantiation context (the oldest one first) is
          E:\C++\FlutterReflect\build\_deps\spdlog-src\include\spdlog\fmt\bundled\format.h(925,8):
          see reference to function template instantiation '_NoThrowFwdIt std::uninitialized_copy<T*,stdext::checked_array_iterator<T *>>(const _InIt,const _InIt,_NoThrowFwdIt)' being compiled
          with
          [
              _NoThrowFwdIt=stdext::checked_array_iterator<char *>,
              T=char,
              _InIt=char *
          ]
          C:\Program Files\Microsoft Visual Studio\2022\Community\VC\Tools\MSVC\14.38.33130\include\xmemory(1920,5):
          see reference to function template instantiation 'void std::_Seek_wrapped<_NoThrowFwdIt,char*>(_Iter &,_UIter &&)' being compiled
          with
          [
              _NoThrowFwdIt=stdext::checked_array_iterator<char *>,
              _Iter=stdext::checked_array_iterator<char *>,
              _UIter=char *
          ]
  
C:\Program Files\Microsoft Visual Studio\2022\Community\VC\Tools\MSVC\14.38.33130\include\xutility(1141,31): warning C4996: 'stdext::checked_array_iterator<T *>': warning STL4043: stdext::checked_array_iterator, stdext::unchecked_array_iterator, and related factory functions are non-Standard extensions and will be removed in the future. std::span (since C++20) and gsl::span can be used instead. You can define _SILENCE_STDEXT_ARR_ITERS_DEPRECATION_WARNING or _SILENCE_ALL_MS_EXT_DEPRECATION_WARNINGS to suppress this warning. [E:\C++\FlutterReflect\build\_deps\spdlog-build\spdlog.vcxproj]
C:\Program Files\Microsoft Visual Studio\2022\Community\VC\Tools\MSVC\14.38.33130\include\xutility(1141,31): warning C4996:         with [E:\C++\FlutterReflect\build\_deps\spdlog-build\spdlog.vcxproj]
C:\Program Files\Microsoft Visual Studio\2022\Community\VC\Tools\MSVC\14.38.33130\include\xutility(1141,31): warning C4996:         [ [E:\C++\FlutterReflect\build\_deps\spdlog-build\spdlog.vcxproj]
C:\Program Files\Microsoft Visual Studio\2022\Community\VC\Tools\MSVC\14.38.33130\include\xutility(1141,31): warning C4996:             T=wchar_t [E:\C++\FlutterReflect\build\_deps\spdlog-build\spdlog.vcxproj]
C:\Program Files\Microsoft Visual Studio\2022\Community\VC\Tools\MSVC\14.38.33130\include\xutility(1141,31): warning C4996:         ] [E:\C++\FlutterReflect\build\_deps\spdlog-build\spdlog.vcxproj]
  (compiling source file '../spdlog-src/src/file_sinks.cpp')
      C:\Program Files\Microsoft Visual Studio\2022\Community\VC\Tools\MSVC\14.38.33130\include\iterator(1470,58):
      see declaration of 'stdext::checked_array_iterator'
      C:\Program Files\Microsoft Visual Studio\2022\Community\VC\Tools\MSVC\14.38.33130\include\xutility(1141,31):
      the template instantiation context (the oldest one first) is
          E:\C++\FlutterReflect\build\_deps\spdlog-src\include\spdlog\fmt\bundled\format.h(1276,32):
          see reference to class template instantiation 'fmt::v9::basic_memory_buffer<wchar_t,500,std::allocator<wchar_t>>' being compiled
          E:\C++\FlutterReflect\build\_deps\spdlog-src\include\spdlog\fmt\bundled\format.h(912,18):
          while compiling class template member function 'void fmt::v9::basic_memory_buffer<wchar_t,500,std::allocator<wchar_t>>::grow(size_t)'
          E:\C++\FlutterReflect\build\_deps\spdlog-src\include\spdlog\fmt\bundled\format.h(925,8):
          see reference to function template instantiation '_NoThrowFwdIt std::uninitialized_copy<T*,stdext::checked_array_iterator<T *>>(const _InIt,const _InIt,_NoThrowFwdIt)' being compiled
          with
          [
              _NoThrowFwdIt=stdext::checked_array_iterator<wchar_t *>,
              T=wchar_t,
              _InIt=wchar_t *
          ]
          C:\Program Files\Microsoft Visual Studio\2022\Community\VC\Tools\MSVC\14.38.33130\include\xmemory(1919,25):
          see reference to function template instantiation 'decltype(auto) std::_Get_unwrapped_n<_NoThrowFwdIt&,__int64>(_Iter,const _Diff)' being compiled
          with
          [
              _NoThrowFwdIt=stdext::checked_array_iterator<wchar_t *>,
              _Iter=stdext::checked_array_iterator<wchar_t *> &,
              _Diff=__int64
          ]
          C:\Program Files\Microsoft Visual Studio\2022\Community\VC\Tools\MSVC\14.38.33130\include\xutility(1244,26):
          see reference to variable template 'const bool _Unwrappable_for_offset_v<stdext::checked_array_iterator<wchar_t *> &>' being compiled
          C:\Program Files\Microsoft Visual Studio\2022\Community\VC\Tools\MSVC\14.38.33130\include\xutility(1238,5):
          see reference to variable template 'const bool _Unwrappable_v<stdext::checked_array_iterator<wchar_t *> &,void>' being compiled
          C:\Program Files\Microsoft Visual Studio\2022\Community\VC\Tools\MSVC\14.38.33130\include\xutility(1165,5):
          see reference to variable template 'const bool _Allow_inheriting_unwrap_v<stdext::checked_array_iterator<wchar_t *>,void>' being compiled
  
C:\Program Files\Microsoft Visual Studio\2022\Community\VC\Tools\MSVC\14.38.33130\include\xutility(1141,22): warning C4996: 'stdext::checked_array_iterator<T *>::_Prevent_inheriting_unwrap': warning STL4043: stdext::checked_array_iterator, stdext::unchecked_array_iterator, and related factory functions are non-Standard extensions and will be removed in the future. std::span (since C++20) and gsl::span can be used instead. You can define _SILENCE_STDEXT_ARR_ITERS_DEPRECATION_WARNING or _SILENCE_ALL_MS_EXT_DEPRECATION_WARNINGS to suppress this warning. [E:\C++\FlutterReflect\build\_deps\spdlog-build\spdlog.vcxproj]
C:\Program Files\Microsoft Visual Studio\2022\Community\VC\Tools\MSVC\14.38.33130\include\xutility(1141,22): warning C4996:         with [E:\C++\FlutterReflect\build\_deps\spdlog-build\spdlog.vcxproj]
C:\Program Files\Microsoft Visual Studio\2022\Community\VC\Tools\MSVC\14.38.33130\include\xutility(1141,22): warning C4996:         [ [E:\C++\FlutterReflect\build\_deps\spdlog-build\spdlog.vcxproj]
C:\Program Files\Microsoft Visual Studio\2022\Community\VC\Tools\MSVC\14.38.33130\include\xutility(1141,22): warning C4996:             T=wchar_t [E:\C++\FlutterReflect\build\_deps\spdlog-build\spdlog.vcxproj]
C:\Program Files\Microsoft Visual Studio\2022\Community\VC\Tools\MSVC\14.38.33130\include\xutility(1141,22): warning C4996:         ] [E:\C++\FlutterReflect\build\_deps\spdlog-build\spdlog.vcxproj]
  (compiling source file '../spdlog-src/src/file_sinks.cpp')
  
C:\Program Files\Microsoft Visual Studio\2022\Community\VC\Tools\MSVC\14.38.33130\include\__msvc_iter_core.hpp(488,40): warning C4996: 'stdext::checked_array_iterator<T *>': warning STL4043: stdext::checked_array_iterator, stdext::unchecked_array_iterator, and related factory functions are non-Standard extensions and will be removed in the future. std::span (since C++20) and gsl::span can be used instead. You can define _SILENCE_STDEXT_ARR_ITERS_DEPRECATION_WARNING or _SILENCE_ALL_MS_EXT_DEPRECATION_WARNINGS to suppress this warning. [E:\C++\FlutterReflect\build\_deps\spdlog-build\spdlog.vcxproj]
C:\Program Files\Microsoft Visual Studio\2022\Community\VC\Tools\MSVC\14.38.33130\include\__msvc_iter_core.hpp(488,40): warning C4996:         with [E:\C++\FlutterReflect\build\_deps\spdlog-build\spdlog.vcxproj]
C:\Program Files\Microsoft Visual Studio\2022\Community\VC\Tools\MSVC\14.38.33130\include\__msvc_iter_core.hpp(488,40): warning C4996:         [ [E:\C++\FlutterReflect\build\_deps\spdlog-build\spdlog.vcxproj]
C:\Program Files\Microsoft Visual Studio\2022\Community\VC\Tools\MSVC\14.38.33130\include\__msvc_iter_core.hpp(488,40): warning C4996:             T=wchar_t [E:\C++\FlutterReflect\build\_deps\spdlog-build\spdlog.vcxproj]
C:\Program Files\Microsoft Visual Studio\2022\Community\VC\Tools\MSVC\14.38.33130\include\__msvc_iter_core.hpp(488,40): warning C4996:         ] [E:\C++\FlutterReflect\build\_deps\spdlog-build\spdlog.vcxproj]
  (compiling source file '../spdlog-src/src/file_sinks.cpp')
      C:\Program Files\Microsoft Visual Studio\2022\Community\VC\Tools\MSVC\14.38.33130\include\iterator(1470,58):
      see declaration of 'stdext::checked_array_iterator'
      C:\Program Files\Microsoft Visual Studio\2022\Community\VC\Tools\MSVC\14.38.33130\include\__msvc_iter_core.hpp(488,40):
      the template instantiation context (the oldest one first) is
          C:\Program Files\Microsoft Visual Studio\2022\Community\VC\Tools\MSVC\14.38.33130\include\xutility(1233,93):
          see reference to alias template instantiation 'std::_Iter_diff_t<_Iter>' being compiled
          with
          [
              _Iter=stdext::checked_array_iterator<wchar_t *>
          ]
          C:\Program Files\Microsoft Visual Studio\2022\Community\VC\Tools\MSVC\14.38.33130\include\xutility(1238,5):
          see reference to class template instantiation 'std::iterator_traits<_Iter>' being compiled
          with
          [
              _Iter=stdext::checked_array_iterator<wchar_t *>
          ]
          C:\Program Files\Microsoft Visual Studio\2022\Community\VC\Tools\MSVC\14.38.33130\include\__msvc_iter_core.hpp(508,26):
          see reference to class template instantiation 'std::_Iterator_traits_base<_Iter,void>' being compiled
          with
          [
              _Iter=stdext::checked_array_iterator<wchar_t *>
          ]
  
C:\Program Files\Microsoft Visual Studio\2022\Community\VC\Tools\MSVC\14.38.33130\include\__msvc_iter_core.hpp(488,31): warning C4996: 'stdext::checked_array_iterator<T *>::iterator_category': warning STL4043: stdext::checked_array_iterator, stdext::unchecked_array_iterator, and related factory functions are non-Standard extensions and will be removed in the future. std::span (since C++20) and gsl::span can be used instead. You can define _SILENCE_STDEXT_ARR_ITERS_DEPRECATION_WARNING or _SILENCE_ALL_MS_EXT_DEPRECATION_WARNINGS to suppress this warning. [E:\C++\FlutterReflect\build\_deps\spdlog-build\spdlog.vcxproj]
C:\Program Files\Microsoft Visual Studio\2022\Community\VC\Tools\MSVC\14.38.33130\include\__msvc_iter_core.hpp(488,31): warning C4996:         with [E:\C++\FlutterReflect\build\_deps\spdlog-build\spdlog.vcxproj]
C:\Program Files\Microsoft Visual Studio\2022\Community\VC\Tools\MSVC\14.38.33130\include\__msvc_iter_core.hpp(488,31): warning C4996:         [ [E:\C++\FlutterReflect\build\_deps\spdlog-build\spdlog.vcxproj]
C:\Program Files\Microsoft Visual Studio\2022\Community\VC\Tools\MSVC\14.38.33130\include\__msvc_iter_core.hpp(488,31): warning C4996:             T=wchar_t [E:\C++\FlutterReflect\build\_deps\spdlog-build\spdlog.vcxproj]
C:\Program Files\Microsoft Visual Studio\2022\Community\VC\Tools\MSVC\14.38.33130\include\__msvc_iter_core.hpp(488,31): warning C4996:         ] [E:\C++\FlutterReflect\build\_deps\spdlog-build\spdlog.vcxproj]
  (compiling source file '../spdlog-src/src/file_sinks.cpp')
  
C:\Program Files\Microsoft Visual Studio\2022\Community\VC\Tools\MSVC\14.38.33130\include\__msvc_iter_core.hpp(489,40): warning C4996: 'stdext::checked_array_iterator<T *>': warning STL4043: stdext::checked_array_iterator, stdext::unchecked_array_iterator, and related factory functions are non-Standard extensions and will be removed in the future. std::span (since C++20) and gsl::span can be used instead. You can define _SILENCE_STDEXT_ARR_ITERS_DEPRECATION_WARNING or _SILENCE_ALL_MS_EXT_DEPRECATION_WARNINGS to suppress this warning. [E:\C++\FlutterReflect\build\_deps\spdlog-build\spdlog.vcxproj]
C:\Program Files\Microsoft Visual Studio\2022\Community\VC\Tools\MSVC\14.38.33130\include\__msvc_iter_core.hpp(489,40): warning C4996:         with [E:\C++\FlutterReflect\build\_deps\spdlog-build\spdlog.vcxproj]
C:\Program Files\Microsoft Visual Studio\2022\Community\VC\Tools\MSVC\14.38.33130\include\__msvc_iter_core.hpp(489,40): warning C4996:         [ [E:\C++\FlutterReflect\build\_deps\spdlog-build\spdlog.vcxproj]
C:\Program Files\Microsoft Visual Studio\2022\Community\VC\Tools\MSVC\14.38.33130\include\__msvc_iter_core.hpp(489,40): warning C4996:             T=wchar_t [E:\C++\FlutterReflect\build\_deps\spdlog-build\spdlog.vcxproj]
C:\Program Files\Microsoft Visual Studio\2022\Community\VC\Tools\MSVC\14.38.33130\include\__msvc_iter_core.hpp(489,40): warning C4996:         ] [E:\C++\FlutterReflect\build\_deps\spdlog-build\spdlog.vcxproj]
  (compiling source file '../spdlog-src/src/file_sinks.cpp')
      C:\Program Files\Microsoft Visual Studio\2022\Community\VC\Tools\MSVC\14.38.33130\include\iterator(1470,58):
      see declaration of 'stdext::checked_array_iterator'
  
C:\Program Files\Microsoft Visual Studio\2022\Community\VC\Tools\MSVC\14.38.33130\include\__msvc_iter_core.hpp(489,31): warning C4996: 'stdext::checked_array_iterator<T *>::value_type': warning STL4043: stdext::checked_array_iterator, stdext::unchecked_array_iterator, and related factory functions are non-Standard extensions and will be removed in the future. std::span (since C++20) and gsl::span can be used instead. You can define _SILENCE_STDEXT_ARR_ITERS_DEPRECATION_WARNING or _SILENCE_ALL_MS_EXT_DEPRECATION_WARNINGS to suppress this warning. [E:\C++\FlutterReflect\build\_deps\spdlog-build\spdlog.vcxproj]
C:\Program Files\Microsoft Visual Studio\2022\Community\VC\Tools\MSVC\14.38.33130\include\__msvc_iter_core.hpp(489,31): warning C4996:         with [E:\C++\FlutterReflect\build\_deps\spdlog-build\spdlog.vcxproj]
C:\Program Files\Microsoft Visual Studio\2022\Community\VC\Tools\MSVC\14.38.33130\include\__msvc_iter_core.hpp(489,31): warning C4996:         [ [E:\C++\FlutterReflect\build\_deps\spdlog-build\spdlog.vcxproj]
C:\Program Files\Microsoft Visual Studio\2022\Community\VC\Tools\MSVC\14.38.33130\include\__msvc_iter_core.hpp(489,31): warning C4996:             T=wchar_t [E:\C++\FlutterReflect\build\_deps\spdlog-build\spdlog.vcxproj]
C:\Program Files\Microsoft Visual Studio\2022\Community\VC\Tools\MSVC\14.38.33130\include\__msvc_iter_core.hpp(489,31): warning C4996:         ] [E:\C++\FlutterReflect\build\_deps\spdlog-build\spdlog.vcxproj]
  (compiling source file '../spdlog-src/src/file_sinks.cpp')
  
C:\Program Files\Microsoft Visual Studio\2022\Community\VC\Tools\MSVC\14.38.33130\include\__msvc_iter_core.hpp(490,40): warning C4996: 'stdext::checked_array_iterator<T *>': warning STL4043: stdext::checked_array_iterator, stdext::unchecked_array_iterator, and related factory functions are non-Standard extensions and will be removed in the future. std::span (since C++20) and gsl::span can be used instead. You can define _SILENCE_STDEXT_ARR_ITERS_DEPRECATION_WARNING or _SILENCE_ALL_MS_EXT_DEPRECATION_WARNINGS to suppress this warning. [E:\C++\FlutterReflect\build\_deps\spdlog-build\spdlog.vcxproj]
C:\Program Files\Microsoft Visual Studio\2022\Community\VC\Tools\MSVC\14.38.33130\include\__msvc_iter_core.hpp(490,40): warning C4996:         with [E:\C++\FlutterReflect\build\_deps\spdlog-build\spdlog.vcxproj]
C:\Program Files\Microsoft Visual Studio\2022\Community\VC\Tools\MSVC\14.38.33130\include\__msvc_iter_core.hpp(490,40): warning C4996:         [ [E:\C++\FlutterReflect\build\_deps\spdlog-build\spdlog.vcxproj]
C:\Program Files\Microsoft Visual Studio\2022\Community\VC\Tools\MSVC\14.38.33130\include\__msvc_iter_core.hpp(490,40): warning C4996:             T=wchar_t [E:\C++\FlutterReflect\build\_deps\spdlog-build\spdlog.vcxproj]
C:\Program Files\Microsoft Visual Studio\2022\Community\VC\Tools\MSVC\14.38.33130\include\__msvc_iter_core.hpp(490,40): warning C4996:         ] [E:\C++\FlutterReflect\build\_deps\spdlog-build\spdlog.vcxproj]
  (compiling source file '../spdlog-src/src/file_sinks.cpp')
      C:\Program Files\Microsoft Visual Studio\2022\Community\VC\Tools\MSVC\14.38.33130\include\iterator(1470,58):
      see declaration of 'stdext::checked_array_iterator'
  
C:\Program Files\Microsoft Visual Studio\2022\Community\VC\Tools\MSVC\14.38.33130\include\__msvc_iter_core.hpp(490,31): warning C4996: 'stdext::checked_array_iterator<T *>::difference_type': warning STL4043: stdext::checked_array_iterator, stdext::unchecked_array_iterator, and related factory functions are non-Standard extensions and will be removed in the future. std::span (since C++20) and gsl::span can be used instead. You can define _SILENCE_STDEXT_ARR_ITERS_DEPRECATION_WARNING or _SILENCE_ALL_MS_EXT_DEPRECATION_WARNINGS to suppress this warning. [E:\C++\FlutterReflect\build\_deps\spdlog-build\spdlog.vcxproj]
C:\Program Files\Microsoft Visual Studio\2022\Community\VC\Tools\MSVC\14.38.33130\include\__msvc_iter_core.hpp(490,31): warning C4996:         with [E:\C++\FlutterReflect\build\_deps\spdlog-build\spdlog.vcxproj]
C:\Program Files\Microsoft Visual Studio\2022\Community\VC\Tools\MSVC\14.38.33130\include\__msvc_iter_core.hpp(490,31): warning C4996:         [ [E:\C++\FlutterReflect\build\_deps\spdlog-build\spdlog.vcxproj]
C:\Program Files\Microsoft Visual Studio\2022\Community\VC\Tools\MSVC\14.38.33130\include\__msvc_iter_core.hpp(490,31): warning C4996:             T=wchar_t [E:\C++\FlutterReflect\build\_deps\spdlog-build\spdlog.vcxproj]
C:\Program Files\Microsoft Visual Studio\2022\Community\VC\Tools\MSVC\14.38.33130\include\__msvc_iter_core.hpp(490,31): warning C4996:         ] [E:\C++\FlutterReflect\build\_deps\spdlog-build\spdlog.vcxproj]
  (compiling source file '../spdlog-src/src/file_sinks.cpp')
  
C:\Program Files\Microsoft Visual Studio\2022\Community\VC\Tools\MSVC\14.38.33130\include\__msvc_iter_core.hpp(491,40): warning C4996: 'stdext::checked_array_iterator<T *>': warning STL4043: stdext::checked_array_iterator, stdext::unchecked_array_iterator, and related factory functions are non-Standard extensions and will be removed in the future. std::span (since C++20) and gsl::span can be used instead. You can define _SILENCE_STDEXT_ARR_ITERS_DEPRECATION_WARNING or _SILENCE_ALL_MS_EXT_DEPRECATION_WARNINGS to suppress this warning. [E:\C++\FlutterReflect\build\_deps\spdlog-build\spdlog.vcxproj]
C:\Program Files\Microsoft Visual Studio\2022\Community\VC\Tools\MSVC\14.38.33130\include\__msvc_iter_core.hpp(491,40): warning C4996:         with [E:\C++\FlutterReflect\build\_deps\spdlog-build\spdlog.vcxproj]
C:\Program Files\Microsoft Visual Studio\2022\Community\VC\Tools\MSVC\14.38.33130\include\__msvc_iter_core.hpp(491,40): warning C4996:         [ [E:\C++\FlutterReflect\build\_deps\spdlog-build\spdlog.vcxproj]
C:\Program Files\Microsoft Visual Studio\2022\Community\VC\Tools\MSVC\14.38.33130\include\__msvc_iter_core.hpp(491,40): warning C4996:             T=wchar_t [E:\C++\FlutterReflect\build\_deps\spdlog-build\spdlog.vcxproj]
C:\Program Files\Microsoft Visual Studio\2022\Community\VC\Tools\MSVC\14.38.33130\include\__msvc_iter_core.hpp(491,40): warning C4996:         ] [E:\C++\FlutterReflect\build\_deps\spdlog-build\spdlog.vcxproj]
  (compiling source file '../spdlog-src/src/file_sinks.cpp')
      C:\Program Files\Microsoft Visual Studio\2022\Community\VC\Tools\MSVC\14.38.33130\include\iterator(1470,58):
      see declaration of 'stdext::checked_array_iterator'
  
C:\Program Files\Microsoft Visual Studio\2022\Community\VC\Tools\MSVC\14.38.33130\include\__msvc_iter_core.hpp(491,31): warning C4996: 'stdext::checked_array_iterator<T *>::pointer': warning STL4043: stdext::checked_array_iterator, stdext::unchecked_array_iterator, and related factory functions are non-Standard extensions and will be removed in the future. std::span (since C++20) and gsl::span can be used instead. You can define _SILENCE_STDEXT_ARR_ITERS_DEPRECATION_WARNING or _SILENCE_ALL_MS_EXT_DEPRECATION_WARNINGS to suppress this warning. [E:\C++\FlutterReflect\build\_deps\spdlog-build\spdlog.vcxproj]
C:\Program Files\Microsoft Visual Studio\2022\Community\VC\Tools\MSVC\14.38.33130\include\__msvc_iter_core.hpp(491,31): warning C4996:         with [E:\C++\FlutterReflect\build\_deps\spdlog-build\spdlog.vcxproj]
C:\Program Files\Microsoft Visual Studio\2022\Community\VC\Tools\MSVC\14.38.33130\include\__msvc_iter_core.hpp(491,31): warning C4996:         [ [E:\C++\FlutterReflect\build\_deps\spdlog-build\spdlog.vcxproj]
C:\Program Files\Microsoft Visual Studio\2022\Community\VC\Tools\MSVC\14.38.33130\include\__msvc_iter_core.hpp(491,31): warning C4996:             T=wchar_t [E:\C++\FlutterReflect\build\_deps\spdlog-build\spdlog.vcxproj]
C:\Program Files\Microsoft Visual Studio\2022\Community\VC\Tools\MSVC\14.38.33130\include\__msvc_iter_core.hpp(491,31): warning C4996:         ] [E:\C++\FlutterReflect\build\_deps\spdlog-build\spdlog.vcxproj]
  (compiling source file '../spdlog-src/src/file_sinks.cpp')
  
C:\Program Files\Microsoft Visual Studio\2022\Community\VC\Tools\MSVC\14.38.33130\include\__msvc_iter_core.hpp(492,40): warning C4996: 'stdext::checked_array_iterator<T *>': warning STL4043: stdext::checked_array_iterator, stdext::unchecked_array_iterator, and related factory functions are non-Standard extensions and will be removed in the future. std::span (since C++20) and gsl::span can be used instead. You can define _SILENCE_STDEXT_ARR_ITERS_DEPRECATION_WARNING or _SILENCE_ALL_MS_EXT_DEPRECATION_WARNINGS to suppress this warning. [E:\C++\FlutterReflect\build\_deps\spdlog-build\spdlog.vcxproj]
C:\Program Files\Microsoft Visual Studio\2022\Community\VC\Tools\MSVC\14.38.33130\include\__msvc_iter_core.hpp(492,40): warning C4996:         with [E:\C++\FlutterReflect\build\_deps\spdlog-build\spdlog.vcxproj]
C:\Program Files\Microsoft Visual Studio\2022\Community\VC\Tools\MSVC\14.38.33130\include\__msvc_iter_core.hpp(492,40): warning C4996:         [ [E:\C++\FlutterReflect\build\_deps\spdlog-build\spdlog.vcxproj]
C:\Program Files\Microsoft Visual Studio\2022\Community\VC\Tools\MSVC\14.38.33130\include\__msvc_iter_core.hpp(492,40): warning C4996:             T=wchar_t [E:\C++\FlutterReflect\build\_deps\spdlog-build\spdlog.vcxproj]
C:\Program Files\Microsoft Visual Studio\2022\Community\VC\Tools\MSVC\14.38.33130\include\__msvc_iter_core.hpp(492,40): warning C4996:         ] [E:\C++\FlutterReflect\build\_deps\spdlog-build\spdlog.vcxproj]
  (compiling source file '../spdlog-src/src/file_sinks.cpp')
      C:\Program Files\Microsoft Visual Studio\2022\Community\VC\Tools\MSVC\14.38.33130\include\iterator(1470,58):
      see declaration of 'stdext::checked_array_iterator'
  
C:\Program Files\Microsoft Visual Studio\2022\Community\VC\Tools\MSVC\14.38.33130\include\__msvc_iter_core.hpp(492,31): warning C4996: 'stdext::checked_array_iterator<T *>::reference': warning STL4043: stdext::checked_array_iterator, stdext::unchecked_array_iterator, and related factory functions are non-Standard extensions and will be removed in the future. std::span (since C++20) and gsl::span can be used instead. You can define _SILENCE_STDEXT_ARR_ITERS_DEPRECATION_WARNING or _SILENCE_ALL_MS_EXT_DEPRECATION_WARNINGS to suppress this warning. [E:\C++\FlutterReflect\build\_deps\spdlog-build\spdlog.vcxproj]
C:\Program Files\Microsoft Visual Studio\2022\Community\VC\Tools\MSVC\14.38.33130\include\__msvc_iter_core.hpp(492,31): warning C4996:         with [E:\C++\FlutterReflect\build\_deps\spdlog-build\spdlog.vcxproj]
C:\Program Files\Microsoft Visual Studio\2022\Community\VC\Tools\MSVC\14.38.33130\include\__msvc_iter_core.hpp(492,31): warning C4996:         [ [E:\C++\FlutterReflect\build\_deps\spdlog-build\spdlog.vcxproj]
C:\Program Files\Microsoft Visual Studio\2022\Community\VC\Tools\MSVC\14.38.33130\include\__msvc_iter_core.hpp(492,31): warning C4996:             T=wchar_t [E:\C++\FlutterReflect\build\_deps\spdlog-build\spdlog.vcxproj]
C:\Program Files\Microsoft Visual Studio\2022\Community\VC\Tools\MSVC\14.38.33130\include\__msvc_iter_core.hpp(492,31): warning C4996:         ] [E:\C++\FlutterReflect\build\_deps\spdlog-build\spdlog.vcxproj]
  (compiling source file '../spdlog-src/src/file_sinks.cpp')
  
C:\Program Files\Microsoft Visual Studio\2022\Community\VC\Tools\MSVC\14.38.33130\include\xutility(1255,12): warning C4996: 'stdext::checked_array_iterator<T *>::_Verify_offset': warning STL4043: stdext::checked_array_iterator, stdext::unchecked_array_iterator, and related factory functions are non-Standard extensions and will be removed in the future. std::span (since C++20) and gsl::span can be used instead. You can define _SILENCE_STDEXT_ARR_ITERS_DEPRECATION_WARNING or _SILENCE_ALL_MS_EXT_DEPRECATION_WARNINGS to suppress this warning. [E:\C++\FlutterReflect\build\_deps\spdlog-build\spdlog.vcxproj]
C:\Program Files\Microsoft Visual Studio\2022\Community\VC\Tools\MSVC\14.38.33130\include\xutility(1255,12): warning C4996:         with [E:\C++\FlutterReflect\build\_deps\spdlog-build\spdlog.vcxproj]
C:\Program Files\Microsoft Visual Studio\2022\Community\VC\Tools\MSVC\14.38.33130\include\xutility(1255,12): warning C4996:         [ [E:\C++\FlutterReflect\build\_deps\spdlog-build\spdlog.vcxproj]
C:\Program Files\Microsoft Visual Studio\2022\Community\VC\Tools\MSVC\14.38.33130\include\xutility(1255,12): warning C4996:             T=wchar_t [E:\C++\FlutterReflect\build\_deps\spdlog-build\spdlog.vcxproj]
C:\Program Files\Microsoft Visual Studio\2022\Community\VC\Tools\MSVC\14.38.33130\include\xutility(1255,12): warning C4996:         ] [E:\C++\FlutterReflect\build\_deps\spdlog-build\spdlog.vcxproj]
  (compiling source file '../spdlog-src/src/file_sinks.cpp')
  
C:\Program Files\Microsoft Visual Studio\2022\Community\VC\Tools\MSVC\14.38.33130\include\xutility(1256,41): warning C4996: 'stdext::checked_array_iterator<T *>::_Unwrapped': warning STL4043: stdext::checked_array_iterator, stdext::unchecked_array_iterator, and related factory functions are non-Standard extensions and will be removed in the future. std::span (since C++20) and gsl::span can be used instead. You can define _SILENCE_STDEXT_ARR_ITERS_DEPRECATION_WARNING or _SILENCE_ALL_MS_EXT_DEPRECATION_WARNINGS to suppress this warning. [E:\C++\FlutterReflect\build\_deps\spdlog-build\spdlog.vcxproj]
C:\Program Files\Microsoft Visual Studio\2022\Community\VC\Tools\MSVC\14.38.33130\include\xutility(1256,41): warning C4996:         with [E:\C++\FlutterReflect\build\_deps\spdlog-build\spdlog.vcxproj]
C:\Program Files\Microsoft Visual Studio\2022\Community\VC\Tools\MSVC\14.38.33130\include\xutility(1256,41): warning C4996:         [ [E:\C++\FlutterReflect\build\_deps\spdlog-build\spdlog.vcxproj]
C:\Program Files\Microsoft Visual Studio\2022\Community\VC\Tools\MSVC\14.38.33130\include\xutility(1256,41): warning C4996:             T=wchar_t [E:\C++\FlutterReflect\build\_deps\spdlog-build\spdlog.vcxproj]
C:\Program Files\Microsoft Visual Studio\2022\Community\VC\Tools\MSVC\14.38.33130\include\xutility(1256,41): warning C4996:         ] [E:\C++\FlutterReflect\build\_deps\spdlog-build\spdlog.vcxproj]
  (compiling source file '../spdlog-src/src/file_sinks.cpp')
  
C:\Program Files\Microsoft Visual Studio\2022\Community\VC\Tools\MSVC\14.38.33130\include\xutility(1277,12): warning C4996: 'stdext::checked_array_iterator<T *>::_Seek_to': warning STL4043: stdext::checked_array_iterator, stdext::unchecked_array_iterator, and related factory functions are non-Standard extensions and will be removed in the future. std::span (since C++20) and gsl::span can be used instead. You can define _SILENCE_STDEXT_ARR_ITERS_DEPRECATION_WARNING or _SILENCE_ALL_MS_EXT_DEPRECATION_WARNINGS to suppress this warning. [E:\C++\FlutterReflect\build\_deps\spdlog-build\spdlog.vcxproj]
C:\Program Files\Microsoft Visual Studio\2022\Community\VC\Tools\MSVC\14.38.33130\include\xutility(1277,12): warning C4996:         with [E:\C++\FlutterReflect\build\_deps\spdlog-build\spdlog.vcxproj]
C:\Program Files\Microsoft Visual Studio\2022\Community\VC\Tools\MSVC\14.38.33130\include\xutility(1277,12): warning C4996:         [ [E:\C++\FlutterReflect\build\_deps\spdlog-build\spdlog.vcxproj]
C:\Program Files\Microsoft Visual Studio\2022\Community\VC\Tools\MSVC\14.38.33130\include\xutility(1277,12): warning C4996:             T=fmt::v9::detail::bigint::bigit [E:\C++\FlutterReflect\build\_deps\spdlog-build\spdlog.vcxproj]
C:\Program Files\Microsoft Visual Studio\2022\Community\VC\Tools\MSVC\14.38.33130\include\xutility(1277,12): warning C4996:         ] [E:\C++\FlutterReflect\build\_deps\spdlog-build\spdlog.vcxproj]
  (compiling source file '../spdlog-src/src/file_sinks.cpp')
      C:\Program Files\Microsoft Visual Studio\2022\Community\VC\Tools\MSVC\14.38.33130\include\xutility(1277,12):
      the template instantiation context (the oldest one first) is
          E:\C++\FlutterReflect\build\_deps\spdlog-src\include\spdlog\fmt\bundled\format.h(2807,10):
          see reference to function template instantiation '_OutIt std::copy<const T*,stdext::checked_array_iterator<T *>>(_InIt,_InIt,_OutIt)' being compiled
          with
          [
              _OutIt=stdext::checked_array_iterator<fmt::v9::detail::bigint::bigit *>,
              T=fmt::v9::detail::bigint::bigit,
              _InIt=const fmt::v9::detail::bigint::bigit *
          ]
          C:\Program Files\Microsoft Visual Studio\2022\Community\VC\Tools\MSVC\14.38.33130\include\xutility(4611,5):
          see reference to function template instantiation 'void std::_Seek_wrapped<_OutIt,unsigned int*>(_Iter &,_UIter &&)' being compiled
          with
          [
              _OutIt=stdext::checked_array_iterator<fmt::v9::detail::bigint::bigit *>,
              _Iter=stdext::checked_array_iterator<fmt::v9::detail::bigint::bigit *>,
              _UIter=fmt::v9::detail::bigint::bigit *
          ]
  
C:\Program Files\Microsoft Visual Studio\2022\Community\VC\Tools\MSVC\14.38.33130\include\xutility(1141,31): warning C4996: 'stdext::checked_array_iterator<T *>': warning STL4043: stdext::checked_array_iterator, stdext::unchecked_array_iterator, and related factory functions are non-Standard extensions and will be removed in the future. std::span (since C++20) and gsl::span can be used instead. You can define _SILENCE_STDEXT_ARR_ITERS_DEPRECATION_WARNING or _SILENCE_ALL_MS_EXT_DEPRECATION_WARNINGS to suppress this warning. [E:\C++\FlutterReflect\build\_deps\spdlog-build\spdlog.vcxproj]
C:\Program Files\Microsoft Visual Studio\2022\Community\VC\Tools\MSVC\14.38.33130\include\xutility(1141,31): warning C4996:         with [E:\C++\FlutterReflect\build\_deps\spdlog-build\spdlog.vcxproj]
C:\Program Files\Microsoft Visual Studio\2022\Community\VC\Tools\MSVC\14.38.33130\include\xutility(1141,31): warning C4996:         [ [E:\C++\FlutterReflect\build\_deps\spdlog-build\spdlog.vcxproj]
C:\Program Files\Microsoft Visual Studio\2022\Community\VC\Tools\MSVC\14.38.33130\include\xutility(1141,31): warning C4996:             T=char [E:\C++\FlutterReflect\build\_deps\spdlog-build\spdlog.vcxproj]
C:\Program Files\Microsoft Visual Studio\2022\Community\VC\Tools\MSVC\14.38.33130\include\xutility(1141,31): warning C4996:         ] [E:\C++\FlutterReflect\build\_deps\spdlog-build\spdlog.vcxproj]
  (compiling source file '../spdlog-src/src/file_sinks.cpp')
      C:\Program Files\Microsoft Visual Studio\2022\Community\VC\Tools\MSVC\14.38.33130\include\iterator(1470,58):
      see declaration of 'stdext::checked_array_iterator'
      C:\Program Files\Microsoft Visual Studio\2022\Community\VC\Tools\MSVC\14.38.33130\include\xutility(1141,31):
      the template instantiation context (the oldest one first) is
          E:\C++\FlutterReflect\build\_deps\spdlog-src\include\spdlog\common.h(351,34):
          see reference to class template instantiation 'fmt::v9::basic_memory_buffer<char,250,std::allocator<char>>' being compiled
          E:\C++\FlutterReflect\build\_deps\spdlog-src\include\spdlog\fmt\bundled\format.h(912,18):
          while compiling class template member function 'void fmt::v9::basic_memory_buffer<char,250,std::allocator<char>>::grow(size_t)'
          E:\C++\FlutterReflect\build\_deps\spdlog-src\include\spdlog\fmt\bundled\format.h(925,8):
          see reference to function template instantiation '_NoThrowFwdIt std::uninitialized_copy<T*,stdext::checked_array_iterator<T *>>(const _InIt,const _InIt,_NoThrowFwdIt)' being compiled
          with
          [
              _NoThrowFwdIt=stdext::checked_array_iterator<char *>,
              T=char,
              _InIt=char *
          ]
          C:\Program Files\Microsoft Visual Studio\2022\Community\VC\Tools\MSVC\14.38.33130\include\xmemory(1919,25):
          see reference to function template instantiation 'decltype(auto) std::_Get_unwrapped_n<_NoThrowFwdIt&,__int64>(_Iter,const _Diff)' being compiled
          with
          [
              _NoThrowFwdIt=stdext::checked_array_iterator<char *>,
              _Iter=stdext::checked_array_iterator<char *> &,
              _Diff=__int64
          ]
          C:\Program Files\Microsoft Visual Studio\2022\Community\VC\Tools\MSVC\14.38.33130\include\xutility(1244,26):
          see reference to variable template 'const bool _Unwrappable_for_offset_v<stdext::checked_array_iterator<char *> &>' being compiled
          C:\Program Files\Microsoft Visual Studio\2022\Community\VC\Tools\MSVC\14.38.33130\include\xutility(1238,5):
          see reference to variable template 'const bool _Unwrappable_v<stdext::checked_array_iterator<char *> &,void>' being compiled
          C:\Program Files\Microsoft Visual Studio\2022\Community\VC\Tools\MSVC\14.38.33130\include\xutility(1165,5):
          see reference to variable template 'const bool _Allow_inheriting_unwrap_v<stdext::checked_array_iterator<char *>,void>' being compiled
  
C:\Program Files\Microsoft Visual Studio\2022\Community\VC\Tools\MSVC\14.38.33130\include\xutility(1141,22): warning C4996: 'stdext::checked_array_iterator<T *>::_Prevent_inheriting_unwrap': warning STL4043: stdext::checked_array_iterator, stdext::unchecked_array_iterator, and related factory functions are non-Standard extensions and will be removed in the future. std::span (since C++20) and gsl::span can be used instead. You can define _SILENCE_STDEXT_ARR_ITERS_DEPRECATION_WARNING or _SILENCE_ALL_MS_EXT_DEPRECATION_WARNINGS to suppress this warning. [E:\C++\FlutterReflect\build\_deps\spdlog-build\spdlog.vcxproj]
C:\Program Files\Microsoft Visual Studio\2022\Community\VC\Tools\MSVC\14.38.33130\include\xutility(1141,22): warning C4996:         with [E:\C++\FlutterReflect\build\_deps\spdlog-build\spdlog.vcxproj]
C:\Program Files\Microsoft Visual Studio\2022\Community\VC\Tools\MSVC\14.38.33130\include\xutility(1141,22): warning C4996:         [ [E:\C++\FlutterReflect\build\_deps\spdlog-build\spdlog.vcxproj]
C:\Program Files\Microsoft Visual Studio\2022\Community\VC\Tools\MSVC\14.38.33130\include\xutility(1141,22): warning C4996:             T=char [E:\C++\FlutterReflect\build\_deps\spdlog-build\spdlog.vcxproj]
C:\Program Files\Microsoft Visual Studio\2022\Community\VC\Tools\MSVC\14.38.33130\include\xutility(1141,22): warning C4996:         ] [E:\C++\FlutterReflect\build\_deps\spdlog-build\spdlog.vcxproj]
  (compiling source file '../spdlog-src/src/file_sinks.cpp')
  
C:\Program Files\Microsoft Visual Studio\2022\Community\VC\Tools\MSVC\14.38.33130\include\__msvc_iter_core.hpp(488,40): warning C4996: 'stdext::checked_array_iterator<T *>': warning STL4043: stdext::checked_array_iterator, stdext::unchecked_array_iterator, and related factory functions are non-Standard extensions and will be removed in the future. std::span (since C++20) and gsl::span can be used instead. You can define _SILENCE_STDEXT_ARR_ITERS_DEPRECATION_WARNING or _SILENCE_ALL_MS_EXT_DEPRECATION_WARNINGS to suppress this warning. [E:\C++\FlutterReflect\build\_deps\spdlog-build\spdlog.vcxproj]
C:\Program Files\Microsoft Visual Studio\2022\Community\VC\Tools\MSVC\14.38.33130\include\__msvc_iter_core.hpp(488,40): warning C4996:         with [E:\C++\FlutterReflect\build\_deps\spdlog-build\spdlog.vcxproj]
C:\Program Files\Microsoft Visual Studio\2022\Community\VC\Tools\MSVC\14.38.33130\include\__msvc_iter_core.hpp(488,40): warning C4996:         [ [E:\C++\FlutterReflect\build\_deps\spdlog-build\spdlog.vcxproj]
C:\Program Files\Microsoft Visual Studio\2022\Community\VC\Tools\MSVC\14.38.33130\include\__msvc_iter_core.hpp(488,40): warning C4996:             T=char [E:\C++\FlutterReflect\build\_deps\spdlog-build\spdlog.vcxproj]
C:\Program Files\Microsoft Visual Studio\2022\Community\VC\Tools\MSVC\14.38.33130\include\__msvc_iter_core.hpp(488,40): warning C4996:         ] [E:\C++\FlutterReflect\build\_deps\spdlog-build\spdlog.vcxproj]
  (compiling source file '../spdlog-src/src/file_sinks.cpp')
      C:\Program Files\Microsoft Visual Studio\2022\Community\VC\Tools\MSVC\14.38.33130\include\iterator(1470,58):
      see declaration of 'stdext::checked_array_iterator'
      C:\Program Files\Microsoft Visual Studio\2022\Community\VC\Tools\MSVC\14.38.33130\include\__msvc_iter_core.hpp(488,40):
      the template instantiation context (the oldest one first) is
          C:\Program Files\Microsoft Visual Studio\2022\Community\VC\Tools\MSVC\14.38.33130\include\xutility(1233,93):
          see reference to alias template instantiation 'std::_Iter_diff_t<_Iter>' being compiled
          with
          [
              _Iter=stdext::checked_array_iterator<char *>
          ]
          C:\Program Files\Microsoft Visual Studio\2022\Community\VC\Tools\MSVC\14.38.33130\include\xutility(1238,5):
          see reference to class template instantiation 'std::iterator_traits<_Iter>' being compiled
          with
          [
              _Iter=stdext::checked_array_iterator<char *>
          ]
          C:\Program Files\Microsoft Visual Studio\2022\Community\VC\Tools\MSVC\14.38.33130\include\__msvc_iter_core.hpp(508,26):
          see reference to class template instantiation 'std::_Iterator_traits_base<_Iter,void>' being compiled
          with
          [
              _Iter=stdext::checked_array_iterator<char *>
          ]
  
C:\Program Files\Microsoft Visual Studio\2022\Community\VC\Tools\MSVC\14.38.33130\include\__msvc_iter_core.hpp(488,31): warning C4996: 'stdext::checked_array_iterator<T *>::iterator_category': warning STL4043: stdext::checked_array_iterator, stdext::unchecked_array_iterator, and related factory functions are non-Standard extensions and will be removed in the future. std::span (since C++20) and gsl::span can be used instead. You can define _SILENCE_STDEXT_ARR_ITERS_DEPRECATION_WARNING or _SILENCE_ALL_MS_EXT_DEPRECATION_WARNINGS to suppress this warning. [E:\C++\FlutterReflect\build\_deps\spdlog-build\spdlog.vcxproj]
C:\Program Files\Microsoft Visual Studio\2022\Community\VC\Tools\MSVC\14.38.33130\include\__msvc_iter_core.hpp(488,31): warning C4996:         with [E:\C++\FlutterReflect\build\_deps\spdlog-build\spdlog.vcxproj]
C:\Program Files\Microsoft Visual Studio\2022\Community\VC\Tools\MSVC\14.38.33130\include\__msvc_iter_core.hpp(488,31): warning C4996:         [ [E:\C++\FlutterReflect\build\_deps\spdlog-build\spdlog.vcxproj]
C:\Program Files\Microsoft Visual Studio\2022\Community\VC\Tools\MSVC\14.38.33130\include\__msvc_iter_core.hpp(488,31): warning C4996:             T=char [E:\C++\FlutterReflect\build\_deps\spdlog-build\spdlog.vcxproj]
C:\Program Files\Microsoft Visual Studio\2022\Community\VC\Tools\MSVC\14.38.33130\include\__msvc_iter_core.hpp(488,31): warning C4996:         ] [E:\C++\FlutterReflect\build\_deps\spdlog-build\spdlog.vcxproj]
  (compiling source file '../spdlog-src/src/file_sinks.cpp')
  
C:\Program Files\Microsoft Visual Studio\2022\Community\VC\Tools\MSVC\14.38.33130\include\__msvc_iter_core.hpp(489,40): warning C4996: 'stdext::checked_array_iterator<T *>': warning STL4043: stdext::checked_array_iterator, stdext::unchecked_array_iterator, and related factory functions are non-Standard extensions and will be removed in the future. std::span (since C++20) and gsl::span can be used instead. You can define _SILENCE_STDEXT_ARR_ITERS_DEPRECATION_WARNING or _SILENCE_ALL_MS_EXT_DEPRECATION_WARNINGS to suppress this warning. [E:\C++\FlutterReflect\build\_deps\spdlog-build\spdlog.vcxproj]
C:\Program Files\Microsoft Visual Studio\2022\Community\VC\Tools\MSVC\14.38.33130\include\__msvc_iter_core.hpp(489,40): warning C4996:         with [E:\C++\FlutterReflect\build\_deps\spdlog-build\spdlog.vcxproj]
C:\Program Files\Microsoft Visual Studio\2022\Community\VC\Tools\MSVC\14.38.33130\include\__msvc_iter_core.hpp(489,40): warning C4996:         [ [E:\C++\FlutterReflect\build\_deps\spdlog-build\spdlog.vcxproj]
C:\Program Files\Microsoft Visual Studio\2022\Community\VC\Tools\MSVC\14.38.33130\include\__msvc_iter_core.hpp(489,40): warning C4996:             T=char [E:\C++\FlutterReflect\build\_deps\spdlog-build\spdlog.vcxproj]
C:\Program Files\Microsoft Visual Studio\2022\Community\VC\Tools\MSVC\14.38.33130\include\__msvc_iter_core.hpp(489,40): warning C4996:         ] [E:\C++\FlutterReflect\build\_deps\spdlog-build\spdlog.vcxproj]
  (compiling source file '../spdlog-src/src/file_sinks.cpp')
      C:\Program Files\Microsoft Visual Studio\2022\Community\VC\Tools\MSVC\14.38.33130\include\iterator(1470,58):
      see declaration of 'stdext::checked_array_iterator'
  
C:\Program Files\Microsoft Visual Studio\2022\Community\VC\Tools\MSVC\14.38.33130\include\__msvc_iter_core.hpp(489,31): warning C4996: 'stdext::checked_array_iterator<T *>::value_type': warning STL4043: stdext::checked_array_iterator, stdext::unchecked_array_iterator, and related factory functions are non-Standard extensions and will be removed in the future. std::span (since C++20) and gsl::span can be used instead. You can define _SILENCE_STDEXT_ARR_ITERS_DEPRECATION_WARNING or _SILENCE_ALL_MS_EXT_DEPRECATION_WARNINGS to suppress this warning. [E:\C++\FlutterReflect\build\_deps\spdlog-build\spdlog.vcxproj]
C:\Program Files\Microsoft Visual Studio\2022\Community\VC\Tools\MSVC\14.38.33130\include\__msvc_iter_core.hpp(489,31): warning C4996:         with [E:\C++\FlutterReflect\build\_deps\spdlog-build\spdlog.vcxproj]
C:\Program Files\Microsoft Visual Studio\2022\Community\VC\Tools\MSVC\14.38.33130\include\__msvc_iter_core.hpp(489,31): warning C4996:         [ [E:\C++\FlutterReflect\build\_deps\spdlog-build\spdlog.vcxproj]
C:\Program Files\Microsoft Visual Studio\2022\Community\VC\Tools\MSVC\14.38.33130\include\__msvc_iter_core.hpp(489,31): warning C4996:             T=char [E:\C++\FlutterReflect\build\_deps\spdlog-build\spdlog.vcxproj]
C:\Program Files\Microsoft Visual Studio\2022\Community\VC\Tools\MSVC\14.38.33130\include\__msvc_iter_core.hpp(489,31): warning C4996:         ] [E:\C++\FlutterReflect\build\_deps\spdlog-build\spdlog.vcxproj]
  (compiling source file '../spdlog-src/src/file_sinks.cpp')
  
C:\Program Files\Microsoft Visual Studio\2022\Community\VC\Tools\MSVC\14.38.33130\include\__msvc_iter_core.hpp(490,40): warning C4996: 'stdext::checked_array_iterator<T *>': warning STL4043: stdext::checked_array_iterator, stdext::unchecked_array_iterator, and related factory functions are non-Standard extensions and will be removed in the future. std::span (since C++20) and gsl::span can be used instead. You can define _SILENCE_STDEXT_ARR_ITERS_DEPRECATION_WARNING or _SILENCE_ALL_MS_EXT_DEPRECATION_WARNINGS to suppress this warning. [E:\C++\FlutterReflect\build\_deps\spdlog-build\spdlog.vcxproj]
C:\Program Files\Microsoft Visual Studio\2022\Community\VC\Tools\MSVC\14.38.33130\include\__msvc_iter_core.hpp(490,40): warning C4996:         with [E:\C++\FlutterReflect\build\_deps\spdlog-build\spdlog.vcxproj]
C:\Program Files\Microsoft Visual Studio\2022\Community\VC\Tools\MSVC\14.38.33130\include\__msvc_iter_core.hpp(490,40): warning C4996:         [ [E:\C++\FlutterReflect\build\_deps\spdlog-build\spdlog.vcxproj]
C:\Program Files\Microsoft Visual Studio\2022\Community\VC\Tools\MSVC\14.38.33130\include\__msvc_iter_core.hpp(490,40): warning C4996:             T=char [E:\C++\FlutterReflect\build\_deps\spdlog-build\spdlog.vcxproj]
C:\Program Files\Microsoft Visual Studio\2022\Community\VC\Tools\MSVC\14.38.33130\include\__msvc_iter_core.hpp(490,40): warning C4996:         ] [E:\C++\FlutterReflect\build\_deps\spdlog-build\spdlog.vcxproj]
  (compiling source file '../spdlog-src/src/file_sinks.cpp')
      C:\Program Files\Microsoft Visual Studio\2022\Community\VC\Tools\MSVC\14.38.33130\include\iterator(1470,58):
      see declaration of 'stdext::checked_array_iterator'
  
C:\Program Files\Microsoft Visual Studio\2022\Community\VC\Tools\MSVC\14.38.33130\include\__msvc_iter_core.hpp(490,31): warning C4996: 'stdext::checked_array_iterator<T *>::difference_type': warning STL4043: stdext::checked_array_iterator, stdext::unchecked_array_iterator, and related factory functions are non-Standard extensions and will be removed in the future. std::span (since C++20) and gsl::span can be used instead. You can define _SILENCE_STDEXT_ARR_ITERS_DEPRECATION_WARNING or _SILENCE_ALL_MS_EXT_DEPRECATION_WARNINGS to suppress this warning. [E:\C++\FlutterReflect\build\_deps\spdlog-build\spdlog.vcxproj]
C:\Program Files\Microsoft Visual Studio\2022\Community\VC\Tools\MSVC\14.38.33130\include\__msvc_iter_core.hpp(490,31): warning C4996:         with [E:\C++\FlutterReflect\build\_deps\spdlog-build\spdlog.vcxproj]
C:\Program Files\Microsoft Visual Studio\2022\Community\VC\Tools\MSVC\14.38.33130\include\__msvc_iter_core.hpp(490,31): warning C4996:         [ [E:\C++\FlutterReflect\build\_deps\spdlog-build\spdlog.vcxproj]
C:\Program Files\Microsoft Visual Studio\2022\Community\VC\Tools\MSVC\14.38.33130\include\__msvc_iter_core.hpp(490,31): warning C4996:             T=char [E:\C++\FlutterReflect\build\_deps\spdlog-build\spdlog.vcxproj]
C:\Program Files\Microsoft Visual Studio\2022\Community\VC\Tools\MSVC\14.38.33130\include\__msvc_iter_core.hpp(490,31): warning C4996:         ] [E:\C++\FlutterReflect\build\_deps\spdlog-build\spdlog.vcxproj]
  (compiling source file '../spdlog-src/src/file_sinks.cpp')
  
C:\Program Files\Microsoft Visual Studio\2022\Community\VC\Tools\MSVC\14.38.33130\include\__msvc_iter_core.hpp(491,40): warning C4996: 'stdext::checked_array_iterator<T *>': warning STL4043: stdext::checked_array_iterator, stdext::unchecked_array_iterator, and related factory functions are non-Standard extensions and will be removed in the future. std::span (since C++20) and gsl::span can be used instead. You can define _SILENCE_STDEXT_ARR_ITERS_DEPRECATION_WARNING or _SILENCE_ALL_MS_EXT_DEPRECATION_WARNINGS to suppress this warning. [E:\C++\FlutterReflect\build\_deps\spdlog-build\spdlog.vcxproj]
C:\Program Files\Microsoft Visual Studio\2022\Community\VC\Tools\MSVC\14.38.33130\include\__msvc_iter_core.hpp(491,40): warning C4996:         with [E:\C++\FlutterReflect\build\_deps\spdlog-build\spdlog.vcxproj]
C:\Program Files\Microsoft Visual Studio\2022\Community\VC\Tools\MSVC\14.38.33130\include\__msvc_iter_core.hpp(491,40): warning C4996:         [ [E:\C++\FlutterReflect\build\_deps\spdlog-build\spdlog.vcxproj]
C:\Program Files\Microsoft Visual Studio\2022\Community\VC\Tools\MSVC\14.38.33130\include\__msvc_iter_core.hpp(491,40): warning C4996:             T=char [E:\C++\FlutterReflect\build\_deps\spdlog-build\spdlog.vcxproj]
C:\Program Files\Microsoft Visual Studio\2022\Community\VC\Tools\MSVC\14.38.33130\include\__msvc_iter_core.hpp(491,40): warning C4996:         ] [E:\C++\FlutterReflect\build\_deps\spdlog-build\spdlog.vcxproj]
  (compiling source file '../spdlog-src/src/file_sinks.cpp')
      C:\Program Files\Microsoft Visual Studio\2022\Community\VC\Tools\MSVC\14.38.33130\include\iterator(1470,58):
      see declaration of 'stdext::checked_array_iterator'
  
C:\Program Files\Microsoft Visual Studio\2022\Community\VC\Tools\MSVC\14.38.33130\include\__msvc_iter_core.hpp(491,31): warning C4996: 'stdext::checked_array_iterator<T *>::pointer': warning STL4043: stdext::checked_array_iterator, stdext::unchecked_array_iterator, and related factory functions are non-Standard extensions and will be removed in the future. std::span (since C++20) and gsl::span can be used instead. You can define _SILENCE_STDEXT_ARR_ITERS_DEPRECATION_WARNING or _SILENCE_ALL_MS_EXT_DEPRECATION_WARNINGS to suppress this warning. [E:\C++\FlutterReflect\build\_deps\spdlog-build\spdlog.vcxproj]
C:\Program Files\Microsoft Visual Studio\2022\Community\VC\Tools\MSVC\14.38.33130\include\__msvc_iter_core.hpp(491,31): warning C4996:         with [E:\C++\FlutterReflect\build\_deps\spdlog-build\spdlog.vcxproj]
C:\Program Files\Microsoft Visual Studio\2022\Community\VC\Tools\MSVC\14.38.33130\include\__msvc_iter_core.hpp(491,31): warning C4996:         [ [E:\C++\FlutterReflect\build\_deps\spdlog-build\spdlog.vcxproj]
C:\Program Files\Microsoft Visual Studio\2022\Community\VC\Tools\MSVC\14.38.33130\include\__msvc_iter_core.hpp(491,31): warning C4996:             T=char [E:\C++\FlutterReflect\build\_deps\spdlog-build\spdlog.vcxproj]
C:\Program Files\Microsoft Visual Studio\2022\Community\VC\Tools\MSVC\14.38.33130\include\__msvc_iter_core.hpp(491,31): warning C4996:         ] [E:\C++\FlutterReflect\build\_deps\spdlog-build\spdlog.vcxproj]
  (compiling source file '../spdlog-src/src/file_sinks.cpp')
  
C:\Program Files\Microsoft Visual Studio\2022\Community\VC\Tools\MSVC\14.38.33130\include\__msvc_iter_core.hpp(492,40): warning C4996: 'stdext::checked_array_iterator<T *>': warning STL4043: stdext::checked_array_iterator, stdext::unchecked_array_iterator, and related factory functions are non-Standard extensions and will be removed in the future. std::span (since C++20) and gsl::span can be used instead. You can define _SILENCE_STDEXT_ARR_ITERS_DEPRECATION_WARNING or _SILENCE_ALL_MS_EXT_DEPRECATION_WARNINGS to suppress this warning. [E:\C++\FlutterReflect\build\_deps\spdlog-build\spdlog.vcxproj]
C:\Program Files\Microsoft Visual Studio\2022\Community\VC\Tools\MSVC\14.38.33130\include\__msvc_iter_core.hpp(492,40): warning C4996:         with [E:\C++\FlutterReflect\build\_deps\spdlog-build\spdlog.vcxproj]
C:\Program Files\Microsoft Visual Studio\2022\Community\VC\Tools\MSVC\14.38.33130\include\__msvc_iter_core.hpp(492,40): warning C4996:         [ [E:\C++\FlutterReflect\build\_deps\spdlog-build\spdlog.vcxproj]
C:\Program Files\Microsoft Visual Studio\2022\Community\VC\Tools\MSVC\14.38.33130\include\__msvc_iter_core.hpp(492,40): warning C4996:             T=char [E:\C++\FlutterReflect\build\_deps\spdlog-build\spdlog.vcxproj]
C:\Program Files\Microsoft Visual Studio\2022\Community\VC\Tools\MSVC\14.38.33130\include\__msvc_iter_core.hpp(492,40): warning C4996:         ] [E:\C++\FlutterReflect\build\_deps\spdlog-build\spdlog.vcxproj]
  (compiling source file '../spdlog-src/src/file_sinks.cpp')
      C:\Program Files\Microsoft Visual Studio\2022\Community\VC\Tools\MSVC\14.38.33130\include\iterator(1470,58):
      see declaration of 'stdext::checked_array_iterator'
  
C:\Program Files\Microsoft Visual Studio\2022\Community\VC\Tools\MSVC\14.38.33130\include\__msvc_iter_core.hpp(492,31): warning C4996: 'stdext::checked_array_iterator<T *>::reference': warning STL4043: stdext::checked_array_iterator, stdext::unchecked_array_iterator, and related factory functions are non-Standard extensions and will be removed in the future. std::span (since C++20) and gsl::span can be used instead. You can define _SILENCE_STDEXT_ARR_ITERS_DEPRECATION_WARNING or _SILENCE_ALL_MS_EXT_DEPRECATION_WARNINGS to suppress this warning. [E:\C++\FlutterReflect\build\_deps\spdlog-build\spdlog.vcxproj]
C:\Program Files\Microsoft Visual Studio\2022\Community\VC\Tools\MSVC\14.38.33130\include\__msvc_iter_core.hpp(492,31): warning C4996:         with [E:\C++\FlutterReflect\build\_deps\spdlog-build\spdlog.vcxproj]
C:\Program Files\Microsoft Visual Studio\2022\Community\VC\Tools\MSVC\14.38.33130\include\__msvc_iter_core.hpp(492,31): warning C4996:         [ [E:\C++\FlutterReflect\build\_deps\spdlog-build\spdlog.vcxproj]
C:\Program Files\Microsoft Visual Studio\2022\Community\VC\Tools\MSVC\14.38.33130\include\__msvc_iter_core.hpp(492,31): warning C4996:             T=char [E:\C++\FlutterReflect\build\_deps\spdlog-build\spdlog.vcxproj]
C:\Program Files\Microsoft Visual Studio\2022\Community\VC\Tools\MSVC\14.38.33130\include\__msvc_iter_core.hpp(492,31): warning C4996:         ] [E:\C++\FlutterReflect\build\_deps\spdlog-build\spdlog.vcxproj]
  (compiling source file '../spdlog-src/src/file_sinks.cpp')
  
C:\Program Files\Microsoft Visual Studio\2022\Community\VC\Tools\MSVC\14.38.33130\include\xutility(1255,12): warning C4996: 'stdext::checked_array_iterator<T *>::_Verify_offset': warning STL4043: stdext::checked_array_iterator, stdext::unchecked_array_iterator, and related factory functions are non-Standard extensions and will be removed in the future. std::span (since C++20) and gsl::span can be used instead. You can define _SILENCE_STDEXT_ARR_ITERS_DEPRECATION_WARNING or _SILENCE_ALL_MS_EXT_DEPRECATION_WARNINGS to suppress this warning. [E:\C++\FlutterReflect\build\_deps\spdlog-build\spdlog.vcxproj]
C:\Program Files\Microsoft Visual Studio\2022\Community\VC\Tools\MSVC\14.38.33130\include\xutility(1255,12): warning C4996:         with [E:\C++\FlutterReflect\build\_deps\spdlog-build\spdlog.vcxproj]
C:\Program Files\Microsoft Visual Studio\2022\Community\VC\Tools\MSVC\14.38.33130\include\xutility(1255,12): warning C4996:         [ [E:\C++\FlutterReflect\build\_deps\spdlog-build\spdlog.vcxproj]
C:\Program Files\Microsoft Visual Studio\2022\Community\VC\Tools\MSVC\14.38.33130\include\xutility(1255,12): warning C4996:             T=char [E:\C++\FlutterReflect\build\_deps\spdlog-build\spdlog.vcxproj]
C:\Program Files\Microsoft Visual Studio\2022\Community\VC\Tools\MSVC\14.38.33130\include\xutility(1255,12): warning C4996:         ] [E:\C++\FlutterReflect\build\_deps\spdlog-build\spdlog.vcxproj]
  (compiling source file '../spdlog-src/src/file_sinks.cpp')
  
C:\Program Files\Microsoft Visual Studio\2022\Community\VC\Tools\MSVC\14.38.33130\include\xutility(1256,41): warning C4996: 'stdext::checked_array_iterator<T *>::_Unwrapped': warning STL4043: stdext::checked_array_iterator, stdext::unchecked_array_iterator, and related factory functions are non-Standard extensions and will be removed in the future. std::span (since C++20) and gsl::span can be used instead. You can define _SILENCE_STDEXT_ARR_ITERS_DEPRECATION_WARNING or _SILENCE_ALL_MS_EXT_DEPRECATION_WARNINGS to suppress this warning. [E:\C++\FlutterReflect\build\_deps\spdlog-build\spdlog.vcxproj]
C:\Program Files\Microsoft Visual Studio\2022\Community\VC\Tools\MSVC\14.38.33130\include\xutility(1256,41): warning C4996:         with [E:\C++\FlutterReflect\build\_deps\spdlog-build\spdlog.vcxproj]
C:\Program Files\Microsoft Visual Studio\2022\Community\VC\Tools\MSVC\14.38.33130\include\xutility(1256,41): warning C4996:         [ [E:\C++\FlutterReflect\build\_deps\spdlog-build\spdlog.vcxproj]
C:\Program Files\Microsoft Visual Studio\2022\Community\VC\Tools\MSVC\14.38.33130\include\xutility(1256,41): warning C4996:             T=char [E:\C++\FlutterReflect\build\_deps\spdlog-build\spdlog.vcxproj]
C:\Program Files\Microsoft Visual Studio\2022\Community\VC\Tools\MSVC\14.38.33130\include\xutility(1256,41): warning C4996:         ] [E:\C++\FlutterReflect\build\_deps\spdlog-build\spdlog.vcxproj]
  (compiling source file '../spdlog-src/src/file_sinks.cpp')
  
C:\Program Files\Microsoft Visual Studio\2022\Community\VC\Tools\MSVC\14.38.33130\include\xutility(1141,31): warning C4996: 'stdext::checked_array_iterator<T *>': warning STL4043: stdext::checked_array_iterator, stdext::unchecked_array_iterator, and related factory functions are non-Standard extensions and will be removed in the future. std::span (since C++20) and gsl::span can be used instead. You can define _SILENCE_STDEXT_ARR_ITERS_DEPRECATION_WARNING or _SILENCE_ALL_MS_EXT_DEPRECATION_WARNINGS to suppress this warning. [E:\C++\FlutterReflect\build\_deps\spdlog-build\spdlog.vcxproj]
C:\Program Files\Microsoft Visual Studio\2022\Community\VC\Tools\MSVC\14.38.33130\include\xutility(1141,31): warning C4996:         with [E:\C++\FlutterReflect\build\_deps\spdlog-build\spdlog.vcxproj]
C:\Program Files\Microsoft Visual Studio\2022\Community\VC\Tools\MSVC\14.38.33130\include\xutility(1141,31): warning C4996:         [ [E:\C++\FlutterReflect\build\_deps\spdlog-build\spdlog.vcxproj]
C:\Program Files\Microsoft Visual Studio\2022\Community\VC\Tools\MSVC\14.38.33130\include\xutility(1141,31): warning C4996:             T=fmt::v9::detail::bigint::bigit [E:\C++\FlutterReflect\build\_deps\spdlog-build\spdlog.vcxproj]
C:\Program Files\Microsoft Visual Studio\2022\Community\VC\Tools\MSVC\14.38.33130\include\xutility(1141,31): warning C4996:         ] [E:\C++\FlutterReflect\build\_deps\spdlog-build\spdlog.vcxproj]
  (compiling source file '../spdlog-src/src/cfg.cpp')
      C:\Program Files\Microsoft Visual Studio\2022\Community\VC\Tools\MSVC\14.38.33130\include\iterator(1470,58):
      see declaration of 'stdext::checked_array_iterator'
      C:\Program Files\Microsoft Visual Studio\2022\Community\VC\Tools\MSVC\14.38.33130\include\xutility(1141,31):
      the template instantiation context (the oldest one first) is
          E:\C++\FlutterReflect\build\_deps\spdlog-src\include\spdlog\fmt\bundled\format.h(2807,10):
          see reference to function template instantiation '_OutIt std::copy<const T*,stdext::checked_array_iterator<T *>>(_InIt,_InIt,_OutIt)' being compiled
          with
          [
              _OutIt=stdext::checked_array_iterator<fmt::v9::detail::bigint::bigit *>,
              T=fmt::v9::detail::bigint::bigit,
              _InIt=const fmt::v9::detail::bigint::bigit *
          ]
          C:\Program Files\Microsoft Visual Studio\2022\Community\VC\Tools\MSVC\14.38.33130\include\xutility(4610,26):
          see reference to function template instantiation 'decltype(auto) std::_Get_unwrapped_n<_OutIt&,__int64>(_Iter,const _Diff)' being compiled
          with
          [
              _OutIt=stdext::checked_array_iterator<fmt::v9::detail::bigint::bigit *>,
              _Iter=stdext::checked_array_iterator<fmt::v9::detail::bigint::bigit *> &,
              _Diff=__int64
          ]
          C:\Program Files\Microsoft Visual Studio\2022\Community\VC\Tools\MSVC\14.38.33130\include\xutility(1244,26):
          see reference to variable template 'const bool _Unwrappable_for_offset_v<stdext::checked_array_iterator<unsigned int *> &>' being compiled
          C:\Program Files\Microsoft Visual Studio\2022\Community\VC\Tools\MSVC\14.38.33130\include\xutility(1238,5):
          see reference to variable template 'const bool _Unwrappable_v<stdext::checked_array_iterator<unsigned int *> &,void>' being compiled
          C:\Program Files\Microsoft Visual Studio\2022\Community\VC\Tools\MSVC\14.38.33130\include\xutility(1165,5):
          see reference to variable template 'const bool _Allow_inheriting_unwrap_v<stdext::checked_array_iterator<unsigned int *>,void>' being compiled
  
C:\Program Files\Microsoft Visual Studio\2022\Community\VC\Tools\MSVC\14.38.33130\include\xutility(1141,22): warning C4996: 'stdext::checked_array_iterator<T *>::_Prevent_inheriting_unwrap': warning STL4043: stdext::checked_array_iterator, stdext::unchecked_array_iterator, and related factory functions are non-Standard extensions and will be removed in the future. std::span (since C++20) and gsl::span can be used instead. You can define _SILENCE_STDEXT_ARR_ITERS_DEPRECATION_WARNING or _SILENCE_ALL_MS_EXT_DEPRECATION_WARNINGS to suppress this warning. [E:\C++\FlutterReflect\build\_deps\spdlog-build\spdlog.vcxproj]
C:\Program Files\Microsoft Visual Studio\2022\Community\VC\Tools\MSVC\14.38.33130\include\xutility(1141,22): warning C4996:         with [E:\C++\FlutterReflect\build\_deps\spdlog-build\spdlog.vcxproj]
C:\Program Files\Microsoft Visual Studio\2022\Community\VC\Tools\MSVC\14.38.33130\include\xutility(1141,22): warning C4996:         [ [E:\C++\FlutterReflect\build\_deps\spdlog-build\spdlog.vcxproj]
C:\Program Files\Microsoft Visual Studio\2022\Community\VC\Tools\MSVC\14.38.33130\include\xutility(1141,22): warning C4996:             T=fmt::v9::detail::bigint::bigit [E:\C++\FlutterReflect\build\_deps\spdlog-build\spdlog.vcxproj]
C:\Program Files\Microsoft Visual Studio\2022\Community\VC\Tools\MSVC\14.38.33130\include\xutility(1141,22): warning C4996:         ] [E:\C++\FlutterReflect\build\_deps\spdlog-build\spdlog.vcxproj]
  (compiling source file '../spdlog-src/src/cfg.cpp')
  
C:\Program Files\Microsoft Visual Studio\2022\Community\VC\Tools\MSVC\14.38.33130\include\__msvc_iter_core.hpp(488,40): warning C4996: 'stdext::checked_array_iterator<T *>': warning STL4043: stdext::checked_array_iterator, stdext::unchecked_array_iterator, and related factory functions are non-Standard extensions and will be removed in the future. std::span (since C++20) and gsl::span can be used instead. You can define _SILENCE_STDEXT_ARR_ITERS_DEPRECATION_WARNING or _SILENCE_ALL_MS_EXT_DEPRECATION_WARNINGS to suppress this warning. [E:\C++\FlutterReflect\build\_deps\spdlog-build\spdlog.vcxproj]
C:\Program Files\Microsoft Visual Studio\2022\Community\VC\Tools\MSVC\14.38.33130\include\__msvc_iter_core.hpp(488,40): warning C4996:         with [E:\C++\FlutterReflect\build\_deps\spdlog-build\spdlog.vcxproj]
C:\Program Files\Microsoft Visual Studio\2022\Community\VC\Tools\MSVC\14.38.33130\include\__msvc_iter_core.hpp(488,40): warning C4996:         [ [E:\C++\FlutterReflect\build\_deps\spdlog-build\spdlog.vcxproj]
C:\Program Files\Microsoft Visual Studio\2022\Community\VC\Tools\MSVC\14.38.33130\include\__msvc_iter_core.hpp(488,40): warning C4996:             T=fmt::v9::detail::bigint::bigit [E:\C++\FlutterReflect\build\_deps\spdlog-build\spdlog.vcxproj]
C:\Program Files\Microsoft Visual Studio\2022\Community\VC\Tools\MSVC\14.38.33130\include\__msvc_iter_core.hpp(488,40): warning C4996:         ] [E:\C++\FlutterReflect\build\_deps\spdlog-build\spdlog.vcxproj]
  (compiling source file '../spdlog-src/src/cfg.cpp')
      C:\Program Files\Microsoft Visual Studio\2022\Community\VC\Tools\MSVC\14.38.33130\include\iterator(1470,58):
      see declaration of 'stdext::checked_array_iterator'
      C:\Program Files\Microsoft Visual Studio\2022\Community\VC\Tools\MSVC\14.38.33130\include\__msvc_iter_core.hpp(488,40):
      the template instantiation context (the oldest one first) is
          C:\Program Files\Microsoft Visual Studio\2022\Community\VC\Tools\MSVC\14.38.33130\include\xutility(1233,93):
          see reference to alias template instantiation 'std::_Iter_diff_t<_Iter>' being compiled
          with
          [
              _Iter=stdext::checked_array_iterator<fmt::v9::detail::bigint::bigit *>
          ]
          C:\Program Files\Microsoft Visual Studio\2022\Community\VC\Tools\MSVC\14.38.33130\include\xutility(1238,5):
          see reference to class template instantiation 'std::iterator_traits<_Iter>' being compiled
          with
          [
              _Iter=stdext::checked_array_iterator<fmt::v9::detail::bigint::bigit *>
          ]
          C:\Program Files\Microsoft Visual Studio\2022\Community\VC\Tools\MSVC\14.38.33130\include\__msvc_iter_core.hpp(508,26):
          see reference to class template instantiation 'std::_Iterator_traits_base<_Iter,void>' being compiled
          with
          [
              _Iter=stdext::checked_array_iterator<fmt::v9::detail::bigint::bigit *>
          ]
  
C:\Program Files\Microsoft Visual Studio\2022\Community\VC\Tools\MSVC\14.38.33130\include\xutility(1141,31): warning C4996: 'stdext::checked_array_iterator<T *>': warning STL4043: stdext::checked_array_iterator, stdext::unchecked_array_iterator, and related factory functions are non-Standard extensions and will be removed in the future. std::span (since C++20) and gsl::span can be used instead. You can define _SILENCE_STDEXT_ARR_ITERS_DEPRECATION_WARNING or _SILENCE_ALL_MS_EXT_DEPRECATION_WARNINGS to suppress this warning. [E:\C++\FlutterReflect\build\_deps\spdlog-build\spdlog.vcxproj]
C:\Program Files\Microsoft Visual Studio\2022\Community\VC\Tools\MSVC\14.38.33130\include\xutility(1141,31): warning C4996:         with [E:\C++\FlutterReflect\build\_deps\spdlog-build\spdlog.vcxproj]
C:\Program Files\Microsoft Visual Studio\2022\Community\VC\Tools\MSVC\14.38.33130\include\xutility(1141,31): warning C4996:         [ [E:\C++\FlutterReflect\build\_deps\spdlog-build\spdlog.vcxproj]
C:\Program Files\Microsoft Visual Studio\2022\Community\VC\Tools\MSVC\14.38.33130\include\xutility(1141,31): warning C4996:             T=wchar_t [E:\C++\FlutterReflect\build\_deps\spdlog-build\spdlog.vcxproj]
C:\Program Files\Microsoft Visual Studio\2022\Community\VC\Tools\MSVC\14.38.33130\include\xutility(1141,31): warning C4996:         ] [E:\C++\FlutterReflect\build\_deps\spdlog-build\spdlog.vcxproj]
  (compiling source file '../spdlog-src/src/async.cpp')
      C:\Program Files\Microsoft Visual Studio\2022\Community\VC\Tools\MSVC\14.38.33130\include\iterator(1470,58):
      see declaration of 'stdext::checked_array_iterator'
      C:\Program Files\Microsoft Visual Studio\2022\Community\VC\Tools\MSVC\14.38.33130\include\xutility(1141,31):
      the template instantiation context (the oldest one first) is
          E:\C++\FlutterReflect\build\_deps\spdlog-src\include\spdlog\fmt\bundled\format.h(1276,32):
          see reference to class template instantiation 'fmt::v9::basic_memory_buffer<wchar_t,500,std::allocator<wchar_t>>' being compiled
          E:\C++\FlutterReflect\build\_deps\spdlog-src\include\spdlog\fmt\bundled\format.h(912,18):
          while compiling class template member function 'void fmt::v9::basic_memory_buffer<wchar_t,500,std::allocator<wchar_t>>::grow(size_t)'
          E:\C++\FlutterReflect\build\_deps\spdlog-src\include\spdlog\fmt\bundled\format.h(925,8):
          see reference to function template instantiation '_NoThrowFwdIt std::uninitialized_copy<T*,stdext::checked_array_iterator<T *>>(const _InIt,const _InIt,_NoThrowFwdIt)' being compiled
          with
          [
              _NoThrowFwdIt=stdext::checked_array_iterator<wchar_t *>,
              T=wchar_t,
              _InIt=wchar_t *
          ]
          C:\Program Files\Microsoft Visual Studio\2022\Community\VC\Tools\MSVC\14.38.33130\include\xmemory(1919,25):
          see reference to function template instantiation 'decltype(auto) std::_Get_unwrapped_n<_NoThrowFwdIt&,__int64>(_Iter,const _Diff)' being compiled
          with
          [
              _NoThrowFwdIt=stdext::checked_array_iterator<wchar_t *>,
              _Iter=stdext::checked_array_iterator<wchar_t *> &,
              _Diff=__int64
          ]
          C:\Program Files\Microsoft Visual Studio\2022\Community\VC\Tools\MSVC\14.38.33130\include\xutility(1244,26):
          see reference to variable template 'const bool _Unwrappable_for_offset_v<stdext::checked_array_iterator<wchar_t *> &>' being compiled
          C:\Program Files\Microsoft Visual Studio\2022\Community\VC\Tools\MSVC\14.38.33130\include\xutility(1238,5):
          see reference to variable template 'const bool _Unwrappable_v<stdext::checked_array_iterator<wchar_t *> &,void>' being compiled
          C:\Program Files\Microsoft Visual Studio\2022\Community\VC\Tools\MSVC\14.38.33130\include\xutility(1165,5):
          see reference to variable template 'const bool _Allow_inheriting_unwrap_v<stdext::checked_array_iterator<wchar_t *>,void>' being compiled
  
C:\Program Files\Microsoft Visual Studio\2022\Community\VC\Tools\MSVC\14.38.33130\include\__msvc_iter_core.hpp(488,31): warning C4996: 'stdext::checked_array_iterator<T *>::iterator_category': warning STL4043: stdext::checked_array_iterator, stdext::unchecked_array_iterator, and related factory functions are non-Standard extensions and will be removed in the future. std::span (since C++20) and gsl::span can be used instead. You can define _SILENCE_STDEXT_ARR_ITERS_DEPRECATION_WARNING or _SILENCE_ALL_MS_EXT_DEPRECATION_WARNINGS to suppress this warning. [E:\C++\FlutterReflect\build\_deps\spdlog-build\spdlog.vcxproj]
C:\Program Files\Microsoft Visual Studio\2022\Community\VC\Tools\MSVC\14.38.33130\include\__msvc_iter_core.hpp(488,31): warning C4996:         with [E:\C++\FlutterReflect\build\_deps\spdlog-build\spdlog.vcxproj]
C:\Program Files\Microsoft Visual Studio\2022\Community\VC\Tools\MSVC\14.38.33130\include\__msvc_iter_core.hpp(488,31): warning C4996:         [ [E:\C++\FlutterReflect\build\_deps\spdlog-build\spdlog.vcxproj]
C:\Program Files\Microsoft Visual Studio\2022\Community\VC\Tools\MSVC\14.38.33130\include\__msvc_iter_core.hpp(488,31): warning C4996:             T=fmt::v9::detail::bigint::bigit [E:\C++\FlutterReflect\build\_deps\spdlog-build\spdlog.vcxproj]
C:\Program Files\Microsoft Visual Studio\2022\Community\VC\Tools\MSVC\14.38.33130\include\__msvc_iter_core.hpp(488,31): warning C4996:         ] [E:\C++\FlutterReflect\build\_deps\spdlog-build\spdlog.vcxproj]
  (compiling source file '../spdlog-src/src/cfg.cpp')
  
C:\Program Files\Microsoft Visual Studio\2022\Community\VC\Tools\MSVC\14.38.33130\include\xutility(1141,22): warning C4996: 'stdext::checked_array_iterator<T *>::_Prevent_inheriting_unwrap': warning STL4043: stdext::checked_array_iterator, stdext::unchecked_array_iterator, and related factory functions are non-Standard extensions and will be removed in the future. std::span (since C++20) and gsl::span can be used instead. You can define _SILENCE_STDEXT_ARR_ITERS_DEPRECATION_WARNING or _SILENCE_ALL_MS_EXT_DEPRECATION_WARNINGS to suppress this warning. [E:\C++\FlutterReflect\build\_deps\spdlog-build\spdlog.vcxproj]
C:\Program Files\Microsoft Visual Studio\2022\Community\VC\Tools\MSVC\14.38.33130\include\xutility(1141,22): warning C4996:         with [E:\C++\FlutterReflect\build\_deps\spdlog-build\spdlog.vcxproj]
C:\Program Files\Microsoft Visual Studio\2022\Community\VC\Tools\MSVC\14.38.33130\include\xutility(1141,22): warning C4996:         [ [E:\C++\FlutterReflect\build\_deps\spdlog-build\spdlog.vcxproj]
C:\Program Files\Microsoft Visual Studio\2022\Community\VC\Tools\MSVC\14.38.33130\include\xutility(1141,22): warning C4996:             T=wchar_t [E:\C++\FlutterReflect\build\_deps\spdlog-build\spdlog.vcxproj]
C:\Program Files\Microsoft Visual Studio\2022\Community\VC\Tools\MSVC\14.38.33130\include\xutility(1141,22): warning C4996:         ] [E:\C++\FlutterReflect\build\_deps\spdlog-build\spdlog.vcxproj]
  (compiling source file '../spdlog-src/src/async.cpp')
  
C:\Program Files\Microsoft Visual Studio\2022\Community\VC\Tools\MSVC\14.38.33130\include\__msvc_iter_core.hpp(489,40): warning C4996: 'stdext::checked_array_iterator<T *>': warning STL4043: stdext::checked_array_iterator, stdext::unchecked_array_iterator, and related factory functions are non-Standard extensions and will be removed in the future. std::span (since C++20) and gsl::span can be used instead. You can define _SILENCE_STDEXT_ARR_ITERS_DEPRECATION_WARNING or _SILENCE_ALL_MS_EXT_DEPRECATION_WARNINGS to suppress this warning. [E:\C++\FlutterReflect\build\_deps\spdlog-build\spdlog.vcxproj]
C:\Program Files\Microsoft Visual Studio\2022\Community\VC\Tools\MSVC\14.38.33130\include\__msvc_iter_core.hpp(489,40): warning C4996:         with [E:\C++\FlutterReflect\build\_deps\spdlog-build\spdlog.vcxproj]
C:\Program Files\Microsoft Visual Studio\2022\Community\VC\Tools\MSVC\14.38.33130\include\__msvc_iter_core.hpp(489,40): warning C4996:         [ [E:\C++\FlutterReflect\build\_deps\spdlog-build\spdlog.vcxproj]
C:\Program Files\Microsoft Visual Studio\2022\Community\VC\Tools\MSVC\14.38.33130\include\__msvc_iter_core.hpp(489,40): warning C4996:             T=fmt::v9::detail::bigint::bigit [E:\C++\FlutterReflect\build\_deps\spdlog-build\spdlog.vcxproj]
C:\Program Files\Microsoft Visual Studio\2022\Community\VC\Tools\MSVC\14.38.33130\include\__msvc_iter_core.hpp(489,40): warning C4996:         ] [E:\C++\FlutterReflect\build\_deps\spdlog-build\spdlog.vcxproj]
  (compiling source file '../spdlog-src/src/cfg.cpp')
      C:\Program Files\Microsoft Visual Studio\2022\Community\VC\Tools\MSVC\14.38.33130\include\iterator(1470,58):
      see declaration of 'stdext::checked_array_iterator'
  
C:\Program Files\Microsoft Visual Studio\2022\Community\VC\Tools\MSVC\14.38.33130\include\__msvc_iter_core.hpp(489,31): warning C4996: 'stdext::checked_array_iterator<T *>::value_type': warning STL4043: stdext::checked_array_iterator, stdext::unchecked_array_iterator, and related factory functions are non-Standard extensions and will be removed in the future. std::span (since C++20) and gsl::span can be used instead. You can define _SILENCE_STDEXT_ARR_ITERS_DEPRECATION_WARNING or _SILENCE_ALL_MS_EXT_DEPRECATION_WARNINGS to suppress this warning. [E:\C++\FlutterReflect\build\_deps\spdlog-build\spdlog.vcxproj]
C:\Program Files\Microsoft Visual Studio\2022\Community\VC\Tools\MSVC\14.38.33130\include\__msvc_iter_core.hpp(489,31): warning C4996:         with [E:\C++\FlutterReflect\build\_deps\spdlog-build\spdlog.vcxproj]
C:\Program Files\Microsoft Visual Studio\2022\Community\VC\Tools\MSVC\14.38.33130\include\__msvc_iter_core.hpp(489,31): warning C4996:         [ [E:\C++\FlutterReflect\build\_deps\spdlog-build\spdlog.vcxproj]
C:\Program Files\Microsoft Visual Studio\2022\Community\VC\Tools\MSVC\14.38.33130\include\__msvc_iter_core.hpp(489,31): warning C4996:             T=fmt::v9::detail::bigint::bigit [E:\C++\FlutterReflect\build\_deps\spdlog-build\spdlog.vcxproj]
C:\Program Files\Microsoft Visual Studio\2022\Community\VC\Tools\MSVC\14.38.33130\include\__msvc_iter_core.hpp(489,31): warning C4996:         ] [E:\C++\FlutterReflect\build\_deps\spdlog-build\spdlog.vcxproj]
  (compiling source file '../spdlog-src/src/cfg.cpp')
  
C:\Program Files\Microsoft Visual Studio\2022\Community\VC\Tools\MSVC\14.38.33130\include\__msvc_iter_core.hpp(490,40): warning C4996: 'stdext::checked_array_iterator<T *>': warning STL4043: stdext::checked_array_iterator, stdext::unchecked_array_iterator, and related factory functions are non-Standard extensions and will be removed in the future. std::span (since C++20) and gsl::span can be used instead. You can define _SILENCE_STDEXT_ARR_ITERS_DEPRECATION_WARNING or _SILENCE_ALL_MS_EXT_DEPRECATION_WARNINGS to suppress this warning. [E:\C++\FlutterReflect\build\_deps\spdlog-build\spdlog.vcxproj]
C:\Program Files\Microsoft Visual Studio\2022\Community\VC\Tools\MSVC\14.38.33130\include\__msvc_iter_core.hpp(490,40): warning C4996:         with [E:\C++\FlutterReflect\build\_deps\spdlog-build\spdlog.vcxproj]
C:\Program Files\Microsoft Visual Studio\2022\Community\VC\Tools\MSVC\14.38.33130\include\__msvc_iter_core.hpp(490,40): warning C4996:         [ [E:\C++\FlutterReflect\build\_deps\spdlog-build\spdlog.vcxproj]
C:\Program Files\Microsoft Visual Studio\2022\Community\VC\Tools\MSVC\14.38.33130\include\__msvc_iter_core.hpp(490,40): warning C4996:             T=fmt::v9::detail::bigint::bigit [E:\C++\FlutterReflect\build\_deps\spdlog-build\spdlog.vcxproj]
C:\Program Files\Microsoft Visual Studio\2022\Community\VC\Tools\MSVC\14.38.33130\include\__msvc_iter_core.hpp(490,40): warning C4996:         ] [E:\C++\FlutterReflect\build\_deps\spdlog-build\spdlog.vcxproj]
  (compiling source file '../spdlog-src/src/cfg.cpp')
      C:\Program Files\Microsoft Visual Studio\2022\Community\VC\Tools\MSVC\14.38.33130\include\iterator(1470,58):
      see declaration of 'stdext::checked_array_iterator'
  
C:\Program Files\Microsoft Visual Studio\2022\Community\VC\Tools\MSVC\14.38.33130\include\__msvc_iter_core.hpp(490,31): warning C4996: 'stdext::checked_array_iterator<T *>::difference_type': warning STL4043: stdext::checked_array_iterator, stdext::unchecked_array_iterator, and related factory functions are non-Standard extensions and will be removed in the future. std::span (since C++20) and gsl::span can be used instead. You can define _SILENCE_STDEXT_ARR_ITERS_DEPRECATION_WARNING or _SILENCE_ALL_MS_EXT_DEPRECATION_WARNINGS to suppress this warning. [E:\C++\FlutterReflect\build\_deps\spdlog-build\spdlog.vcxproj]
C:\Program Files\Microsoft Visual Studio\2022\Community\VC\Tools\MSVC\14.38.33130\include\__msvc_iter_core.hpp(490,31): warning C4996:         with [E:\C++\FlutterReflect\build\_deps\spdlog-build\spdlog.vcxproj]
C:\Program Files\Microsoft Visual Studio\2022\Community\VC\Tools\MSVC\14.38.33130\include\__msvc_iter_core.hpp(490,31): warning C4996:         [ [E:\C++\FlutterReflect\build\_deps\spdlog-build\spdlog.vcxproj]
C:\Program Files\Microsoft Visual Studio\2022\Community\VC\Tools\MSVC\14.38.33130\include\__msvc_iter_core.hpp(490,31): warning C4996:             T=fmt::v9::detail::bigint::bigit [E:\C++\FlutterReflect\build\_deps\spdlog-build\spdlog.vcxproj]
C:\Program Files\Microsoft Visual Studio\2022\Community\VC\Tools\MSVC\14.38.33130\include\__msvc_iter_core.hpp(490,31): warning C4996:         ] [E:\C++\FlutterReflect\build\_deps\spdlog-build\spdlog.vcxproj]
  (compiling source file '../spdlog-src/src/cfg.cpp')
  
C:\Program Files\Microsoft Visual Studio\2022\Community\VC\Tools\MSVC\14.38.33130\include\__msvc_iter_core.hpp(491,40): warning C4996: 'stdext::checked_array_iterator<T *>': warning STL4043: stdext::checked_array_iterator, stdext::unchecked_array_iterator, and related factory functions are non-Standard extensions and will be removed in the future. std::span (since C++20) and gsl::span can be used instead. You can define _SILENCE_STDEXT_ARR_ITERS_DEPRECATION_WARNING or _SILENCE_ALL_MS_EXT_DEPRECATION_WARNINGS to suppress this warning. [E:\C++\FlutterReflect\build\_deps\spdlog-build\spdlog.vcxproj]
C:\Program Files\Microsoft Visual Studio\2022\Community\VC\Tools\MSVC\14.38.33130\include\__msvc_iter_core.hpp(491,40): warning C4996:         with [E:\C++\FlutterReflect\build\_deps\spdlog-build\spdlog.vcxproj]
C:\Program Files\Microsoft Visual Studio\2022\Community\VC\Tools\MSVC\14.38.33130\include\__msvc_iter_core.hpp(491,40): warning C4996:         [ [E:\C++\FlutterReflect\build\_deps\spdlog-build\spdlog.vcxproj]
C:\Program Files\Microsoft Visual Studio\2022\Community\VC\Tools\MSVC\14.38.33130\include\__msvc_iter_core.hpp(491,40): warning C4996:             T=fmt::v9::detail::bigint::bigit [E:\C++\FlutterReflect\build\_deps\spdlog-build\spdlog.vcxproj]
C:\Program Files\Microsoft Visual Studio\2022\Community\VC\Tools\MSVC\14.38.33130\include\__msvc_iter_core.hpp(491,40): warning C4996:         ] [E:\C++\FlutterReflect\build\_deps\spdlog-build\spdlog.vcxproj]
  (compiling source file '../spdlog-src/src/cfg.cpp')
      C:\Program Files\Microsoft Visual Studio\2022\Community\VC\Tools\MSVC\14.38.33130\include\iterator(1470,58):
      see declaration of 'stdext::checked_array_iterator'
  
C:\Program Files\Microsoft Visual Studio\2022\Community\VC\Tools\MSVC\14.38.33130\include\__msvc_iter_core.hpp(488,40): warning C4996: 'stdext::checked_array_iterator<T *>': warning STL4043: stdext::checked_array_iterator, stdext::unchecked_array_iterator, and related factory functions are non-Standard extensions and will be removed in the future. std::span (since C++20) and gsl::span can be used instead. You can define _SILENCE_STDEXT_ARR_ITERS_DEPRECATION_WARNING or _SILENCE_ALL_MS_EXT_DEPRECATION_WARNINGS to suppress this warning. [E:\C++\FlutterReflect\build\_deps\spdlog-build\spdlog.vcxproj]
C:\Program Files\Microsoft Visual Studio\2022\Community\VC\Tools\MSVC\14.38.33130\include\__msvc_iter_core.hpp(488,40): warning C4996:         with [E:\C++\FlutterReflect\build\_deps\spdlog-build\spdlog.vcxproj]
C:\Program Files\Microsoft Visual Studio\2022\Community\VC\Tools\MSVC\14.38.33130\include\__msvc_iter_core.hpp(488,40): warning C4996:         [ [E:\C++\FlutterReflect\build\_deps\spdlog-build\spdlog.vcxproj]
C:\Program Files\Microsoft Visual Studio\2022\Community\VC\Tools\MSVC\14.38.33130\include\__msvc_iter_core.hpp(488,40): warning C4996:             T=wchar_t [E:\C++\FlutterReflect\build\_deps\spdlog-build\spdlog.vcxproj]
C:\Program Files\Microsoft Visual Studio\2022\Community\VC\Tools\MSVC\14.38.33130\include\__msvc_iter_core.hpp(488,40): warning C4996:         ] [E:\C++\FlutterReflect\build\_deps\spdlog-build\spdlog.vcxproj]
  (compiling source file '../spdlog-src/src/async.cpp')
      C:\Program Files\Microsoft Visual Studio\2022\Community\VC\Tools\MSVC\14.38.33130\include\iterator(1470,58):
      see declaration of 'stdext::checked_array_iterator'
      C:\Program Files\Microsoft Visual Studio\2022\Community\VC\Tools\MSVC\14.38.33130\include\__msvc_iter_core.hpp(488,40):
      the template instantiation context (the oldest one first) is
          C:\Program Files\Microsoft Visual Studio\2022\Community\VC\Tools\MSVC\14.38.33130\include\xutility(1233,93):
          see reference to alias template instantiation 'std::_Iter_diff_t<_Iter>' being compiled
          with
          [
              _Iter=stdext::checked_array_iterator<wchar_t *>
          ]
          C:\Program Files\Microsoft Visual Studio\2022\Community\VC\Tools\MSVC\14.38.33130\include\xutility(1238,5):
          see reference to class template instantiation 'std::iterator_traits<_Iter>' being compiled
          with
          [
              _Iter=stdext::checked_array_iterator<wchar_t *>
          ]
          C:\Program Files\Microsoft Visual Studio\2022\Community\VC\Tools\MSVC\14.38.33130\include\__msvc_iter_core.hpp(508,26):
          see reference to class template instantiation 'std::_Iterator_traits_base<_Iter,void>' being compiled
          with
          [
              _Iter=stdext::checked_array_iterator<wchar_t *>
          ]
  
C:\Program Files\Microsoft Visual Studio\2022\Community\VC\Tools\MSVC\14.38.33130\include\__msvc_iter_core.hpp(491,31): warning C4996: 'stdext::checked_array_iterator<T *>::pointer': warning STL4043: stdext::checked_array_iterator, stdext::unchecked_array_iterator, and related factory functions are non-Standard extensions and will be removed in the future. std::span (since C++20) and gsl::span can be used instead. You can define _SILENCE_STDEXT_ARR_ITERS_DEPRECATION_WARNING or _SILENCE_ALL_MS_EXT_DEPRECATION_WARNINGS to suppress this warning. [E:\C++\FlutterReflect\build\_deps\spdlog-build\spdlog.vcxproj]
C:\Program Files\Microsoft Visual Studio\2022\Community\VC\Tools\MSVC\14.38.33130\include\__msvc_iter_core.hpp(491,31): warning C4996:         with [E:\C++\FlutterReflect\build\_deps\spdlog-build\spdlog.vcxproj]
C:\Program Files\Microsoft Visual Studio\2022\Community\VC\Tools\MSVC\14.38.33130\include\__msvc_iter_core.hpp(491,31): warning C4996:         [ [E:\C++\FlutterReflect\build\_deps\spdlog-build\spdlog.vcxproj]
C:\Program Files\Microsoft Visual Studio\2022\Community\VC\Tools\MSVC\14.38.33130\include\__msvc_iter_core.hpp(491,31): warning C4996:             T=fmt::v9::detail::bigint::bigit [E:\C++\FlutterReflect\build\_deps\spdlog-build\spdlog.vcxproj]
C:\Program Files\Microsoft Visual Studio\2022\Community\VC\Tools\MSVC\14.38.33130\include\__msvc_iter_core.hpp(491,31): warning C4996:         ] [E:\C++\FlutterReflect\build\_deps\spdlog-build\spdlog.vcxproj]
  (compiling source file '../spdlog-src/src/cfg.cpp')
  
C:\Program Files\Microsoft Visual Studio\2022\Community\VC\Tools\MSVC\14.38.33130\include\__msvc_iter_core.hpp(488,31): warning C4996: 'stdext::checked_array_iterator<T *>::iterator_category': warning STL4043: stdext::checked_array_iterator, stdext::unchecked_array_iterator, and related factory functions are non-Standard extensions and will be removed in the future. std::span (since C++20) and gsl::span can be used instead. You can define _SILENCE_STDEXT_ARR_ITERS_DEPRECATION_WARNING or _SILENCE_ALL_MS_EXT_DEPRECATION_WARNINGS to suppress this warning. [E:\C++\FlutterReflect\build\_deps\spdlog-build\spdlog.vcxproj]
C:\Program Files\Microsoft Visual Studio\2022\Community\VC\Tools\MSVC\14.38.33130\include\__msvc_iter_core.hpp(488,31): warning C4996:         with [E:\C++\FlutterReflect\build\_deps\spdlog-build\spdlog.vcxproj]
C:\Program Files\Microsoft Visual Studio\2022\Community\VC\Tools\MSVC\14.38.33130\include\__msvc_iter_core.hpp(488,31): warning C4996:         [ [E:\C++\FlutterReflect\build\_deps\spdlog-build\spdlog.vcxproj]
C:\Program Files\Microsoft Visual Studio\2022\Community\VC\Tools\MSVC\14.38.33130\include\__msvc_iter_core.hpp(488,31): warning C4996:             T=wchar_t [E:\C++\FlutterReflect\build\_deps\spdlog-build\spdlog.vcxproj]
C:\Program Files\Microsoft Visual Studio\2022\Community\VC\Tools\MSVC\14.38.33130\include\__msvc_iter_core.hpp(488,31): warning C4996:         ] [E:\C++\FlutterReflect\build\_deps\spdlog-build\spdlog.vcxproj]
  (compiling source file '../spdlog-src/src/async.cpp')
  
C:\Program Files\Microsoft Visual Studio\2022\Community\VC\Tools\MSVC\14.38.33130\include\__msvc_iter_core.hpp(492,40): warning C4996: 'stdext::checked_array_iterator<T *>': warning STL4043: stdext::checked_array_iterator, stdext::unchecked_array_iterator, and related factory functions are non-Standard extensions and will be removed in the future. std::span (since C++20) and gsl::span can be used instead. You can define _SILENCE_STDEXT_ARR_ITERS_DEPRECATION_WARNING or _SILENCE_ALL_MS_EXT_DEPRECATION_WARNINGS to suppress this warning. [E:\C++\FlutterReflect\build\_deps\spdlog-build\spdlog.vcxproj]
C:\Program Files\Microsoft Visual Studio\2022\Community\VC\Tools\MSVC\14.38.33130\include\__msvc_iter_core.hpp(492,40): warning C4996:         with [E:\C++\FlutterReflect\build\_deps\spdlog-build\spdlog.vcxproj]
C:\Program Files\Microsoft Visual Studio\2022\Community\VC\Tools\MSVC\14.38.33130\include\__msvc_iter_core.hpp(492,40): warning C4996:         [ [E:\C++\FlutterReflect\build\_deps\spdlog-build\spdlog.vcxproj]
C:\Program Files\Microsoft Visual Studio\2022\Community\VC\Tools\MSVC\14.38.33130\include\__msvc_iter_core.hpp(492,40): warning C4996:             T=fmt::v9::detail::bigint::bigit [E:\C++\FlutterReflect\build\_deps\spdlog-build\spdlog.vcxproj]
C:\Program Files\Microsoft Visual Studio\2022\Community\VC\Tools\MSVC\14.38.33130\include\__msvc_iter_core.hpp(492,40): warning C4996:         ] [E:\C++\FlutterReflect\build\_deps\spdlog-build\spdlog.vcxproj]
  (compiling source file '../spdlog-src/src/cfg.cpp')
      C:\Program Files\Microsoft Visual Studio\2022\Community\VC\Tools\MSVC\14.38.33130\include\iterator(1470,58):
      see declaration of 'stdext::checked_array_iterator'
  
C:\Program Files\Microsoft Visual Studio\2022\Community\VC\Tools\MSVC\14.38.33130\include\__msvc_iter_core.hpp(489,40): warning C4996: 'stdext::checked_array_iterator<T *>': warning STL4043: stdext::checked_array_iterator, stdext::unchecked_array_iterator, and related factory functions are non-Standard extensions and will be removed in the future. std::span (since C++20) and gsl::span can be used instead. You can define _SILENCE_STDEXT_ARR_ITERS_DEPRECATION_WARNING or _SILENCE_ALL_MS_EXT_DEPRECATION_WARNINGS to suppress this warning. [E:\C++\FlutterReflect\build\_deps\spdlog-build\spdlog.vcxproj]
C:\Program Files\Microsoft Visual Studio\2022\Community\VC\Tools\MSVC\14.38.33130\include\__msvc_iter_core.hpp(489,40): warning C4996:         with [E:\C++\FlutterReflect\build\_deps\spdlog-build\spdlog.vcxproj]
C:\Program Files\Microsoft Visual Studio\2022\Community\VC\Tools\MSVC\14.38.33130\include\__msvc_iter_core.hpp(489,40): warning C4996:         [ [E:\C++\FlutterReflect\build\_deps\spdlog-build\spdlog.vcxproj]
C:\Program Files\Microsoft Visual Studio\2022\Community\VC\Tools\MSVC\14.38.33130\include\__msvc_iter_core.hpp(489,40): warning C4996:             T=wchar_t [E:\C++\FlutterReflect\build\_deps\spdlog-build\spdlog.vcxproj]
C:\Program Files\Microsoft Visual Studio\2022\Community\VC\Tools\MSVC\14.38.33130\include\__msvc_iter_core.hpp(489,40): warning C4996:         ] [E:\C++\FlutterReflect\build\_deps\spdlog-build\spdlog.vcxproj]
  (compiling source file '../spdlog-src/src/async.cpp')
      C:\Program Files\Microsoft Visual Studio\2022\Community\VC\Tools\MSVC\14.38.33130\include\iterator(1470,58):
      see declaration of 'stdext::checked_array_iterator'
  
C:\Program Files\Microsoft Visual Studio\2022\Community\VC\Tools\MSVC\14.38.33130\include\__msvc_iter_core.hpp(492,31): warning C4996: 'stdext::checked_array_iterator<T *>::reference': warning STL4043: stdext::checked_array_iterator, stdext::unchecked_array_iterator, and related factory functions are non-Standard extensions and will be removed in the future. std::span (since C++20) and gsl::span can be used instead. You can define _SILENCE_STDEXT_ARR_ITERS_DEPRECATION_WARNING or _SILENCE_ALL_MS_EXT_DEPRECATION_WARNINGS to suppress this warning. [E:\C++\FlutterReflect\build\_deps\spdlog-build\spdlog.vcxproj]
C:\Program Files\Microsoft Visual Studio\2022\Community\VC\Tools\MSVC\14.38.33130\include\__msvc_iter_core.hpp(492,31): warning C4996:         with [E:\C++\FlutterReflect\build\_deps\spdlog-build\spdlog.vcxproj]
C:\Program Files\Microsoft Visual Studio\2022\Community\VC\Tools\MSVC\14.38.33130\include\__msvc_iter_core.hpp(492,31): warning C4996:         [ [E:\C++\FlutterReflect\build\_deps\spdlog-build\spdlog.vcxproj]
C:\Program Files\Microsoft Visual Studio\2022\Community\VC\Tools\MSVC\14.38.33130\include\__msvc_iter_core.hpp(492,31): warning C4996:             T=fmt::v9::detail::bigint::bigit [E:\C++\FlutterReflect\build\_deps\spdlog-build\spdlog.vcxproj]
C:\Program Files\Microsoft Visual Studio\2022\Community\VC\Tools\MSVC\14.38.33130\include\__msvc_iter_core.hpp(492,31): warning C4996:         ] [E:\C++\FlutterReflect\build\_deps\spdlog-build\spdlog.vcxproj]
  (compiling source file '../spdlog-src/src/cfg.cpp')
  
C:\Program Files\Microsoft Visual Studio\2022\Community\VC\Tools\MSVC\14.38.33130\include\__msvc_iter_core.hpp(489,31): warning C4996: 'stdext::checked_array_iterator<T *>::value_type': warning STL4043: stdext::checked_array_iterator, stdext::unchecked_array_iterator, and related factory functions are non-Standard extensions and will be removed in the future. std::span (since C++20) and gsl::span can be used instead. You can define _SILENCE_STDEXT_ARR_ITERS_DEPRECATION_WARNING or _SILENCE_ALL_MS_EXT_DEPRECATION_WARNINGS to suppress this warning. [E:\C++\FlutterReflect\build\_deps\spdlog-build\spdlog.vcxproj]
C:\Program Files\Microsoft Visual Studio\2022\Community\VC\Tools\MSVC\14.38.33130\include\__msvc_iter_core.hpp(489,31): warning C4996:         with [E:\C++\FlutterReflect\build\_deps\spdlog-build\spdlog.vcxproj]
C:\Program Files\Microsoft Visual Studio\2022\Community\VC\Tools\MSVC\14.38.33130\include\__msvc_iter_core.hpp(489,31): warning C4996:         [ [E:\C++\FlutterReflect\build\_deps\spdlog-build\spdlog.vcxproj]
C:\Program Files\Microsoft Visual Studio\2022\Community\VC\Tools\MSVC\14.38.33130\include\__msvc_iter_core.hpp(489,31): warning C4996:             T=wchar_t [E:\C++\FlutterReflect\build\_deps\spdlog-build\spdlog.vcxproj]
C:\Program Files\Microsoft Visual Studio\2022\Community\VC\Tools\MSVC\14.38.33130\include\__msvc_iter_core.hpp(489,31): warning C4996:         ] [E:\C++\FlutterReflect\build\_deps\spdlog-build\spdlog.vcxproj]
  (compiling source file '../spdlog-src/src/async.cpp')
  
C:\Program Files\Microsoft Visual Studio\2022\Community\VC\Tools\MSVC\14.38.33130\include\__msvc_iter_core.hpp(490,40): warning C4996: 'stdext::checked_array_iterator<T *>': warning STL4043: stdext::checked_array_iterator, stdext::unchecked_array_iterator, and related factory functions are non-Standard extensions and will be removed in the future. std::span (since C++20) and gsl::span can be used instead. You can define _SILENCE_STDEXT_ARR_ITERS_DEPRECATION_WARNING or _SILENCE_ALL_MS_EXT_DEPRECATION_WARNINGS to suppress this warning. [E:\C++\FlutterReflect\build\_deps\spdlog-build\spdlog.vcxproj]
C:\Program Files\Microsoft Visual Studio\2022\Community\VC\Tools\MSVC\14.38.33130\include\__msvc_iter_core.hpp(490,40): warning C4996:         with [E:\C++\FlutterReflect\build\_deps\spdlog-build\spdlog.vcxproj]
C:\Program Files\Microsoft Visual Studio\2022\Community\VC\Tools\MSVC\14.38.33130\include\__msvc_iter_core.hpp(490,40): warning C4996:         [ [E:\C++\FlutterReflect\build\_deps\spdlog-build\spdlog.vcxproj]
C:\Program Files\Microsoft Visual Studio\2022\Community\VC\Tools\MSVC\14.38.33130\include\__msvc_iter_core.hpp(490,40): warning C4996:             T=wchar_t [E:\C++\FlutterReflect\build\_deps\spdlog-build\spdlog.vcxproj]
C:\Program Files\Microsoft Visual Studio\2022\Community\VC\Tools\MSVC\14.38.33130\include\__msvc_iter_core.hpp(490,40): warning C4996:         ] [E:\C++\FlutterReflect\build\_deps\spdlog-build\spdlog.vcxproj]
  (compiling source file '../spdlog-src/src/async.cpp')
      C:\Program Files\Microsoft Visual Studio\2022\Community\VC\Tools\MSVC\14.38.33130\include\iterator(1470,58):
      see declaration of 'stdext::checked_array_iterator'
  
C:\Program Files\Microsoft Visual Studio\2022\Community\VC\Tools\MSVC\14.38.33130\include\__msvc_iter_core.hpp(490,31): warning C4996: 'stdext::checked_array_iterator<T *>::difference_type': warning STL4043: stdext::checked_array_iterator, stdext::unchecked_array_iterator, and related factory functions are non-Standard extensions and will be removed in the future. std::span (since C++20) and gsl::span can be used instead. You can define _SILENCE_STDEXT_ARR_ITERS_DEPRECATION_WARNING or _SILENCE_ALL_MS_EXT_DEPRECATION_WARNINGS to suppress this warning. [E:\C++\FlutterReflect\build\_deps\spdlog-build\spdlog.vcxproj]
C:\Program Files\Microsoft Visual Studio\2022\Community\VC\Tools\MSVC\14.38.33130\include\__msvc_iter_core.hpp(490,31): warning C4996:         with [E:\C++\FlutterReflect\build\_deps\spdlog-build\spdlog.vcxproj]
C:\Program Files\Microsoft Visual Studio\2022\Community\VC\Tools\MSVC\14.38.33130\include\__msvc_iter_core.hpp(490,31): warning C4996:         [ [E:\C++\FlutterReflect\build\_deps\spdlog-build\spdlog.vcxproj]
C:\Program Files\Microsoft Visual Studio\2022\Community\VC\Tools\MSVC\14.38.33130\include\__msvc_iter_core.hpp(490,31): warning C4996:             T=wchar_t [E:\C++\FlutterReflect\build\_deps\spdlog-build\spdlog.vcxproj]
C:\Program Files\Microsoft Visual Studio\2022\Community\VC\Tools\MSVC\14.38.33130\include\__msvc_iter_core.hpp(490,31): warning C4996:         ] [E:\C++\FlutterReflect\build\_deps\spdlog-build\spdlog.vcxproj]
  (compiling source file '../spdlog-src/src/async.cpp')
  
C:\Program Files\Microsoft Visual Studio\2022\Community\VC\Tools\MSVC\14.38.33130\include\xutility(1255,12): warning C4996: 'stdext::checked_array_iterator<T *>::_Verify_offset': warning STL4043: stdext::checked_array_iterator, stdext::unchecked_array_iterator, and related factory functions are non-Standard extensions and will be removed in the future. std::span (since C++20) and gsl::span can be used instead. You can define _SILENCE_STDEXT_ARR_ITERS_DEPRECATION_WARNING or _SILENCE_ALL_MS_EXT_DEPRECATION_WARNINGS to suppress this warning. [E:\C++\FlutterReflect\build\_deps\spdlog-build\spdlog.vcxproj]
C:\Program Files\Microsoft Visual Studio\2022\Community\VC\Tools\MSVC\14.38.33130\include\xutility(1255,12): warning C4996:         with [E:\C++\FlutterReflect\build\_deps\spdlog-build\spdlog.vcxproj]
C:\Program Files\Microsoft Visual Studio\2022\Community\VC\Tools\MSVC\14.38.33130\include\xutility(1255,12): warning C4996:         [ [E:\C++\FlutterReflect\build\_deps\spdlog-build\spdlog.vcxproj]
C:\Program Files\Microsoft Visual Studio\2022\Community\VC\Tools\MSVC\14.38.33130\include\xutility(1255,12): warning C4996:             T=fmt::v9::detail::bigint::bigit [E:\C++\FlutterReflect\build\_deps\spdlog-build\spdlog.vcxproj]
C:\Program Files\Microsoft Visual Studio\2022\Community\VC\Tools\MSVC\14.38.33130\include\xutility(1255,12): warning C4996:         ] [E:\C++\FlutterReflect\build\_deps\spdlog-build\spdlog.vcxproj]
  (compiling source file '../spdlog-src/src/cfg.cpp')
  
C:\Program Files\Microsoft Visual Studio\2022\Community\VC\Tools\MSVC\14.38.33130\include\__msvc_iter_core.hpp(491,40): warning C4996: 'stdext::checked_array_iterator<T *>': warning STL4043: stdext::checked_array_iterator, stdext::unchecked_array_iterator, and related factory functions are non-Standard extensions and will be removed in the future. std::span (since C++20) and gsl::span can be used instead. You can define _SILENCE_STDEXT_ARR_ITERS_DEPRECATION_WARNING or _SILENCE_ALL_MS_EXT_DEPRECATION_WARNINGS to suppress this warning. [E:\C++\FlutterReflect\build\_deps\spdlog-build\spdlog.vcxproj]
C:\Program Files\Microsoft Visual Studio\2022\Community\VC\Tools\MSVC\14.38.33130\include\__msvc_iter_core.hpp(491,40): warning C4996:         with [E:\C++\FlutterReflect\build\_deps\spdlog-build\spdlog.vcxproj]
C:\Program Files\Microsoft Visual Studio\2022\Community\VC\Tools\MSVC\14.38.33130\include\__msvc_iter_core.hpp(491,40): warning C4996:         [ [E:\C++\FlutterReflect\build\_deps\spdlog-build\spdlog.vcxproj]
C:\Program Files\Microsoft Visual Studio\2022\Community\VC\Tools\MSVC\14.38.33130\include\__msvc_iter_core.hpp(491,40): warning C4996:             T=wchar_t [E:\C++\FlutterReflect\build\_deps\spdlog-build\spdlog.vcxproj]
C:\Program Files\Microsoft Visual Studio\2022\Community\VC\Tools\MSVC\14.38.33130\include\__msvc_iter_core.hpp(491,40): warning C4996:         ] [E:\C++\FlutterReflect\build\_deps\spdlog-build\spdlog.vcxproj]
  (compiling source file '../spdlog-src/src/async.cpp')
      C:\Program Files\Microsoft Visual Studio\2022\Community\VC\Tools\MSVC\14.38.33130\include\iterator(1470,58):
      see declaration of 'stdext::checked_array_iterator'
  
C:\Program Files\Microsoft Visual Studio\2022\Community\VC\Tools\MSVC\14.38.33130\include\xutility(1256,41): warning C4996: 'stdext::checked_array_iterator<T *>::_Unwrapped': warning STL4043: stdext::checked_array_iterator, stdext::unchecked_array_iterator, and related factory functions are non-Standard extensions and will be removed in the future. std::span (since C++20) and gsl::span can be used instead. You can define _SILENCE_STDEXT_ARR_ITERS_DEPRECATION_WARNING or _SILENCE_ALL_MS_EXT_DEPRECATION_WARNINGS to suppress this warning. [E:\C++\FlutterReflect\build\_deps\spdlog-build\spdlog.vcxproj]
C:\Program Files\Microsoft Visual Studio\2022\Community\VC\Tools\MSVC\14.38.33130\include\xutility(1256,41): warning C4996:         with [E:\C++\FlutterReflect\build\_deps\spdlog-build\spdlog.vcxproj]
C:\Program Files\Microsoft Visual Studio\2022\Community\VC\Tools\MSVC\14.38.33130\include\xutility(1256,41): warning C4996:         [ [E:\C++\FlutterReflect\build\_deps\spdlog-build\spdlog.vcxproj]
C:\Program Files\Microsoft Visual Studio\2022\Community\VC\Tools\MSVC\14.38.33130\include\xutility(1256,41): warning C4996:             T=fmt::v9::detail::bigint::bigit [E:\C++\FlutterReflect\build\_deps\spdlog-build\spdlog.vcxproj]
C:\Program Files\Microsoft Visual Studio\2022\Community\VC\Tools\MSVC\14.38.33130\include\xutility(1256,41): warning C4996:         ] [E:\C++\FlutterReflect\build\_deps\spdlog-build\spdlog.vcxproj]
  (compiling source file '../spdlog-src/src/cfg.cpp')
  
C:\Program Files\Microsoft Visual Studio\2022\Community\VC\Tools\MSVC\14.38.33130\include\__msvc_iter_core.hpp(491,31): warning C4996: 'stdext::checked_array_iterator<T *>::pointer': warning STL4043: stdext::checked_array_iterator, stdext::unchecked_array_iterator, and related factory functions are non-Standard extensions and will be removed in the future. std::span (since C++20) and gsl::span can be used instead. You can define _SILENCE_STDEXT_ARR_ITERS_DEPRECATION_WARNING or _SILENCE_ALL_MS_EXT_DEPRECATION_WARNINGS to suppress this warning. [E:\C++\FlutterReflect\build\_deps\spdlog-build\spdlog.vcxproj]
C:\Program Files\Microsoft Visual Studio\2022\Community\VC\Tools\MSVC\14.38.33130\include\__msvc_iter_core.hpp(491,31): warning C4996:         with [E:\C++\FlutterReflect\build\_deps\spdlog-build\spdlog.vcxproj]
C:\Program Files\Microsoft Visual Studio\2022\Community\VC\Tools\MSVC\14.38.33130\include\__msvc_iter_core.hpp(491,31): warning C4996:         [ [E:\C++\FlutterReflect\build\_deps\spdlog-build\spdlog.vcxproj]
C:\Program Files\Microsoft Visual Studio\2022\Community\VC\Tools\MSVC\14.38.33130\include\__msvc_iter_core.hpp(491,31): warning C4996:             T=wchar_t [E:\C++\FlutterReflect\build\_deps\spdlog-build\spdlog.vcxproj]
C:\Program Files\Microsoft Visual Studio\2022\Community\VC\Tools\MSVC\14.38.33130\include\__msvc_iter_core.hpp(491,31): warning C4996:         ] [E:\C++\FlutterReflect\build\_deps\spdlog-build\spdlog.vcxproj]
  (compiling source file '../spdlog-src/src/async.cpp')
  
C:\Program Files\Microsoft Visual Studio\2022\Community\VC\Tools\MSVC\14.38.33130\include\__msvc_iter_core.hpp(492,40): warning C4996: 'stdext::checked_array_iterator<T *>': warning STL4043: stdext::checked_array_iterator, stdext::unchecked_array_iterator, and related factory functions are non-Standard extensions and will be removed in the future. std::span (since C++20) and gsl::span can be used instead. You can define _SILENCE_STDEXT_ARR_ITERS_DEPRECATION_WARNING or _SILENCE_ALL_MS_EXT_DEPRECATION_WARNINGS to suppress this warning. [E:\C++\FlutterReflect\build\_deps\spdlog-build\spdlog.vcxproj]
C:\Program Files\Microsoft Visual Studio\2022\Community\VC\Tools\MSVC\14.38.33130\include\__msvc_iter_core.hpp(492,40): warning C4996:         with [E:\C++\FlutterReflect\build\_deps\spdlog-build\spdlog.vcxproj]
C:\Program Files\Microsoft Visual Studio\2022\Community\VC\Tools\MSVC\14.38.33130\include\__msvc_iter_core.hpp(492,40): warning C4996:         [ [E:\C++\FlutterReflect\build\_deps\spdlog-build\spdlog.vcxproj]
C:\Program Files\Microsoft Visual Studio\2022\Community\VC\Tools\MSVC\14.38.33130\include\__msvc_iter_core.hpp(492,40): warning C4996:             T=wchar_t [E:\C++\FlutterReflect\build\_deps\spdlog-build\spdlog.vcxproj]
C:\Program Files\Microsoft Visual Studio\2022\Community\VC\Tools\MSVC\14.38.33130\include\__msvc_iter_core.hpp(492,40): warning C4996:         ] [E:\C++\FlutterReflect\build\_deps\spdlog-build\spdlog.vcxproj]
  (compiling source file '../spdlog-src/src/async.cpp')
      C:\Program Files\Microsoft Visual Studio\2022\Community\VC\Tools\MSVC\14.38.33130\include\iterator(1470,58):
      see declaration of 'stdext::checked_array_iterator'
  
C:\Program Files\Microsoft Visual Studio\2022\Community\VC\Tools\MSVC\14.38.33130\include\__msvc_iter_core.hpp(492,31): warning C4996: 'stdext::checked_array_iterator<T *>::reference': warning STL4043: stdext::checked_array_iterator, stdext::unchecked_array_iterator, and related factory functions are non-Standard extensions and will be removed in the future. std::span (since C++20) and gsl::span can be used instead. You can define _SILENCE_STDEXT_ARR_ITERS_DEPRECATION_WARNING or _SILENCE_ALL_MS_EXT_DEPRECATION_WARNINGS to suppress this warning. [E:\C++\FlutterReflect\build\_deps\spdlog-build\spdlog.vcxproj]
C:\Program Files\Microsoft Visual Studio\2022\Community\VC\Tools\MSVC\14.38.33130\include\__msvc_iter_core.hpp(492,31): warning C4996:         with [E:\C++\FlutterReflect\build\_deps\spdlog-build\spdlog.vcxproj]
C:\Program Files\Microsoft Visual Studio\2022\Community\VC\Tools\MSVC\14.38.33130\include\__msvc_iter_core.hpp(492,31): warning C4996:         [ [E:\C++\FlutterReflect\build\_deps\spdlog-build\spdlog.vcxproj]
C:\Program Files\Microsoft Visual Studio\2022\Community\VC\Tools\MSVC\14.38.33130\include\__msvc_iter_core.hpp(492,31): warning C4996:             T=wchar_t [E:\C++\FlutterReflect\build\_deps\spdlog-build\spdlog.vcxproj]
C:\Program Files\Microsoft Visual Studio\2022\Community\VC\Tools\MSVC\14.38.33130\include\__msvc_iter_core.hpp(492,31): warning C4996:         ] [E:\C++\FlutterReflect\build\_deps\spdlog-build\spdlog.vcxproj]
  (compiling source file '../spdlog-src/src/async.cpp')
  
C:\Program Files\Microsoft Visual Studio\2022\Community\VC\Tools\MSVC\14.38.33130\include\xutility(1255,12): warning C4996: 'stdext::checked_array_iterator<T *>::_Verify_offset': warning STL4043: stdext::checked_array_iterator, stdext::unchecked_array_iterator, and related factory functions are non-Standard extensions and will be removed in the future. std::span (since C++20) and gsl::span can be used instead. You can define _SILENCE_STDEXT_ARR_ITERS_DEPRECATION_WARNING or _SILENCE_ALL_MS_EXT_DEPRECATION_WARNINGS to suppress this warning. [E:\C++\FlutterReflect\build\_deps\spdlog-build\spdlog.vcxproj]
C:\Program Files\Microsoft Visual Studio\2022\Community\VC\Tools\MSVC\14.38.33130\include\xutility(1255,12): warning C4996:         with [E:\C++\FlutterReflect\build\_deps\spdlog-build\spdlog.vcxproj]
C:\Program Files\Microsoft Visual Studio\2022\Community\VC\Tools\MSVC\14.38.33130\include\xutility(1255,12): warning C4996:         [ [E:\C++\FlutterReflect\build\_deps\spdlog-build\spdlog.vcxproj]
C:\Program Files\Microsoft Visual Studio\2022\Community\VC\Tools\MSVC\14.38.33130\include\xutility(1255,12): warning C4996:             T=wchar_t [E:\C++\FlutterReflect\build\_deps\spdlog-build\spdlog.vcxproj]
C:\Program Files\Microsoft Visual Studio\2022\Community\VC\Tools\MSVC\14.38.33130\include\xutility(1255,12): warning C4996:         ] [E:\C++\FlutterReflect\build\_deps\spdlog-build\spdlog.vcxproj]
  (compiling source file '../spdlog-src/src/async.cpp')
  
C:\Program Files\Microsoft Visual Studio\2022\Community\VC\Tools\MSVC\14.38.33130\include\xutility(1256,41): warning C4996: 'stdext::checked_array_iterator<T *>::_Unwrapped': warning STL4043: stdext::checked_array_iterator, stdext::unchecked_array_iterator, and related factory functions are non-Standard extensions and will be removed in the future. std::span (since C++20) and gsl::span can be used instead. You can define _SILENCE_STDEXT_ARR_ITERS_DEPRECATION_WARNING or _SILENCE_ALL_MS_EXT_DEPRECATION_WARNINGS to suppress this warning. [E:\C++\FlutterReflect\build\_deps\spdlog-build\spdlog.vcxproj]
C:\Program Files\Microsoft Visual Studio\2022\Community\VC\Tools\MSVC\14.38.33130\include\xutility(1256,41): warning C4996:         with [E:\C++\FlutterReflect\build\_deps\spdlog-build\spdlog.vcxproj]
C:\Program Files\Microsoft Visual Studio\2022\Community\VC\Tools\MSVC\14.38.33130\include\xutility(1256,41): warning C4996:         [ [E:\C++\FlutterReflect\build\_deps\spdlog-build\spdlog.vcxproj]
C:\Program Files\Microsoft Visual Studio\2022\Community\VC\Tools\MSVC\14.38.33130\include\xutility(1256,41): warning C4996:             T=wchar_t [E:\C++\FlutterReflect\build\_deps\spdlog-build\spdlog.vcxproj]
C:\Program Files\Microsoft Visual Studio\2022\Community\VC\Tools\MSVC\14.38.33130\include\xutility(1256,41): warning C4996:         ] [E:\C++\FlutterReflect\build\_deps\spdlog-build\spdlog.vcxproj]
  (compiling source file '../spdlog-src/src/async.cpp')
  
C:\Program Files\Microsoft Visual Studio\2022\Community\VC\Tools\MSVC\14.38.33130\include\xutility(1277,12): warning C4996: 'stdext::checked_array_iterator<T *>::_Seek_to': warning STL4043: stdext::checked_array_iterator, stdext::unchecked_array_iterator, and related factory functions are non-Standard extensions and will be removed in the future. std::span (since C++20) and gsl::span can be used instead. You can define _SILENCE_STDEXT_ARR_ITERS_DEPRECATION_WARNING or _SILENCE_ALL_MS_EXT_DEPRECATION_WARNINGS to suppress this warning. [E:\C++\FlutterReflect\build\_deps\spdlog-build\spdlog.vcxproj]
C:\Program Files\Microsoft Visual Studio\2022\Community\VC\Tools\MSVC\14.38.33130\include\xutility(1277,12): warning C4996:         with [E:\C++\FlutterReflect\build\_deps\spdlog-build\spdlog.vcxproj]
C:\Program Files\Microsoft Visual Studio\2022\Community\VC\Tools\MSVC\14.38.33130\include\xutility(1277,12): warning C4996:         [ [E:\C++\FlutterReflect\build\_deps\spdlog-build\spdlog.vcxproj]
C:\Program Files\Microsoft Visual Studio\2022\Community\VC\Tools\MSVC\14.38.33130\include\xutility(1277,12): warning C4996:             T=fmt::v9::detail::bigint::bigit [E:\C++\FlutterReflect\build\_deps\spdlog-build\spdlog.vcxproj]
C:\Program Files\Microsoft Visual Studio\2022\Community\VC\Tools\MSVC\14.38.33130\include\xutility(1277,12): warning C4996:         ] [E:\C++\FlutterReflect\build\_deps\spdlog-build\spdlog.vcxproj]
  (compiling source file '../spdlog-src/src/async.cpp')
      C:\Program Files\Microsoft Visual Studio\2022\Community\VC\Tools\MSVC\14.38.33130\include\xutility(1277,12):
      the template instantiation context (the oldest one first) is
          E:\C++\FlutterReflect\build\_deps\spdlog-src\include\spdlog\fmt\bundled\format.h(2807,10):
          see reference to function template instantiation '_OutIt std::copy<const T*,stdext::checked_array_iterator<T *>>(_InIt,_InIt,_OutIt)' being compiled
          with
          [
              _OutIt=stdext::checked_array_iterator<fmt::v9::detail::bigint::bigit *>,
              T=fmt::v9::detail::bigint::bigit,
              _InIt=const fmt::v9::detail::bigint::bigit *
          ]
          C:\Program Files\Microsoft Visual Studio\2022\Community\VC\Tools\MSVC\14.38.33130\include\xutility(4611,5):
          see reference to function template instantiation 'void std::_Seek_wrapped<_OutIt,unsigned int*>(_Iter &,_UIter &&)' being compiled
          with
          [
              _OutIt=stdext::checked_array_iterator<fmt::v9::detail::bigint::bigit *>,
              _Iter=stdext::checked_array_iterator<fmt::v9::detail::bigint::bigit *>,
              _UIter=fmt::v9::detail::bigint::bigit *
          ]
  
C:\Program Files\Microsoft Visual Studio\2022\Community\VC\Tools\MSVC\14.38.33130\include\xutility(1141,31): warning C4996: 'stdext::checked_array_iterator<T *>': warning STL4043: stdext::checked_array_iterator, stdext::unchecked_array_iterator, and related factory functions are non-Standard extensions and will be removed in the future. std::span (since C++20) and gsl::span can be used instead. You can define _SILENCE_STDEXT_ARR_ITERS_DEPRECATION_WARNING or _SILENCE_ALL_MS_EXT_DEPRECATION_WARNINGS to suppress this warning. [E:\C++\FlutterReflect\build\_deps\spdlog-build\spdlog.vcxproj]
C:\Program Files\Microsoft Visual Studio\2022\Community\VC\Tools\MSVC\14.38.33130\include\xutility(1141,31): warning C4996:         with [E:\C++\FlutterReflect\build\_deps\spdlog-build\spdlog.vcxproj]
C:\Program Files\Microsoft Visual Studio\2022\Community\VC\Tools\MSVC\14.38.33130\include\xutility(1141,31): warning C4996:         [ [E:\C++\FlutterReflect\build\_deps\spdlog-build\spdlog.vcxproj]
C:\Program Files\Microsoft Visual Studio\2022\Community\VC\Tools\MSVC\14.38.33130\include\xutility(1141,31): warning C4996:             T=char [E:\C++\FlutterReflect\build\_deps\spdlog-build\spdlog.vcxproj]
C:\Program Files\Microsoft Visual Studio\2022\Community\VC\Tools\MSVC\14.38.33130\include\xutility(1141,31): warning C4996:         ] [E:\C++\FlutterReflect\build\_deps\spdlog-build\spdlog.vcxproj]
  (compiling source file '../spdlog-src/src/async.cpp')
      C:\Program Files\Microsoft Visual Studio\2022\Community\VC\Tools\MSVC\14.38.33130\include\iterator(1470,58):
      see declaration of 'stdext::checked_array_iterator'
      C:\Program Files\Microsoft Visual Studio\2022\Community\VC\Tools\MSVC\14.38.33130\include\xutility(1141,31):
      the template instantiation context (the oldest one first) is
          E:\C++\FlutterReflect\build\_deps\spdlog-src\include\spdlog\common.h(351,34):
          see reference to class template instantiation 'fmt::v9::basic_memory_buffer<char,250,std::allocator<char>>' being compiled
          E:\C++\FlutterReflect\build\_deps\spdlog-src\include\spdlog\fmt\bundled\format.h(912,18):
          while compiling class template member function 'void fmt::v9::basic_memory_buffer<char,250,std::allocator<char>>::grow(size_t)'
          E:\C++\FlutterReflect\build\_deps\spdlog-src\include\spdlog\fmt\bundled\format.h(925,8):
          see reference to function template instantiation '_NoThrowFwdIt std::uninitialized_copy<T*,stdext::checked_array_iterator<T *>>(const _InIt,const _InIt,_NoThrowFwdIt)' being compiled
          with
          [
              _NoThrowFwdIt=stdext::checked_array_iterator<char *>,
              T=char,
              _InIt=char *
          ]
          C:\Program Files\Microsoft Visual Studio\2022\Community\VC\Tools\MSVC\14.38.33130\include\xmemory(1919,25):
          see reference to function template instantiation 'decltype(auto) std::_Get_unwrapped_n<_NoThrowFwdIt&,__int64>(_Iter,const _Diff)' being compiled
          with
          [
              _NoThrowFwdIt=stdext::checked_array_iterator<char *>,
              _Iter=stdext::checked_array_iterator<char *> &,
              _Diff=__int64
          ]
          C:\Program Files\Microsoft Visual Studio\2022\Community\VC\Tools\MSVC\14.38.33130\include\xutility(1244,26):
          see reference to variable template 'const bool _Unwrappable_for_offset_v<stdext::checked_array_iterator<char *> &>' being compiled
          C:\Program Files\Microsoft Visual Studio\2022\Community\VC\Tools\MSVC\14.38.33130\include\xutility(1238,5):
          see reference to variable template 'const bool _Unwrappable_v<stdext::checked_array_iterator<char *> &,void>' being compiled
          C:\Program Files\Microsoft Visual Studio\2022\Community\VC\Tools\MSVC\14.38.33130\include\xutility(1165,5):
          see reference to variable template 'const bool _Allow_inheriting_unwrap_v<stdext::checked_array_iterator<char *>,void>' being compiled
  
C:\Program Files\Microsoft Visual Studio\2022\Community\VC\Tools\MSVC\14.38.33130\include\xutility(1141,22): warning C4996: 'stdext::checked_array_iterator<T *>::_Prevent_inheriting_unwrap': warning STL4043: stdext::checked_array_iterator, stdext::unchecked_array_iterator, and related factory functions are non-Standard extensions and will be removed in the future. std::span (since C++20) and gsl::span can be used instead. You can define _SILENCE_STDEXT_ARR_ITERS_DEPRECATION_WARNING or _SILENCE_ALL_MS_EXT_DEPRECATION_WARNINGS to suppress this warning. [E:\C++\FlutterReflect\build\_deps\spdlog-build\spdlog.vcxproj]
C:\Program Files\Microsoft Visual Studio\2022\Community\VC\Tools\MSVC\14.38.33130\include\xutility(1141,22): warning C4996:         with [E:\C++\FlutterReflect\build\_deps\spdlog-build\spdlog.vcxproj]
C:\Program Files\Microsoft Visual Studio\2022\Community\VC\Tools\MSVC\14.38.33130\include\xutility(1141,22): warning C4996:         [ [E:\C++\FlutterReflect\build\_deps\spdlog-build\spdlog.vcxproj]
C:\Program Files\Microsoft Visual Studio\2022\Community\VC\Tools\MSVC\14.38.33130\include\xutility(1141,22): warning C4996:             T=char [E:\C++\FlutterReflect\build\_deps\spdlog-build\spdlog.vcxproj]
C:\Program Files\Microsoft Visual Studio\2022\Community\VC\Tools\MSVC\14.38.33130\include\xutility(1141,22): warning C4996:         ] [E:\C++\FlutterReflect\build\_deps\spdlog-build\spdlog.vcxproj]
  (compiling source file '../spdlog-src/src/async.cpp')
  
C:\Program Files\Microsoft Visual Studio\2022\Community\VC\Tools\MSVC\14.38.33130\include\__msvc_iter_core.hpp(488,40): warning C4996: 'stdext::checked_array_iterator<T *>': warning STL4043: stdext::checked_array_iterator, stdext::unchecked_array_iterator, and related factory functions are non-Standard extensions and will be removed in the future. std::span (since C++20) and gsl::span can be used instead. You can define _SILENCE_STDEXT_ARR_ITERS_DEPRECATION_WARNING or _SILENCE_ALL_MS_EXT_DEPRECATION_WARNINGS to suppress this warning. [E:\C++\FlutterReflect\build\_deps\spdlog-build\spdlog.vcxproj]
C:\Program Files\Microsoft Visual Studio\2022\Community\VC\Tools\MSVC\14.38.33130\include\__msvc_iter_core.hpp(488,40): warning C4996:         with [E:\C++\FlutterReflect\build\_deps\spdlog-build\spdlog.vcxproj]
C:\Program Files\Microsoft Visual Studio\2022\Community\VC\Tools\MSVC\14.38.33130\include\__msvc_iter_core.hpp(488,40): warning C4996:         [ [E:\C++\FlutterReflect\build\_deps\spdlog-build\spdlog.vcxproj]
C:\Program Files\Microsoft Visual Studio\2022\Community\VC\Tools\MSVC\14.38.33130\include\__msvc_iter_core.hpp(488,40): warning C4996:             T=char [E:\C++\FlutterReflect\build\_deps\spdlog-build\spdlog.vcxproj]
C:\Program Files\Microsoft Visual Studio\2022\Community\VC\Tools\MSVC\14.38.33130\include\__msvc_iter_core.hpp(488,40): warning C4996:         ] [E:\C++\FlutterReflect\build\_deps\spdlog-build\spdlog.vcxproj]
  (compiling source file '../spdlog-src/src/async.cpp')
      C:\Program Files\Microsoft Visual Studio\2022\Community\VC\Tools\MSVC\14.38.33130\include\iterator(1470,58):
      see declaration of 'stdext::checked_array_iterator'
      C:\Program Files\Microsoft Visual Studio\2022\Community\VC\Tools\MSVC\14.38.33130\include\__msvc_iter_core.hpp(488,40):
      the template instantiation context (the oldest one first) is
          C:\Program Files\Microsoft Visual Studio\2022\Community\VC\Tools\MSVC\14.38.33130\include\xutility(1233,93):
          see reference to alias template instantiation 'std::_Iter_diff_t<_Iter>' being compiled
          with
          [
              _Iter=stdext::checked_array_iterator<char *>
          ]
          C:\Program Files\Microsoft Visual Studio\2022\Community\VC\Tools\MSVC\14.38.33130\include\xutility(1238,5):
          see reference to class template instantiation 'std::iterator_traits<_Iter>' being compiled
          with
          [
              _Iter=stdext::checked_array_iterator<char *>
          ]
          C:\Program Files\Microsoft Visual Studio\2022\Community\VC\Tools\MSVC\14.38.33130\include\__msvc_iter_core.hpp(508,26):
          see reference to class template instantiation 'std::_Iterator_traits_base<_Iter,void>' being compiled
          with
          [
              _Iter=stdext::checked_array_iterator<char *>
          ]
  
C:\Program Files\Microsoft Visual Studio\2022\Community\VC\Tools\MSVC\14.38.33130\include\__msvc_iter_core.hpp(488,31): warning C4996: 'stdext::checked_array_iterator<T *>::iterator_category': warning STL4043: stdext::checked_array_iterator, stdext::unchecked_array_iterator, and related factory functions are non-Standard extensions and will be removed in the future. std::span (since C++20) and gsl::span can be used instead. You can define _SILENCE_STDEXT_ARR_ITERS_DEPRECATION_WARNING or _SILENCE_ALL_MS_EXT_DEPRECATION_WARNINGS to suppress this warning. [E:\C++\FlutterReflect\build\_deps\spdlog-build\spdlog.vcxproj]
C:\Program Files\Microsoft Visual Studio\2022\Community\VC\Tools\MSVC\14.38.33130\include\__msvc_iter_core.hpp(488,31): warning C4996:         with [E:\C++\FlutterReflect\build\_deps\spdlog-build\spdlog.vcxproj]
C:\Program Files\Microsoft Visual Studio\2022\Community\VC\Tools\MSVC\14.38.33130\include\__msvc_iter_core.hpp(488,31): warning C4996:         [ [E:\C++\FlutterReflect\build\_deps\spdlog-build\spdlog.vcxproj]
C:\Program Files\Microsoft Visual Studio\2022\Community\VC\Tools\MSVC\14.38.33130\include\__msvc_iter_core.hpp(488,31): warning C4996:             T=char [E:\C++\FlutterReflect\build\_deps\spdlog-build\spdlog.vcxproj]
C:\Program Files\Microsoft Visual Studio\2022\Community\VC\Tools\MSVC\14.38.33130\include\__msvc_iter_core.hpp(488,31): warning C4996:         ] [E:\C++\FlutterReflect\build\_deps\spdlog-build\spdlog.vcxproj]
  (compiling source file '../spdlog-src/src/async.cpp')
  
C:\Program Files\Microsoft Visual Studio\2022\Community\VC\Tools\MSVC\14.38.33130\include\__msvc_iter_core.hpp(489,40): warning C4996: 'stdext::checked_array_iterator<T *>': warning STL4043: stdext::checked_array_iterator, stdext::unchecked_array_iterator, and related factory functions are non-Standard extensions and will be removed in the future. std::span (since C++20) and gsl::span can be used instead. You can define _SILENCE_STDEXT_ARR_ITERS_DEPRECATION_WARNING or _SILENCE_ALL_MS_EXT_DEPRECATION_WARNINGS to suppress this warning. [E:\C++\FlutterReflect\build\_deps\spdlog-build\spdlog.vcxproj]
C:\Program Files\Microsoft Visual Studio\2022\Community\VC\Tools\MSVC\14.38.33130\include\__msvc_iter_core.hpp(489,40): warning C4996:         with [E:\C++\FlutterReflect\build\_deps\spdlog-build\spdlog.vcxproj]
C:\Program Files\Microsoft Visual Studio\2022\Community\VC\Tools\MSVC\14.38.33130\include\__msvc_iter_core.hpp(489,40): warning C4996:         [ [E:\C++\FlutterReflect\build\_deps\spdlog-build\spdlog.vcxproj]
C:\Program Files\Microsoft Visual Studio\2022\Community\VC\Tools\MSVC\14.38.33130\include\__msvc_iter_core.hpp(489,40): warning C4996:             T=char [E:\C++\FlutterReflect\build\_deps\spdlog-build\spdlog.vcxproj]
C:\Program Files\Microsoft Visual Studio\2022\Community\VC\Tools\MSVC\14.38.33130\include\__msvc_iter_core.hpp(489,40): warning C4996:         ] [E:\C++\FlutterReflect\build\_deps\spdlog-build\spdlog.vcxproj]
  (compiling source file '../spdlog-src/src/async.cpp')
      C:\Program Files\Microsoft Visual Studio\2022\Community\VC\Tools\MSVC\14.38.33130\include\iterator(1470,58):
      see declaration of 'stdext::checked_array_iterator'
  
C:\Program Files\Microsoft Visual Studio\2022\Community\VC\Tools\MSVC\14.38.33130\include\__msvc_iter_core.hpp(489,31): warning C4996: 'stdext::checked_array_iterator<T *>::value_type': warning STL4043: stdext::checked_array_iterator, stdext::unchecked_array_iterator, and related factory functions are non-Standard extensions and will be removed in the future. std::span (since C++20) and gsl::span can be used instead. You can define _SILENCE_STDEXT_ARR_ITERS_DEPRECATION_WARNING or _SILENCE_ALL_MS_EXT_DEPRECATION_WARNINGS to suppress this warning. [E:\C++\FlutterReflect\build\_deps\spdlog-build\spdlog.vcxproj]
C:\Program Files\Microsoft Visual Studio\2022\Community\VC\Tools\MSVC\14.38.33130\include\__msvc_iter_core.hpp(489,31): warning C4996:         with [E:\C++\FlutterReflect\build\_deps\spdlog-build\spdlog.vcxproj]
C:\Program Files\Microsoft Visual Studio\2022\Community\VC\Tools\MSVC\14.38.33130\include\__msvc_iter_core.hpp(489,31): warning C4996:         [ [E:\C++\FlutterReflect\build\_deps\spdlog-build\spdlog.vcxproj]
C:\Program Files\Microsoft Visual Studio\2022\Community\VC\Tools\MSVC\14.38.33130\include\__msvc_iter_core.hpp(489,31): warning C4996:             T=char [E:\C++\FlutterReflect\build\_deps\spdlog-build\spdlog.vcxproj]
C:\Program Files\Microsoft Visual Studio\2022\Community\VC\Tools\MSVC\14.38.33130\include\__msvc_iter_core.hpp(489,31): warning C4996:         ] [E:\C++\FlutterReflect\build\_deps\spdlog-build\spdlog.vcxproj]
  (compiling source file '../spdlog-src/src/async.cpp')
  
C:\Program Files\Microsoft Visual Studio\2022\Community\VC\Tools\MSVC\14.38.33130\include\__msvc_iter_core.hpp(490,40): warning C4996: 'stdext::checked_array_iterator<T *>': warning STL4043: stdext::checked_array_iterator, stdext::unchecked_array_iterator, and related factory functions are non-Standard extensions and will be removed in the future. std::span (since C++20) and gsl::span can be used instead. You can define _SILENCE_STDEXT_ARR_ITERS_DEPRECATION_WARNING or _SILENCE_ALL_MS_EXT_DEPRECATION_WARNINGS to suppress this warning. [E:\C++\FlutterReflect\build\_deps\spdlog-build\spdlog.vcxproj]
C:\Program Files\Microsoft Visual Studio\2022\Community\VC\Tools\MSVC\14.38.33130\include\__msvc_iter_core.hpp(490,40): warning C4996:         with [E:\C++\FlutterReflect\build\_deps\spdlog-build\spdlog.vcxproj]
C:\Program Files\Microsoft Visual Studio\2022\Community\VC\Tools\MSVC\14.38.33130\include\__msvc_iter_core.hpp(490,40): warning C4996:         [ [E:\C++\FlutterReflect\build\_deps\spdlog-build\spdlog.vcxproj]
C:\Program Files\Microsoft Visual Studio\2022\Community\VC\Tools\MSVC\14.38.33130\include\__msvc_iter_core.hpp(490,40): warning C4996:             T=char [E:\C++\FlutterReflect\build\_deps\spdlog-build\spdlog.vcxproj]
C:\Program Files\Microsoft Visual Studio\2022\Community\VC\Tools\MSVC\14.38.33130\include\__msvc_iter_core.hpp(490,40): warning C4996:         ] [E:\C++\FlutterReflect\build\_deps\spdlog-build\spdlog.vcxproj]
  (compiling source file '../spdlog-src/src/async.cpp')
      C:\Program Files\Microsoft Visual Studio\2022\Community\VC\Tools\MSVC\14.38.33130\include\iterator(1470,58):
      see declaration of 'stdext::checked_array_iterator'
  
C:\Program Files\Microsoft Visual Studio\2022\Community\VC\Tools\MSVC\14.38.33130\include\__msvc_iter_core.hpp(490,31): warning C4996: 'stdext::checked_array_iterator<T *>::difference_type': warning STL4043: stdext::checked_array_iterator, stdext::unchecked_array_iterator, and related factory functions are non-Standard extensions and will be removed in the future. std::span (since C++20) and gsl::span can be used instead. You can define _SILENCE_STDEXT_ARR_ITERS_DEPRECATION_WARNING or _SILENCE_ALL_MS_EXT_DEPRECATION_WARNINGS to suppress this warning. [E:\C++\FlutterReflect\build\_deps\spdlog-build\spdlog.vcxproj]
C:\Program Files\Microsoft Visual Studio\2022\Community\VC\Tools\MSVC\14.38.33130\include\__msvc_iter_core.hpp(490,31): warning C4996:         with [E:\C++\FlutterReflect\build\_deps\spdlog-build\spdlog.vcxproj]
C:\Program Files\Microsoft Visual Studio\2022\Community\VC\Tools\MSVC\14.38.33130\include\__msvc_iter_core.hpp(490,31): warning C4996:         [ [E:\C++\FlutterReflect\build\_deps\spdlog-build\spdlog.vcxproj]
C:\Program Files\Microsoft Visual Studio\2022\Community\VC\Tools\MSVC\14.38.33130\include\__msvc_iter_core.hpp(490,31): warning C4996:             T=char [E:\C++\FlutterReflect\build\_deps\spdlog-build\spdlog.vcxproj]
C:\Program Files\Microsoft Visual Studio\2022\Community\VC\Tools\MSVC\14.38.33130\include\__msvc_iter_core.hpp(490,31): warning C4996:         ] [E:\C++\FlutterReflect\build\_deps\spdlog-build\spdlog.vcxproj]
  (compiling source file '../spdlog-src/src/async.cpp')
  
C:\Program Files\Microsoft Visual Studio\2022\Community\VC\Tools\MSVC\14.38.33130\include\__msvc_iter_core.hpp(491,40): warning C4996: 'stdext::checked_array_iterator<T *>': warning STL4043: stdext::checked_array_iterator, stdext::unchecked_array_iterator, and related factory functions are non-Standard extensions and will be removed in the future. std::span (since C++20) and gsl::span can be used instead. You can define _SILENCE_STDEXT_ARR_ITERS_DEPRECATION_WARNING or _SILENCE_ALL_MS_EXT_DEPRECATION_WARNINGS to suppress this warning. [E:\C++\FlutterReflect\build\_deps\spdlog-build\spdlog.vcxproj]
C:\Program Files\Microsoft Visual Studio\2022\Community\VC\Tools\MSVC\14.38.33130\include\__msvc_iter_core.hpp(491,40): warning C4996:         with [E:\C++\FlutterReflect\build\_deps\spdlog-build\spdlog.vcxproj]
C:\Program Files\Microsoft Visual Studio\2022\Community\VC\Tools\MSVC\14.38.33130\include\__msvc_iter_core.hpp(491,40): warning C4996:         [ [E:\C++\FlutterReflect\build\_deps\spdlog-build\spdlog.vcxproj]
C:\Program Files\Microsoft Visual Studio\2022\Community\VC\Tools\MSVC\14.38.33130\include\__msvc_iter_core.hpp(491,40): warning C4996:             T=char [E:\C++\FlutterReflect\build\_deps\spdlog-build\spdlog.vcxproj]
C:\Program Files\Microsoft Visual Studio\2022\Community\VC\Tools\MSVC\14.38.33130\include\__msvc_iter_core.hpp(491,40): warning C4996:         ] [E:\C++\FlutterReflect\build\_deps\spdlog-build\spdlog.vcxproj]
  (compiling source file '../spdlog-src/src/async.cpp')
      C:\Program Files\Microsoft Visual Studio\2022\Community\VC\Tools\MSVC\14.38.33130\include\iterator(1470,58):
      see declaration of 'stdext::checked_array_iterator'
  
C:\Program Files\Microsoft Visual Studio\2022\Community\VC\Tools\MSVC\14.38.33130\include\__msvc_iter_core.hpp(491,31): warning C4996: 'stdext::checked_array_iterator<T *>::pointer': warning STL4043: stdext::checked_array_iterator, stdext::unchecked_array_iterator, and related factory functions are non-Standard extensions and will be removed in the future. std::span (since C++20) and gsl::span can be used instead. You can define _SILENCE_STDEXT_ARR_ITERS_DEPRECATION_WARNING or _SILENCE_ALL_MS_EXT_DEPRECATION_WARNINGS to suppress this warning. [E:\C++\FlutterReflect\build\_deps\spdlog-build\spdlog.vcxproj]
C:\Program Files\Microsoft Visual Studio\2022\Community\VC\Tools\MSVC\14.38.33130\include\__msvc_iter_core.hpp(491,31): warning C4996:         with [E:\C++\FlutterReflect\build\_deps\spdlog-build\spdlog.vcxproj]
C:\Program Files\Microsoft Visual Studio\2022\Community\VC\Tools\MSVC\14.38.33130\include\__msvc_iter_core.hpp(491,31): warning C4996:         [ [E:\C++\FlutterReflect\build\_deps\spdlog-build\spdlog.vcxproj]
C:\Program Files\Microsoft Visual Studio\2022\Community\VC\Tools\MSVC\14.38.33130\include\__msvc_iter_core.hpp(491,31): warning C4996:             T=char [E:\C++\FlutterReflect\build\_deps\spdlog-build\spdlog.vcxproj]
C:\Program Files\Microsoft Visual Studio\2022\Community\VC\Tools\MSVC\14.38.33130\include\__msvc_iter_core.hpp(491,31): warning C4996:         ] [E:\C++\FlutterReflect\build\_deps\spdlog-build\spdlog.vcxproj]
  (compiling source file '../spdlog-src/src/async.cpp')
  
C:\Program Files\Microsoft Visual Studio\2022\Community\VC\Tools\MSVC\14.38.33130\include\__msvc_iter_core.hpp(492,40): warning C4996: 'stdext::checked_array_iterator<T *>': warning STL4043: stdext::checked_array_iterator, stdext::unchecked_array_iterator, and related factory functions are non-Standard extensions and will be removed in the future. std::span (since C++20) and gsl::span can be used instead. You can define _SILENCE_STDEXT_ARR_ITERS_DEPRECATION_WARNING or _SILENCE_ALL_MS_EXT_DEPRECATION_WARNINGS to suppress this warning. [E:\C++\FlutterReflect\build\_deps\spdlog-build\spdlog.vcxproj]
C:\Program Files\Microsoft Visual Studio\2022\Community\VC\Tools\MSVC\14.38.33130\include\__msvc_iter_core.hpp(492,40): warning C4996:         with [E:\C++\FlutterReflect\build\_deps\spdlog-build\spdlog.vcxproj]
C:\Program Files\Microsoft Visual Studio\2022\Community\VC\Tools\MSVC\14.38.33130\include\__msvc_iter_core.hpp(492,40): warning C4996:         [ [E:\C++\FlutterReflect\build\_deps\spdlog-build\spdlog.vcxproj]
C:\Program Files\Microsoft Visual Studio\2022\Community\VC\Tools\MSVC\14.38.33130\include\__msvc_iter_core.hpp(492,40): warning C4996:             T=char [E:\C++\FlutterReflect\build\_deps\spdlog-build\spdlog.vcxproj]
C:\Program Files\Microsoft Visual Studio\2022\Community\VC\Tools\MSVC\14.38.33130\include\__msvc_iter_core.hpp(492,40): warning C4996:         ] [E:\C++\FlutterReflect\build\_deps\spdlog-build\spdlog.vcxproj]
  (compiling source file '../spdlog-src/src/async.cpp')
      C:\Program Files\Microsoft Visual Studio\2022\Community\VC\Tools\MSVC\14.38.33130\include\iterator(1470,58):
      see declaration of 'stdext::checked_array_iterator'
  
C:\Program Files\Microsoft Visual Studio\2022\Community\VC\Tools\MSVC\14.38.33130\include\__msvc_iter_core.hpp(492,31): warning C4996: 'stdext::checked_array_iterator<T *>::reference': warning STL4043: stdext::checked_array_iterator, stdext::unchecked_array_iterator, and related factory functions are non-Standard extensions and will be removed in the future. std::span (since C++20) and gsl::span can be used instead. You can define _SILENCE_STDEXT_ARR_ITERS_DEPRECATION_WARNING or _SILENCE_ALL_MS_EXT_DEPRECATION_WARNINGS to suppress this warning. [E:\C++\FlutterReflect\build\_deps\spdlog-build\spdlog.vcxproj]
C:\Program Files\Microsoft Visual Studio\2022\Community\VC\Tools\MSVC\14.38.33130\include\__msvc_iter_core.hpp(492,31): warning C4996:         with [E:\C++\FlutterReflect\build\_deps\spdlog-build\spdlog.vcxproj]
C:\Program Files\Microsoft Visual Studio\2022\Community\VC\Tools\MSVC\14.38.33130\include\__msvc_iter_core.hpp(492,31): warning C4996:         [ [E:\C++\FlutterReflect\build\_deps\spdlog-build\spdlog.vcxproj]
C:\Program Files\Microsoft Visual Studio\2022\Community\VC\Tools\MSVC\14.38.33130\include\__msvc_iter_core.hpp(492,31): warning C4996:             T=char [E:\C++\FlutterReflect\build\_deps\spdlog-build\spdlog.vcxproj]
C:\Program Files\Microsoft Visual Studio\2022\Community\VC\Tools\MSVC\14.38.33130\include\__msvc_iter_core.hpp(492,31): warning C4996:         ] [E:\C++\FlutterReflect\build\_deps\spdlog-build\spdlog.vcxproj]
  (compiling source file '../spdlog-src/src/async.cpp')
  
C:\Program Files\Microsoft Visual Studio\2022\Community\VC\Tools\MSVC\14.38.33130\include\xutility(1255,12): warning C4996: 'stdext::checked_array_iterator<T *>::_Verify_offset': warning STL4043: stdext::checked_array_iterator, stdext::unchecked_array_iterator, and related factory functions are non-Standard extensions and will be removed in the future. std::span (since C++20) and gsl::span can be used instead. You can define _SILENCE_STDEXT_ARR_ITERS_DEPRECATION_WARNING or _SILENCE_ALL_MS_EXT_DEPRECATION_WARNINGS to suppress this warning. [E:\C++\FlutterReflect\build\_deps\spdlog-build\spdlog.vcxproj]
C:\Program Files\Microsoft Visual Studio\2022\Community\VC\Tools\MSVC\14.38.33130\include\xutility(1255,12): warning C4996:         with [E:\C++\FlutterReflect\build\_deps\spdlog-build\spdlog.vcxproj]
C:\Program Files\Microsoft Visual Studio\2022\Community\VC\Tools\MSVC\14.38.33130\include\xutility(1255,12): warning C4996:         [ [E:\C++\FlutterReflect\build\_deps\spdlog-build\spdlog.vcxproj]
C:\Program Files\Microsoft Visual Studio\2022\Community\VC\Tools\MSVC\14.38.33130\include\xutility(1255,12): warning C4996:             T=char [E:\C++\FlutterReflect\build\_deps\spdlog-build\spdlog.vcxproj]
C:\Program Files\Microsoft Visual Studio\2022\Community\VC\Tools\MSVC\14.38.33130\include\xutility(1255,12): warning C4996:         ] [E:\C++\FlutterReflect\build\_deps\spdlog-build\spdlog.vcxproj]
  (compiling source file '../spdlog-src/src/async.cpp')
  
C:\Program Files\Microsoft Visual Studio\2022\Community\VC\Tools\MSVC\14.38.33130\include\xutility(1256,41): warning C4996: 'stdext::checked_array_iterator<T *>::_Unwrapped': warning STL4043: stdext::checked_array_iterator, stdext::unchecked_array_iterator, and related factory functions are non-Standard extensions and will be removed in the future. std::span (since C++20) and gsl::span can be used instead. You can define _SILENCE_STDEXT_ARR_ITERS_DEPRECATION_WARNING or _SILENCE_ALL_MS_EXT_DEPRECATION_WARNINGS to suppress this warning. [E:\C++\FlutterReflect\build\_deps\spdlog-build\spdlog.vcxproj]
C:\Program Files\Microsoft Visual Studio\2022\Community\VC\Tools\MSVC\14.38.33130\include\xutility(1256,41): warning C4996:         with [E:\C++\FlutterReflect\build\_deps\spdlog-build\spdlog.vcxproj]
C:\Program Files\Microsoft Visual Studio\2022\Community\VC\Tools\MSVC\14.38.33130\include\xutility(1256,41): warning C4996:         [ [E:\C++\FlutterReflect\build\_deps\spdlog-build\spdlog.vcxproj]
C:\Program Files\Microsoft Visual Studio\2022\Community\VC\Tools\MSVC\14.38.33130\include\xutility(1256,41): warning C4996:             T=char [E:\C++\FlutterReflect\build\_deps\spdlog-build\spdlog.vcxproj]
C:\Program Files\Microsoft Visual Studio\2022\Community\VC\Tools\MSVC\14.38.33130\include\xutility(1256,41): warning C4996:         ] [E:\C++\FlutterReflect\build\_deps\spdlog-build\spdlog.vcxproj]
  (compiling source file '../spdlog-src/src/async.cpp')
  
C:\Program Files\Microsoft Visual Studio\2022\Community\VC\Tools\MSVC\14.38.33130\include\xutility(1277,12): warning C4996: 'stdext::checked_array_iterator<T *>::_Seek_to': warning STL4043: stdext::checked_array_iterator, stdext::unchecked_array_iterator, and related factory functions are non-Standard extensions and will be removed in the future. std::span (since C++20) and gsl::span can be used instead. You can define _SILENCE_STDEXT_ARR_ITERS_DEPRECATION_WARNING or _SILENCE_ALL_MS_EXT_DEPRECATION_WARNINGS to suppress this warning. [E:\C++\FlutterReflect\build\_deps\spdlog-build\spdlog.vcxproj]
C:\Program Files\Microsoft Visual Studio\2022\Community\VC\Tools\MSVC\14.38.33130\include\xutility(1277,12): warning C4996:         with [E:\C++\FlutterReflect\build\_deps\spdlog-build\spdlog.vcxproj]
C:\Program Files\Microsoft Visual Studio\2022\Community\VC\Tools\MSVC\14.38.33130\include\xutility(1277,12): warning C4996:         [ [E:\C++\FlutterReflect\build\_deps\spdlog-build\spdlog.vcxproj]
C:\Program Files\Microsoft Visual Studio\2022\Community\VC\Tools\MSVC\14.38.33130\include\xutility(1277,12): warning C4996:             T=wchar_t [E:\C++\FlutterReflect\build\_deps\spdlog-build\spdlog.vcxproj]
C:\Program Files\Microsoft Visual Studio\2022\Community\VC\Tools\MSVC\14.38.33130\include\xutility(1277,12): warning C4996:         ] [E:\C++\FlutterReflect\build\_deps\spdlog-build\spdlog.vcxproj]
  (compiling source file '../spdlog-src/src/file_sinks.cpp')
      C:\Program Files\Microsoft Visual Studio\2022\Community\VC\Tools\MSVC\14.38.33130\include\xutility(1277,12):
      the template instantiation context (the oldest one first) is
          E:\C++\FlutterReflect\build\_deps\spdlog-src\include\spdlog\fmt\bundled\format.h(925,8):
          see reference to function template instantiation '_NoThrowFwdIt std::uninitialized_copy<T*,stdext::checked_array_iterator<T *>>(const _InIt,const _InIt,_NoThrowFwdIt)' being compiled
          with
          [
              _NoThrowFwdIt=stdext::checked_array_iterator<wchar_t *>,
              T=wchar_t,
              _InIt=wchar_t *
          ]
          C:\Program Files\Microsoft Visual Studio\2022\Community\VC\Tools\MSVC\14.38.33130\include\xmemory(1920,5):
          see reference to function template instantiation 'void std::_Seek_wrapped<_NoThrowFwdIt,wchar_t*>(_Iter &,_UIter &&)' being compiled
          with
          [
              _NoThrowFwdIt=stdext::checked_array_iterator<wchar_t *>,
              _Iter=stdext::checked_array_iterator<wchar_t *>,
              _UIter=wchar_t *
          ]
  
C:\Program Files\Microsoft Visual Studio\2022\Community\VC\Tools\MSVC\14.38.33130\include\xutility(1277,12): warning C4996: 'stdext::checked_array_iterator<T *>::_Seek_to': warning STL4043: stdext::checked_array_iterator, stdext::unchecked_array_iterator, and related factory functions are non-Standard extensions and will be removed in the future. std::span (since C++20) and gsl::span can be used instead. You can define _SILENCE_STDEXT_ARR_ITERS_DEPRECATION_WARNING or _SILENCE_ALL_MS_EXT_DEPRECATION_WARNINGS to suppress this warning. [E:\C++\FlutterReflect\build\_deps\spdlog-build\spdlog.vcxproj]
C:\Program Files\Microsoft Visual Studio\2022\Community\VC\Tools\MSVC\14.38.33130\include\xutility(1277,12): warning C4996:         with [E:\C++\FlutterReflect\build\_deps\spdlog-build\spdlog.vcxproj]
C:\Program Files\Microsoft Visual Studio\2022\Community\VC\Tools\MSVC\14.38.33130\include\xutility(1277,12): warning C4996:         [ [E:\C++\FlutterReflect\build\_deps\spdlog-build\spdlog.vcxproj]
C:\Program Files\Microsoft Visual Studio\2022\Community\VC\Tools\MSVC\14.38.33130\include\xutility(1277,12): warning C4996:             T=wchar_t [E:\C++\FlutterReflect\build\_deps\spdlog-build\spdlog.vcxproj]
C:\Program Files\Microsoft Visual Studio\2022\Community\VC\Tools\MSVC\14.38.33130\include\xutility(1277,12): warning C4996:         ] [E:\C++\FlutterReflect\build\_deps\spdlog-build\spdlog.vcxproj]
  (compiling source file '../spdlog-src/src/async.cpp')
      C:\Program Files\Microsoft Visual Studio\2022\Community\VC\Tools\MSVC\14.38.33130\include\xutility(1277,12):
      the template instantiation context (the oldest one first) is
          E:\C++\FlutterReflect\build\_deps\spdlog-src\include\spdlog\fmt\bundled\format.h(925,8):
          see reference to function template instantiation '_NoThrowFwdIt std::uninitialized_copy<T*,stdext::checked_array_iterator<T *>>(const _InIt,const _InIt,_NoThrowFwdIt)' being compiled
          with
          [
              _NoThrowFwdIt=stdext::checked_array_iterator<wchar_t *>,
              T=wchar_t,
              _InIt=wchar_t *
          ]
          C:\Program Files\Microsoft Visual Studio\2022\Community\VC\Tools\MSVC\14.38.33130\include\xmemory(1920,5):
          see reference to function template instantiation 'void std::_Seek_wrapped<_NoThrowFwdIt,wchar_t*>(_Iter &,_UIter &&)' being compiled
          with
          [
              _NoThrowFwdIt=stdext::checked_array_iterator<wchar_t *>,
              _Iter=stdext::checked_array_iterator<wchar_t *>,
              _UIter=wchar_t *
          ]
  
C:\Program Files\Microsoft Visual Studio\2022\Community\VC\Tools\MSVC\14.38.33130\include\xutility(1141,31): warning C4996: 'stdext::checked_array_iterator<T *>': warning STL4043: stdext::checked_array_iterator, stdext::unchecked_array_iterator, and related factory functions are non-Standard extensions and will be removed in the future. std::span (since C++20) and gsl::span can be used instead. You can define _SILENCE_STDEXT_ARR_ITERS_DEPRECATION_WARNING or _SILENCE_ALL_MS_EXT_DEPRECATION_WARNINGS to suppress this warning. [E:\C++\FlutterReflect\build\_deps\spdlog-build\spdlog.vcxproj]
C:\Program Files\Microsoft Visual Studio\2022\Community\VC\Tools\MSVC\14.38.33130\include\xutility(1141,31): warning C4996:         with [E:\C++\FlutterReflect\build\_deps\spdlog-build\spdlog.vcxproj]
C:\Program Files\Microsoft Visual Studio\2022\Community\VC\Tools\MSVC\14.38.33130\include\xutility(1141,31): warning C4996:         [ [E:\C++\FlutterReflect\build\_deps\spdlog-build\spdlog.vcxproj]
C:\Program Files\Microsoft Visual Studio\2022\Community\VC\Tools\MSVC\14.38.33130\include\xutility(1141,31): warning C4996:             T=wchar_t [E:\C++\FlutterReflect\build\_deps\spdlog-build\spdlog.vcxproj]
C:\Program Files\Microsoft Visual Studio\2022\Community\VC\Tools\MSVC\14.38.33130\include\xutility(1141,31): warning C4996:         ] [E:\C++\FlutterReflect\build\_deps\spdlog-build\spdlog.vcxproj]
  (compiling source file '../spdlog-src/src/cfg.cpp')
      C:\Program Files\Microsoft Visual Studio\2022\Community\VC\Tools\MSVC\14.38.33130\include\iterator(1470,58):
      see declaration of 'stdext::checked_array_iterator'
      C:\Program Files\Microsoft Visual Studio\2022\Community\VC\Tools\MSVC\14.38.33130\include\xutility(1141,31):
      the template instantiation context (the oldest one first) is
          E:\C++\FlutterReflect\build\_deps\spdlog-src\include\spdlog\fmt\bundled\format.h(1276,32):
          see reference to class template instantiation 'fmt::v9::basic_memory_buffer<wchar_t,500,std::allocator<wchar_t>>' being compiled
          E:\C++\FlutterReflect\build\_deps\spdlog-src\include\spdlog\fmt\bundled\format.h(912,18):
          while compiling class template member function 'void fmt::v9::basic_memory_buffer<wchar_t,500,std::allocator<wchar_t>>::grow(size_t)'
          E:\C++\FlutterReflect\build\_deps\spdlog-src\include\spdlog\fmt\bundled\format.h(925,8):
          see reference to function template instantiation '_NoThrowFwdIt std::uninitialized_copy<T*,stdext::checked_array_iterator<T *>>(const _InIt,const _InIt,_NoThrowFwdIt)' being compiled
          with
          [
              _NoThrowFwdIt=stdext::checked_array_iterator<wchar_t *>,
              T=wchar_t,
              _InIt=wchar_t *
          ]
          C:\Program Files\Microsoft Visual Studio\2022\Community\VC\Tools\MSVC\14.38.33130\include\xmemory(1919,25):
          see reference to function template instantiation 'decltype(auto) std::_Get_unwrapped_n<_NoThrowFwdIt&,__int64>(_Iter,const _Diff)' being compiled
          with
          [
              _NoThrowFwdIt=stdext::checked_array_iterator<wchar_t *>,
              _Iter=stdext::checked_array_iterator<wchar_t *> &,
              _Diff=__int64
          ]
          C:\Program Files\Microsoft Visual Studio\2022\Community\VC\Tools\MSVC\14.38.33130\include\xutility(1244,26):
          see reference to variable template 'const bool _Unwrappable_for_offset_v<stdext::checked_array_iterator<wchar_t *> &>' being compiled
          C:\Program Files\Microsoft Visual Studio\2022\Community\VC\Tools\MSVC\14.38.33130\include\xutility(1238,5):
          see reference to variable template 'const bool _Unwrappable_v<stdext::checked_array_iterator<wchar_t *> &,void>' being compiled
          C:\Program Files\Microsoft Visual Studio\2022\Community\VC\Tools\MSVC\14.38.33130\include\xutility(1165,5):
          see reference to variable template 'const bool _Allow_inheriting_unwrap_v<stdext::checked_array_iterator<wchar_t *>,void>' being compiled
  
C:\Program Files\Microsoft Visual Studio\2022\Community\VC\Tools\MSVC\14.38.33130\include\xutility(1141,22): warning C4996: 'stdext::checked_array_iterator<T *>::_Prevent_inheriting_unwrap': warning STL4043: stdext::checked_array_iterator, stdext::unchecked_array_iterator, and related factory functions are non-Standard extensions and will be removed in the future. std::span (since C++20) and gsl::span can be used instead. You can define _SILENCE_STDEXT_ARR_ITERS_DEPRECATION_WARNING or _SILENCE_ALL_MS_EXT_DEPRECATION_WARNINGS to suppress this warning. [E:\C++\FlutterReflect\build\_deps\spdlog-build\spdlog.vcxproj]
C:\Program Files\Microsoft Visual Studio\2022\Community\VC\Tools\MSVC\14.38.33130\include\xutility(1141,22): warning C4996:         with [E:\C++\FlutterReflect\build\_deps\spdlog-build\spdlog.vcxproj]
C:\Program Files\Microsoft Visual Studio\2022\Community\VC\Tools\MSVC\14.38.33130\include\xutility(1141,22): warning C4996:         [ [E:\C++\FlutterReflect\build\_deps\spdlog-build\spdlog.vcxproj]
C:\Program Files\Microsoft Visual Studio\2022\Community\VC\Tools\MSVC\14.38.33130\include\xutility(1141,22): warning C4996:             T=wchar_t [E:\C++\FlutterReflect\build\_deps\spdlog-build\spdlog.vcxproj]
C:\Program Files\Microsoft Visual Studio\2022\Community\VC\Tools\MSVC\14.38.33130\include\xutility(1141,22): warning C4996:         ] [E:\C++\FlutterReflect\build\_deps\spdlog-build\spdlog.vcxproj]
  (compiling source file '../spdlog-src/src/cfg.cpp')
  
C:\Program Files\Microsoft Visual Studio\2022\Community\VC\Tools\MSVC\14.38.33130\include\__msvc_iter_core.hpp(488,40): warning C4996: 'stdext::checked_array_iterator<T *>': warning STL4043: stdext::checked_array_iterator, stdext::unchecked_array_iterator, and related factory functions are non-Standard extensions and will be removed in the future. std::span (since C++20) and gsl::span can be used instead. You can define _SILENCE_STDEXT_ARR_ITERS_DEPRECATION_WARNING or _SILENCE_ALL_MS_EXT_DEPRECATION_WARNINGS to suppress this warning. [E:\C++\FlutterReflect\build\_deps\spdlog-build\spdlog.vcxproj]
C:\Program Files\Microsoft Visual Studio\2022\Community\VC\Tools\MSVC\14.38.33130\include\__msvc_iter_core.hpp(488,40): warning C4996:         with [E:\C++\FlutterReflect\build\_deps\spdlog-build\spdlog.vcxproj]
C:\Program Files\Microsoft Visual Studio\2022\Community\VC\Tools\MSVC\14.38.33130\include\__msvc_iter_core.hpp(488,40): warning C4996:         [ [E:\C++\FlutterReflect\build\_deps\spdlog-build\spdlog.vcxproj]
C:\Program Files\Microsoft Visual Studio\2022\Community\VC\Tools\MSVC\14.38.33130\include\__msvc_iter_core.hpp(488,40): warning C4996:             T=wchar_t [E:\C++\FlutterReflect\build\_deps\spdlog-build\spdlog.vcxproj]
C:\Program Files\Microsoft Visual Studio\2022\Community\VC\Tools\MSVC\14.38.33130\include\__msvc_iter_core.hpp(488,40): warning C4996:         ] [E:\C++\FlutterReflect\build\_deps\spdlog-build\spdlog.vcxproj]
  (compiling source file '../spdlog-src/src/cfg.cpp')
      C:\Program Files\Microsoft Visual Studio\2022\Community\VC\Tools\MSVC\14.38.33130\include\iterator(1470,58):
      see declaration of 'stdext::checked_array_iterator'
      C:\Program Files\Microsoft Visual Studio\2022\Community\VC\Tools\MSVC\14.38.33130\include\__msvc_iter_core.hpp(488,40):
      the template instantiation context (the oldest one first) is
          C:\Program Files\Microsoft Visual Studio\2022\Community\VC\Tools\MSVC\14.38.33130\include\xutility(1233,93):
          see reference to alias template instantiation 'std::_Iter_diff_t<_Iter>' being compiled
          with
          [
              _Iter=stdext::checked_array_iterator<wchar_t *>
          ]
          C:\Program Files\Microsoft Visual Studio\2022\Community\VC\Tools\MSVC\14.38.33130\include\xutility(1238,5):
          see reference to class template instantiation 'std::iterator_traits<_Iter>' being compiled
          with
          [
              _Iter=stdext::checked_array_iterator<wchar_t *>
          ]
          C:\Program Files\Microsoft Visual Studio\2022\Community\VC\Tools\MSVC\14.38.33130\include\__msvc_iter_core.hpp(508,26):
          see reference to class template instantiation 'std::_Iterator_traits_base<_Iter,void>' being compiled
          with
          [
              _Iter=stdext::checked_array_iterator<wchar_t *>
          ]
  
C:\Program Files\Microsoft Visual Studio\2022\Community\VC\Tools\MSVC\14.38.33130\include\__msvc_iter_core.hpp(488,31): warning C4996: 'stdext::checked_array_iterator<T *>::iterator_category': warning STL4043: stdext::checked_array_iterator, stdext::unchecked_array_iterator, and related factory functions are non-Standard extensions and will be removed in the future. std::span (since C++20) and gsl::span can be used instead. You can define _SILENCE_STDEXT_ARR_ITERS_DEPRECATION_WARNING or _SILENCE_ALL_MS_EXT_DEPRECATION_WARNINGS to suppress this warning. [E:\C++\FlutterReflect\build\_deps\spdlog-build\spdlog.vcxproj]
C:\Program Files\Microsoft Visual Studio\2022\Community\VC\Tools\MSVC\14.38.33130\include\__msvc_iter_core.hpp(488,31): warning C4996:         with [E:\C++\FlutterReflect\build\_deps\spdlog-build\spdlog.vcxproj]
C:\Program Files\Microsoft Visual Studio\2022\Community\VC\Tools\MSVC\14.38.33130\include\__msvc_iter_core.hpp(488,31): warning C4996:         [ [E:\C++\FlutterReflect\build\_deps\spdlog-build\spdlog.vcxproj]
C:\Program Files\Microsoft Visual Studio\2022\Community\VC\Tools\MSVC\14.38.33130\include\__msvc_iter_core.hpp(488,31): warning C4996:             T=wchar_t [E:\C++\FlutterReflect\build\_deps\spdlog-build\spdlog.vcxproj]
C:\Program Files\Microsoft Visual Studio\2022\Community\VC\Tools\MSVC\14.38.33130\include\__msvc_iter_core.hpp(488,31): warning C4996:         ] [E:\C++\FlutterReflect\build\_deps\spdlog-build\spdlog.vcxproj]
  (compiling source file '../spdlog-src/src/cfg.cpp')
  
C:\Program Files\Microsoft Visual Studio\2022\Community\VC\Tools\MSVC\14.38.33130\include\__msvc_iter_core.hpp(489,40): warning C4996: 'stdext::checked_array_iterator<T *>': warning STL4043: stdext::checked_array_iterator, stdext::unchecked_array_iterator, and related factory functions are non-Standard extensions and will be removed in the future. std::span (since C++20) and gsl::span can be used instead. You can define _SILENCE_STDEXT_ARR_ITERS_DEPRECATION_WARNING or _SILENCE_ALL_MS_EXT_DEPRECATION_WARNINGS to suppress this warning. [E:\C++\FlutterReflect\build\_deps\spdlog-build\spdlog.vcxproj]
C:\Program Files\Microsoft Visual Studio\2022\Community\VC\Tools\MSVC\14.38.33130\include\__msvc_iter_core.hpp(489,40): warning C4996:         with [E:\C++\FlutterReflect\build\_deps\spdlog-build\spdlog.vcxproj]
C:\Program Files\Microsoft Visual Studio\2022\Community\VC\Tools\MSVC\14.38.33130\include\__msvc_iter_core.hpp(489,40): warning C4996:         [ [E:\C++\FlutterReflect\build\_deps\spdlog-build\spdlog.vcxproj]
C:\Program Files\Microsoft Visual Studio\2022\Community\VC\Tools\MSVC\14.38.33130\include\__msvc_iter_core.hpp(489,40): warning C4996:             T=wchar_t [E:\C++\FlutterReflect\build\_deps\spdlog-build\spdlog.vcxproj]
C:\Program Files\Microsoft Visual Studio\2022\Community\VC\Tools\MSVC\14.38.33130\include\__msvc_iter_core.hpp(489,40): warning C4996:         ] [E:\C++\FlutterReflect\build\_deps\spdlog-build\spdlog.vcxproj]
  (compiling source file '../spdlog-src/src/cfg.cpp')
      C:\Program Files\Microsoft Visual Studio\2022\Community\VC\Tools\MSVC\14.38.33130\include\iterator(1470,58):
      see declaration of 'stdext::checked_array_iterator'
  
C:\Program Files\Microsoft Visual Studio\2022\Community\VC\Tools\MSVC\14.38.33130\include\__msvc_iter_core.hpp(489,31): warning C4996: 'stdext::checked_array_iterator<T *>::value_type': warning STL4043: stdext::checked_array_iterator, stdext::unchecked_array_iterator, and related factory functions are non-Standard extensions and will be removed in the future. std::span (since C++20) and gsl::span can be used instead. You can define _SILENCE_STDEXT_ARR_ITERS_DEPRECATION_WARNING or _SILENCE_ALL_MS_EXT_DEPRECATION_WARNINGS to suppress this warning. [E:\C++\FlutterReflect\build\_deps\spdlog-build\spdlog.vcxproj]
C:\Program Files\Microsoft Visual Studio\2022\Community\VC\Tools\MSVC\14.38.33130\include\__msvc_iter_core.hpp(489,31): warning C4996:         with [E:\C++\FlutterReflect\build\_deps\spdlog-build\spdlog.vcxproj]
C:\Program Files\Microsoft Visual Studio\2022\Community\VC\Tools\MSVC\14.38.33130\include\__msvc_iter_core.hpp(489,31): warning C4996:         [ [E:\C++\FlutterReflect\build\_deps\spdlog-build\spdlog.vcxproj]
C:\Program Files\Microsoft Visual Studio\2022\Community\VC\Tools\MSVC\14.38.33130\include\__msvc_iter_core.hpp(489,31): warning C4996:             T=wchar_t [E:\C++\FlutterReflect\build\_deps\spdlog-build\spdlog.vcxproj]
C:\Program Files\Microsoft Visual Studio\2022\Community\VC\Tools\MSVC\14.38.33130\include\__msvc_iter_core.hpp(489,31): warning C4996:         ] [E:\C++\FlutterReflect\build\_deps\spdlog-build\spdlog.vcxproj]
  (compiling source file '../spdlog-src/src/cfg.cpp')
  
C:\Program Files\Microsoft Visual Studio\2022\Community\VC\Tools\MSVC\14.38.33130\include\__msvc_iter_core.hpp(490,40): warning C4996: 'stdext::checked_array_iterator<T *>': warning STL4043: stdext::checked_array_iterator, stdext::unchecked_array_iterator, and related factory functions are non-Standard extensions and will be removed in the future. std::span (since C++20) and gsl::span can be used instead. You can define _SILENCE_STDEXT_ARR_ITERS_DEPRECATION_WARNING or _SILENCE_ALL_MS_EXT_DEPRECATION_WARNINGS to suppress this warning. [E:\C++\FlutterReflect\build\_deps\spdlog-build\spdlog.vcxproj]
C:\Program Files\Microsoft Visual Studio\2022\Community\VC\Tools\MSVC\14.38.33130\include\__msvc_iter_core.hpp(490,40): warning C4996:         with [E:\C++\FlutterReflect\build\_deps\spdlog-build\spdlog.vcxproj]
C:\Program Files\Microsoft Visual Studio\2022\Community\VC\Tools\MSVC\14.38.33130\include\__msvc_iter_core.hpp(490,40): warning C4996:         [ [E:\C++\FlutterReflect\build\_deps\spdlog-build\spdlog.vcxproj]
C:\Program Files\Microsoft Visual Studio\2022\Community\VC\Tools\MSVC\14.38.33130\include\__msvc_iter_core.hpp(490,40): warning C4996:             T=wchar_t [E:\C++\FlutterReflect\build\_deps\spdlog-build\spdlog.vcxproj]
C:\Program Files\Microsoft Visual Studio\2022\Community\VC\Tools\MSVC\14.38.33130\include\__msvc_iter_core.hpp(490,40): warning C4996:         ] [E:\C++\FlutterReflect\build\_deps\spdlog-build\spdlog.vcxproj]
  (compiling source file '../spdlog-src/src/cfg.cpp')
      C:\Program Files\Microsoft Visual Studio\2022\Community\VC\Tools\MSVC\14.38.33130\include\iterator(1470,58):
      see declaration of 'stdext::checked_array_iterator'
  
C:\Program Files\Microsoft Visual Studio\2022\Community\VC\Tools\MSVC\14.38.33130\include\__msvc_iter_core.hpp(490,31): warning C4996: 'stdext::checked_array_iterator<T *>::difference_type': warning STL4043: stdext::checked_array_iterator, stdext::unchecked_array_iterator, and related factory functions are non-Standard extensions and will be removed in the future. std::span (since C++20) and gsl::span can be used instead. You can define _SILENCE_STDEXT_ARR_ITERS_DEPRECATION_WARNING or _SILENCE_ALL_MS_EXT_DEPRECATION_WARNINGS to suppress this warning. [E:\C++\FlutterReflect\build\_deps\spdlog-build\spdlog.vcxproj]
C:\Program Files\Microsoft Visual Studio\2022\Community\VC\Tools\MSVC\14.38.33130\include\__msvc_iter_core.hpp(490,31): warning C4996:         with [E:\C++\FlutterReflect\build\_deps\spdlog-build\spdlog.vcxproj]
C:\Program Files\Microsoft Visual Studio\2022\Community\VC\Tools\MSVC\14.38.33130\include\__msvc_iter_core.hpp(490,31): warning C4996:         [ [E:\C++\FlutterReflect\build\_deps\spdlog-build\spdlog.vcxproj]
C:\Program Files\Microsoft Visual Studio\2022\Community\VC\Tools\MSVC\14.38.33130\include\__msvc_iter_core.hpp(490,31): warning C4996:             T=wchar_t [E:\C++\FlutterReflect\build\_deps\spdlog-build\spdlog.vcxproj]
C:\Program Files\Microsoft Visual Studio\2022\Community\VC\Tools\MSVC\14.38.33130\include\__msvc_iter_core.hpp(490,31): warning C4996:         ] [E:\C++\FlutterReflect\build\_deps\spdlog-build\spdlog.vcxproj]
  (compiling source file '../spdlog-src/src/cfg.cpp')
  
C:\Program Files\Microsoft Visual Studio\2022\Community\VC\Tools\MSVC\14.38.33130\include\__msvc_iter_core.hpp(491,40): warning C4996: 'stdext::checked_array_iterator<T *>': warning STL4043: stdext::checked_array_iterator, stdext::unchecked_array_iterator, and related factory functions are non-Standard extensions and will be removed in the future. std::span (since C++20) and gsl::span can be used instead. You can define _SILENCE_STDEXT_ARR_ITERS_DEPRECATION_WARNING or _SILENCE_ALL_MS_EXT_DEPRECATION_WARNINGS to suppress this warning. [E:\C++\FlutterReflect\build\_deps\spdlog-build\spdlog.vcxproj]
C:\Program Files\Microsoft Visual Studio\2022\Community\VC\Tools\MSVC\14.38.33130\include\__msvc_iter_core.hpp(491,40): warning C4996:         with [E:\C++\FlutterReflect\build\_deps\spdlog-build\spdlog.vcxproj]
C:\Program Files\Microsoft Visual Studio\2022\Community\VC\Tools\MSVC\14.38.33130\include\__msvc_iter_core.hpp(491,40): warning C4996:         [ [E:\C++\FlutterReflect\build\_deps\spdlog-build\spdlog.vcxproj]
C:\Program Files\Microsoft Visual Studio\2022\Community\VC\Tools\MSVC\14.38.33130\include\__msvc_iter_core.hpp(491,40): warning C4996:             T=wchar_t [E:\C++\FlutterReflect\build\_deps\spdlog-build\spdlog.vcxproj]
C:\Program Files\Microsoft Visual Studio\2022\Community\VC\Tools\MSVC\14.38.33130\include\__msvc_iter_core.hpp(491,40): warning C4996:         ] [E:\C++\FlutterReflect\build\_deps\spdlog-build\spdlog.vcxproj]
  (compiling source file '../spdlog-src/src/cfg.cpp')
      C:\Program Files\Microsoft Visual Studio\2022\Community\VC\Tools\MSVC\14.38.33130\include\iterator(1470,58):
      see declaration of 'stdext::checked_array_iterator'
  
C:\Program Files\Microsoft Visual Studio\2022\Community\VC\Tools\MSVC\14.38.33130\include\__msvc_iter_core.hpp(491,31): warning C4996: 'stdext::checked_array_iterator<T *>::pointer': warning STL4043: stdext::checked_array_iterator, stdext::unchecked_array_iterator, and related factory functions are non-Standard extensions and will be removed in the future. std::span (since C++20) and gsl::span can be used instead. You can define _SILENCE_STDEXT_ARR_ITERS_DEPRECATION_WARNING or _SILENCE_ALL_MS_EXT_DEPRECATION_WARNINGS to suppress this warning. [E:\C++\FlutterReflect\build\_deps\spdlog-build\spdlog.vcxproj]
C:\Program Files\Microsoft Visual Studio\2022\Community\VC\Tools\MSVC\14.38.33130\include\__msvc_iter_core.hpp(491,31): warning C4996:         with [E:\C++\FlutterReflect\build\_deps\spdlog-build\spdlog.vcxproj]
C:\Program Files\Microsoft Visual Studio\2022\Community\VC\Tools\MSVC\14.38.33130\include\__msvc_iter_core.hpp(491,31): warning C4996:         [ [E:\C++\FlutterReflect\build\_deps\spdlog-build\spdlog.vcxproj]
C:\Program Files\Microsoft Visual Studio\2022\Community\VC\Tools\MSVC\14.38.33130\include\__msvc_iter_core.hpp(491,31): warning C4996:             T=wchar_t [E:\C++\FlutterReflect\build\_deps\spdlog-build\spdlog.vcxproj]
C:\Program Files\Microsoft Visual Studio\2022\Community\VC\Tools\MSVC\14.38.33130\include\__msvc_iter_core.hpp(491,31): warning C4996:         ] [E:\C++\FlutterReflect\build\_deps\spdlog-build\spdlog.vcxproj]
  (compiling source file '../spdlog-src/src/cfg.cpp')
  
C:\Program Files\Microsoft Visual Studio\2022\Community\VC\Tools\MSVC\14.38.33130\include\__msvc_iter_core.hpp(492,40): warning C4996: 'stdext::checked_array_iterator<T *>': warning STL4043: stdext::checked_array_iterator, stdext::unchecked_array_iterator, and related factory functions are non-Standard extensions and will be removed in the future. std::span (since C++20) and gsl::span can be used instead. You can define _SILENCE_STDEXT_ARR_ITERS_DEPRECATION_WARNING or _SILENCE_ALL_MS_EXT_DEPRECATION_WARNINGS to suppress this warning. [E:\C++\FlutterReflect\build\_deps\spdlog-build\spdlog.vcxproj]
C:\Program Files\Microsoft Visual Studio\2022\Community\VC\Tools\MSVC\14.38.33130\include\__msvc_iter_core.hpp(492,40): warning C4996:         with [E:\C++\FlutterReflect\build\_deps\spdlog-build\spdlog.vcxproj]
C:\Program Files\Microsoft Visual Studio\2022\Community\VC\Tools\MSVC\14.38.33130\include\__msvc_iter_core.hpp(492,40): warning C4996:         [ [E:\C++\FlutterReflect\build\_deps\spdlog-build\spdlog.vcxproj]
C:\Program Files\Microsoft Visual Studio\2022\Community\VC\Tools\MSVC\14.38.33130\include\__msvc_iter_core.hpp(492,40): warning C4996:             T=wchar_t [E:\C++\FlutterReflect\build\_deps\spdlog-build\spdlog.vcxproj]
C:\Program Files\Microsoft Visual Studio\2022\Community\VC\Tools\MSVC\14.38.33130\include\__msvc_iter_core.hpp(492,40): warning C4996:         ] [E:\C++\FlutterReflect\build\_deps\spdlog-build\spdlog.vcxproj]
  (compiling source file '../spdlog-src/src/cfg.cpp')
      C:\Program Files\Microsoft Visual Studio\2022\Community\VC\Tools\MSVC\14.38.33130\include\iterator(1470,58):
      see declaration of 'stdext::checked_array_iterator'
  
C:\Program Files\Microsoft Visual Studio\2022\Community\VC\Tools\MSVC\14.38.33130\include\__msvc_iter_core.hpp(492,31): warning C4996: 'stdext::checked_array_iterator<T *>::reference': warning STL4043: stdext::checked_array_iterator, stdext::unchecked_array_iterator, and related factory functions are non-Standard extensions and will be removed in the future. std::span (since C++20) and gsl::span can be used instead. You can define _SILENCE_STDEXT_ARR_ITERS_DEPRECATION_WARNING or _SILENCE_ALL_MS_EXT_DEPRECATION_WARNINGS to suppress this warning. [E:\C++\FlutterReflect\build\_deps\spdlog-build\spdlog.vcxproj]
C:\Program Files\Microsoft Visual Studio\2022\Community\VC\Tools\MSVC\14.38.33130\include\__msvc_iter_core.hpp(492,31): warning C4996:         with [E:\C++\FlutterReflect\build\_deps\spdlog-build\spdlog.vcxproj]
C:\Program Files\Microsoft Visual Studio\2022\Community\VC\Tools\MSVC\14.38.33130\include\__msvc_iter_core.hpp(492,31): warning C4996:         [ [E:\C++\FlutterReflect\build\_deps\spdlog-build\spdlog.vcxproj]
C:\Program Files\Microsoft Visual Studio\2022\Community\VC\Tools\MSVC\14.38.33130\include\__msvc_iter_core.hpp(492,31): warning C4996:             T=wchar_t [E:\C++\FlutterReflect\build\_deps\spdlog-build\spdlog.vcxproj]
C:\Program Files\Microsoft Visual Studio\2022\Community\VC\Tools\MSVC\14.38.33130\include\__msvc_iter_core.hpp(492,31): warning C4996:         ] [E:\C++\FlutterReflect\build\_deps\spdlog-build\spdlog.vcxproj]
  (compiling source file '../spdlog-src/src/cfg.cpp')
  
C:\Program Files\Microsoft Visual Studio\2022\Community\VC\Tools\MSVC\14.38.33130\include\xutility(1255,12): warning C4996: 'stdext::checked_array_iterator<T *>::_Verify_offset': warning STL4043: stdext::checked_array_iterator, stdext::unchecked_array_iterator, and related factory functions are non-Standard extensions and will be removed in the future. std::span (since C++20) and gsl::span can be used instead. You can define _SILENCE_STDEXT_ARR_ITERS_DEPRECATION_WARNING or _SILENCE_ALL_MS_EXT_DEPRECATION_WARNINGS to suppress this warning. [E:\C++\FlutterReflect\build\_deps\spdlog-build\spdlog.vcxproj]
C:\Program Files\Microsoft Visual Studio\2022\Community\VC\Tools\MSVC\14.38.33130\include\xutility(1255,12): warning C4996:         with [E:\C++\FlutterReflect\build\_deps\spdlog-build\spdlog.vcxproj]
C:\Program Files\Microsoft Visual Studio\2022\Community\VC\Tools\MSVC\14.38.33130\include\xutility(1255,12): warning C4996:         [ [E:\C++\FlutterReflect\build\_deps\spdlog-build\spdlog.vcxproj]
C:\Program Files\Microsoft Visual Studio\2022\Community\VC\Tools\MSVC\14.38.33130\include\xutility(1255,12): warning C4996:             T=wchar_t [E:\C++\FlutterReflect\build\_deps\spdlog-build\spdlog.vcxproj]
C:\Program Files\Microsoft Visual Studio\2022\Community\VC\Tools\MSVC\14.38.33130\include\xutility(1255,12): warning C4996:         ] [E:\C++\FlutterReflect\build\_deps\spdlog-build\spdlog.vcxproj]
  (compiling source file '../spdlog-src/src/cfg.cpp')
  
C:\Program Files\Microsoft Visual Studio\2022\Community\VC\Tools\MSVC\14.38.33130\include\xutility(1256,41): warning C4996: 'stdext::checked_array_iterator<T *>::_Unwrapped': warning STL4043: stdext::checked_array_iterator, stdext::unchecked_array_iterator, and related factory functions are non-Standard extensions and will be removed in the future. std::span (since C++20) and gsl::span can be used instead. You can define _SILENCE_STDEXT_ARR_ITERS_DEPRECATION_WARNING or _SILENCE_ALL_MS_EXT_DEPRECATION_WARNINGS to suppress this warning. [E:\C++\FlutterReflect\build\_deps\spdlog-build\spdlog.vcxproj]
C:\Program Files\Microsoft Visual Studio\2022\Community\VC\Tools\MSVC\14.38.33130\include\xutility(1256,41): warning C4996:         with [E:\C++\FlutterReflect\build\_deps\spdlog-build\spdlog.vcxproj]
C:\Program Files\Microsoft Visual Studio\2022\Community\VC\Tools\MSVC\14.38.33130\include\xutility(1256,41): warning C4996:         [ [E:\C++\FlutterReflect\build\_deps\spdlog-build\spdlog.vcxproj]
C:\Program Files\Microsoft Visual Studio\2022\Community\VC\Tools\MSVC\14.38.33130\include\xutility(1256,41): warning C4996:             T=wchar_t [E:\C++\FlutterReflect\build\_deps\spdlog-build\spdlog.vcxproj]
C:\Program Files\Microsoft Visual Studio\2022\Community\VC\Tools\MSVC\14.38.33130\include\xutility(1256,41): warning C4996:         ] [E:\C++\FlutterReflect\build\_deps\spdlog-build\spdlog.vcxproj]
  (compiling source file '../spdlog-src/src/cfg.cpp')
  
C:\Program Files\Microsoft Visual Studio\2022\Community\VC\Tools\MSVC\14.38.33130\include\xutility(1277,12): warning C4996: 'stdext::checked_array_iterator<T *>::_Seek_to': warning STL4043: stdext::checked_array_iterator, stdext::unchecked_array_iterator, and related factory functions are non-Standard extensions and will be removed in the future. std::span (since C++20) and gsl::span can be used instead. You can define _SILENCE_STDEXT_ARR_ITERS_DEPRECATION_WARNING or _SILENCE_ALL_MS_EXT_DEPRECATION_WARNINGS to suppress this warning. [E:\C++\FlutterReflect\build\_deps\spdlog-build\spdlog.vcxproj]
C:\Program Files\Microsoft Visual Studio\2022\Community\VC\Tools\MSVC\14.38.33130\include\xutility(1277,12): warning C4996:         with [E:\C++\FlutterReflect\build\_deps\spdlog-build\spdlog.vcxproj]
C:\Program Files\Microsoft Visual Studio\2022\Community\VC\Tools\MSVC\14.38.33130\include\xutility(1277,12): warning C4996:         [ [E:\C++\FlutterReflect\build\_deps\spdlog-build\spdlog.vcxproj]
C:\Program Files\Microsoft Visual Studio\2022\Community\VC\Tools\MSVC\14.38.33130\include\xutility(1277,12): warning C4996:             T=fmt::v9::detail::bigint::bigit [E:\C++\FlutterReflect\build\_deps\spdlog-build\spdlog.vcxproj]
C:\Program Files\Microsoft Visual Studio\2022\Community\VC\Tools\MSVC\14.38.33130\include\xutility(1277,12): warning C4996:         ] [E:\C++\FlutterReflect\build\_deps\spdlog-build\spdlog.vcxproj]
  (compiling source file '../spdlog-src/src/cfg.cpp')
      C:\Program Files\Microsoft Visual Studio\2022\Community\VC\Tools\MSVC\14.38.33130\include\xutility(1277,12):
      the template instantiation context (the oldest one first) is
          E:\C++\FlutterReflect\build\_deps\spdlog-src\include\spdlog\fmt\bundled\format.h(2807,10):
          see reference to function template instantiation '_OutIt std::copy<const T*,stdext::checked_array_iterator<T *>>(_InIt,_InIt,_OutIt)' being compiled
          with
          [
              _OutIt=stdext::checked_array_iterator<fmt::v9::detail::bigint::bigit *>,
              T=fmt::v9::detail::bigint::bigit,
              _InIt=const fmt::v9::detail::bigint::bigit *
          ]
          C:\Program Files\Microsoft Visual Studio\2022\Community\VC\Tools\MSVC\14.38.33130\include\xutility(4611,5):
          see reference to function template instantiation 'void std::_Seek_wrapped<_OutIt,unsigned int*>(_Iter &,_UIter &&)' being compiled
          with
          [
              _OutIt=stdext::checked_array_iterator<fmt::v9::detail::bigint::bigit *>,
              _Iter=stdext::checked_array_iterator<fmt::v9::detail::bigint::bigit *>,
              _UIter=fmt::v9::detail::bigint::bigit *
          ]
  
C:\Program Files\Microsoft Visual Studio\2022\Community\VC\Tools\MSVC\14.38.33130\include\xutility(1141,31): warning C4996: 'stdext::checked_array_iterator<T *>': warning STL4043: stdext::checked_array_iterator, stdext::unchecked_array_iterator, and related factory functions are non-Standard extensions and will be removed in the future. std::span (since C++20) and gsl::span can be used instead. You can define _SILENCE_STDEXT_ARR_ITERS_DEPRECATION_WARNING or _SILENCE_ALL_MS_EXT_DEPRECATION_WARNINGS to suppress this warning. [E:\C++\FlutterReflect\build\_deps\spdlog-build\spdlog.vcxproj]
C:\Program Files\Microsoft Visual Studio\2022\Community\VC\Tools\MSVC\14.38.33130\include\xutility(1141,31): warning C4996:         with [E:\C++\FlutterReflect\build\_deps\spdlog-build\spdlog.vcxproj]
C:\Program Files\Microsoft Visual Studio\2022\Community\VC\Tools\MSVC\14.38.33130\include\xutility(1141,31): warning C4996:         [ [E:\C++\FlutterReflect\build\_deps\spdlog-build\spdlog.vcxproj]
C:\Program Files\Microsoft Visual Studio\2022\Community\VC\Tools\MSVC\14.38.33130\include\xutility(1141,31): warning C4996:             T=char [E:\C++\FlutterReflect\build\_deps\spdlog-build\spdlog.vcxproj]
C:\Program Files\Microsoft Visual Studio\2022\Community\VC\Tools\MSVC\14.38.33130\include\xutility(1141,31): warning C4996:         ] [E:\C++\FlutterReflect\build\_deps\spdlog-build\spdlog.vcxproj]
  (compiling source file '../spdlog-src/src/cfg.cpp')
      C:\Program Files\Microsoft Visual Studio\2022\Community\VC\Tools\MSVC\14.38.33130\include\iterator(1470,58):
      see declaration of 'stdext::checked_array_iterator'
      C:\Program Files\Microsoft Visual Studio\2022\Community\VC\Tools\MSVC\14.38.33130\include\xutility(1141,31):
      the template instantiation context (the oldest one first) is
          E:\C++\FlutterReflect\build\_deps\spdlog-src\include\spdlog\common.h(351,34):
          see reference to class template instantiation 'fmt::v9::basic_memory_buffer<char,250,std::allocator<char>>' being compiled
          E:\C++\FlutterReflect\build\_deps\spdlog-src\include\spdlog\fmt\bundled\format.h(912,18):
          while compiling class template member function 'void fmt::v9::basic_memory_buffer<char,250,std::allocator<char>>::grow(size_t)'
          E:\C++\FlutterReflect\build\_deps\spdlog-src\include\spdlog\fmt\bundled\format.h(925,8):
          see reference to function template instantiation '_NoThrowFwdIt std::uninitialized_copy<T*,stdext::checked_array_iterator<T *>>(const _InIt,const _InIt,_NoThrowFwdIt)' being compiled
          with
          [
              _NoThrowFwdIt=stdext::checked_array_iterator<char *>,
              T=char,
              _InIt=char *
          ]
          C:\Program Files\Microsoft Visual Studio\2022\Community\VC\Tools\MSVC\14.38.33130\include\xmemory(1919,25):
          see reference to function template instantiation 'decltype(auto) std::_Get_unwrapped_n<_NoThrowFwdIt&,__int64>(_Iter,const _Diff)' being compiled
          with
          [
              _NoThrowFwdIt=stdext::checked_array_iterator<char *>,
              _Iter=stdext::checked_array_iterator<char *> &,
              _Diff=__int64
          ]
          C:\Program Files\Microsoft Visual Studio\2022\Community\VC\Tools\MSVC\14.38.33130\include\xutility(1244,26):
          see reference to variable template 'const bool _Unwrappable_for_offset_v<stdext::checked_array_iterator<char *> &>' being compiled
          C:\Program Files\Microsoft Visual Studio\2022\Community\VC\Tools\MSVC\14.38.33130\include\xutility(1238,5):
          see reference to variable template 'const bool _Unwrappable_v<stdext::checked_array_iterator<char *> &,void>' being compiled
          C:\Program Files\Microsoft Visual Studio\2022\Community\VC\Tools\MSVC\14.38.33130\include\xutility(1165,5):
          see reference to variable template 'const bool _Allow_inheriting_unwrap_v<stdext::checked_array_iterator<char *>,void>' being compiled
  
C:\Program Files\Microsoft Visual Studio\2022\Community\VC\Tools\MSVC\14.38.33130\include\xutility(1141,22): warning C4996: 'stdext::checked_array_iterator<T *>::_Prevent_inheriting_unwrap': warning STL4043: stdext::checked_array_iterator, stdext::unchecked_array_iterator, and related factory functions are non-Standard extensions and will be removed in the future. std::span (since C++20) and gsl::span can be used instead. You can define _SILENCE_STDEXT_ARR_ITERS_DEPRECATION_WARNING or _SILENCE_ALL_MS_EXT_DEPRECATION_WARNINGS to suppress this warning. [E:\C++\FlutterReflect\build\_deps\spdlog-build\spdlog.vcxproj]
C:\Program Files\Microsoft Visual Studio\2022\Community\VC\Tools\MSVC\14.38.33130\include\xutility(1141,22): warning C4996:         with [E:\C++\FlutterReflect\build\_deps\spdlog-build\spdlog.vcxproj]
C:\Program Files\Microsoft Visual Studio\2022\Community\VC\Tools\MSVC\14.38.33130\include\xutility(1141,22): warning C4996:         [ [E:\C++\FlutterReflect\build\_deps\spdlog-build\spdlog.vcxproj]
C:\Program Files\Microsoft Visual Studio\2022\Community\VC\Tools\MSVC\14.38.33130\include\xutility(1141,22): warning C4996:             T=char [E:\C++\FlutterReflect\build\_deps\spdlog-build\spdlog.vcxproj]
C:\Program Files\Microsoft Visual Studio\2022\Community\VC\Tools\MSVC\14.38.33130\include\xutility(1141,22): warning C4996:         ] [E:\C++\FlutterReflect\build\_deps\spdlog-build\spdlog.vcxproj]
  (compiling source file '../spdlog-src/src/cfg.cpp')
  
C:\Program Files\Microsoft Visual Studio\2022\Community\VC\Tools\MSVC\14.38.33130\include\__msvc_iter_core.hpp(488,40): warning C4996: 'stdext::checked_array_iterator<T *>': warning STL4043: stdext::checked_array_iterator, stdext::unchecked_array_iterator, and related factory functions are non-Standard extensions and will be removed in the future. std::span (since C++20) and gsl::span can be used instead. You can define _SILENCE_STDEXT_ARR_ITERS_DEPRECATION_WARNING or _SILENCE_ALL_MS_EXT_DEPRECATION_WARNINGS to suppress this warning. [E:\C++\FlutterReflect\build\_deps\spdlog-build\spdlog.vcxproj]
C:\Program Files\Microsoft Visual Studio\2022\Community\VC\Tools\MSVC\14.38.33130\include\__msvc_iter_core.hpp(488,40): warning C4996:         with [E:\C++\FlutterReflect\build\_deps\spdlog-build\spdlog.vcxproj]
C:\Program Files\Microsoft Visual Studio\2022\Community\VC\Tools\MSVC\14.38.33130\include\__msvc_iter_core.hpp(488,40): warning C4996:         [ [E:\C++\FlutterReflect\build\_deps\spdlog-build\spdlog.vcxproj]
C:\Program Files\Microsoft Visual Studio\2022\Community\VC\Tools\MSVC\14.38.33130\include\__msvc_iter_core.hpp(488,40): warning C4996:             T=char [E:\C++\FlutterReflect\build\_deps\spdlog-build\spdlog.vcxproj]
C:\Program Files\Microsoft Visual Studio\2022\Community\VC\Tools\MSVC\14.38.33130\include\__msvc_iter_core.hpp(488,40): warning C4996:         ] [E:\C++\FlutterReflect\build\_deps\spdlog-build\spdlog.vcxproj]
  (compiling source file '../spdlog-src/src/cfg.cpp')
      C:\Program Files\Microsoft Visual Studio\2022\Community\VC\Tools\MSVC\14.38.33130\include\iterator(1470,58):
      see declaration of 'stdext::checked_array_iterator'
      C:\Program Files\Microsoft Visual Studio\2022\Community\VC\Tools\MSVC\14.38.33130\include\__msvc_iter_core.hpp(488,40):
      the template instantiation context (the oldest one first) is
          C:\Program Files\Microsoft Visual Studio\2022\Community\VC\Tools\MSVC\14.38.33130\include\xutility(1233,93):
          see reference to alias template instantiation 'std::_Iter_diff_t<_Iter>' being compiled
          with
          [
              _Iter=stdext::checked_array_iterator<char *>
          ]
          C:\Program Files\Microsoft Visual Studio\2022\Community\VC\Tools\MSVC\14.38.33130\include\xutility(1238,5):
          see reference to class template instantiation 'std::iterator_traits<_Iter>' being compiled
          with
          [
              _Iter=stdext::checked_array_iterator<char *>
          ]
          C:\Program Files\Microsoft Visual Studio\2022\Community\VC\Tools\MSVC\14.38.33130\include\__msvc_iter_core.hpp(508,26):
          see reference to class template instantiation 'std::_Iterator_traits_base<_Iter,void>' being compiled
          with
          [
              _Iter=stdext::checked_array_iterator<char *>
          ]
  
C:\Program Files\Microsoft Visual Studio\2022\Community\VC\Tools\MSVC\14.38.33130\include\__msvc_iter_core.hpp(488,31): warning C4996: 'stdext::checked_array_iterator<T *>::iterator_category': warning STL4043: stdext::checked_array_iterator, stdext::unchecked_array_iterator, and related factory functions are non-Standard extensions and will be removed in the future. std::span (since C++20) and gsl::span can be used instead. You can define _SILENCE_STDEXT_ARR_ITERS_DEPRECATION_WARNING or _SILENCE_ALL_MS_EXT_DEPRECATION_WARNINGS to suppress this warning. [E:\C++\FlutterReflect\build\_deps\spdlog-build\spdlog.vcxproj]
C:\Program Files\Microsoft Visual Studio\2022\Community\VC\Tools\MSVC\14.38.33130\include\__msvc_iter_core.hpp(488,31): warning C4996:         with [E:\C++\FlutterReflect\build\_deps\spdlog-build\spdlog.vcxproj]
C:\Program Files\Microsoft Visual Studio\2022\Community\VC\Tools\MSVC\14.38.33130\include\__msvc_iter_core.hpp(488,31): warning C4996:         [ [E:\C++\FlutterReflect\build\_deps\spdlog-build\spdlog.vcxproj]
C:\Program Files\Microsoft Visual Studio\2022\Community\VC\Tools\MSVC\14.38.33130\include\__msvc_iter_core.hpp(488,31): warning C4996:             T=char [E:\C++\FlutterReflect\build\_deps\spdlog-build\spdlog.vcxproj]
C:\Program Files\Microsoft Visual Studio\2022\Community\VC\Tools\MSVC\14.38.33130\include\__msvc_iter_core.hpp(488,31): warning C4996:         ] [E:\C++\FlutterReflect\build\_deps\spdlog-build\spdlog.vcxproj]
  (compiling source file '../spdlog-src/src/cfg.cpp')
  
C:\Program Files\Microsoft Visual Studio\2022\Community\VC\Tools\MSVC\14.38.33130\include\__msvc_iter_core.hpp(489,40): warning C4996: 'stdext::checked_array_iterator<T *>': warning STL4043: stdext::checked_array_iterator, stdext::unchecked_array_iterator, and related factory functions are non-Standard extensions and will be removed in the future. std::span (since C++20) and gsl::span can be used instead. You can define _SILENCE_STDEXT_ARR_ITERS_DEPRECATION_WARNING or _SILENCE_ALL_MS_EXT_DEPRECATION_WARNINGS to suppress this warning. [E:\C++\FlutterReflect\build\_deps\spdlog-build\spdlog.vcxproj]
C:\Program Files\Microsoft Visual Studio\2022\Community\VC\Tools\MSVC\14.38.33130\include\__msvc_iter_core.hpp(489,40): warning C4996:         with [E:\C++\FlutterReflect\build\_deps\spdlog-build\spdlog.vcxproj]
C:\Program Files\Microsoft Visual Studio\2022\Community\VC\Tools\MSVC\14.38.33130\include\__msvc_iter_core.hpp(489,40): warning C4996:         [ [E:\C++\FlutterReflect\build\_deps\spdlog-build\spdlog.vcxproj]
C:\Program Files\Microsoft Visual Studio\2022\Community\VC\Tools\MSVC\14.38.33130\include\__msvc_iter_core.hpp(489,40): warning C4996:             T=char [E:\C++\FlutterReflect\build\_deps\spdlog-build\spdlog.vcxproj]
C:\Program Files\Microsoft Visual Studio\2022\Community\VC\Tools\MSVC\14.38.33130\include\__msvc_iter_core.hpp(489,40): warning C4996:         ] [E:\C++\FlutterReflect\build\_deps\spdlog-build\spdlog.vcxproj]
  (compiling source file '../spdlog-src/src/cfg.cpp')
      C:\Program Files\Microsoft Visual Studio\2022\Community\VC\Tools\MSVC\14.38.33130\include\iterator(1470,58):
      see declaration of 'stdext::checked_array_iterator'
  
C:\Program Files\Microsoft Visual Studio\2022\Community\VC\Tools\MSVC\14.38.33130\include\__msvc_iter_core.hpp(489,31): warning C4996: 'stdext::checked_array_iterator<T *>::value_type': warning STL4043: stdext::checked_array_iterator, stdext::unchecked_array_iterator, and related factory functions are non-Standard extensions and will be removed in the future. std::span (since C++20) and gsl::span can be used instead. You can define _SILENCE_STDEXT_ARR_ITERS_DEPRECATION_WARNING or _SILENCE_ALL_MS_EXT_DEPRECATION_WARNINGS to suppress this warning. [E:\C++\FlutterReflect\build\_deps\spdlog-build\spdlog.vcxproj]
C:\Program Files\Microsoft Visual Studio\2022\Community\VC\Tools\MSVC\14.38.33130\include\__msvc_iter_core.hpp(489,31): warning C4996:         with [E:\C++\FlutterReflect\build\_deps\spdlog-build\spdlog.vcxproj]
C:\Program Files\Microsoft Visual Studio\2022\Community\VC\Tools\MSVC\14.38.33130\include\__msvc_iter_core.hpp(489,31): warning C4996:         [ [E:\C++\FlutterReflect\build\_deps\spdlog-build\spdlog.vcxproj]
C:\Program Files\Microsoft Visual Studio\2022\Community\VC\Tools\MSVC\14.38.33130\include\__msvc_iter_core.hpp(489,31): warning C4996:             T=char [E:\C++\FlutterReflect\build\_deps\spdlog-build\spdlog.vcxproj]
C:\Program Files\Microsoft Visual Studio\2022\Community\VC\Tools\MSVC\14.38.33130\include\__msvc_iter_core.hpp(489,31): warning C4996:         ] [E:\C++\FlutterReflect\build\_deps\spdlog-build\spdlog.vcxproj]
  (compiling source file '../spdlog-src/src/cfg.cpp')
  
C:\Program Files\Microsoft Visual Studio\2022\Community\VC\Tools\MSVC\14.38.33130\include\__msvc_iter_core.hpp(490,40): warning C4996: 'stdext::checked_array_iterator<T *>': warning STL4043: stdext::checked_array_iterator, stdext::unchecked_array_iterator, and related factory functions are non-Standard extensions and will be removed in the future. std::span (since C++20) and gsl::span can be used instead. You can define _SILENCE_STDEXT_ARR_ITERS_DEPRECATION_WARNING or _SILENCE_ALL_MS_EXT_DEPRECATION_WARNINGS to suppress this warning. [E:\C++\FlutterReflect\build\_deps\spdlog-build\spdlog.vcxproj]
C:\Program Files\Microsoft Visual Studio\2022\Community\VC\Tools\MSVC\14.38.33130\include\__msvc_iter_core.hpp(490,40): warning C4996:         with [E:\C++\FlutterReflect\build\_deps\spdlog-build\spdlog.vcxproj]
C:\Program Files\Microsoft Visual Studio\2022\Community\VC\Tools\MSVC\14.38.33130\include\__msvc_iter_core.hpp(490,40): warning C4996:         [ [E:\C++\FlutterReflect\build\_deps\spdlog-build\spdlog.vcxproj]
C:\Program Files\Microsoft Visual Studio\2022\Community\VC\Tools\MSVC\14.38.33130\include\__msvc_iter_core.hpp(490,40): warning C4996:             T=char [E:\C++\FlutterReflect\build\_deps\spdlog-build\spdlog.vcxproj]
C:\Program Files\Microsoft Visual Studio\2022\Community\VC\Tools\MSVC\14.38.33130\include\__msvc_iter_core.hpp(490,40): warning C4996:         ] [E:\C++\FlutterReflect\build\_deps\spdlog-build\spdlog.vcxproj]
  (compiling source file '../spdlog-src/src/cfg.cpp')
      C:\Program Files\Microsoft Visual Studio\2022\Community\VC\Tools\MSVC\14.38.33130\include\iterator(1470,58):
      see declaration of 'stdext::checked_array_iterator'
  
C:\Program Files\Microsoft Visual Studio\2022\Community\VC\Tools\MSVC\14.38.33130\include\__msvc_iter_core.hpp(490,31): warning C4996: 'stdext::checked_array_iterator<T *>::difference_type': warning STL4043: stdext::checked_array_iterator, stdext::unchecked_array_iterator, and related factory functions are non-Standard extensions and will be removed in the future. std::span (since C++20) and gsl::span can be used instead. You can define _SILENCE_STDEXT_ARR_ITERS_DEPRECATION_WARNING or _SILENCE_ALL_MS_EXT_DEPRECATION_WARNINGS to suppress this warning. [E:\C++\FlutterReflect\build\_deps\spdlog-build\spdlog.vcxproj]
C:\Program Files\Microsoft Visual Studio\2022\Community\VC\Tools\MSVC\14.38.33130\include\__msvc_iter_core.hpp(490,31): warning C4996:         with [E:\C++\FlutterReflect\build\_deps\spdlog-build\spdlog.vcxproj]
C:\Program Files\Microsoft Visual Studio\2022\Community\VC\Tools\MSVC\14.38.33130\include\__msvc_iter_core.hpp(490,31): warning C4996:         [ [E:\C++\FlutterReflect\build\_deps\spdlog-build\spdlog.vcxproj]
C:\Program Files\Microsoft Visual Studio\2022\Community\VC\Tools\MSVC\14.38.33130\include\__msvc_iter_core.hpp(490,31): warning C4996:             T=char [E:\C++\FlutterReflect\build\_deps\spdlog-build\spdlog.vcxproj]
C:\Program Files\Microsoft Visual Studio\2022\Community\VC\Tools\MSVC\14.38.33130\include\__msvc_iter_core.hpp(490,31): warning C4996:         ] [E:\C++\FlutterReflect\build\_deps\spdlog-build\spdlog.vcxproj]
  (compiling source file '../spdlog-src/src/cfg.cpp')
  
C:\Program Files\Microsoft Visual Studio\2022\Community\VC\Tools\MSVC\14.38.33130\include\__msvc_iter_core.hpp(491,40): warning C4996: 'stdext::checked_array_iterator<T *>': warning STL4043: stdext::checked_array_iterator, stdext::unchecked_array_iterator, and related factory functions are non-Standard extensions and will be removed in the future. std::span (since C++20) and gsl::span can be used instead. You can define _SILENCE_STDEXT_ARR_ITERS_DEPRECATION_WARNING or _SILENCE_ALL_MS_EXT_DEPRECATION_WARNINGS to suppress this warning. [E:\C++\FlutterReflect\build\_deps\spdlog-build\spdlog.vcxproj]
C:\Program Files\Microsoft Visual Studio\2022\Community\VC\Tools\MSVC\14.38.33130\include\__msvc_iter_core.hpp(491,40): warning C4996:         with [E:\C++\FlutterReflect\build\_deps\spdlog-build\spdlog.vcxproj]
C:\Program Files\Microsoft Visual Studio\2022\Community\VC\Tools\MSVC\14.38.33130\include\__msvc_iter_core.hpp(491,40): warning C4996:         [ [E:\C++\FlutterReflect\build\_deps\spdlog-build\spdlog.vcxproj]
C:\Program Files\Microsoft Visual Studio\2022\Community\VC\Tools\MSVC\14.38.33130\include\__msvc_iter_core.hpp(491,40): warning C4996:             T=char [E:\C++\FlutterReflect\build\_deps\spdlog-build\spdlog.vcxproj]
C:\Program Files\Microsoft Visual Studio\2022\Community\VC\Tools\MSVC\14.38.33130\include\__msvc_iter_core.hpp(491,40): warning C4996:         ] [E:\C++\FlutterReflect\build\_deps\spdlog-build\spdlog.vcxproj]
  (compiling source file '../spdlog-src/src/cfg.cpp')
      C:\Program Files\Microsoft Visual Studio\2022\Community\VC\Tools\MSVC\14.38.33130\include\iterator(1470,58):
      see declaration of 'stdext::checked_array_iterator'
  
C:\Program Files\Microsoft Visual Studio\2022\Community\VC\Tools\MSVC\14.38.33130\include\__msvc_iter_core.hpp(491,31): warning C4996: 'stdext::checked_array_iterator<T *>::pointer': warning STL4043: stdext::checked_array_iterator, stdext::unchecked_array_iterator, and related factory functions are non-Standard extensions and will be removed in the future. std::span (since C++20) and gsl::span can be used instead. You can define _SILENCE_STDEXT_ARR_ITERS_DEPRECATION_WARNING or _SILENCE_ALL_MS_EXT_DEPRECATION_WARNINGS to suppress this warning. [E:\C++\FlutterReflect\build\_deps\spdlog-build\spdlog.vcxproj]
C:\Program Files\Microsoft Visual Studio\2022\Community\VC\Tools\MSVC\14.38.33130\include\__msvc_iter_core.hpp(491,31): warning C4996:         with [E:\C++\FlutterReflect\build\_deps\spdlog-build\spdlog.vcxproj]
C:\Program Files\Microsoft Visual Studio\2022\Community\VC\Tools\MSVC\14.38.33130\include\__msvc_iter_core.hpp(491,31): warning C4996:         [ [E:\C++\FlutterReflect\build\_deps\spdlog-build\spdlog.vcxproj]
C:\Program Files\Microsoft Visual Studio\2022\Community\VC\Tools\MSVC\14.38.33130\include\__msvc_iter_core.hpp(491,31): warning C4996:             T=char [E:\C++\FlutterReflect\build\_deps\spdlog-build\spdlog.vcxproj]
C:\Program Files\Microsoft Visual Studio\2022\Community\VC\Tools\MSVC\14.38.33130\include\__msvc_iter_core.hpp(491,31): warning C4996:         ] [E:\C++\FlutterReflect\build\_deps\spdlog-build\spdlog.vcxproj]
  (compiling source file '../spdlog-src/src/cfg.cpp')
  
C:\Program Files\Microsoft Visual Studio\2022\Community\VC\Tools\MSVC\14.38.33130\include\__msvc_iter_core.hpp(492,40): warning C4996: 'stdext::checked_array_iterator<T *>': warning STL4043: stdext::checked_array_iterator, stdext::unchecked_array_iterator, and related factory functions are non-Standard extensions and will be removed in the future. std::span (since C++20) and gsl::span can be used instead. You can define _SILENCE_STDEXT_ARR_ITERS_DEPRECATION_WARNING or _SILENCE_ALL_MS_EXT_DEPRECATION_WARNINGS to suppress this warning. [E:\C++\FlutterReflect\build\_deps\spdlog-build\spdlog.vcxproj]
C:\Program Files\Microsoft Visual Studio\2022\Community\VC\Tools\MSVC\14.38.33130\include\__msvc_iter_core.hpp(492,40): warning C4996:         with [E:\C++\FlutterReflect\build\_deps\spdlog-build\spdlog.vcxproj]
C:\Program Files\Microsoft Visual Studio\2022\Community\VC\Tools\MSVC\14.38.33130\include\__msvc_iter_core.hpp(492,40): warning C4996:         [ [E:\C++\FlutterReflect\build\_deps\spdlog-build\spdlog.vcxproj]
C:\Program Files\Microsoft Visual Studio\2022\Community\VC\Tools\MSVC\14.38.33130\include\__msvc_iter_core.hpp(492,40): warning C4996:             T=char [E:\C++\FlutterReflect\build\_deps\spdlog-build\spdlog.vcxproj]
C:\Program Files\Microsoft Visual Studio\2022\Community\VC\Tools\MSVC\14.38.33130\include\__msvc_iter_core.hpp(492,40): warning C4996:         ] [E:\C++\FlutterReflect\build\_deps\spdlog-build\spdlog.vcxproj]
  (compiling source file '../spdlog-src/src/cfg.cpp')
      C:\Program Files\Microsoft Visual Studio\2022\Community\VC\Tools\MSVC\14.38.33130\include\iterator(1470,58):
      see declaration of 'stdext::checked_array_iterator'
  
C:\Program Files\Microsoft Visual Studio\2022\Community\VC\Tools\MSVC\14.38.33130\include\__msvc_iter_core.hpp(492,31): warning C4996: 'stdext::checked_array_iterator<T *>::reference': warning STL4043: stdext::checked_array_iterator, stdext::unchecked_array_iterator, and related factory functions are non-Standard extensions and will be removed in the future. std::span (since C++20) and gsl::span can be used instead. You can define _SILENCE_STDEXT_ARR_ITERS_DEPRECATION_WARNING or _SILENCE_ALL_MS_EXT_DEPRECATION_WARNINGS to suppress this warning. [E:\C++\FlutterReflect\build\_deps\spdlog-build\spdlog.vcxproj]
C:\Program Files\Microsoft Visual Studio\2022\Community\VC\Tools\MSVC\14.38.33130\include\__msvc_iter_core.hpp(492,31): warning C4996:         with [E:\C++\FlutterReflect\build\_deps\spdlog-build\spdlog.vcxproj]
C:\Program Files\Microsoft Visual Studio\2022\Community\VC\Tools\MSVC\14.38.33130\include\__msvc_iter_core.hpp(492,31): warning C4996:         [ [E:\C++\FlutterReflect\build\_deps\spdlog-build\spdlog.vcxproj]
C:\Program Files\Microsoft Visual Studio\2022\Community\VC\Tools\MSVC\14.38.33130\include\__msvc_iter_core.hpp(492,31): warning C4996:             T=char [E:\C++\FlutterReflect\build\_deps\spdlog-build\spdlog.vcxproj]
C:\Program Files\Microsoft Visual Studio\2022\Community\VC\Tools\MSVC\14.38.33130\include\__msvc_iter_core.hpp(492,31): warning C4996:         ] [E:\C++\FlutterReflect\build\_deps\spdlog-build\spdlog.vcxproj]
  (compiling source file '../spdlog-src/src/cfg.cpp')
  
C:\Program Files\Microsoft Visual Studio\2022\Community\VC\Tools\MSVC\14.38.33130\include\xutility(1255,12): warning C4996: 'stdext::checked_array_iterator<T *>::_Verify_offset': warning STL4043: stdext::checked_array_iterator, stdext::unchecked_array_iterator, and related factory functions are non-Standard extensions and will be removed in the future. std::span (since C++20) and gsl::span can be used instead. You can define _SILENCE_STDEXT_ARR_ITERS_DEPRECATION_WARNING or _SILENCE_ALL_MS_EXT_DEPRECATION_WARNINGS to suppress this warning. [E:\C++\FlutterReflect\build\_deps\spdlog-build\spdlog.vcxproj]
C:\Program Files\Microsoft Visual Studio\2022\Community\VC\Tools\MSVC\14.38.33130\include\xutility(1255,12): warning C4996:         with [E:\C++\FlutterReflect\build\_deps\spdlog-build\spdlog.vcxproj]
C:\Program Files\Microsoft Visual Studio\2022\Community\VC\Tools\MSVC\14.38.33130\include\xutility(1255,12): warning C4996:         [ [E:\C++\FlutterReflect\build\_deps\spdlog-build\spdlog.vcxproj]
C:\Program Files\Microsoft Visual Studio\2022\Community\VC\Tools\MSVC\14.38.33130\include\xutility(1255,12): warning C4996:             T=char [E:\C++\FlutterReflect\build\_deps\spdlog-build\spdlog.vcxproj]
C:\Program Files\Microsoft Visual Studio\2022\Community\VC\Tools\MSVC\14.38.33130\include\xutility(1255,12): warning C4996:         ] [E:\C++\FlutterReflect\build\_deps\spdlog-build\spdlog.vcxproj]
  (compiling source file '../spdlog-src/src/cfg.cpp')
  
C:\Program Files\Microsoft Visual Studio\2022\Community\VC\Tools\MSVC\14.38.33130\include\xutility(1256,41): warning C4996: 'stdext::checked_array_iterator<T *>::_Unwrapped': warning STL4043: stdext::checked_array_iterator, stdext::unchecked_array_iterator, and related factory functions are non-Standard extensions and will be removed in the future. std::span (since C++20) and gsl::span can be used instead. You can define _SILENCE_STDEXT_ARR_ITERS_DEPRECATION_WARNING or _SILENCE_ALL_MS_EXT_DEPRECATION_WARNINGS to suppress this warning. [E:\C++\FlutterReflect\build\_deps\spdlog-build\spdlog.vcxproj]
C:\Program Files\Microsoft Visual Studio\2022\Community\VC\Tools\MSVC\14.38.33130\include\xutility(1256,41): warning C4996:         with [E:\C++\FlutterReflect\build\_deps\spdlog-build\spdlog.vcxproj]
C:\Program Files\Microsoft Visual Studio\2022\Community\VC\Tools\MSVC\14.38.33130\include\xutility(1256,41): warning C4996:         [ [E:\C++\FlutterReflect\build\_deps\spdlog-build\spdlog.vcxproj]
C:\Program Files\Microsoft Visual Studio\2022\Community\VC\Tools\MSVC\14.38.33130\include\xutility(1256,41): warning C4996:             T=char [E:\C++\FlutterReflect\build\_deps\spdlog-build\spdlog.vcxproj]
C:\Program Files\Microsoft Visual Studio\2022\Community\VC\Tools\MSVC\14.38.33130\include\xutility(1256,41): warning C4996:         ] [E:\C++\FlutterReflect\build\_deps\spdlog-build\spdlog.vcxproj]
  (compiling source file '../spdlog-src/src/cfg.cpp')
  
C:\Program Files\Microsoft Visual Studio\2022\Community\VC\Tools\MSVC\14.38.33130\include\xutility(1277,12): warning C4996: 'stdext::checked_array_iterator<T *>::_Seek_to': warning STL4043: stdext::checked_array_iterator, stdext::unchecked_array_iterator, and related factory functions are non-Standard extensions and will be removed in the future. std::span (since C++20) and gsl::span can be used instead. You can define _SILENCE_STDEXT_ARR_ITERS_DEPRECATION_WARNING or _SILENCE_ALL_MS_EXT_DEPRECATION_WARNINGS to suppress this warning. [E:\C++\FlutterReflect\build\_deps\spdlog-build\spdlog.vcxproj]
C:\Program Files\Microsoft Visual Studio\2022\Community\VC\Tools\MSVC\14.38.33130\include\xutility(1277,12): warning C4996:         with [E:\C++\FlutterReflect\build\_deps\spdlog-build\spdlog.vcxproj]
C:\Program Files\Microsoft Visual Studio\2022\Community\VC\Tools\MSVC\14.38.33130\include\xutility(1277,12): warning C4996:         [ [E:\C++\FlutterReflect\build\_deps\spdlog-build\spdlog.vcxproj]
C:\Program Files\Microsoft Visual Studio\2022\Community\VC\Tools\MSVC\14.38.33130\include\xutility(1277,12): warning C4996:             T=wchar_t [E:\C++\FlutterReflect\build\_deps\spdlog-build\spdlog.vcxproj]
C:\Program Files\Microsoft Visual Studio\2022\Community\VC\Tools\MSVC\14.38.33130\include\xutility(1277,12): warning C4996:         ] [E:\C++\FlutterReflect\build\_deps\spdlog-build\spdlog.vcxproj]
  (compiling source file '../spdlog-src/src/cfg.cpp')
      C:\Program Files\Microsoft Visual Studio\2022\Community\VC\Tools\MSVC\14.38.33130\include\xutility(1277,12):
      the template instantiation context (the oldest one first) is
          E:\C++\FlutterReflect\build\_deps\spdlog-src\include\spdlog\fmt\bundled\format.h(925,8):
          see reference to function template instantiation '_NoThrowFwdIt std::uninitialized_copy<T*,stdext::checked_array_iterator<T *>>(const _InIt,const _InIt,_NoThrowFwdIt)' being compiled
          with
          [
              _NoThrowFwdIt=stdext::checked_array_iterator<wchar_t *>,
              T=wchar_t,
              _InIt=wchar_t *
          ]
          C:\Program Files\Microsoft Visual Studio\2022\Community\VC\Tools\MSVC\14.38.33130\include\xmemory(1920,5):
          see reference to function template instantiation 'void std::_Seek_wrapped<_NoThrowFwdIt,wchar_t*>(_Iter &,_UIter &&)' being compiled
          with
          [
              _NoThrowFwdIt=stdext::checked_array_iterator<wchar_t *>,
              _Iter=stdext::checked_array_iterator<wchar_t *>,
              _UIter=wchar_t *
          ]
  
C:\Program Files\Microsoft Visual Studio\2022\Community\VC\Tools\MSVC\14.38.33130\include\xutility(1141,31): warning C4996: 'stdext::checked_array_iterator<T *>': warning STL4043: stdext::checked_array_iterator, stdext::unchecked_array_iterator, and related factory functions are non-Standard extensions and will be removed in the future. std::span (since C++20) and gsl::span can be used instead. You can define _SILENCE_STDEXT_ARR_ITERS_DEPRECATION_WARNING or _SILENCE_ALL_MS_EXT_DEPRECATION_WARNINGS to suppress this warning. [E:\C++\FlutterReflect\build\_deps\spdlog-build\spdlog.vcxproj]
C:\Program Files\Microsoft Visual Studio\2022\Community\VC\Tools\MSVC\14.38.33130\include\xutility(1141,31): warning C4996:         with [E:\C++\FlutterReflect\build\_deps\spdlog-build\spdlog.vcxproj]
C:\Program Files\Microsoft Visual Studio\2022\Community\VC\Tools\MSVC\14.38.33130\include\xutility(1141,31): warning C4996:         [ [E:\C++\FlutterReflect\build\_deps\spdlog-build\spdlog.vcxproj]
C:\Program Files\Microsoft Visual Studio\2022\Community\VC\Tools\MSVC\14.38.33130\include\xutility(1141,31): warning C4996:             T=fmt::v9::detail::bigint::bigit [E:\C++\FlutterReflect\build\_deps\spdlog-build\spdlog.vcxproj]
C:\Program Files\Microsoft Visual Studio\2022\Community\VC\Tools\MSVC\14.38.33130\include\xutility(1141,31): warning C4996:         ] [E:\C++\FlutterReflect\build\_deps\spdlog-build\spdlog.vcxproj]
  (compiling source file '../spdlog-src/src/color_sinks.cpp')
      C:\Program Files\Microsoft Visual Studio\2022\Community\VC\Tools\MSVC\14.38.33130\include\iterator(1470,58):
      see declaration of 'stdext::checked_array_iterator'
      C:\Program Files\Microsoft Visual Studio\2022\Community\VC\Tools\MSVC\14.38.33130\include\xutility(1141,31):
      the template instantiation context (the oldest one first) is
          E:\C++\FlutterReflect\build\_deps\spdlog-src\include\spdlog\fmt\bundled\format.h(2807,10):
          see reference to function template instantiation '_OutIt std::copy<const T*,stdext::checked_array_iterator<T *>>(_InIt,_InIt,_OutIt)' being compiled
          with
          [
              _OutIt=stdext::checked_array_iterator<fmt::v9::detail::bigint::bigit *>,
              T=fmt::v9::detail::bigint::bigit,
              _InIt=const fmt::v9::detail::bigint::bigit *
          ]
          C:\Program Files\Microsoft Visual Studio\2022\Community\VC\Tools\MSVC\14.38.33130\include\xutility(4610,26):
          see reference to function template instantiation 'decltype(auto) std::_Get_unwrapped_n<_OutIt&,__int64>(_Iter,const _Diff)' being compiled
          with
          [
              _OutIt=stdext::checked_array_iterator<fmt::v9::detail::bigint::bigit *>,
              _Iter=stdext::checked_array_iterator<fmt::v9::detail::bigint::bigit *> &,
              _Diff=__int64
          ]
          C:\Program Files\Microsoft Visual Studio\2022\Community\VC\Tools\MSVC\14.38.33130\include\xutility(1244,26):
          see reference to variable template 'const bool _Unwrappable_for_offset_v<stdext::checked_array_iterator<unsigned int *> &>' being compiled
          C:\Program Files\Microsoft Visual Studio\2022\Community\VC\Tools\MSVC\14.38.33130\include\xutility(1238,5):
          see reference to variable template 'const bool _Unwrappable_v<stdext::checked_array_iterator<unsigned int *> &,void>' being compiled
          C:\Program Files\Microsoft Visual Studio\2022\Community\VC\Tools\MSVC\14.38.33130\include\xutility(1165,5):
          see reference to variable template 'const bool _Allow_inheriting_unwrap_v<stdext::checked_array_iterator<unsigned int *>,void>' being compiled
  
C:\Program Files\Microsoft Visual Studio\2022\Community\VC\Tools\MSVC\14.38.33130\include\xutility(1141,22): warning C4996: 'stdext::checked_array_iterator<T *>::_Prevent_inheriting_unwrap': warning STL4043: stdext::checked_array_iterator, stdext::unchecked_array_iterator, and related factory functions are non-Standard extensions and will be removed in the future. std::span (since C++20) and gsl::span can be used instead. You can define _SILENCE_STDEXT_ARR_ITERS_DEPRECATION_WARNING or _SILENCE_ALL_MS_EXT_DEPRECATION_WARNINGS to suppress this warning. [E:\C++\FlutterReflect\build\_deps\spdlog-build\spdlog.vcxproj]
C:\Program Files\Microsoft Visual Studio\2022\Community\VC\Tools\MSVC\14.38.33130\include\xutility(1141,22): warning C4996:         with [E:\C++\FlutterReflect\build\_deps\spdlog-build\spdlog.vcxproj]
C:\Program Files\Microsoft Visual Studio\2022\Community\VC\Tools\MSVC\14.38.33130\include\xutility(1141,22): warning C4996:         [ [E:\C++\FlutterReflect\build\_deps\spdlog-build\spdlog.vcxproj]
C:\Program Files\Microsoft Visual Studio\2022\Community\VC\Tools\MSVC\14.38.33130\include\xutility(1141,22): warning C4996:             T=fmt::v9::detail::bigint::bigit [E:\C++\FlutterReflect\build\_deps\spdlog-build\spdlog.vcxproj]
C:\Program Files\Microsoft Visual Studio\2022\Community\VC\Tools\MSVC\14.38.33130\include\xutility(1141,22): warning C4996:         ] [E:\C++\FlutterReflect\build\_deps\spdlog-build\spdlog.vcxproj]
  (compiling source file '../spdlog-src/src/color_sinks.cpp')
  
C:\Program Files\Microsoft Visual Studio\2022\Community\VC\Tools\MSVC\14.38.33130\include\__msvc_iter_core.hpp(488,40): warning C4996: 'stdext::checked_array_iterator<T *>': warning STL4043: stdext::checked_array_iterator, stdext::unchecked_array_iterator, and related factory functions are non-Standard extensions and will be removed in the future. std::span (since C++20) and gsl::span can be used instead. You can define _SILENCE_STDEXT_ARR_ITERS_DEPRECATION_WARNING or _SILENCE_ALL_MS_EXT_DEPRECATION_WARNINGS to suppress this warning. [E:\C++\FlutterReflect\build\_deps\spdlog-build\spdlog.vcxproj]
C:\Program Files\Microsoft Visual Studio\2022\Community\VC\Tools\MSVC\14.38.33130\include\__msvc_iter_core.hpp(488,40): warning C4996:         with [E:\C++\FlutterReflect\build\_deps\spdlog-build\spdlog.vcxproj]
C:\Program Files\Microsoft Visual Studio\2022\Community\VC\Tools\MSVC\14.38.33130\include\__msvc_iter_core.hpp(488,40): warning C4996:         [ [E:\C++\FlutterReflect\build\_deps\spdlog-build\spdlog.vcxproj]
C:\Program Files\Microsoft Visual Studio\2022\Community\VC\Tools\MSVC\14.38.33130\include\__msvc_iter_core.hpp(488,40): warning C4996:             T=fmt::v9::detail::bigint::bigit [E:\C++\FlutterReflect\build\_deps\spdlog-build\spdlog.vcxproj]
C:\Program Files\Microsoft Visual Studio\2022\Community\VC\Tools\MSVC\14.38.33130\include\__msvc_iter_core.hpp(488,40): warning C4996:         ] [E:\C++\FlutterReflect\build\_deps\spdlog-build\spdlog.vcxproj]
  (compiling source file '../spdlog-src/src/color_sinks.cpp')
      C:\Program Files\Microsoft Visual Studio\2022\Community\VC\Tools\MSVC\14.38.33130\include\iterator(1470,58):
      see declaration of 'stdext::checked_array_iterator'
      C:\Program Files\Microsoft Visual Studio\2022\Community\VC\Tools\MSVC\14.38.33130\include\__msvc_iter_core.hpp(488,40):
      the template instantiation context (the oldest one first) is
          C:\Program Files\Microsoft Visual Studio\2022\Community\VC\Tools\MSVC\14.38.33130\include\xutility(1233,93):
          see reference to alias template instantiation 'std::_Iter_diff_t<_Iter>' being compiled
          with
          [
              _Iter=stdext::checked_array_iterator<fmt::v9::detail::bigint::bigit *>
          ]
          C:\Program Files\Microsoft Visual Studio\2022\Community\VC\Tools\MSVC\14.38.33130\include\xutility(1238,5):
          see reference to class template instantiation 'std::iterator_traits<_Iter>' being compiled
          with
          [
              _Iter=stdext::checked_array_iterator<fmt::v9::detail::bigint::bigit *>
          ]
          C:\Program Files\Microsoft Visual Studio\2022\Community\VC\Tools\MSVC\14.38.33130\include\__msvc_iter_core.hpp(508,26):
          see reference to class template instantiation 'std::_Iterator_traits_base<_Iter,void>' being compiled
          with
          [
              _Iter=stdext::checked_array_iterator<fmt::v9::detail::bigint::bigit *>
          ]
  
C:\Program Files\Microsoft Visual Studio\2022\Community\VC\Tools\MSVC\14.38.33130\include\__msvc_iter_core.hpp(488,31): warning C4996: 'stdext::checked_array_iterator<T *>::iterator_category': warning STL4043: stdext::checked_array_iterator, stdext::unchecked_array_iterator, and related factory functions are non-Standard extensions and will be removed in the future. std::span (since C++20) and gsl::span can be used instead. You can define _SILENCE_STDEXT_ARR_ITERS_DEPRECATION_WARNING or _SILENCE_ALL_MS_EXT_DEPRECATION_WARNINGS to suppress this warning. [E:\C++\FlutterReflect\build\_deps\spdlog-build\spdlog.vcxproj]
C:\Program Files\Microsoft Visual Studio\2022\Community\VC\Tools\MSVC\14.38.33130\include\__msvc_iter_core.hpp(488,31): warning C4996:         with [E:\C++\FlutterReflect\build\_deps\spdlog-build\spdlog.vcxproj]
C:\Program Files\Microsoft Visual Studio\2022\Community\VC\Tools\MSVC\14.38.33130\include\__msvc_iter_core.hpp(488,31): warning C4996:         [ [E:\C++\FlutterReflect\build\_deps\spdlog-build\spdlog.vcxproj]
C:\Program Files\Microsoft Visual Studio\2022\Community\VC\Tools\MSVC\14.38.33130\include\__msvc_iter_core.hpp(488,31): warning C4996:             T=fmt::v9::detail::bigint::bigit [E:\C++\FlutterReflect\build\_deps\spdlog-build\spdlog.vcxproj]
C:\Program Files\Microsoft Visual Studio\2022\Community\VC\Tools\MSVC\14.38.33130\include\__msvc_iter_core.hpp(488,31): warning C4996:         ] [E:\C++\FlutterReflect\build\_deps\spdlog-build\spdlog.vcxproj]
  (compiling source file '../spdlog-src/src/color_sinks.cpp')
  
C:\Program Files\Microsoft Visual Studio\2022\Community\VC\Tools\MSVC\14.38.33130\include\__msvc_iter_core.hpp(489,40): warning C4996: 'stdext::checked_array_iterator<T *>': warning STL4043: stdext::checked_array_iterator, stdext::unchecked_array_iterator, and related factory functions are non-Standard extensions and will be removed in the future. std::span (since C++20) and gsl::span can be used instead. You can define _SILENCE_STDEXT_ARR_ITERS_DEPRECATION_WARNING or _SILENCE_ALL_MS_EXT_DEPRECATION_WARNINGS to suppress this warning. [E:\C++\FlutterReflect\build\_deps\spdlog-build\spdlog.vcxproj]
C:\Program Files\Microsoft Visual Studio\2022\Community\VC\Tools\MSVC\14.38.33130\include\__msvc_iter_core.hpp(489,40): warning C4996:         with [E:\C++\FlutterReflect\build\_deps\spdlog-build\spdlog.vcxproj]
C:\Program Files\Microsoft Visual Studio\2022\Community\VC\Tools\MSVC\14.38.33130\include\__msvc_iter_core.hpp(489,40): warning C4996:         [ [E:\C++\FlutterReflect\build\_deps\spdlog-build\spdlog.vcxproj]
C:\Program Files\Microsoft Visual Studio\2022\Community\VC\Tools\MSVC\14.38.33130\include\__msvc_iter_core.hpp(489,40): warning C4996:             T=fmt::v9::detail::bigint::bigit [E:\C++\FlutterReflect\build\_deps\spdlog-build\spdlog.vcxproj]
C:\Program Files\Microsoft Visual Studio\2022\Community\VC\Tools\MSVC\14.38.33130\include\__msvc_iter_core.hpp(489,40): warning C4996:         ] [E:\C++\FlutterReflect\build\_deps\spdlog-build\spdlog.vcxproj]
  (compiling source file '../spdlog-src/src/color_sinks.cpp')
      C:\Program Files\Microsoft Visual Studio\2022\Community\VC\Tools\MSVC\14.38.33130\include\iterator(1470,58):
      see declaration of 'stdext::checked_array_iterator'
  
C:\Program Files\Microsoft Visual Studio\2022\Community\VC\Tools\MSVC\14.38.33130\include\xutility(1141,31): warning C4996: 'stdext::checked_array_iterator<T *>': warning STL4043: stdext::checked_array_iterator, stdext::unchecked_array_iterator, and related factory functions are non-Standard extensions and will be removed in the future. std::span (since C++20) and gsl::span can be used instead. You can define _SILENCE_STDEXT_ARR_ITERS_DEPRECATION_WARNING or _SILENCE_ALL_MS_EXT_DEPRECATION_WARNINGS to suppress this warning. [E:\C++\FlutterReflect\build\_deps\spdlog-build\spdlog.vcxproj]
C:\Program Files\Microsoft Visual Studio\2022\Community\VC\Tools\MSVC\14.38.33130\include\xutility(1141,31): warning C4996:         with [E:\C++\FlutterReflect\build\_deps\spdlog-build\spdlog.vcxproj]
C:\Program Files\Microsoft Visual Studio\2022\Community\VC\Tools\MSVC\14.38.33130\include\xutility(1141,31): warning C4996:         [ [E:\C++\FlutterReflect\build\_deps\spdlog-build\spdlog.vcxproj]
C:\Program Files\Microsoft Visual Studio\2022\Community\VC\Tools\MSVC\14.38.33130\include\xutility(1141,31): warning C4996:             T=fmt::v9::detail::bigint::bigit [E:\C++\FlutterReflect\build\_deps\spdlog-build\spdlog.vcxproj]
C:\Program Files\Microsoft Visual Studio\2022\Community\VC\Tools\MSVC\14.38.33130\include\xutility(1141,31): warning C4996:         ] [E:\C++\FlutterReflect\build\_deps\spdlog-build\spdlog.vcxproj]
  (compiling source file '../spdlog-src/src/stdout_sinks.cpp')
      C:\Program Files\Microsoft Visual Studio\2022\Community\VC\Tools\MSVC\14.38.33130\include\iterator(1470,58):
      see declaration of 'stdext::checked_array_iterator'
      C:\Program Files\Microsoft Visual Studio\2022\Community\VC\Tools\MSVC\14.38.33130\include\xutility(1141,31):
      the template instantiation context (the oldest one first) is
          E:\C++\FlutterReflect\build\_deps\spdlog-src\include\spdlog\fmt\bundled\format.h(2807,10):
          see reference to function template instantiation '_OutIt std::copy<const T*,stdext::checked_array_iterator<T *>>(_InIt,_InIt,_OutIt)' being compiled
          with
          [
              _OutIt=stdext::checked_array_iterator<fmt::v9::detail::bigint::bigit *>,
              T=fmt::v9::detail::bigint::bigit,
              _InIt=const fmt::v9::detail::bigint::bigit *
          ]
          C:\Program Files\Microsoft Visual Studio\2022\Community\VC\Tools\MSVC\14.38.33130\include\xutility(4610,26):
          see reference to function template instantiation 'decltype(auto) std::_Get_unwrapped_n<_OutIt&,__int64>(_Iter,const _Diff)' being compiled
          with
          [
              _OutIt=stdext::checked_array_iterator<fmt::v9::detail::bigint::bigit *>,
              _Iter=stdext::checked_array_iterator<fmt::v9::detail::bigint::bigit *> &,
              _Diff=__int64
          ]
          C:\Program Files\Microsoft Visual Studio\2022\Community\VC\Tools\MSVC\14.38.33130\include\xutility(1244,26):
          see reference to variable template 'const bool _Unwrappable_for_offset_v<stdext::checked_array_iterator<unsigned int *> &>' being compiled
          C:\Program Files\Microsoft Visual Studio\2022\Community\VC\Tools\MSVC\14.38.33130\include\xutility(1238,5):
          see reference to variable template 'const bool _Unwrappable_v<stdext::checked_array_iterator<unsigned int *> &,void>' being compiled
          C:\Program Files\Microsoft Visual Studio\2022\Community\VC\Tools\MSVC\14.38.33130\include\xutility(1165,5):
          see reference to variable template 'const bool _Allow_inheriting_unwrap_v<stdext::checked_array_iterator<unsigned int *>,void>' being compiled
  
C:\Program Files\Microsoft Visual Studio\2022\Community\VC\Tools\MSVC\14.38.33130\include\__msvc_iter_core.hpp(489,31): warning C4996: 'stdext::checked_array_iterator<T *>::value_type': warning STL4043: stdext::checked_array_iterator, stdext::unchecked_array_iterator, and related factory functions are non-Standard extensions and will be removed in the future. std::span (since C++20) and gsl::span can be used instead. You can define _SILENCE_STDEXT_ARR_ITERS_DEPRECATION_WARNING or _SILENCE_ALL_MS_EXT_DEPRECATION_WARNINGS to suppress this warning. [E:\C++\FlutterReflect\build\_deps\spdlog-build\spdlog.vcxproj]
C:\Program Files\Microsoft Visual Studio\2022\Community\VC\Tools\MSVC\14.38.33130\include\__msvc_iter_core.hpp(489,31): warning C4996:         with [E:\C++\FlutterReflect\build\_deps\spdlog-build\spdlog.vcxproj]
C:\Program Files\Microsoft Visual Studio\2022\Community\VC\Tools\MSVC\14.38.33130\include\__msvc_iter_core.hpp(489,31): warning C4996:         [ [E:\C++\FlutterReflect\build\_deps\spdlog-build\spdlog.vcxproj]
C:\Program Files\Microsoft Visual Studio\2022\Community\VC\Tools\MSVC\14.38.33130\include\__msvc_iter_core.hpp(489,31): warning C4996:             T=fmt::v9::detail::bigint::bigit [E:\C++\FlutterReflect\build\_deps\spdlog-build\spdlog.vcxproj]
C:\Program Files\Microsoft Visual Studio\2022\Community\VC\Tools\MSVC\14.38.33130\include\__msvc_iter_core.hpp(489,31): warning C4996:         ] [E:\C++\FlutterReflect\build\_deps\spdlog-build\spdlog.vcxproj]
  (compiling source file '../spdlog-src/src/color_sinks.cpp')
  
C:\Program Files\Microsoft Visual Studio\2022\Community\VC\Tools\MSVC\14.38.33130\include\xutility(1141,22): warning C4996: 'stdext::checked_array_iterator<T *>::_Prevent_inheriting_unwrap': warning STL4043: stdext::checked_array_iterator, stdext::unchecked_array_iterator, and related factory functions are non-Standard extensions and will be removed in the future. std::span (since C++20) and gsl::span can be used instead. You can define _SILENCE_STDEXT_ARR_ITERS_DEPRECATION_WARNING or _SILENCE_ALL_MS_EXT_DEPRECATION_WARNINGS to suppress this warning. [E:\C++\FlutterReflect\build\_deps\spdlog-build\spdlog.vcxproj]
C:\Program Files\Microsoft Visual Studio\2022\Community\VC\Tools\MSVC\14.38.33130\include\xutility(1141,22): warning C4996:         with [E:\C++\FlutterReflect\build\_deps\spdlog-build\spdlog.vcxproj]
C:\Program Files\Microsoft Visual Studio\2022\Community\VC\Tools\MSVC\14.38.33130\include\xutility(1141,22): warning C4996:         [ [E:\C++\FlutterReflect\build\_deps\spdlog-build\spdlog.vcxproj]
C:\Program Files\Microsoft Visual Studio\2022\Community\VC\Tools\MSVC\14.38.33130\include\xutility(1141,22): warning C4996:             T=fmt::v9::detail::bigint::bigit [E:\C++\FlutterReflect\build\_deps\spdlog-build\spdlog.vcxproj]
C:\Program Files\Microsoft Visual Studio\2022\Community\VC\Tools\MSVC\14.38.33130\include\xutility(1141,22): warning C4996:         ] [E:\C++\FlutterReflect\build\_deps\spdlog-build\spdlog.vcxproj]
  (compiling source file '../spdlog-src/src/stdout_sinks.cpp')
  
C:\Program Files\Microsoft Visual Studio\2022\Community\VC\Tools\MSVC\14.38.33130\include\__msvc_iter_core.hpp(490,40): warning C4996: 'stdext::checked_array_iterator<T *>': warning STL4043: stdext::checked_array_iterator, stdext::unchecked_array_iterator, and related factory functions are non-Standard extensions and will be removed in the future. std::span (since C++20) and gsl::span can be used instead. You can define _SILENCE_STDEXT_ARR_ITERS_DEPRECATION_WARNING or _SILENCE_ALL_MS_EXT_DEPRECATION_WARNINGS to suppress this warning. [E:\C++\FlutterReflect\build\_deps\spdlog-build\spdlog.vcxproj]
C:\Program Files\Microsoft Visual Studio\2022\Community\VC\Tools\MSVC\14.38.33130\include\__msvc_iter_core.hpp(490,40): warning C4996:         with [E:\C++\FlutterReflect\build\_deps\spdlog-build\spdlog.vcxproj]
C:\Program Files\Microsoft Visual Studio\2022\Community\VC\Tools\MSVC\14.38.33130\include\__msvc_iter_core.hpp(490,40): warning C4996:         [ [E:\C++\FlutterReflect\build\_deps\spdlog-build\spdlog.vcxproj]
C:\Program Files\Microsoft Visual Studio\2022\Community\VC\Tools\MSVC\14.38.33130\include\__msvc_iter_core.hpp(490,40): warning C4996:             T=fmt::v9::detail::bigint::bigit [E:\C++\FlutterReflect\build\_deps\spdlog-build\spdlog.vcxproj]
C:\Program Files\Microsoft Visual Studio\2022\Community\VC\Tools\MSVC\14.38.33130\include\__msvc_iter_core.hpp(490,40): warning C4996:         ] [E:\C++\FlutterReflect\build\_deps\spdlog-build\spdlog.vcxproj]
  (compiling source file '../spdlog-src/src/color_sinks.cpp')
      C:\Program Files\Microsoft Visual Studio\2022\Community\VC\Tools\MSVC\14.38.33130\include\iterator(1470,58):
      see declaration of 'stdext::checked_array_iterator'
  
C:\Program Files\Microsoft Visual Studio\2022\Community\VC\Tools\MSVC\14.38.33130\include\__msvc_iter_core.hpp(490,31): warning C4996: 'stdext::checked_array_iterator<T *>::difference_type': warning STL4043: stdext::checked_array_iterator, stdext::unchecked_array_iterator, and related factory functions are non-Standard extensions and will be removed in the future. std::span (since C++20) and gsl::span can be used instead. You can define _SILENCE_STDEXT_ARR_ITERS_DEPRECATION_WARNING or _SILENCE_ALL_MS_EXT_DEPRECATION_WARNINGS to suppress this warning. [E:\C++\FlutterReflect\build\_deps\spdlog-build\spdlog.vcxproj]
C:\Program Files\Microsoft Visual Studio\2022\Community\VC\Tools\MSVC\14.38.33130\include\__msvc_iter_core.hpp(490,31): warning C4996:         with [E:\C++\FlutterReflect\build\_deps\spdlog-build\spdlog.vcxproj]
C:\Program Files\Microsoft Visual Studio\2022\Community\VC\Tools\MSVC\14.38.33130\include\__msvc_iter_core.hpp(490,31): warning C4996:         [ [E:\C++\FlutterReflect\build\_deps\spdlog-build\spdlog.vcxproj]
C:\Program Files\Microsoft Visual Studio\2022\Community\VC\Tools\MSVC\14.38.33130\include\__msvc_iter_core.hpp(490,31): warning C4996:             T=fmt::v9::detail::bigint::bigit [E:\C++\FlutterReflect\build\_deps\spdlog-build\spdlog.vcxproj]
C:\Program Files\Microsoft Visual Studio\2022\Community\VC\Tools\MSVC\14.38.33130\include\__msvc_iter_core.hpp(490,31): warning C4996:         ] [E:\C++\FlutterReflect\build\_deps\spdlog-build\spdlog.vcxproj]
  (compiling source file '../spdlog-src/src/color_sinks.cpp')
  
C:\Program Files\Microsoft Visual Studio\2022\Community\VC\Tools\MSVC\14.38.33130\include\__msvc_iter_core.hpp(491,40): warning C4996: 'stdext::checked_array_iterator<T *>': warning STL4043: stdext::checked_array_iterator, stdext::unchecked_array_iterator, and related factory functions are non-Standard extensions and will be removed in the future. std::span (since C++20) and gsl::span can be used instead. You can define _SILENCE_STDEXT_ARR_ITERS_DEPRECATION_WARNING or _SILENCE_ALL_MS_EXT_DEPRECATION_WARNINGS to suppress this warning. [E:\C++\FlutterReflect\build\_deps\spdlog-build\spdlog.vcxproj]
C:\Program Files\Microsoft Visual Studio\2022\Community\VC\Tools\MSVC\14.38.33130\include\__msvc_iter_core.hpp(491,40): warning C4996:         with [E:\C++\FlutterReflect\build\_deps\spdlog-build\spdlog.vcxproj]
C:\Program Files\Microsoft Visual Studio\2022\Community\VC\Tools\MSVC\14.38.33130\include\__msvc_iter_core.hpp(491,40): warning C4996:         [ [E:\C++\FlutterReflect\build\_deps\spdlog-build\spdlog.vcxproj]
C:\Program Files\Microsoft Visual Studio\2022\Community\VC\Tools\MSVC\14.38.33130\include\__msvc_iter_core.hpp(491,40): warning C4996:             T=fmt::v9::detail::bigint::bigit [E:\C++\FlutterReflect\build\_deps\spdlog-build\spdlog.vcxproj]
C:\Program Files\Microsoft Visual Studio\2022\Community\VC\Tools\MSVC\14.38.33130\include\__msvc_iter_core.hpp(491,40): warning C4996:         ] [E:\C++\FlutterReflect\build\_deps\spdlog-build\spdlog.vcxproj]
  (compiling source file '../spdlog-src/src/color_sinks.cpp')
      C:\Program Files\Microsoft Visual Studio\2022\Community\VC\Tools\MSVC\14.38.33130\include\iterator(1470,58):
      see declaration of 'stdext::checked_array_iterator'
  
C:\Program Files\Microsoft Visual Studio\2022\Community\VC\Tools\MSVC\14.38.33130\include\__msvc_iter_core.hpp(488,40): warning C4996: 'stdext::checked_array_iterator<T *>': warning STL4043: stdext::checked_array_iterator, stdext::unchecked_array_iterator, and related factory functions are non-Standard extensions and will be removed in the future. std::span (since C++20) and gsl::span can be used instead. You can define _SILENCE_STDEXT_ARR_ITERS_DEPRECATION_WARNING or _SILENCE_ALL_MS_EXT_DEPRECATION_WARNINGS to suppress this warning. [E:\C++\FlutterReflect\build\_deps\spdlog-build\spdlog.vcxproj]
C:\Program Files\Microsoft Visual Studio\2022\Community\VC\Tools\MSVC\14.38.33130\include\__msvc_iter_core.hpp(488,40): warning C4996:         with [E:\C++\FlutterReflect\build\_deps\spdlog-build\spdlog.vcxproj]
C:\Program Files\Microsoft Visual Studio\2022\Community\VC\Tools\MSVC\14.38.33130\include\__msvc_iter_core.hpp(488,40): warning C4996:         [ [E:\C++\FlutterReflect\build\_deps\spdlog-build\spdlog.vcxproj]
C:\Program Files\Microsoft Visual Studio\2022\Community\VC\Tools\MSVC\14.38.33130\include\__msvc_iter_core.hpp(488,40): warning C4996:             T=fmt::v9::detail::bigint::bigit [E:\C++\FlutterReflect\build\_deps\spdlog-build\spdlog.vcxproj]
C:\Program Files\Microsoft Visual Studio\2022\Community\VC\Tools\MSVC\14.38.33130\include\__msvc_iter_core.hpp(488,40): warning C4996:         ] [E:\C++\FlutterReflect\build\_deps\spdlog-build\spdlog.vcxproj]
  (compiling source file '../spdlog-src/src/stdout_sinks.cpp')
      C:\Program Files\Microsoft Visual Studio\2022\Community\VC\Tools\MSVC\14.38.33130\include\iterator(1470,58):
      see declaration of 'stdext::checked_array_iterator'
      C:\Program Files\Microsoft Visual Studio\2022\Community\VC\Tools\MSVC\14.38.33130\include\__msvc_iter_core.hpp(488,40):
      the template instantiation context (the oldest one first) is
          C:\Program Files\Microsoft Visual Studio\2022\Community\VC\Tools\MSVC\14.38.33130\include\xutility(1233,93):
          see reference to alias template instantiation 'std::_Iter_diff_t<_Iter>' being compiled
          with
          [
              _Iter=stdext::checked_array_iterator<fmt::v9::detail::bigint::bigit *>
          ]
          C:\Program Files\Microsoft Visual Studio\2022\Community\VC\Tools\MSVC\14.38.33130\include\xutility(1238,5):
          see reference to class template instantiation 'std::iterator_traits<_Iter>' being compiled
          with
          [
              _Iter=stdext::checked_array_iterator<fmt::v9::detail::bigint::bigit *>
          ]
          C:\Program Files\Microsoft Visual Studio\2022\Community\VC\Tools\MSVC\14.38.33130\include\__msvc_iter_core.hpp(508,26):
          see reference to class template instantiation 'std::_Iterator_traits_base<_Iter,void>' being compiled
          with
          [
              _Iter=stdext::checked_array_iterator<fmt::v9::detail::bigint::bigit *>
          ]
  
C:\Program Files\Microsoft Visual Studio\2022\Community\VC\Tools\MSVC\14.38.33130\include\__msvc_iter_core.hpp(491,31): warning C4996: 'stdext::checked_array_iterator<T *>::pointer': warning STL4043: stdext::checked_array_iterator, stdext::unchecked_array_iterator, and related factory functions are non-Standard extensions and will be removed in the future. std::span (since C++20) and gsl::span can be used instead. You can define _SILENCE_STDEXT_ARR_ITERS_DEPRECATION_WARNING or _SILENCE_ALL_MS_EXT_DEPRECATION_WARNINGS to suppress this warning. [E:\C++\FlutterReflect\build\_deps\spdlog-build\spdlog.vcxproj]
C:\Program Files\Microsoft Visual Studio\2022\Community\VC\Tools\MSVC\14.38.33130\include\__msvc_iter_core.hpp(491,31): warning C4996:         with [E:\C++\FlutterReflect\build\_deps\spdlog-build\spdlog.vcxproj]
C:\Program Files\Microsoft Visual Studio\2022\Community\VC\Tools\MSVC\14.38.33130\include\__msvc_iter_core.hpp(491,31): warning C4996:         [ [E:\C++\FlutterReflect\build\_deps\spdlog-build\spdlog.vcxproj]
C:\Program Files\Microsoft Visual Studio\2022\Community\VC\Tools\MSVC\14.38.33130\include\__msvc_iter_core.hpp(491,31): warning C4996:             T=fmt::v9::detail::bigint::bigit [E:\C++\FlutterReflect\build\_deps\spdlog-build\spdlog.vcxproj]
C:\Program Files\Microsoft Visual Studio\2022\Community\VC\Tools\MSVC\14.38.33130\include\__msvc_iter_core.hpp(491,31): warning C4996:         ] [E:\C++\FlutterReflect\build\_deps\spdlog-build\spdlog.vcxproj]
  (compiling source file '../spdlog-src/src/color_sinks.cpp')
  
C:\Program Files\Microsoft Visual Studio\2022\Community\VC\Tools\MSVC\14.38.33130\include\__msvc_iter_core.hpp(488,31): warning C4996: 'stdext::checked_array_iterator<T *>::iterator_category': warning STL4043: stdext::checked_array_iterator, stdext::unchecked_array_iterator, and related factory functions are non-Standard extensions and will be removed in the future. std::span (since C++20) and gsl::span can be used instead. You can define _SILENCE_STDEXT_ARR_ITERS_DEPRECATION_WARNING or _SILENCE_ALL_MS_EXT_DEPRECATION_WARNINGS to suppress this warning. [E:\C++\FlutterReflect\build\_deps\spdlog-build\spdlog.vcxproj]
C:\Program Files\Microsoft Visual Studio\2022\Community\VC\Tools\MSVC\14.38.33130\include\__msvc_iter_core.hpp(488,31): warning C4996:         with [E:\C++\FlutterReflect\build\_deps\spdlog-build\spdlog.vcxproj]
C:\Program Files\Microsoft Visual Studio\2022\Community\VC\Tools\MSVC\14.38.33130\include\__msvc_iter_core.hpp(488,31): warning C4996:         [ [E:\C++\FlutterReflect\build\_deps\spdlog-build\spdlog.vcxproj]
C:\Program Files\Microsoft Visual Studio\2022\Community\VC\Tools\MSVC\14.38.33130\include\__msvc_iter_core.hpp(488,31): warning C4996:             T=fmt::v9::detail::bigint::bigit [E:\C++\FlutterReflect\build\_deps\spdlog-build\spdlog.vcxproj]
C:\Program Files\Microsoft Visual Studio\2022\Community\VC\Tools\MSVC\14.38.33130\include\__msvc_iter_core.hpp(488,31): warning C4996:         ] [E:\C++\FlutterReflect\build\_deps\spdlog-build\spdlog.vcxproj]
  (compiling source file '../spdlog-src/src/stdout_sinks.cpp')
  
C:\Program Files\Microsoft Visual Studio\2022\Community\VC\Tools\MSVC\14.38.33130\include\__msvc_iter_core.hpp(492,40): warning C4996: 'stdext::checked_array_iterator<T *>': warning STL4043: stdext::checked_array_iterator, stdext::unchecked_array_iterator, and related factory functions are non-Standard extensions and will be removed in the future. std::span (since C++20) and gsl::span can be used instead. You can define _SILENCE_STDEXT_ARR_ITERS_DEPRECATION_WARNING or _SILENCE_ALL_MS_EXT_DEPRECATION_WARNINGS to suppress this warning. [E:\C++\FlutterReflect\build\_deps\spdlog-build\spdlog.vcxproj]
C:\Program Files\Microsoft Visual Studio\2022\Community\VC\Tools\MSVC\14.38.33130\include\__msvc_iter_core.hpp(492,40): warning C4996:         with [E:\C++\FlutterReflect\build\_deps\spdlog-build\spdlog.vcxproj]
C:\Program Files\Microsoft Visual Studio\2022\Community\VC\Tools\MSVC\14.38.33130\include\__msvc_iter_core.hpp(492,40): warning C4996:         [ [E:\C++\FlutterReflect\build\_deps\spdlog-build\spdlog.vcxproj]
C:\Program Files\Microsoft Visual Studio\2022\Community\VC\Tools\MSVC\14.38.33130\include\__msvc_iter_core.hpp(492,40): warning C4996:             T=fmt::v9::detail::bigint::bigit [E:\C++\FlutterReflect\build\_deps\spdlog-build\spdlog.vcxproj]
C:\Program Files\Microsoft Visual Studio\2022\Community\VC\Tools\MSVC\14.38.33130\include\__msvc_iter_core.hpp(492,40): warning C4996:         ] [E:\C++\FlutterReflect\build\_deps\spdlog-build\spdlog.vcxproj]
  (compiling source file '../spdlog-src/src/color_sinks.cpp')
      C:\Program Files\Microsoft Visual Studio\2022\Community\VC\Tools\MSVC\14.38.33130\include\iterator(1470,58):
      see declaration of 'stdext::checked_array_iterator'
  
C:\Program Files\Microsoft Visual Studio\2022\Community\VC\Tools\MSVC\14.38.33130\include\__msvc_iter_core.hpp(489,40): warning C4996: 'stdext::checked_array_iterator<T *>': warning STL4043: stdext::checked_array_iterator, stdext::unchecked_array_iterator, and related factory functions are non-Standard extensions and will be removed in the future. std::span (since C++20) and gsl::span can be used instead. You can define _SILENCE_STDEXT_ARR_ITERS_DEPRECATION_WARNING or _SILENCE_ALL_MS_EXT_DEPRECATION_WARNINGS to suppress this warning. [E:\C++\FlutterReflect\build\_deps\spdlog-build\spdlog.vcxproj]
C:\Program Files\Microsoft Visual Studio\2022\Community\VC\Tools\MSVC\14.38.33130\include\__msvc_iter_core.hpp(489,40): warning C4996:         with [E:\C++\FlutterReflect\build\_deps\spdlog-build\spdlog.vcxproj]
C:\Program Files\Microsoft Visual Studio\2022\Community\VC\Tools\MSVC\14.38.33130\include\__msvc_iter_core.hpp(489,40): warning C4996:         [ [E:\C++\FlutterReflect\build\_deps\spdlog-build\spdlog.vcxproj]
C:\Program Files\Microsoft Visual Studio\2022\Community\VC\Tools\MSVC\14.38.33130\include\__msvc_iter_core.hpp(489,40): warning C4996:             T=fmt::v9::detail::bigint::bigit [E:\C++\FlutterReflect\build\_deps\spdlog-build\spdlog.vcxproj]
C:\Program Files\Microsoft Visual Studio\2022\Community\VC\Tools\MSVC\14.38.33130\include\__msvc_iter_core.hpp(489,40): warning C4996:         ] [E:\C++\FlutterReflect\build\_deps\spdlog-build\spdlog.vcxproj]
  (compiling source file '../spdlog-src/src/stdout_sinks.cpp')
      C:\Program Files\Microsoft Visual Studio\2022\Community\VC\Tools\MSVC\14.38.33130\include\iterator(1470,58):
      see declaration of 'stdext::checked_array_iterator'
  
C:\Program Files\Microsoft Visual Studio\2022\Community\VC\Tools\MSVC\14.38.33130\include\__msvc_iter_core.hpp(492,31): warning C4996: 'stdext::checked_array_iterator<T *>::reference': warning STL4043: stdext::checked_array_iterator, stdext::unchecked_array_iterator, and related factory functions are non-Standard extensions and will be removed in the future. std::span (since C++20) and gsl::span can be used instead. You can define _SILENCE_STDEXT_ARR_ITERS_DEPRECATION_WARNING or _SILENCE_ALL_MS_EXT_DEPRECATION_WARNINGS to suppress this warning. [E:\C++\FlutterReflect\build\_deps\spdlog-build\spdlog.vcxproj]
C:\Program Files\Microsoft Visual Studio\2022\Community\VC\Tools\MSVC\14.38.33130\include\__msvc_iter_core.hpp(492,31): warning C4996:         with [E:\C++\FlutterReflect\build\_deps\spdlog-build\spdlog.vcxproj]
C:\Program Files\Microsoft Visual Studio\2022\Community\VC\Tools\MSVC\14.38.33130\include\__msvc_iter_core.hpp(492,31): warning C4996:         [ [E:\C++\FlutterReflect\build\_deps\spdlog-build\spdlog.vcxproj]
C:\Program Files\Microsoft Visual Studio\2022\Community\VC\Tools\MSVC\14.38.33130\include\__msvc_iter_core.hpp(492,31): warning C4996:             T=fmt::v9::detail::bigint::bigit [E:\C++\FlutterReflect\build\_deps\spdlog-build\spdlog.vcxproj]
C:\Program Files\Microsoft Visual Studio\2022\Community\VC\Tools\MSVC\14.38.33130\include\__msvc_iter_core.hpp(492,31): warning C4996:         ] [E:\C++\FlutterReflect\build\_deps\spdlog-build\spdlog.vcxproj]
  (compiling source file '../spdlog-src/src/color_sinks.cpp')
  
C:\Program Files\Microsoft Visual Studio\2022\Community\VC\Tools\MSVC\14.38.33130\include\__msvc_iter_core.hpp(489,31): warning C4996: 'stdext::checked_array_iterator<T *>::value_type': warning STL4043: stdext::checked_array_iterator, stdext::unchecked_array_iterator, and related factory functions are non-Standard extensions and will be removed in the future. std::span (since C++20) and gsl::span can be used instead. You can define _SILENCE_STDEXT_ARR_ITERS_DEPRECATION_WARNING or _SILENCE_ALL_MS_EXT_DEPRECATION_WARNINGS to suppress this warning. [E:\C++\FlutterReflect\build\_deps\spdlog-build\spdlog.vcxproj]
C:\Program Files\Microsoft Visual Studio\2022\Community\VC\Tools\MSVC\14.38.33130\include\__msvc_iter_core.hpp(489,31): warning C4996:         with [E:\C++\FlutterReflect\build\_deps\spdlog-build\spdlog.vcxproj]
C:\Program Files\Microsoft Visual Studio\2022\Community\VC\Tools\MSVC\14.38.33130\include\__msvc_iter_core.hpp(489,31): warning C4996:         [ [E:\C++\FlutterReflect\build\_deps\spdlog-build\spdlog.vcxproj]
C:\Program Files\Microsoft Visual Studio\2022\Community\VC\Tools\MSVC\14.38.33130\include\__msvc_iter_core.hpp(489,31): warning C4996:             T=fmt::v9::detail::bigint::bigit [E:\C++\FlutterReflect\build\_deps\spdlog-build\spdlog.vcxproj]
C:\Program Files\Microsoft Visual Studio\2022\Community\VC\Tools\MSVC\14.38.33130\include\__msvc_iter_core.hpp(489,31): warning C4996:         ] [E:\C++\FlutterReflect\build\_deps\spdlog-build\spdlog.vcxproj]
  (compiling source file '../spdlog-src/src/stdout_sinks.cpp')
  
C:\Program Files\Microsoft Visual Studio\2022\Community\VC\Tools\MSVC\14.38.33130\include\__msvc_iter_core.hpp(490,40): warning C4996: 'stdext::checked_array_iterator<T *>': warning STL4043: stdext::checked_array_iterator, stdext::unchecked_array_iterator, and related factory functions are non-Standard extensions and will be removed in the future. std::span (since C++20) and gsl::span can be used instead. You can define _SILENCE_STDEXT_ARR_ITERS_DEPRECATION_WARNING or _SILENCE_ALL_MS_EXT_DEPRECATION_WARNINGS to suppress this warning. [E:\C++\FlutterReflect\build\_deps\spdlog-build\spdlog.vcxproj]
C:\Program Files\Microsoft Visual Studio\2022\Community\VC\Tools\MSVC\14.38.33130\include\__msvc_iter_core.hpp(490,40): warning C4996:         with [E:\C++\FlutterReflect\build\_deps\spdlog-build\spdlog.vcxproj]
C:\Program Files\Microsoft Visual Studio\2022\Community\VC\Tools\MSVC\14.38.33130\include\__msvc_iter_core.hpp(490,40): warning C4996:         [ [E:\C++\FlutterReflect\build\_deps\spdlog-build\spdlog.vcxproj]
C:\Program Files\Microsoft Visual Studio\2022\Community\VC\Tools\MSVC\14.38.33130\include\__msvc_iter_core.hpp(490,40): warning C4996:             T=fmt::v9::detail::bigint::bigit [E:\C++\FlutterReflect\build\_deps\spdlog-build\spdlog.vcxproj]
C:\Program Files\Microsoft Visual Studio\2022\Community\VC\Tools\MSVC\14.38.33130\include\__msvc_iter_core.hpp(490,40): warning C4996:         ] [E:\C++\FlutterReflect\build\_deps\spdlog-build\spdlog.vcxproj]
  (compiling source file '../spdlog-src/src/stdout_sinks.cpp')
      C:\Program Files\Microsoft Visual Studio\2022\Community\VC\Tools\MSVC\14.38.33130\include\iterator(1470,58):
      see declaration of 'stdext::checked_array_iterator'
  
C:\Program Files\Microsoft Visual Studio\2022\Community\VC\Tools\MSVC\14.38.33130\include\__msvc_iter_core.hpp(490,31): warning C4996: 'stdext::checked_array_iterator<T *>::difference_type': warning STL4043: stdext::checked_array_iterator, stdext::unchecked_array_iterator, and related factory functions are non-Standard extensions and will be removed in the future. std::span (since C++20) and gsl::span can be used instead. You can define _SILENCE_STDEXT_ARR_ITERS_DEPRECATION_WARNING or _SILENCE_ALL_MS_EXT_DEPRECATION_WARNINGS to suppress this warning. [E:\C++\FlutterReflect\build\_deps\spdlog-build\spdlog.vcxproj]
C:\Program Files\Microsoft Visual Studio\2022\Community\VC\Tools\MSVC\14.38.33130\include\__msvc_iter_core.hpp(490,31): warning C4996:         with [E:\C++\FlutterReflect\build\_deps\spdlog-build\spdlog.vcxproj]
C:\Program Files\Microsoft Visual Studio\2022\Community\VC\Tools\MSVC\14.38.33130\include\__msvc_iter_core.hpp(490,31): warning C4996:         [ [E:\C++\FlutterReflect\build\_deps\spdlog-build\spdlog.vcxproj]
C:\Program Files\Microsoft Visual Studio\2022\Community\VC\Tools\MSVC\14.38.33130\include\__msvc_iter_core.hpp(490,31): warning C4996:             T=fmt::v9::detail::bigint::bigit [E:\C++\FlutterReflect\build\_deps\spdlog-build\spdlog.vcxproj]
C:\Program Files\Microsoft Visual Studio\2022\Community\VC\Tools\MSVC\14.38.33130\include\__msvc_iter_core.hpp(490,31): warning C4996:         ] [E:\C++\FlutterReflect\build\_deps\spdlog-build\spdlog.vcxproj]
  (compiling source file '../spdlog-src/src/stdout_sinks.cpp')
  
C:\Program Files\Microsoft Visual Studio\2022\Community\VC\Tools\MSVC\14.38.33130\include\__msvc_iter_core.hpp(491,40): warning C4996: 'stdext::checked_array_iterator<T *>': warning STL4043: stdext::checked_array_iterator, stdext::unchecked_array_iterator, and related factory functions are non-Standard extensions and will be removed in the future. std::span (since C++20) and gsl::span can be used instead. You can define _SILENCE_STDEXT_ARR_ITERS_DEPRECATION_WARNING or _SILENCE_ALL_MS_EXT_DEPRECATION_WARNINGS to suppress this warning. [E:\C++\FlutterReflect\build\_deps\spdlog-build\spdlog.vcxproj]
C:\Program Files\Microsoft Visual Studio\2022\Community\VC\Tools\MSVC\14.38.33130\include\__msvc_iter_core.hpp(491,40): warning C4996:         with [E:\C++\FlutterReflect\build\_deps\spdlog-build\spdlog.vcxproj]
C:\Program Files\Microsoft Visual Studio\2022\Community\VC\Tools\MSVC\14.38.33130\include\__msvc_iter_core.hpp(491,40): warning C4996:         [ [E:\C++\FlutterReflect\build\_deps\spdlog-build\spdlog.vcxproj]
C:\Program Files\Microsoft Visual Studio\2022\Community\VC\Tools\MSVC\14.38.33130\include\__msvc_iter_core.hpp(491,40): warning C4996:             T=fmt::v9::detail::bigint::bigit [E:\C++\FlutterReflect\build\_deps\spdlog-build\spdlog.vcxproj]
C:\Program Files\Microsoft Visual Studio\2022\Community\VC\Tools\MSVC\14.38.33130\include\__msvc_iter_core.hpp(491,40): warning C4996:         ] [E:\C++\FlutterReflect\build\_deps\spdlog-build\spdlog.vcxproj]
  (compiling source file '../spdlog-src/src/stdout_sinks.cpp')
      C:\Program Files\Microsoft Visual Studio\2022\Community\VC\Tools\MSVC\14.38.33130\include\iterator(1470,58):
      see declaration of 'stdext::checked_array_iterator'
  
C:\Program Files\Microsoft Visual Studio\2022\Community\VC\Tools\MSVC\14.38.33130\include\__msvc_iter_core.hpp(491,31): warning C4996: 'stdext::checked_array_iterator<T *>::pointer': warning STL4043: stdext::checked_array_iterator, stdext::unchecked_array_iterator, and related factory functions are non-Standard extensions and will be removed in the future. std::span (since C++20) and gsl::span can be used instead. You can define _SILENCE_STDEXT_ARR_ITERS_DEPRECATION_WARNING or _SILENCE_ALL_MS_EXT_DEPRECATION_WARNINGS to suppress this warning. [E:\C++\FlutterReflect\build\_deps\spdlog-build\spdlog.vcxproj]
C:\Program Files\Microsoft Visual Studio\2022\Community\VC\Tools\MSVC\14.38.33130\include\__msvc_iter_core.hpp(491,31): warning C4996:         with [E:\C++\FlutterReflect\build\_deps\spdlog-build\spdlog.vcxproj]
C:\Program Files\Microsoft Visual Studio\2022\Community\VC\Tools\MSVC\14.38.33130\include\__msvc_iter_core.hpp(491,31): warning C4996:         [ [E:\C++\FlutterReflect\build\_deps\spdlog-build\spdlog.vcxproj]
C:\Program Files\Microsoft Visual Studio\2022\Community\VC\Tools\MSVC\14.38.33130\include\__msvc_iter_core.hpp(491,31): warning C4996:             T=fmt::v9::detail::bigint::bigit [E:\C++\FlutterReflect\build\_deps\spdlog-build\spdlog.vcxproj]
C:\Program Files\Microsoft Visual Studio\2022\Community\VC\Tools\MSVC\14.38.33130\include\__msvc_iter_core.hpp(491,31): warning C4996:         ] [E:\C++\FlutterReflect\build\_deps\spdlog-build\spdlog.vcxproj]
  (compiling source file '../spdlog-src/src/stdout_sinks.cpp')
  
C:\Program Files\Microsoft Visual Studio\2022\Community\VC\Tools\MSVC\14.38.33130\include\xutility(1255,12): warning C4996: 'stdext::checked_array_iterator<T *>::_Verify_offset': warning STL4043: stdext::checked_array_iterator, stdext::unchecked_array_iterator, and related factory functions are non-Standard extensions and will be removed in the future. std::span (since C++20) and gsl::span can be used instead. You can define _SILENCE_STDEXT_ARR_ITERS_DEPRECATION_WARNING or _SILENCE_ALL_MS_EXT_DEPRECATION_WARNINGS to suppress this warning. [E:\C++\FlutterReflect\build\_deps\spdlog-build\spdlog.vcxproj]
C:\Program Files\Microsoft Visual Studio\2022\Community\VC\Tools\MSVC\14.38.33130\include\xutility(1255,12): warning C4996:         with [E:\C++\FlutterReflect\build\_deps\spdlog-build\spdlog.vcxproj]
C:\Program Files\Microsoft Visual Studio\2022\Community\VC\Tools\MSVC\14.38.33130\include\xutility(1255,12): warning C4996:         [ [E:\C++\FlutterReflect\build\_deps\spdlog-build\spdlog.vcxproj]
C:\Program Files\Microsoft Visual Studio\2022\Community\VC\Tools\MSVC\14.38.33130\include\xutility(1255,12): warning C4996:             T=fmt::v9::detail::bigint::bigit [E:\C++\FlutterReflect\build\_deps\spdlog-build\spdlog.vcxproj]
C:\Program Files\Microsoft Visual Studio\2022\Community\VC\Tools\MSVC\14.38.33130\include\xutility(1255,12): warning C4996:         ] [E:\C++\FlutterReflect\build\_deps\spdlog-build\spdlog.vcxproj]
  (compiling source file '../spdlog-src/src/color_sinks.cpp')
  
C:\Program Files\Microsoft Visual Studio\2022\Community\VC\Tools\MSVC\14.38.33130\include\xutility(1256,41): warning C4996: 'stdext::checked_array_iterator<T *>::_Unwrapped': warning STL4043: stdext::checked_array_iterator, stdext::unchecked_array_iterator, and related factory functions are non-Standard extensions and will be removed in the future. std::span (since C++20) and gsl::span can be used instead. You can define _SILENCE_STDEXT_ARR_ITERS_DEPRECATION_WARNING or _SILENCE_ALL_MS_EXT_DEPRECATION_WARNINGS to suppress this warning. [E:\C++\FlutterReflect\build\_deps\spdlog-build\spdlog.vcxproj]
C:\Program Files\Microsoft Visual Studio\2022\Community\VC\Tools\MSVC\14.38.33130\include\xutility(1256,41): warning C4996:         with [E:\C++\FlutterReflect\build\_deps\spdlog-build\spdlog.vcxproj]
C:\Program Files\Microsoft Visual Studio\2022\Community\VC\Tools\MSVC\14.38.33130\include\xutility(1256,41): warning C4996:         [ [E:\C++\FlutterReflect\build\_deps\spdlog-build\spdlog.vcxproj]
C:\Program Files\Microsoft Visual Studio\2022\Community\VC\Tools\MSVC\14.38.33130\include\xutility(1256,41): warning C4996:             T=fmt::v9::detail::bigint::bigit [E:\C++\FlutterReflect\build\_deps\spdlog-build\spdlog.vcxproj]
C:\Program Files\Microsoft Visual Studio\2022\Community\VC\Tools\MSVC\14.38.33130\include\xutility(1256,41): warning C4996:         ] [E:\C++\FlutterReflect\build\_deps\spdlog-build\spdlog.vcxproj]
  (compiling source file '../spdlog-src/src/color_sinks.cpp')
  
C:\Program Files\Microsoft Visual Studio\2022\Community\VC\Tools\MSVC\14.38.33130\include\__msvc_iter_core.hpp(492,40): warning C4996: 'stdext::checked_array_iterator<T *>': warning STL4043: stdext::checked_array_iterator, stdext::unchecked_array_iterator, and related factory functions are non-Standard extensions and will be removed in the future. std::span (since C++20) and gsl::span can be used instead. You can define _SILENCE_STDEXT_ARR_ITERS_DEPRECATION_WARNING or _SILENCE_ALL_MS_EXT_DEPRECATION_WARNINGS to suppress this warning. [E:\C++\FlutterReflect\build\_deps\spdlog-build\spdlog.vcxproj]
C:\Program Files\Microsoft Visual Studio\2022\Community\VC\Tools\MSVC\14.38.33130\include\__msvc_iter_core.hpp(492,40): warning C4996:         with [E:\C++\FlutterReflect\build\_deps\spdlog-build\spdlog.vcxproj]
C:\Program Files\Microsoft Visual Studio\2022\Community\VC\Tools\MSVC\14.38.33130\include\__msvc_iter_core.hpp(492,40): warning C4996:         [ [E:\C++\FlutterReflect\build\_deps\spdlog-build\spdlog.vcxproj]
C:\Program Files\Microsoft Visual Studio\2022\Community\VC\Tools\MSVC\14.38.33130\include\__msvc_iter_core.hpp(492,40): warning C4996:             T=fmt::v9::detail::bigint::bigit [E:\C++\FlutterReflect\build\_deps\spdlog-build\spdlog.vcxproj]
C:\Program Files\Microsoft Visual Studio\2022\Community\VC\Tools\MSVC\14.38.33130\include\__msvc_iter_core.hpp(492,40): warning C4996:         ] [E:\C++\FlutterReflect\build\_deps\spdlog-build\spdlog.vcxproj]
  (compiling source file '../spdlog-src/src/stdout_sinks.cpp')
      C:\Program Files\Microsoft Visual Studio\2022\Community\VC\Tools\MSVC\14.38.33130\include\iterator(1470,58):
      see declaration of 'stdext::checked_array_iterator'
  
C:\Program Files\Microsoft Visual Studio\2022\Community\VC\Tools\MSVC\14.38.33130\include\__msvc_iter_core.hpp(492,31): warning C4996: 'stdext::checked_array_iterator<T *>::reference': warning STL4043: stdext::checked_array_iterator, stdext::unchecked_array_iterator, and related factory functions are non-Standard extensions and will be removed in the future. std::span (since C++20) and gsl::span can be used instead. You can define _SILENCE_STDEXT_ARR_ITERS_DEPRECATION_WARNING or _SILENCE_ALL_MS_EXT_DEPRECATION_WARNINGS to suppress this warning. [E:\C++\FlutterReflect\build\_deps\spdlog-build\spdlog.vcxproj]
C:\Program Files\Microsoft Visual Studio\2022\Community\VC\Tools\MSVC\14.38.33130\include\__msvc_iter_core.hpp(492,31): warning C4996:         with [E:\C++\FlutterReflect\build\_deps\spdlog-build\spdlog.vcxproj]
C:\Program Files\Microsoft Visual Studio\2022\Community\VC\Tools\MSVC\14.38.33130\include\__msvc_iter_core.hpp(492,31): warning C4996:         [ [E:\C++\FlutterReflect\build\_deps\spdlog-build\spdlog.vcxproj]
C:\Program Files\Microsoft Visual Studio\2022\Community\VC\Tools\MSVC\14.38.33130\include\__msvc_iter_core.hpp(492,31): warning C4996:             T=fmt::v9::detail::bigint::bigit [E:\C++\FlutterReflect\build\_deps\spdlog-build\spdlog.vcxproj]
C:\Program Files\Microsoft Visual Studio\2022\Community\VC\Tools\MSVC\14.38.33130\include\__msvc_iter_core.hpp(492,31): warning C4996:         ] [E:\C++\FlutterReflect\build\_deps\spdlog-build\spdlog.vcxproj]
  (compiling source file '../spdlog-src/src/stdout_sinks.cpp')
  
C:\Program Files\Microsoft Visual Studio\2022\Community\VC\Tools\MSVC\14.38.33130\include\xutility(1255,12): warning C4996: 'stdext::checked_array_iterator<T *>::_Verify_offset': warning STL4043: stdext::checked_array_iterator, stdext::unchecked_array_iterator, and related factory functions are non-Standard extensions and will be removed in the future. std::span (since C++20) and gsl::span can be used instead. You can define _SILENCE_STDEXT_ARR_ITERS_DEPRECATION_WARNING or _SILENCE_ALL_MS_EXT_DEPRECATION_WARNINGS to suppress this warning. [E:\C++\FlutterReflect\build\_deps\spdlog-build\spdlog.vcxproj]
C:\Program Files\Microsoft Visual Studio\2022\Community\VC\Tools\MSVC\14.38.33130\include\xutility(1255,12): warning C4996:         with [E:\C++\FlutterReflect\build\_deps\spdlog-build\spdlog.vcxproj]
C:\Program Files\Microsoft Visual Studio\2022\Community\VC\Tools\MSVC\14.38.33130\include\xutility(1255,12): warning C4996:         [ [E:\C++\FlutterReflect\build\_deps\spdlog-build\spdlog.vcxproj]
C:\Program Files\Microsoft Visual Studio\2022\Community\VC\Tools\MSVC\14.38.33130\include\xutility(1255,12): warning C4996:             T=fmt::v9::detail::bigint::bigit [E:\C++\FlutterReflect\build\_deps\spdlog-build\spdlog.vcxproj]
C:\Program Files\Microsoft Visual Studio\2022\Community\VC\Tools\MSVC\14.38.33130\include\xutility(1255,12): warning C4996:         ] [E:\C++\FlutterReflect\build\_deps\spdlog-build\spdlog.vcxproj]
  (compiling source file '../spdlog-src/src/stdout_sinks.cpp')
  
C:\Program Files\Microsoft Visual Studio\2022\Community\VC\Tools\MSVC\14.38.33130\include\xutility(1256,41): warning C4996: 'stdext::checked_array_iterator<T *>::_Unwrapped': warning STL4043: stdext::checked_array_iterator, stdext::unchecked_array_iterator, and related factory functions are non-Standard extensions and will be removed in the future. std::span (since C++20) and gsl::span can be used instead. You can define _SILENCE_STDEXT_ARR_ITERS_DEPRECATION_WARNING or _SILENCE_ALL_MS_EXT_DEPRECATION_WARNINGS to suppress this warning. [E:\C++\FlutterReflect\build\_deps\spdlog-build\spdlog.vcxproj]
C:\Program Files\Microsoft Visual Studio\2022\Community\VC\Tools\MSVC\14.38.33130\include\xutility(1256,41): warning C4996:         with [E:\C++\FlutterReflect\build\_deps\spdlog-build\spdlog.vcxproj]
C:\Program Files\Microsoft Visual Studio\2022\Community\VC\Tools\MSVC\14.38.33130\include\xutility(1256,41): warning C4996:         [ [E:\C++\FlutterReflect\build\_deps\spdlog-build\spdlog.vcxproj]
C:\Program Files\Microsoft Visual Studio\2022\Community\VC\Tools\MSVC\14.38.33130\include\xutility(1256,41): warning C4996:             T=fmt::v9::detail::bigint::bigit [E:\C++\FlutterReflect\build\_deps\spdlog-build\spdlog.vcxproj]
C:\Program Files\Microsoft Visual Studio\2022\Community\VC\Tools\MSVC\14.38.33130\include\xutility(1256,41): warning C4996:         ] [E:\C++\FlutterReflect\build\_deps\spdlog-build\spdlog.vcxproj]
  (compiling source file '../spdlog-src/src/stdout_sinks.cpp')
  
C:\Program Files\Microsoft Visual Studio\2022\Community\VC\Tools\MSVC\14.38.33130\include\xutility(1141,31): warning C4996: 'stdext::checked_array_iterator<T *>': warning STL4043: stdext::checked_array_iterator, stdext::unchecked_array_iterator, and related factory functions are non-Standard extensions and will be removed in the future. std::span (since C++20) and gsl::span can be used instead. You can define _SILENCE_STDEXT_ARR_ITERS_DEPRECATION_WARNING or _SILENCE_ALL_MS_EXT_DEPRECATION_WARNINGS to suppress this warning. [E:\C++\FlutterReflect\build\_deps\spdlog-build\spdlog.vcxproj]
C:\Program Files\Microsoft Visual Studio\2022\Community\VC\Tools\MSVC\14.38.33130\include\xutility(1141,31): warning C4996:         with [E:\C++\FlutterReflect\build\_deps\spdlog-build\spdlog.vcxproj]
C:\Program Files\Microsoft Visual Studio\2022\Community\VC\Tools\MSVC\14.38.33130\include\xutility(1141,31): warning C4996:         [ [E:\C++\FlutterReflect\build\_deps\spdlog-build\spdlog.vcxproj]
C:\Program Files\Microsoft Visual Studio\2022\Community\VC\Tools\MSVC\14.38.33130\include\xutility(1141,31): warning C4996:             T=int [E:\C++\FlutterReflect\build\_deps\spdlog-build\spdlog.vcxproj]
C:\Program Files\Microsoft Visual Studio\2022\Community\VC\Tools\MSVC\14.38.33130\include\xutility(1141,31): warning C4996:         ] [E:\C++\FlutterReflect\build\_deps\spdlog-build\spdlog.vcxproj]
  (compiling source file '../spdlog-src/src/bundled_fmtlib_format.cpp')
      C:\Program Files\Microsoft Visual Studio\2022\Community\VC\Tools\MSVC\14.38.33130\include\iterator(1470,58):
      see declaration of 'stdext::checked_array_iterator'
      C:\Program Files\Microsoft Visual Studio\2022\Community\VC\Tools\MSVC\14.38.33130\include\xutility(1141,31):
      the template instantiation context (the oldest one first) is
          E:\C++\FlutterReflect\build\_deps\spdlog-src\include\spdlog\fmt\bundled\format-inl.h(1472,11):
          see reference to function template instantiation 'void fmt::v9::detail::vformat_to<char>(fmt::v9::detail::buffer<char> &,fmt::v9::basic_string_view<char>,fmt::v9::basic_format_args<fmt::v9::format_context>,fmt::v9::detail::locale_ref)' being compiled
          E:\C++\FlutterReflect\build\_deps\spdlog-src\include\spdlog\fmt\bundled\format.h(4078,5):
          see reference to function template instantiation 'fmt::v9::appender fmt::v9::visit_format_arg<fmt::v9::detail::default_arg_formatter<Char>,Context>(Visitor &&,const fmt::v9::basic_format_arg<Context> &)' being compiled
          with
          [
              Char=char,
              Context=fmt::v9::format_context,
              Visitor=fmt::v9::detail::default_arg_formatter<char>
          ]
          E:\C++\FlutterReflect\build\_deps\spdlog-src\include\spdlog\fmt\bundled\core.h(1645,12):
          see reference to function template instantiation 'fmt::v9::appender fmt::v9::detail::default_arg_formatter<Char>::operator ()<float>(T)' being compiled
          with
          [
              Char=char,
              T=float
          ]
          E:\C++\FlutterReflect\build\_deps\spdlog-src\include\spdlog\fmt\bundled\format.h(3374,12):
          see reference to function template instantiation 'OutputIt fmt::v9::detail::write<Char,fmt::v9::appender,T,0>(OutputIt,T)' being compiled
          with
          [
              OutputIt=fmt::v9::appender,
              Char=char,
              T=float
          ]
          E:\C++\FlutterReflect\build\_deps\spdlog-src\include\spdlog\fmt\bundled\format.h(3257,10):
          see reference to function template instantiation 'OutputIt fmt::v9::detail::write_float<OutputIt,fmt::v9::detail::dragonbox::decimal_fp<float>,char>(OutputIt,const DecimalFP &,const fmt::v9::basic_format_specs<char> &,fmt::v9::detail::float_specs,fmt::v9::detail::locale_ref)' being compiled
          with
          [
              OutputIt=fmt::v9::appender,
              DecimalFP=fmt::v9::detail::dragonbox::decimal_fp<float>
          ]
          E:\C++\FlutterReflect\build\_deps\spdlog-src\include\spdlog\fmt\bundled\format.h(2489,12):
          see reference to function template instantiation 'OutputIt fmt::v9::detail::do_write_float<OutputIt,DecimalFP,char,fmt::v9::detail::digit_grouping<Char>>(OutputIt,const DecimalFP &,const fmt::v9::basic_format_specs<Char> &,fmt::v9::detail::float_specs,fmt::v9::detail::locale_ref)' being compiled
          with
          [
              OutputIt=fmt::v9::appender,
              DecimalFP=fmt::v9::detail::dragonbox::decimal_fp<float>,
              Char=char
          ]
          E:\C++\FlutterReflect\build\_deps\spdlog-src\include\spdlog\fmt\bundled\format.h(2428,12):
          see reference to function template instantiation 'OutputIt fmt::v9::detail::write_significand<Char,iterator,unsigned int,Grouping>(OutputIt,T,int,int,const Grouping &)' being compiled
          with
          [
              OutputIt=iterator,
              Char=char,
              Grouping=fmt::v9::detail::digit_grouping<char>,
              T=unsigned int
          ]
          E:\C++\FlutterReflect\build\_deps\spdlog-src\include\spdlog\fmt\bundled\format.h(2291,18):
          see reference to function template instantiation 'Out fmt::v9::detail::digit_grouping<Char>::apply<OutputIt,char>(Out,fmt::v9::basic_string_view<Char>) const' being compiled
          with
          [
              Out=iterator,
              Char=char,
              OutputIt=iterator
          ]
          E:\C++\FlutterReflect\build\_deps\spdlog-src\include\spdlog\fmt\bundled\format.h(1974,47):
          see reference to class template instantiation 'fmt::v9::basic_memory_buffer<int,500,std::allocator<int>>' being compiled
          E:\C++\FlutterReflect\build\_deps\spdlog-src\include\spdlog\fmt\bundled\format.h(912,18):
          while compiling class template member function 'void fmt::v9::basic_memory_buffer<int,500,std::allocator<int>>::grow(size_t)'
          E:\C++\FlutterReflect\build\_deps\spdlog-src\include\spdlog\fmt\bundled\format.h(925,8):
          see reference to function template instantiation '_NoThrowFwdIt std::uninitialized_copy<T*,stdext::checked_array_iterator<T *>>(const _InIt,const _InIt,_NoThrowFwdIt)' being compiled
          with
          [
              _NoThrowFwdIt=stdext::checked_array_iterator<int *>,
              T=int,
              _InIt=int *
          ]
          C:\Program Files\Microsoft Visual Studio\2022\Community\VC\Tools\MSVC\14.38.33130\include\xmemory(1919,25):
          see reference to function template instantiation 'decltype(auto) std::_Get_unwrapped_n<_NoThrowFwdIt&,__int64>(_Iter,const _Diff)' being compiled
          with
          [
              _NoThrowFwdIt=stdext::checked_array_iterator<int *>,
              _Iter=stdext::checked_array_iterator<int *> &,
              _Diff=__int64
          ]
          C:\Program Files\Microsoft Visual Studio\2022\Community\VC\Tools\MSVC\14.38.33130\include\xutility(1244,26):
          see reference to variable template 'const bool _Unwrappable_for_offset_v<stdext::checked_array_iterator<int *> &>' being compiled
          C:\Program Files\Microsoft Visual Studio\2022\Community\VC\Tools\MSVC\14.38.33130\include\xutility(1238,5):
          see reference to variable template 'const bool _Unwrappable_v<stdext::checked_array_iterator<int *> &,void>' being compiled
          C:\Program Files\Microsoft Visual Studio\2022\Community\VC\Tools\MSVC\14.38.33130\include\xutility(1165,5):
          see reference to variable template 'const bool _Allow_inheriting_unwrap_v<stdext::checked_array_iterator<int *>,void>' being compiled
  
C:\Program Files\Microsoft Visual Studio\2022\Community\VC\Tools\MSVC\14.38.33130\include\xutility(1141,22): warning C4996: 'stdext::checked_array_iterator<T *>::_Prevent_inheriting_unwrap': warning STL4043: stdext::checked_array_iterator, stdext::unchecked_array_iterator, and related factory functions are non-Standard extensions and will be removed in the future. std::span (since C++20) and gsl::span can be used instead. You can define _SILENCE_STDEXT_ARR_ITERS_DEPRECATION_WARNING or _SILENCE_ALL_MS_EXT_DEPRECATION_WARNINGS to suppress this warning. [E:\C++\FlutterReflect\build\_deps\spdlog-build\spdlog.vcxproj]
C:\Program Files\Microsoft Visual Studio\2022\Community\VC\Tools\MSVC\14.38.33130\include\xutility(1141,22): warning C4996:         with [E:\C++\FlutterReflect\build\_deps\spdlog-build\spdlog.vcxproj]
C:\Program Files\Microsoft Visual Studio\2022\Community\VC\Tools\MSVC\14.38.33130\include\xutility(1141,22): warning C4996:         [ [E:\C++\FlutterReflect\build\_deps\spdlog-build\spdlog.vcxproj]
C:\Program Files\Microsoft Visual Studio\2022\Community\VC\Tools\MSVC\14.38.33130\include\xutility(1141,22): warning C4996:             T=int [E:\C++\FlutterReflect\build\_deps\spdlog-build\spdlog.vcxproj]
C:\Program Files\Microsoft Visual Studio\2022\Community\VC\Tools\MSVC\14.38.33130\include\xutility(1141,22): warning C4996:         ] [E:\C++\FlutterReflect\build\_deps\spdlog-build\spdlog.vcxproj]
  (compiling source file '../spdlog-src/src/bundled_fmtlib_format.cpp')
  
C:\Program Files\Microsoft Visual Studio\2022\Community\VC\Tools\MSVC\14.38.33130\include\__msvc_iter_core.hpp(488,40): warning C4996: 'stdext::checked_array_iterator<T *>': warning STL4043: stdext::checked_array_iterator, stdext::unchecked_array_iterator, and related factory functions are non-Standard extensions and will be removed in the future. std::span (since C++20) and gsl::span can be used instead. You can define _SILENCE_STDEXT_ARR_ITERS_DEPRECATION_WARNING or _SILENCE_ALL_MS_EXT_DEPRECATION_WARNINGS to suppress this warning. [E:\C++\FlutterReflect\build\_deps\spdlog-build\spdlog.vcxproj]
C:\Program Files\Microsoft Visual Studio\2022\Community\VC\Tools\MSVC\14.38.33130\include\__msvc_iter_core.hpp(488,40): warning C4996:         with [E:\C++\FlutterReflect\build\_deps\spdlog-build\spdlog.vcxproj]
C:\Program Files\Microsoft Visual Studio\2022\Community\VC\Tools\MSVC\14.38.33130\include\__msvc_iter_core.hpp(488,40): warning C4996:         [ [E:\C++\FlutterReflect\build\_deps\spdlog-build\spdlog.vcxproj]
C:\Program Files\Microsoft Visual Studio\2022\Community\VC\Tools\MSVC\14.38.33130\include\__msvc_iter_core.hpp(488,40): warning C4996:             T=int [E:\C++\FlutterReflect\build\_deps\spdlog-build\spdlog.vcxproj]
C:\Program Files\Microsoft Visual Studio\2022\Community\VC\Tools\MSVC\14.38.33130\include\__msvc_iter_core.hpp(488,40): warning C4996:         ] [E:\C++\FlutterReflect\build\_deps\spdlog-build\spdlog.vcxproj]
  (compiling source file '../spdlog-src/src/bundled_fmtlib_format.cpp')
      C:\Program Files\Microsoft Visual Studio\2022\Community\VC\Tools\MSVC\14.38.33130\include\iterator(1470,58):
      see declaration of 'stdext::checked_array_iterator'
      C:\Program Files\Microsoft Visual Studio\2022\Community\VC\Tools\MSVC\14.38.33130\include\__msvc_iter_core.hpp(488,40):
      the template instantiation context (the oldest one first) is
          C:\Program Files\Microsoft Visual Studio\2022\Community\VC\Tools\MSVC\14.38.33130\include\xutility(1233,93):
          see reference to alias template instantiation 'std::_Iter_diff_t<_Iter>' being compiled
          with
          [
              _Iter=stdext::checked_array_iterator<int *>
          ]
          C:\Program Files\Microsoft Visual Studio\2022\Community\VC\Tools\MSVC\14.38.33130\include\xutility(1238,5):
          see reference to class template instantiation 'std::iterator_traits<_Iter>' being compiled
          with
          [
              _Iter=stdext::checked_array_iterator<int *>
          ]
          C:\Program Files\Microsoft Visual Studio\2022\Community\VC\Tools\MSVC\14.38.33130\include\__msvc_iter_core.hpp(508,26):
          see reference to class template instantiation 'std::_Iterator_traits_base<_Iter,void>' being compiled
          with
          [
              _Iter=stdext::checked_array_iterator<int *>
          ]
  
C:\Program Files\Microsoft Visual Studio\2022\Community\VC\Tools\MSVC\14.38.33130\include\__msvc_iter_core.hpp(488,31): warning C4996: 'stdext::checked_array_iterator<T *>::iterator_category': warning STL4043: stdext::checked_array_iterator, stdext::unchecked_array_iterator, and related factory functions are non-Standard extensions and will be removed in the future. std::span (since C++20) and gsl::span can be used instead. You can define _SILENCE_STDEXT_ARR_ITERS_DEPRECATION_WARNING or _SILENCE_ALL_MS_EXT_DEPRECATION_WARNINGS to suppress this warning. [E:\C++\FlutterReflect\build\_deps\spdlog-build\spdlog.vcxproj]
C:\Program Files\Microsoft Visual Studio\2022\Community\VC\Tools\MSVC\14.38.33130\include\__msvc_iter_core.hpp(488,31): warning C4996:         with [E:\C++\FlutterReflect\build\_deps\spdlog-build\spdlog.vcxproj]
C:\Program Files\Microsoft Visual Studio\2022\Community\VC\Tools\MSVC\14.38.33130\include\__msvc_iter_core.hpp(488,31): warning C4996:         [ [E:\C++\FlutterReflect\build\_deps\spdlog-build\spdlog.vcxproj]
C:\Program Files\Microsoft Visual Studio\2022\Community\VC\Tools\MSVC\14.38.33130\include\__msvc_iter_core.hpp(488,31): warning C4996:             T=int [E:\C++\FlutterReflect\build\_deps\spdlog-build\spdlog.vcxproj]
C:\Program Files\Microsoft Visual Studio\2022\Community\VC\Tools\MSVC\14.38.33130\include\__msvc_iter_core.hpp(488,31): warning C4996:         ] [E:\C++\FlutterReflect\build\_deps\spdlog-build\spdlog.vcxproj]
  (compiling source file '../spdlog-src/src/bundled_fmtlib_format.cpp')
  
C:\Program Files\Microsoft Visual Studio\2022\Community\VC\Tools\MSVC\14.38.33130\include\__msvc_iter_core.hpp(489,40): warning C4996: 'stdext::checked_array_iterator<T *>': warning STL4043: stdext::checked_array_iterator, stdext::unchecked_array_iterator, and related factory functions are non-Standard extensions and will be removed in the future. std::span (since C++20) and gsl::span can be used instead. You can define _SILENCE_STDEXT_ARR_ITERS_DEPRECATION_WARNING or _SILENCE_ALL_MS_EXT_DEPRECATION_WARNINGS to suppress this warning. [E:\C++\FlutterReflect\build\_deps\spdlog-build\spdlog.vcxproj]
C:\Program Files\Microsoft Visual Studio\2022\Community\VC\Tools\MSVC\14.38.33130\include\__msvc_iter_core.hpp(489,40): warning C4996:         with [E:\C++\FlutterReflect\build\_deps\spdlog-build\spdlog.vcxproj]
C:\Program Files\Microsoft Visual Studio\2022\Community\VC\Tools\MSVC\14.38.33130\include\__msvc_iter_core.hpp(489,40): warning C4996:         [ [E:\C++\FlutterReflect\build\_deps\spdlog-build\spdlog.vcxproj]
C:\Program Files\Microsoft Visual Studio\2022\Community\VC\Tools\MSVC\14.38.33130\include\__msvc_iter_core.hpp(489,40): warning C4996:             T=int [E:\C++\FlutterReflect\build\_deps\spdlog-build\spdlog.vcxproj]
C:\Program Files\Microsoft Visual Studio\2022\Community\VC\Tools\MSVC\14.38.33130\include\__msvc_iter_core.hpp(489,40): warning C4996:         ] [E:\C++\FlutterReflect\build\_deps\spdlog-build\spdlog.vcxproj]
  (compiling source file '../spdlog-src/src/bundled_fmtlib_format.cpp')
      C:\Program Files\Microsoft Visual Studio\2022\Community\VC\Tools\MSVC\14.38.33130\include\iterator(1470,58):
      see declaration of 'stdext::checked_array_iterator'
  
C:\Program Files\Microsoft Visual Studio\2022\Community\VC\Tools\MSVC\14.38.33130\include\__msvc_iter_core.hpp(489,31): warning C4996: 'stdext::checked_array_iterator<T *>::value_type': warning STL4043: stdext::checked_array_iterator, stdext::unchecked_array_iterator, and related factory functions are non-Standard extensions and will be removed in the future. std::span (since C++20) and gsl::span can be used instead. You can define _SILENCE_STDEXT_ARR_ITERS_DEPRECATION_WARNING or _SILENCE_ALL_MS_EXT_DEPRECATION_WARNINGS to suppress this warning. [E:\C++\FlutterReflect\build\_deps\spdlog-build\spdlog.vcxproj]
C:\Program Files\Microsoft Visual Studio\2022\Community\VC\Tools\MSVC\14.38.33130\include\__msvc_iter_core.hpp(489,31): warning C4996:         with [E:\C++\FlutterReflect\build\_deps\spdlog-build\spdlog.vcxproj]
C:\Program Files\Microsoft Visual Studio\2022\Community\VC\Tools\MSVC\14.38.33130\include\__msvc_iter_core.hpp(489,31): warning C4996:         [ [E:\C++\FlutterReflect\build\_deps\spdlog-build\spdlog.vcxproj]
C:\Program Files\Microsoft Visual Studio\2022\Community\VC\Tools\MSVC\14.38.33130\include\__msvc_iter_core.hpp(489,31): warning C4996:             T=int [E:\C++\FlutterReflect\build\_deps\spdlog-build\spdlog.vcxproj]
C:\Program Files\Microsoft Visual Studio\2022\Community\VC\Tools\MSVC\14.38.33130\include\__msvc_iter_core.hpp(489,31): warning C4996:         ] [E:\C++\FlutterReflect\build\_deps\spdlog-build\spdlog.vcxproj]
  (compiling source file '../spdlog-src/src/bundled_fmtlib_format.cpp')
  
C:\Program Files\Microsoft Visual Studio\2022\Community\VC\Tools\MSVC\14.38.33130\include\__msvc_iter_core.hpp(490,40): warning C4996: 'stdext::checked_array_iterator<T *>': warning STL4043: stdext::checked_array_iterator, stdext::unchecked_array_iterator, and related factory functions are non-Standard extensions and will be removed in the future. std::span (since C++20) and gsl::span can be used instead. You can define _SILENCE_STDEXT_ARR_ITERS_DEPRECATION_WARNING or _SILENCE_ALL_MS_EXT_DEPRECATION_WARNINGS to suppress this warning. [E:\C++\FlutterReflect\build\_deps\spdlog-build\spdlog.vcxproj]
C:\Program Files\Microsoft Visual Studio\2022\Community\VC\Tools\MSVC\14.38.33130\include\__msvc_iter_core.hpp(490,40): warning C4996:         with [E:\C++\FlutterReflect\build\_deps\spdlog-build\spdlog.vcxproj]
C:\Program Files\Microsoft Visual Studio\2022\Community\VC\Tools\MSVC\14.38.33130\include\__msvc_iter_core.hpp(490,40): warning C4996:         [ [E:\C++\FlutterReflect\build\_deps\spdlog-build\spdlog.vcxproj]
C:\Program Files\Microsoft Visual Studio\2022\Community\VC\Tools\MSVC\14.38.33130\include\__msvc_iter_core.hpp(490,40): warning C4996:             T=int [E:\C++\FlutterReflect\build\_deps\spdlog-build\spdlog.vcxproj]
C:\Program Files\Microsoft Visual Studio\2022\Community\VC\Tools\MSVC\14.38.33130\include\__msvc_iter_core.hpp(490,40): warning C4996:         ] [E:\C++\FlutterReflect\build\_deps\spdlog-build\spdlog.vcxproj]
  (compiling source file '../spdlog-src/src/bundled_fmtlib_format.cpp')
      C:\Program Files\Microsoft Visual Studio\2022\Community\VC\Tools\MSVC\14.38.33130\include\iterator(1470,58):
      see declaration of 'stdext::checked_array_iterator'
  
C:\Program Files\Microsoft Visual Studio\2022\Community\VC\Tools\MSVC\14.38.33130\include\__msvc_iter_core.hpp(490,31): warning C4996: 'stdext::checked_array_iterator<T *>::difference_type': warning STL4043: stdext::checked_array_iterator, stdext::unchecked_array_iterator, and related factory functions are non-Standard extensions and will be removed in the future. std::span (since C++20) and gsl::span can be used instead. You can define _SILENCE_STDEXT_ARR_ITERS_DEPRECATION_WARNING or _SILENCE_ALL_MS_EXT_DEPRECATION_WARNINGS to suppress this warning. [E:\C++\FlutterReflect\build\_deps\spdlog-build\spdlog.vcxproj]
C:\Program Files\Microsoft Visual Studio\2022\Community\VC\Tools\MSVC\14.38.33130\include\__msvc_iter_core.hpp(490,31): warning C4996:         with [E:\C++\FlutterReflect\build\_deps\spdlog-build\spdlog.vcxproj]
C:\Program Files\Microsoft Visual Studio\2022\Community\VC\Tools\MSVC\14.38.33130\include\__msvc_iter_core.hpp(490,31): warning C4996:         [ [E:\C++\FlutterReflect\build\_deps\spdlog-build\spdlog.vcxproj]
C:\Program Files\Microsoft Visual Studio\2022\Community\VC\Tools\MSVC\14.38.33130\include\__msvc_iter_core.hpp(490,31): warning C4996:             T=int [E:\C++\FlutterReflect\build\_deps\spdlog-build\spdlog.vcxproj]
C:\Program Files\Microsoft Visual Studio\2022\Community\VC\Tools\MSVC\14.38.33130\include\__msvc_iter_core.hpp(490,31): warning C4996:         ] [E:\C++\FlutterReflect\build\_deps\spdlog-build\spdlog.vcxproj]
  (compiling source file '../spdlog-src/src/bundled_fmtlib_format.cpp')
  
C:\Program Files\Microsoft Visual Studio\2022\Community\VC\Tools\MSVC\14.38.33130\include\__msvc_iter_core.hpp(491,40): warning C4996: 'stdext::checked_array_iterator<T *>': warning STL4043: stdext::checked_array_iterator, stdext::unchecked_array_iterator, and related factory functions are non-Standard extensions and will be removed in the future. std::span (since C++20) and gsl::span can be used instead. You can define _SILENCE_STDEXT_ARR_ITERS_DEPRECATION_WARNING or _SILENCE_ALL_MS_EXT_DEPRECATION_WARNINGS to suppress this warning. [E:\C++\FlutterReflect\build\_deps\spdlog-build\spdlog.vcxproj]
C:\Program Files\Microsoft Visual Studio\2022\Community\VC\Tools\MSVC\14.38.33130\include\__msvc_iter_core.hpp(491,40): warning C4996:         with [E:\C++\FlutterReflect\build\_deps\spdlog-build\spdlog.vcxproj]
C:\Program Files\Microsoft Visual Studio\2022\Community\VC\Tools\MSVC\14.38.33130\include\__msvc_iter_core.hpp(491,40): warning C4996:         [ [E:\C++\FlutterReflect\build\_deps\spdlog-build\spdlog.vcxproj]
C:\Program Files\Microsoft Visual Studio\2022\Community\VC\Tools\MSVC\14.38.33130\include\__msvc_iter_core.hpp(491,40): warning C4996:             T=int [E:\C++\FlutterReflect\build\_deps\spdlog-build\spdlog.vcxproj]
C:\Program Files\Microsoft Visual Studio\2022\Community\VC\Tools\MSVC\14.38.33130\include\__msvc_iter_core.hpp(491,40): warning C4996:         ] [E:\C++\FlutterReflect\build\_deps\spdlog-build\spdlog.vcxproj]
  (compiling source file '../spdlog-src/src/bundled_fmtlib_format.cpp')
      C:\Program Files\Microsoft Visual Studio\2022\Community\VC\Tools\MSVC\14.38.33130\include\iterator(1470,58):
      see declaration of 'stdext::checked_array_iterator'
  
C:\Program Files\Microsoft Visual Studio\2022\Community\VC\Tools\MSVC\14.38.33130\include\__msvc_iter_core.hpp(491,31): warning C4996: 'stdext::checked_array_iterator<T *>::pointer': warning STL4043: stdext::checked_array_iterator, stdext::unchecked_array_iterator, and related factory functions are non-Standard extensions and will be removed in the future. std::span (since C++20) and gsl::span can be used instead. You can define _SILENCE_STDEXT_ARR_ITERS_DEPRECATION_WARNING or _SILENCE_ALL_MS_EXT_DEPRECATION_WARNINGS to suppress this warning. [E:\C++\FlutterReflect\build\_deps\spdlog-build\spdlog.vcxproj]
C:\Program Files\Microsoft Visual Studio\2022\Community\VC\Tools\MSVC\14.38.33130\include\__msvc_iter_core.hpp(491,31): warning C4996:         with [E:\C++\FlutterReflect\build\_deps\spdlog-build\spdlog.vcxproj]
C:\Program Files\Microsoft Visual Studio\2022\Community\VC\Tools\MSVC\14.38.33130\include\__msvc_iter_core.hpp(491,31): warning C4996:         [ [E:\C++\FlutterReflect\build\_deps\spdlog-build\spdlog.vcxproj]
C:\Program Files\Microsoft Visual Studio\2022\Community\VC\Tools\MSVC\14.38.33130\include\__msvc_iter_core.hpp(491,31): warning C4996:             T=int [E:\C++\FlutterReflect\build\_deps\spdlog-build\spdlog.vcxproj]
C:\Program Files\Microsoft Visual Studio\2022\Community\VC\Tools\MSVC\14.38.33130\include\__msvc_iter_core.hpp(491,31): warning C4996:         ] [E:\C++\FlutterReflect\build\_deps\spdlog-build\spdlog.vcxproj]
  (compiling source file '../spdlog-src/src/bundled_fmtlib_format.cpp')
  
C:\Program Files\Microsoft Visual Studio\2022\Community\VC\Tools\MSVC\14.38.33130\include\__msvc_iter_core.hpp(492,40): warning C4996: 'stdext::checked_array_iterator<T *>': warning STL4043: stdext::checked_array_iterator, stdext::unchecked_array_iterator, and related factory functions are non-Standard extensions and will be removed in the future. std::span (since C++20) and gsl::span can be used instead. You can define _SILENCE_STDEXT_ARR_ITERS_DEPRECATION_WARNING or _SILENCE_ALL_MS_EXT_DEPRECATION_WARNINGS to suppress this warning. [E:\C++\FlutterReflect\build\_deps\spdlog-build\spdlog.vcxproj]
C:\Program Files\Microsoft Visual Studio\2022\Community\VC\Tools\MSVC\14.38.33130\include\__msvc_iter_core.hpp(492,40): warning C4996:         with [E:\C++\FlutterReflect\build\_deps\spdlog-build\spdlog.vcxproj]
C:\Program Files\Microsoft Visual Studio\2022\Community\VC\Tools\MSVC\14.38.33130\include\__msvc_iter_core.hpp(492,40): warning C4996:         [ [E:\C++\FlutterReflect\build\_deps\spdlog-build\spdlog.vcxproj]
C:\Program Files\Microsoft Visual Studio\2022\Community\VC\Tools\MSVC\14.38.33130\include\__msvc_iter_core.hpp(492,40): warning C4996:             T=int [E:\C++\FlutterReflect\build\_deps\spdlog-build\spdlog.vcxproj]
C:\Program Files\Microsoft Visual Studio\2022\Community\VC\Tools\MSVC\14.38.33130\include\__msvc_iter_core.hpp(492,40): warning C4996:         ] [E:\C++\FlutterReflect\build\_deps\spdlog-build\spdlog.vcxproj]
  (compiling source file '../spdlog-src/src/bundled_fmtlib_format.cpp')
      C:\Program Files\Microsoft Visual Studio\2022\Community\VC\Tools\MSVC\14.38.33130\include\iterator(1470,58):
      see declaration of 'stdext::checked_array_iterator'
  
C:\Program Files\Microsoft Visual Studio\2022\Community\VC\Tools\MSVC\14.38.33130\include\__msvc_iter_core.hpp(492,31): warning C4996: 'stdext::checked_array_iterator<T *>::reference': warning STL4043: stdext::checked_array_iterator, stdext::unchecked_array_iterator, and related factory functions are non-Standard extensions and will be removed in the future. std::span (since C++20) and gsl::span can be used instead. You can define _SILENCE_STDEXT_ARR_ITERS_DEPRECATION_WARNING or _SILENCE_ALL_MS_EXT_DEPRECATION_WARNINGS to suppress this warning. [E:\C++\FlutterReflect\build\_deps\spdlog-build\spdlog.vcxproj]
C:\Program Files\Microsoft Visual Studio\2022\Community\VC\Tools\MSVC\14.38.33130\include\__msvc_iter_core.hpp(492,31): warning C4996:         with [E:\C++\FlutterReflect\build\_deps\spdlog-build\spdlog.vcxproj]
C:\Program Files\Microsoft Visual Studio\2022\Community\VC\Tools\MSVC\14.38.33130\include\__msvc_iter_core.hpp(492,31): warning C4996:         [ [E:\C++\FlutterReflect\build\_deps\spdlog-build\spdlog.vcxproj]
C:\Program Files\Microsoft Visual Studio\2022\Community\VC\Tools\MSVC\14.38.33130\include\__msvc_iter_core.hpp(492,31): warning C4996:             T=int [E:\C++\FlutterReflect\build\_deps\spdlog-build\spdlog.vcxproj]
C:\Program Files\Microsoft Visual Studio\2022\Community\VC\Tools\MSVC\14.38.33130\include\__msvc_iter_core.hpp(492,31): warning C4996:         ] [E:\C++\FlutterReflect\build\_deps\spdlog-build\spdlog.vcxproj]
  (compiling source file '../spdlog-src/src/bundled_fmtlib_format.cpp')
  
C:\Program Files\Microsoft Visual Studio\2022\Community\VC\Tools\MSVC\14.38.33130\include\xutility(1255,12): warning C4996: 'stdext::checked_array_iterator<T *>::_Verify_offset': warning STL4043: stdext::checked_array_iterator, stdext::unchecked_array_iterator, and related factory functions are non-Standard extensions and will be removed in the future. std::span (since C++20) and gsl::span can be used instead. You can define _SILENCE_STDEXT_ARR_ITERS_DEPRECATION_WARNING or _SILENCE_ALL_MS_EXT_DEPRECATION_WARNINGS to suppress this warning. [E:\C++\FlutterReflect\build\_deps\spdlog-build\spdlog.vcxproj]
C:\Program Files\Microsoft Visual Studio\2022\Community\VC\Tools\MSVC\14.38.33130\include\xutility(1255,12): warning C4996:         with [E:\C++\FlutterReflect\build\_deps\spdlog-build\spdlog.vcxproj]
C:\Program Files\Microsoft Visual Studio\2022\Community\VC\Tools\MSVC\14.38.33130\include\xutility(1255,12): warning C4996:         [ [E:\C++\FlutterReflect\build\_deps\spdlog-build\spdlog.vcxproj]
C:\Program Files\Microsoft Visual Studio\2022\Community\VC\Tools\MSVC\14.38.33130\include\xutility(1255,12): warning C4996:             T=int [E:\C++\FlutterReflect\build\_deps\spdlog-build\spdlog.vcxproj]
C:\Program Files\Microsoft Visual Studio\2022\Community\VC\Tools\MSVC\14.38.33130\include\xutility(1255,12): warning C4996:         ] [E:\C++\FlutterReflect\build\_deps\spdlog-build\spdlog.vcxproj]
  (compiling source file '../spdlog-src/src/bundled_fmtlib_format.cpp')
  
C:\Program Files\Microsoft Visual Studio\2022\Community\VC\Tools\MSVC\14.38.33130\include\xutility(1256,41): warning C4996: 'stdext::checked_array_iterator<T *>::_Unwrapped': warning STL4043: stdext::checked_array_iterator, stdext::unchecked_array_iterator, and related factory functions are non-Standard extensions and will be removed in the future. std::span (since C++20) and gsl::span can be used instead. You can define _SILENCE_STDEXT_ARR_ITERS_DEPRECATION_WARNING or _SILENCE_ALL_MS_EXT_DEPRECATION_WARNINGS to suppress this warning. [E:\C++\FlutterReflect\build\_deps\spdlog-build\spdlog.vcxproj]
C:\Program Files\Microsoft Visual Studio\2022\Community\VC\Tools\MSVC\14.38.33130\include\xutility(1256,41): warning C4996:         with [E:\C++\FlutterReflect\build\_deps\spdlog-build\spdlog.vcxproj]
C:\Program Files\Microsoft Visual Studio\2022\Community\VC\Tools\MSVC\14.38.33130\include\xutility(1256,41): warning C4996:         [ [E:\C++\FlutterReflect\build\_deps\spdlog-build\spdlog.vcxproj]
C:\Program Files\Microsoft Visual Studio\2022\Community\VC\Tools\MSVC\14.38.33130\include\xutility(1256,41): warning C4996:             T=int [E:\C++\FlutterReflect\build\_deps\spdlog-build\spdlog.vcxproj]
C:\Program Files\Microsoft Visual Studio\2022\Community\VC\Tools\MSVC\14.38.33130\include\xutility(1256,41): warning C4996:         ] [E:\C++\FlutterReflect\build\_deps\spdlog-build\spdlog.vcxproj]
  (compiling source file '../spdlog-src/src/bundled_fmtlib_format.cpp')
  
C:\Program Files\Microsoft Visual Studio\2022\Community\VC\Tools\MSVC\14.38.33130\include\xutility(1277,12): warning C4996: 'stdext::checked_array_iterator<T *>::_Seek_to': warning STL4043: stdext::checked_array_iterator, stdext::unchecked_array_iterator, and related factory functions are non-Standard extensions and will be removed in the future. std::span (since C++20) and gsl::span can be used instead. You can define _SILENCE_STDEXT_ARR_ITERS_DEPRECATION_WARNING or _SILENCE_ALL_MS_EXT_DEPRECATION_WARNINGS to suppress this warning. [E:\C++\FlutterReflect\build\_deps\spdlog-build\spdlog.vcxproj]
C:\Program Files\Microsoft Visual Studio\2022\Community\VC\Tools\MSVC\14.38.33130\include\xutility(1277,12): warning C4996:         with [E:\C++\FlutterReflect\build\_deps\spdlog-build\spdlog.vcxproj]
C:\Program Files\Microsoft Visual Studio\2022\Community\VC\Tools\MSVC\14.38.33130\include\xutility(1277,12): warning C4996:         [ [E:\C++\FlutterReflect\build\_deps\spdlog-build\spdlog.vcxproj]
C:\Program Files\Microsoft Visual Studio\2022\Community\VC\Tools\MSVC\14.38.33130\include\xutility(1277,12): warning C4996:             T=int [E:\C++\FlutterReflect\build\_deps\spdlog-build\spdlog.vcxproj]
C:\Program Files\Microsoft Visual Studio\2022\Community\VC\Tools\MSVC\14.38.33130\include\xutility(1277,12): warning C4996:         ] [E:\C++\FlutterReflect\build\_deps\spdlog-build\spdlog.vcxproj]
  (compiling source file '../spdlog-src/src/bundled_fmtlib_format.cpp')
      C:\Program Files\Microsoft Visual Studio\2022\Community\VC\Tools\MSVC\14.38.33130\include\xutility(1277,12):
      the template instantiation context (the oldest one first) is
          E:\C++\FlutterReflect\build\_deps\spdlog-src\include\spdlog\fmt\bundled\format.h(925,8):
          see reference to function template instantiation '_NoThrowFwdIt std::uninitialized_copy<T*,stdext::checked_array_iterator<T *>>(const _InIt,const _InIt,_NoThrowFwdIt)' being compiled
          with
          [
              _NoThrowFwdIt=stdext::checked_array_iterator<int *>,
              T=int,
              _InIt=int *
          ]
          C:\Program Files\Microsoft Visual Studio\2022\Community\VC\Tools\MSVC\14.38.33130\include\xmemory(1920,5):
          see reference to function template instantiation 'void std::_Seek_wrapped<_NoThrowFwdIt,int*>(_Iter &,_UIter &&)' being compiled
          with
          [
              _NoThrowFwdIt=stdext::checked_array_iterator<int *>,
              _Iter=stdext::checked_array_iterator<int *>,
              _UIter=int *
          ]
  
C:\Program Files\Microsoft Visual Studio\2022\Community\VC\Tools\MSVC\14.38.33130\include\xutility(1141,31): warning C4996: 'stdext::checked_array_iterator<T *>': warning STL4043: stdext::checked_array_iterator, stdext::unchecked_array_iterator, and related factory functions are non-Standard extensions and will be removed in the future. std::span (since C++20) and gsl::span can be used instead. You can define _SILENCE_STDEXT_ARR_ITERS_DEPRECATION_WARNING or _SILENCE_ALL_MS_EXT_DEPRECATION_WARNINGS to suppress this warning. [E:\C++\FlutterReflect\build\_deps\spdlog-build\spdlog.vcxproj]
C:\Program Files\Microsoft Visual Studio\2022\Community\VC\Tools\MSVC\14.38.33130\include\xutility(1141,31): warning C4996:         with [E:\C++\FlutterReflect\build\_deps\spdlog-build\spdlog.vcxproj]
C:\Program Files\Microsoft Visual Studio\2022\Community\VC\Tools\MSVC\14.38.33130\include\xutility(1141,31): warning C4996:         [ [E:\C++\FlutterReflect\build\_deps\spdlog-build\spdlog.vcxproj]
C:\Program Files\Microsoft Visual Studio\2022\Community\VC\Tools\MSVC\14.38.33130\include\xutility(1141,31): warning C4996:             T=wchar_t [E:\C++\FlutterReflect\build\_deps\spdlog-build\spdlog.vcxproj]
C:\Program Files\Microsoft Visual Studio\2022\Community\VC\Tools\MSVC\14.38.33130\include\xutility(1141,31): warning C4996:         ] [E:\C++\FlutterReflect\build\_deps\spdlog-build\spdlog.vcxproj]
  (compiling source file '../spdlog-src/src/stdout_sinks.cpp')
      C:\Program Files\Microsoft Visual Studio\2022\Community\VC\Tools\MSVC\14.38.33130\include\iterator(1470,58):
      see declaration of 'stdext::checked_array_iterator'
      C:\Program Files\Microsoft Visual Studio\2022\Community\VC\Tools\MSVC\14.38.33130\include\xutility(1141,31):
      the template instantiation context (the oldest one first) is
          E:\C++\FlutterReflect\build\_deps\spdlog-src\include\spdlog\fmt\bundled\format.h(1276,32):
          see reference to class template instantiation 'fmt::v9::basic_memory_buffer<wchar_t,500,std::allocator<wchar_t>>' being compiled
          E:\C++\FlutterReflect\build\_deps\spdlog-src\include\spdlog\fmt\bundled\format.h(912,18):
          while compiling class template member function 'void fmt::v9::basic_memory_buffer<wchar_t,500,std::allocator<wchar_t>>::grow(size_t)'
          E:\C++\FlutterReflect\build\_deps\spdlog-src\include\spdlog\fmt\bundled\format.h(925,8):
          see reference to function template instantiation '_NoThrowFwdIt std::uninitialized_copy<T*,stdext::checked_array_iterator<T *>>(const _InIt,const _InIt,_NoThrowFwdIt)' being compiled
          with
          [
              _NoThrowFwdIt=stdext::checked_array_iterator<wchar_t *>,
              T=wchar_t,
              _InIt=wchar_t *
          ]
          C:\Program Files\Microsoft Visual Studio\2022\Community\VC\Tools\MSVC\14.38.33130\include\xmemory(1919,25):
          see reference to function template instantiation 'decltype(auto) std::_Get_unwrapped_n<_NoThrowFwdIt&,__int64>(_Iter,const _Diff)' being compiled
          with
          [
              _NoThrowFwdIt=stdext::checked_array_iterator<wchar_t *>,
              _Iter=stdext::checked_array_iterator<wchar_t *> &,
              _Diff=__int64
          ]
          C:\Program Files\Microsoft Visual Studio\2022\Community\VC\Tools\MSVC\14.38.33130\include\xutility(1244,26):
          see reference to variable template 'const bool _Unwrappable_for_offset_v<stdext::checked_array_iterator<wchar_t *> &>' being compiled
          C:\Program Files\Microsoft Visual Studio\2022\Community\VC\Tools\MSVC\14.38.33130\include\xutility(1238,5):
          see reference to variable template 'const bool _Unwrappable_v<stdext::checked_array_iterator<wchar_t *> &,void>' being compiled
          C:\Program Files\Microsoft Visual Studio\2022\Community\VC\Tools\MSVC\14.38.33130\include\xutility(1165,5):
          see reference to variable template 'const bool _Allow_inheriting_unwrap_v<stdext::checked_array_iterator<wchar_t *>,void>' being compiled
  
C:\Program Files\Microsoft Visual Studio\2022\Community\VC\Tools\MSVC\14.38.33130\include\xutility(1141,22): warning C4996: 'stdext::checked_array_iterator<T *>::_Prevent_inheriting_unwrap': warning STL4043: stdext::checked_array_iterator, stdext::unchecked_array_iterator, and related factory functions are non-Standard extensions and will be removed in the future. std::span (since C++20) and gsl::span can be used instead. You can define _SILENCE_STDEXT_ARR_ITERS_DEPRECATION_WARNING or _SILENCE_ALL_MS_EXT_DEPRECATION_WARNINGS to suppress this warning. [E:\C++\FlutterReflect\build\_deps\spdlog-build\spdlog.vcxproj]
C:\Program Files\Microsoft Visual Studio\2022\Community\VC\Tools\MSVC\14.38.33130\include\xutility(1141,22): warning C4996:         with [E:\C++\FlutterReflect\build\_deps\spdlog-build\spdlog.vcxproj]
C:\Program Files\Microsoft Visual Studio\2022\Community\VC\Tools\MSVC\14.38.33130\include\xutility(1141,22): warning C4996:         [ [E:\C++\FlutterReflect\build\_deps\spdlog-build\spdlog.vcxproj]
C:\Program Files\Microsoft Visual Studio\2022\Community\VC\Tools\MSVC\14.38.33130\include\xutility(1141,22): warning C4996:             T=wchar_t [E:\C++\FlutterReflect\build\_deps\spdlog-build\spdlog.vcxproj]
C:\Program Files\Microsoft Visual Studio\2022\Community\VC\Tools\MSVC\14.38.33130\include\xutility(1141,22): warning C4996:         ] [E:\C++\FlutterReflect\build\_deps\spdlog-build\spdlog.vcxproj]
  (compiling source file '../spdlog-src/src/stdout_sinks.cpp')
  
C:\Program Files\Microsoft Visual Studio\2022\Community\VC\Tools\MSVC\14.38.33130\include\__msvc_iter_core.hpp(488,40): warning C4996: 'stdext::checked_array_iterator<T *>': warning STL4043: stdext::checked_array_iterator, stdext::unchecked_array_iterator, and related factory functions are non-Standard extensions and will be removed in the future. std::span (since C++20) and gsl::span can be used instead. You can define _SILENCE_STDEXT_ARR_ITERS_DEPRECATION_WARNING or _SILENCE_ALL_MS_EXT_DEPRECATION_WARNINGS to suppress this warning. [E:\C++\FlutterReflect\build\_deps\spdlog-build\spdlog.vcxproj]
C:\Program Files\Microsoft Visual Studio\2022\Community\VC\Tools\MSVC\14.38.33130\include\__msvc_iter_core.hpp(488,40): warning C4996:         with [E:\C++\FlutterReflect\build\_deps\spdlog-build\spdlog.vcxproj]
C:\Program Files\Microsoft Visual Studio\2022\Community\VC\Tools\MSVC\14.38.33130\include\__msvc_iter_core.hpp(488,40): warning C4996:         [ [E:\C++\FlutterReflect\build\_deps\spdlog-build\spdlog.vcxproj]
C:\Program Files\Microsoft Visual Studio\2022\Community\VC\Tools\MSVC\14.38.33130\include\__msvc_iter_core.hpp(488,40): warning C4996:             T=wchar_t [E:\C++\FlutterReflect\build\_deps\spdlog-build\spdlog.vcxproj]
C:\Program Files\Microsoft Visual Studio\2022\Community\VC\Tools\MSVC\14.38.33130\include\__msvc_iter_core.hpp(488,40): warning C4996:         ] [E:\C++\FlutterReflect\build\_deps\spdlog-build\spdlog.vcxproj]
  (compiling source file '../spdlog-src/src/stdout_sinks.cpp')
      C:\Program Files\Microsoft Visual Studio\2022\Community\VC\Tools\MSVC\14.38.33130\include\iterator(1470,58):
      see declaration of 'stdext::checked_array_iterator'
      C:\Program Files\Microsoft Visual Studio\2022\Community\VC\Tools\MSVC\14.38.33130\include\__msvc_iter_core.hpp(488,40):
      the template instantiation context (the oldest one first) is
          C:\Program Files\Microsoft Visual Studio\2022\Community\VC\Tools\MSVC\14.38.33130\include\xutility(1233,93):
          see reference to alias template instantiation 'std::_Iter_diff_t<_Iter>' being compiled
          with
          [
              _Iter=stdext::checked_array_iterator<wchar_t *>
          ]
          C:\Program Files\Microsoft Visual Studio\2022\Community\VC\Tools\MSVC\14.38.33130\include\xutility(1238,5):
          see reference to class template instantiation 'std::iterator_traits<_Iter>' being compiled
          with
          [
              _Iter=stdext::checked_array_iterator<wchar_t *>
          ]
          C:\Program Files\Microsoft Visual Studio\2022\Community\VC\Tools\MSVC\14.38.33130\include\__msvc_iter_core.hpp(508,26):
          see reference to class template instantiation 'std::_Iterator_traits_base<_Iter,void>' being compiled
          with
          [
              _Iter=stdext::checked_array_iterator<wchar_t *>
          ]
  
C:\Program Files\Microsoft Visual Studio\2022\Community\VC\Tools\MSVC\14.38.33130\include\__msvc_iter_core.hpp(488,31): warning C4996: 'stdext::checked_array_iterator<T *>::iterator_category': warning STL4043: stdext::checked_array_iterator, stdext::unchecked_array_iterator, and related factory functions are non-Standard extensions and will be removed in the future. std::span (since C++20) and gsl::span can be used instead. You can define _SILENCE_STDEXT_ARR_ITERS_DEPRECATION_WARNING or _SILENCE_ALL_MS_EXT_DEPRECATION_WARNINGS to suppress this warning. [E:\C++\FlutterReflect\build\_deps\spdlog-build\spdlog.vcxproj]
C:\Program Files\Microsoft Visual Studio\2022\Community\VC\Tools\MSVC\14.38.33130\include\__msvc_iter_core.hpp(488,31): warning C4996:         with [E:\C++\FlutterReflect\build\_deps\spdlog-build\spdlog.vcxproj]
C:\Program Files\Microsoft Visual Studio\2022\Community\VC\Tools\MSVC\14.38.33130\include\__msvc_iter_core.hpp(488,31): warning C4996:         [ [E:\C++\FlutterReflect\build\_deps\spdlog-build\spdlog.vcxproj]
C:\Program Files\Microsoft Visual Studio\2022\Community\VC\Tools\MSVC\14.38.33130\include\__msvc_iter_core.hpp(488,31): warning C4996:             T=wchar_t [E:\C++\FlutterReflect\build\_deps\spdlog-build\spdlog.vcxproj]
C:\Program Files\Microsoft Visual Studio\2022\Community\VC\Tools\MSVC\14.38.33130\include\__msvc_iter_core.hpp(488,31): warning C4996:         ] [E:\C++\FlutterReflect\build\_deps\spdlog-build\spdlog.vcxproj]
  (compiling source file '../spdlog-src/src/stdout_sinks.cpp')
  
C:\Program Files\Microsoft Visual Studio\2022\Community\VC\Tools\MSVC\14.38.33130\include\__msvc_iter_core.hpp(489,40): warning C4996: 'stdext::checked_array_iterator<T *>': warning STL4043: stdext::checked_array_iterator, stdext::unchecked_array_iterator, and related factory functions are non-Standard extensions and will be removed in the future. std::span (since C++20) and gsl::span can be used instead. You can define _SILENCE_STDEXT_ARR_ITERS_DEPRECATION_WARNING or _SILENCE_ALL_MS_EXT_DEPRECATION_WARNINGS to suppress this warning. [E:\C++\FlutterReflect\build\_deps\spdlog-build\spdlog.vcxproj]
C:\Program Files\Microsoft Visual Studio\2022\Community\VC\Tools\MSVC\14.38.33130\include\__msvc_iter_core.hpp(489,40): warning C4996:         with [E:\C++\FlutterReflect\build\_deps\spdlog-build\spdlog.vcxproj]
C:\Program Files\Microsoft Visual Studio\2022\Community\VC\Tools\MSVC\14.38.33130\include\__msvc_iter_core.hpp(489,40): warning C4996:         [ [E:\C++\FlutterReflect\build\_deps\spdlog-build\spdlog.vcxproj]
C:\Program Files\Microsoft Visual Studio\2022\Community\VC\Tools\MSVC\14.38.33130\include\__msvc_iter_core.hpp(489,40): warning C4996:             T=wchar_t [E:\C++\FlutterReflect\build\_deps\spdlog-build\spdlog.vcxproj]
C:\Program Files\Microsoft Visual Studio\2022\Community\VC\Tools\MSVC\14.38.33130\include\__msvc_iter_core.hpp(489,40): warning C4996:         ] [E:\C++\FlutterReflect\build\_deps\spdlog-build\spdlog.vcxproj]
  (compiling source file '../spdlog-src/src/stdout_sinks.cpp')
      C:\Program Files\Microsoft Visual Studio\2022\Community\VC\Tools\MSVC\14.38.33130\include\iterator(1470,58):
      see declaration of 'stdext::checked_array_iterator'
  
C:\Program Files\Microsoft Visual Studio\2022\Community\VC\Tools\MSVC\14.38.33130\include\__msvc_iter_core.hpp(489,31): warning C4996: 'stdext::checked_array_iterator<T *>::value_type': warning STL4043: stdext::checked_array_iterator, stdext::unchecked_array_iterator, and related factory functions are non-Standard extensions and will be removed in the future. std::span (since C++20) and gsl::span can be used instead. You can define _SILENCE_STDEXT_ARR_ITERS_DEPRECATION_WARNING or _SILENCE_ALL_MS_EXT_DEPRECATION_WARNINGS to suppress this warning. [E:\C++\FlutterReflect\build\_deps\spdlog-build\spdlog.vcxproj]
C:\Program Files\Microsoft Visual Studio\2022\Community\VC\Tools\MSVC\14.38.33130\include\__msvc_iter_core.hpp(489,31): warning C4996:         with [E:\C++\FlutterReflect\build\_deps\spdlog-build\spdlog.vcxproj]
C:\Program Files\Microsoft Visual Studio\2022\Community\VC\Tools\MSVC\14.38.33130\include\__msvc_iter_core.hpp(489,31): warning C4996:         [ [E:\C++\FlutterReflect\build\_deps\spdlog-build\spdlog.vcxproj]
C:\Program Files\Microsoft Visual Studio\2022\Community\VC\Tools\MSVC\14.38.33130\include\__msvc_iter_core.hpp(489,31): warning C4996:             T=wchar_t [E:\C++\FlutterReflect\build\_deps\spdlog-build\spdlog.vcxproj]
C:\Program Files\Microsoft Visual Studio\2022\Community\VC\Tools\MSVC\14.38.33130\include\__msvc_iter_core.hpp(489,31): warning C4996:         ] [E:\C++\FlutterReflect\build\_deps\spdlog-build\spdlog.vcxproj]
  (compiling source file '../spdlog-src/src/stdout_sinks.cpp')
  
C:\Program Files\Microsoft Visual Studio\2022\Community\VC\Tools\MSVC\14.38.33130\include\__msvc_iter_core.hpp(490,40): warning C4996: 'stdext::checked_array_iterator<T *>': warning STL4043: stdext::checked_array_iterator, stdext::unchecked_array_iterator, and related factory functions are non-Standard extensions and will be removed in the future. std::span (since C++20) and gsl::span can be used instead. You can define _SILENCE_STDEXT_ARR_ITERS_DEPRECATION_WARNING or _SILENCE_ALL_MS_EXT_DEPRECATION_WARNINGS to suppress this warning. [E:\C++\FlutterReflect\build\_deps\spdlog-build\spdlog.vcxproj]
C:\Program Files\Microsoft Visual Studio\2022\Community\VC\Tools\MSVC\14.38.33130\include\__msvc_iter_core.hpp(490,40): warning C4996:         with [E:\C++\FlutterReflect\build\_deps\spdlog-build\spdlog.vcxproj]
C:\Program Files\Microsoft Visual Studio\2022\Community\VC\Tools\MSVC\14.38.33130\include\__msvc_iter_core.hpp(490,40): warning C4996:         [ [E:\C++\FlutterReflect\build\_deps\spdlog-build\spdlog.vcxproj]
C:\Program Files\Microsoft Visual Studio\2022\Community\VC\Tools\MSVC\14.38.33130\include\__msvc_iter_core.hpp(490,40): warning C4996:             T=wchar_t [E:\C++\FlutterReflect\build\_deps\spdlog-build\spdlog.vcxproj]
C:\Program Files\Microsoft Visual Studio\2022\Community\VC\Tools\MSVC\14.38.33130\include\__msvc_iter_core.hpp(490,40): warning C4996:         ] [E:\C++\FlutterReflect\build\_deps\spdlog-build\spdlog.vcxproj]
  (compiling source file '../spdlog-src/src/stdout_sinks.cpp')
      C:\Program Files\Microsoft Visual Studio\2022\Community\VC\Tools\MSVC\14.38.33130\include\iterator(1470,58):
      see declaration of 'stdext::checked_array_iterator'
  
C:\Program Files\Microsoft Visual Studio\2022\Community\VC\Tools\MSVC\14.38.33130\include\__msvc_iter_core.hpp(490,31): warning C4996: 'stdext::checked_array_iterator<T *>::difference_type': warning STL4043: stdext::checked_array_iterator, stdext::unchecked_array_iterator, and related factory functions are non-Standard extensions and will be removed in the future. std::span (since C++20) and gsl::span can be used instead. You can define _SILENCE_STDEXT_ARR_ITERS_DEPRECATION_WARNING or _SILENCE_ALL_MS_EXT_DEPRECATION_WARNINGS to suppress this warning. [E:\C++\FlutterReflect\build\_deps\spdlog-build\spdlog.vcxproj]
C:\Program Files\Microsoft Visual Studio\2022\Community\VC\Tools\MSVC\14.38.33130\include\__msvc_iter_core.hpp(490,31): warning C4996:         with [E:\C++\FlutterReflect\build\_deps\spdlog-build\spdlog.vcxproj]
C:\Program Files\Microsoft Visual Studio\2022\Community\VC\Tools\MSVC\14.38.33130\include\__msvc_iter_core.hpp(490,31): warning C4996:         [ [E:\C++\FlutterReflect\build\_deps\spdlog-build\spdlog.vcxproj]
C:\Program Files\Microsoft Visual Studio\2022\Community\VC\Tools\MSVC\14.38.33130\include\__msvc_iter_core.hpp(490,31): warning C4996:             T=wchar_t [E:\C++\FlutterReflect\build\_deps\spdlog-build\spdlog.vcxproj]
C:\Program Files\Microsoft Visual Studio\2022\Community\VC\Tools\MSVC\14.38.33130\include\__msvc_iter_core.hpp(490,31): warning C4996:         ] [E:\C++\FlutterReflect\build\_deps\spdlog-build\spdlog.vcxproj]
  (compiling source file '../spdlog-src/src/stdout_sinks.cpp')
  
C:\Program Files\Microsoft Visual Studio\2022\Community\VC\Tools\MSVC\14.38.33130\include\__msvc_iter_core.hpp(491,40): warning C4996: 'stdext::checked_array_iterator<T *>': warning STL4043: stdext::checked_array_iterator, stdext::unchecked_array_iterator, and related factory functions are non-Standard extensions and will be removed in the future. std::span (since C++20) and gsl::span can be used instead. You can define _SILENCE_STDEXT_ARR_ITERS_DEPRECATION_WARNING or _SILENCE_ALL_MS_EXT_DEPRECATION_WARNINGS to suppress this warning. [E:\C++\FlutterReflect\build\_deps\spdlog-build\spdlog.vcxproj]
C:\Program Files\Microsoft Visual Studio\2022\Community\VC\Tools\MSVC\14.38.33130\include\__msvc_iter_core.hpp(491,40): warning C4996:         with [E:\C++\FlutterReflect\build\_deps\spdlog-build\spdlog.vcxproj]
C:\Program Files\Microsoft Visual Studio\2022\Community\VC\Tools\MSVC\14.38.33130\include\__msvc_iter_core.hpp(491,40): warning C4996:         [ [E:\C++\FlutterReflect\build\_deps\spdlog-build\spdlog.vcxproj]
C:\Program Files\Microsoft Visual Studio\2022\Community\VC\Tools\MSVC\14.38.33130\include\__msvc_iter_core.hpp(491,40): warning C4996:             T=wchar_t [E:\C++\FlutterReflect\build\_deps\spdlog-build\spdlog.vcxproj]
C:\Program Files\Microsoft Visual Studio\2022\Community\VC\Tools\MSVC\14.38.33130\include\__msvc_iter_core.hpp(491,40): warning C4996:         ] [E:\C++\FlutterReflect\build\_deps\spdlog-build\spdlog.vcxproj]
  (compiling source file '../spdlog-src/src/stdout_sinks.cpp')
      C:\Program Files\Microsoft Visual Studio\2022\Community\VC\Tools\MSVC\14.38.33130\include\iterator(1470,58):
      see declaration of 'stdext::checked_array_iterator'
  
C:\Program Files\Microsoft Visual Studio\2022\Community\VC\Tools\MSVC\14.38.33130\include\__msvc_iter_core.hpp(491,31): warning C4996: 'stdext::checked_array_iterator<T *>::pointer': warning STL4043: stdext::checked_array_iterator, stdext::unchecked_array_iterator, and related factory functions are non-Standard extensions and will be removed in the future. std::span (since C++20) and gsl::span can be used instead. You can define _SILENCE_STDEXT_ARR_ITERS_DEPRECATION_WARNING or _SILENCE_ALL_MS_EXT_DEPRECATION_WARNINGS to suppress this warning. [E:\C++\FlutterReflect\build\_deps\spdlog-build\spdlog.vcxproj]
C:\Program Files\Microsoft Visual Studio\2022\Community\VC\Tools\MSVC\14.38.33130\include\__msvc_iter_core.hpp(491,31): warning C4996:         with [E:\C++\FlutterReflect\build\_deps\spdlog-build\spdlog.vcxproj]
C:\Program Files\Microsoft Visual Studio\2022\Community\VC\Tools\MSVC\14.38.33130\include\__msvc_iter_core.hpp(491,31): warning C4996:         [ [E:\C++\FlutterReflect\build\_deps\spdlog-build\spdlog.vcxproj]
C:\Program Files\Microsoft Visual Studio\2022\Community\VC\Tools\MSVC\14.38.33130\include\__msvc_iter_core.hpp(491,31): warning C4996:             T=wchar_t [E:\C++\FlutterReflect\build\_deps\spdlog-build\spdlog.vcxproj]
C:\Program Files\Microsoft Visual Studio\2022\Community\VC\Tools\MSVC\14.38.33130\include\__msvc_iter_core.hpp(491,31): warning C4996:         ] [E:\C++\FlutterReflect\build\_deps\spdlog-build\spdlog.vcxproj]
  (compiling source file '../spdlog-src/src/stdout_sinks.cpp')
  
C:\Program Files\Microsoft Visual Studio\2022\Community\VC\Tools\MSVC\14.38.33130\include\xutility(1141,31): warning C4996: 'stdext::checked_array_iterator<T *>': warning STL4043: stdext::checked_array_iterator, stdext::unchecked_array_iterator, and related factory functions are non-Standard extensions and will be removed in the future. std::span (since C++20) and gsl::span can be used instead. You can define _SILENCE_STDEXT_ARR_ITERS_DEPRECATION_WARNING or _SILENCE_ALL_MS_EXT_DEPRECATION_WARNINGS to suppress this warning. [E:\C++\FlutterReflect\build\_deps\spdlog-build\spdlog.vcxproj]
C:\Program Files\Microsoft Visual Studio\2022\Community\VC\Tools\MSVC\14.38.33130\include\xutility(1141,31): warning C4996:         with [E:\C++\FlutterReflect\build\_deps\spdlog-build\spdlog.vcxproj]
C:\Program Files\Microsoft Visual Studio\2022\Community\VC\Tools\MSVC\14.38.33130\include\xutility(1141,31): warning C4996:         [ [E:\C++\FlutterReflect\build\_deps\spdlog-build\spdlog.vcxproj]
C:\Program Files\Microsoft Visual Studio\2022\Community\VC\Tools\MSVC\14.38.33130\include\xutility(1141,31): warning C4996:             T=wchar_t [E:\C++\FlutterReflect\build\_deps\spdlog-build\spdlog.vcxproj]
C:\Program Files\Microsoft Visual Studio\2022\Community\VC\Tools\MSVC\14.38.33130\include\xutility(1141,31): warning C4996:         ] [E:\C++\FlutterReflect\build\_deps\spdlog-build\spdlog.vcxproj]
  (compiling source file '../spdlog-src/src/color_sinks.cpp')
      C:\Program Files\Microsoft Visual Studio\2022\Community\VC\Tools\MSVC\14.38.33130\include\iterator(1470,58):
      see declaration of 'stdext::checked_array_iterator'
      C:\Program Files\Microsoft Visual Studio\2022\Community\VC\Tools\MSVC\14.38.33130\include\xutility(1141,31):
      the template instantiation context (the oldest one first) is
          E:\C++\FlutterReflect\build\_deps\spdlog-src\include\spdlog\fmt\bundled\format.h(1276,32):
          see reference to class template instantiation 'fmt::v9::basic_memory_buffer<wchar_t,500,std::allocator<wchar_t>>' being compiled
          E:\C++\FlutterReflect\build\_deps\spdlog-src\include\spdlog\fmt\bundled\format.h(912,18):
          while compiling class template member function 'void fmt::v9::basic_memory_buffer<wchar_t,500,std::allocator<wchar_t>>::grow(size_t)'
          E:\C++\FlutterReflect\build\_deps\spdlog-src\include\spdlog\fmt\bundled\format.h(925,8):
          see reference to function template instantiation '_NoThrowFwdIt std::uninitialized_copy<T*,stdext::checked_array_iterator<T *>>(const _InIt,const _InIt,_NoThrowFwdIt)' being compiled
          with
          [
              _NoThrowFwdIt=stdext::checked_array_iterator<wchar_t *>,
              T=wchar_t,
              _InIt=wchar_t *
          ]
          C:\Program Files\Microsoft Visual Studio\2022\Community\VC\Tools\MSVC\14.38.33130\include\xmemory(1919,25):
          see reference to function template instantiation 'decltype(auto) std::_Get_unwrapped_n<_NoThrowFwdIt&,__int64>(_Iter,const _Diff)' being compiled
          with
          [
              _NoThrowFwdIt=stdext::checked_array_iterator<wchar_t *>,
              _Iter=stdext::checked_array_iterator<wchar_t *> &,
              _Diff=__int64
          ]
          C:\Program Files\Microsoft Visual Studio\2022\Community\VC\Tools\MSVC\14.38.33130\include\xutility(1244,26):
          see reference to variable template 'const bool _Unwrappable_for_offset_v<stdext::checked_array_iterator<wchar_t *> &>' being compiled
          C:\Program Files\Microsoft Visual Studio\2022\Community\VC\Tools\MSVC\14.38.33130\include\xutility(1238,5):
          see reference to variable template 'const bool _Unwrappable_v<stdext::checked_array_iterator<wchar_t *> &,void>' being compiled
          C:\Program Files\Microsoft Visual Studio\2022\Community\VC\Tools\MSVC\14.38.33130\include\xutility(1165,5):
          see reference to variable template 'const bool _Allow_inheriting_unwrap_v<stdext::checked_array_iterator<wchar_t *>,void>' being compiled
  
C:\Program Files\Microsoft Visual Studio\2022\Community\VC\Tools\MSVC\14.38.33130\include\__msvc_iter_core.hpp(492,40): warning C4996: 'stdext::checked_array_iterator<T *>': warning STL4043: stdext::checked_array_iterator, stdext::unchecked_array_iterator, and related factory functions are non-Standard extensions and will be removed in the future. std::span (since C++20) and gsl::span can be used instead. You can define _SILENCE_STDEXT_ARR_ITERS_DEPRECATION_WARNING or _SILENCE_ALL_MS_EXT_DEPRECATION_WARNINGS to suppress this warning. [E:\C++\FlutterReflect\build\_deps\spdlog-build\spdlog.vcxproj]
C:\Program Files\Microsoft Visual Studio\2022\Community\VC\Tools\MSVC\14.38.33130\include\__msvc_iter_core.hpp(492,40): warning C4996:         with [E:\C++\FlutterReflect\build\_deps\spdlog-build\spdlog.vcxproj]
C:\Program Files\Microsoft Visual Studio\2022\Community\VC\Tools\MSVC\14.38.33130\include\__msvc_iter_core.hpp(492,40): warning C4996:         [ [E:\C++\FlutterReflect\build\_deps\spdlog-build\spdlog.vcxproj]
C:\Program Files\Microsoft Visual Studio\2022\Community\VC\Tools\MSVC\14.38.33130\include\__msvc_iter_core.hpp(492,40): warning C4996:             T=wchar_t [E:\C++\FlutterReflect\build\_deps\spdlog-build\spdlog.vcxproj]
C:\Program Files\Microsoft Visual Studio\2022\Community\VC\Tools\MSVC\14.38.33130\include\__msvc_iter_core.hpp(492,40): warning C4996:         ] [E:\C++\FlutterReflect\build\_deps\spdlog-build\spdlog.vcxproj]
  (compiling source file '../spdlog-src/src/stdout_sinks.cpp')
      C:\Program Files\Microsoft Visual Studio\2022\Community\VC\Tools\MSVC\14.38.33130\include\iterator(1470,58):
      see declaration of 'stdext::checked_array_iterator'
  
C:\Program Files\Microsoft Visual Studio\2022\Community\VC\Tools\MSVC\14.38.33130\include\xutility(1141,22): warning C4996: 'stdext::checked_array_iterator<T *>::_Prevent_inheriting_unwrap': warning STL4043: stdext::checked_array_iterator, stdext::unchecked_array_iterator, and related factory functions are non-Standard extensions and will be removed in the future. std::span (since C++20) and gsl::span can be used instead. You can define _SILENCE_STDEXT_ARR_ITERS_DEPRECATION_WARNING or _SILENCE_ALL_MS_EXT_DEPRECATION_WARNINGS to suppress this warning. [E:\C++\FlutterReflect\build\_deps\spdlog-build\spdlog.vcxproj]
C:\Program Files\Microsoft Visual Studio\2022\Community\VC\Tools\MSVC\14.38.33130\include\xutility(1141,22): warning C4996:         with [E:\C++\FlutterReflect\build\_deps\spdlog-build\spdlog.vcxproj]
C:\Program Files\Microsoft Visual Studio\2022\Community\VC\Tools\MSVC\14.38.33130\include\xutility(1141,22): warning C4996:         [ [E:\C++\FlutterReflect\build\_deps\spdlog-build\spdlog.vcxproj]
C:\Program Files\Microsoft Visual Studio\2022\Community\VC\Tools\MSVC\14.38.33130\include\xutility(1141,22): warning C4996:             T=wchar_t [E:\C++\FlutterReflect\build\_deps\spdlog-build\spdlog.vcxproj]
C:\Program Files\Microsoft Visual Studio\2022\Community\VC\Tools\MSVC\14.38.33130\include\xutility(1141,22): warning C4996:         ] [E:\C++\FlutterReflect\build\_deps\spdlog-build\spdlog.vcxproj]
  (compiling source file '../spdlog-src/src/color_sinks.cpp')
  
C:\Program Files\Microsoft Visual Studio\2022\Community\VC\Tools\MSVC\14.38.33130\include\__msvc_iter_core.hpp(492,31): warning C4996: 'stdext::checked_array_iterator<T *>::reference': warning STL4043: stdext::checked_array_iterator, stdext::unchecked_array_iterator, and related factory functions are non-Standard extensions and will be removed in the future. std::span (since C++20) and gsl::span can be used instead. You can define _SILENCE_STDEXT_ARR_ITERS_DEPRECATION_WARNING or _SILENCE_ALL_MS_EXT_DEPRECATION_WARNINGS to suppress this warning. [E:\C++\FlutterReflect\build\_deps\spdlog-build\spdlog.vcxproj]
C:\Program Files\Microsoft Visual Studio\2022\Community\VC\Tools\MSVC\14.38.33130\include\__msvc_iter_core.hpp(492,31): warning C4996:         with [E:\C++\FlutterReflect\build\_deps\spdlog-build\spdlog.vcxproj]
C:\Program Files\Microsoft Visual Studio\2022\Community\VC\Tools\MSVC\14.38.33130\include\__msvc_iter_core.hpp(492,31): warning C4996:         [ [E:\C++\FlutterReflect\build\_deps\spdlog-build\spdlog.vcxproj]
C:\Program Files\Microsoft Visual Studio\2022\Community\VC\Tools\MSVC\14.38.33130\include\__msvc_iter_core.hpp(492,31): warning C4996:             T=wchar_t [E:\C++\FlutterReflect\build\_deps\spdlog-build\spdlog.vcxproj]
C:\Program Files\Microsoft Visual Studio\2022\Community\VC\Tools\MSVC\14.38.33130\include\__msvc_iter_core.hpp(492,31): warning C4996:         ] [E:\C++\FlutterReflect\build\_deps\spdlog-build\spdlog.vcxproj]
  (compiling source file '../spdlog-src/src/stdout_sinks.cpp')
  
C:\Program Files\Microsoft Visual Studio\2022\Community\VC\Tools\MSVC\14.38.33130\include\xutility(1255,12): warning C4996: 'stdext::checked_array_iterator<T *>::_Verify_offset': warning STL4043: stdext::checked_array_iterator, stdext::unchecked_array_iterator, and related factory functions are non-Standard extensions and will be removed in the future. std::span (since C++20) and gsl::span can be used instead. You can define _SILENCE_STDEXT_ARR_ITERS_DEPRECATION_WARNING or _SILENCE_ALL_MS_EXT_DEPRECATION_WARNINGS to suppress this warning. [E:\C++\FlutterReflect\build\_deps\spdlog-build\spdlog.vcxproj]
C:\Program Files\Microsoft Visual Studio\2022\Community\VC\Tools\MSVC\14.38.33130\include\xutility(1255,12): warning C4996:         with [E:\C++\FlutterReflect\build\_deps\spdlog-build\spdlog.vcxproj]
C:\Program Files\Microsoft Visual Studio\2022\Community\VC\Tools\MSVC\14.38.33130\include\xutility(1255,12): warning C4996:         [ [E:\C++\FlutterReflect\build\_deps\spdlog-build\spdlog.vcxproj]
C:\Program Files\Microsoft Visual Studio\2022\Community\VC\Tools\MSVC\14.38.33130\include\xutility(1255,12): warning C4996:             T=wchar_t [E:\C++\FlutterReflect\build\_deps\spdlog-build\spdlog.vcxproj]
C:\Program Files\Microsoft Visual Studio\2022\Community\VC\Tools\MSVC\14.38.33130\include\xutility(1255,12): warning C4996:         ] [E:\C++\FlutterReflect\build\_deps\spdlog-build\spdlog.vcxproj]
  (compiling source file '../spdlog-src/src/stdout_sinks.cpp')
  
C:\Program Files\Microsoft Visual Studio\2022\Community\VC\Tools\MSVC\14.38.33130\include\xutility(1256,41): warning C4996: 'stdext::checked_array_iterator<T *>::_Unwrapped': warning STL4043: stdext::checked_array_iterator, stdext::unchecked_array_iterator, and related factory functions are non-Standard extensions and will be removed in the future. std::span (since C++20) and gsl::span can be used instead. You can define _SILENCE_STDEXT_ARR_ITERS_DEPRECATION_WARNING or _SILENCE_ALL_MS_EXT_DEPRECATION_WARNINGS to suppress this warning. [E:\C++\FlutterReflect\build\_deps\spdlog-build\spdlog.vcxproj]
C:\Program Files\Microsoft Visual Studio\2022\Community\VC\Tools\MSVC\14.38.33130\include\xutility(1256,41): warning C4996:         with [E:\C++\FlutterReflect\build\_deps\spdlog-build\spdlog.vcxproj]
C:\Program Files\Microsoft Visual Studio\2022\Community\VC\Tools\MSVC\14.38.33130\include\xutility(1256,41): warning C4996:         [ [E:\C++\FlutterReflect\build\_deps\spdlog-build\spdlog.vcxproj]
C:\Program Files\Microsoft Visual Studio\2022\Community\VC\Tools\MSVC\14.38.33130\include\xutility(1256,41): warning C4996:             T=wchar_t [E:\C++\FlutterReflect\build\_deps\spdlog-build\spdlog.vcxproj]
C:\Program Files\Microsoft Visual Studio\2022\Community\VC\Tools\MSVC\14.38.33130\include\xutility(1256,41): warning C4996:         ] [E:\C++\FlutterReflect\build\_deps\spdlog-build\spdlog.vcxproj]
  (compiling source file '../spdlog-src/src/stdout_sinks.cpp')
  
C:\Program Files\Microsoft Visual Studio\2022\Community\VC\Tools\MSVC\14.38.33130\include\__msvc_iter_core.hpp(488,40): warning C4996: 'stdext::checked_array_iterator<T *>': warning STL4043: stdext::checked_array_iterator, stdext::unchecked_array_iterator, and related factory functions are non-Standard extensions and will be removed in the future. std::span (since C++20) and gsl::span can be used instead. You can define _SILENCE_STDEXT_ARR_ITERS_DEPRECATION_WARNING or _SILENCE_ALL_MS_EXT_DEPRECATION_WARNINGS to suppress this warning. [E:\C++\FlutterReflect\build\_deps\spdlog-build\spdlog.vcxproj]
C:\Program Files\Microsoft Visual Studio\2022\Community\VC\Tools\MSVC\14.38.33130\include\__msvc_iter_core.hpp(488,40): warning C4996:         with [E:\C++\FlutterReflect\build\_deps\spdlog-build\spdlog.vcxproj]
C:\Program Files\Microsoft Visual Studio\2022\Community\VC\Tools\MSVC\14.38.33130\include\__msvc_iter_core.hpp(488,40): warning C4996:         [ [E:\C++\FlutterReflect\build\_deps\spdlog-build\spdlog.vcxproj]
C:\Program Files\Microsoft Visual Studio\2022\Community\VC\Tools\MSVC\14.38.33130\include\__msvc_iter_core.hpp(488,40): warning C4996:             T=wchar_t [E:\C++\FlutterReflect\build\_deps\spdlog-build\spdlog.vcxproj]
C:\Program Files\Microsoft Visual Studio\2022\Community\VC\Tools\MSVC\14.38.33130\include\__msvc_iter_core.hpp(488,40): warning C4996:         ] [E:\C++\FlutterReflect\build\_deps\spdlog-build\spdlog.vcxproj]
  (compiling source file '../spdlog-src/src/color_sinks.cpp')
      C:\Program Files\Microsoft Visual Studio\2022\Community\VC\Tools\MSVC\14.38.33130\include\iterator(1470,58):
      see declaration of 'stdext::checked_array_iterator'
      C:\Program Files\Microsoft Visual Studio\2022\Community\VC\Tools\MSVC\14.38.33130\include\__msvc_iter_core.hpp(488,40):
      the template instantiation context (the oldest one first) is
          C:\Program Files\Microsoft Visual Studio\2022\Community\VC\Tools\MSVC\14.38.33130\include\xutility(1233,93):
          see reference to alias template instantiation 'std::_Iter_diff_t<_Iter>' being compiled
          with
          [
              _Iter=stdext::checked_array_iterator<wchar_t *>
          ]
          C:\Program Files\Microsoft Visual Studio\2022\Community\VC\Tools\MSVC\14.38.33130\include\xutility(1238,5):
          see reference to class template instantiation 'std::iterator_traits<_Iter>' being compiled
          with
          [
              _Iter=stdext::checked_array_iterator<wchar_t *>
          ]
          C:\Program Files\Microsoft Visual Studio\2022\Community\VC\Tools\MSVC\14.38.33130\include\__msvc_iter_core.hpp(508,26):
          see reference to class template instantiation 'std::_Iterator_traits_base<_Iter,void>' being compiled
          with
          [
              _Iter=stdext::checked_array_iterator<wchar_t *>
          ]
  
C:\Program Files\Microsoft Visual Studio\2022\Community\VC\Tools\MSVC\14.38.33130\include\__msvc_iter_core.hpp(488,31): warning C4996: 'stdext::checked_array_iterator<T *>::iterator_category': warning STL4043: stdext::checked_array_iterator, stdext::unchecked_array_iterator, and related factory functions are non-Standard extensions and will be removed in the future. std::span (since C++20) and gsl::span can be used instead. You can define _SILENCE_STDEXT_ARR_ITERS_DEPRECATION_WARNING or _SILENCE_ALL_MS_EXT_DEPRECATION_WARNINGS to suppress this warning. [E:\C++\FlutterReflect\build\_deps\spdlog-build\spdlog.vcxproj]
C:\Program Files\Microsoft Visual Studio\2022\Community\VC\Tools\MSVC\14.38.33130\include\__msvc_iter_core.hpp(488,31): warning C4996:         with [E:\C++\FlutterReflect\build\_deps\spdlog-build\spdlog.vcxproj]
C:\Program Files\Microsoft Visual Studio\2022\Community\VC\Tools\MSVC\14.38.33130\include\__msvc_iter_core.hpp(488,31): warning C4996:         [ [E:\C++\FlutterReflect\build\_deps\spdlog-build\spdlog.vcxproj]
C:\Program Files\Microsoft Visual Studio\2022\Community\VC\Tools\MSVC\14.38.33130\include\__msvc_iter_core.hpp(488,31): warning C4996:             T=wchar_t [E:\C++\FlutterReflect\build\_deps\spdlog-build\spdlog.vcxproj]
C:\Program Files\Microsoft Visual Studio\2022\Community\VC\Tools\MSVC\14.38.33130\include\__msvc_iter_core.hpp(488,31): warning C4996:         ] [E:\C++\FlutterReflect\build\_deps\spdlog-build\spdlog.vcxproj]
  (compiling source file '../spdlog-src/src/color_sinks.cpp')
  
C:\Program Files\Microsoft Visual Studio\2022\Community\VC\Tools\MSVC\14.38.33130\include\__msvc_iter_core.hpp(489,40): warning C4996: 'stdext::checked_array_iterator<T *>': warning STL4043: stdext::checked_array_iterator, stdext::unchecked_array_iterator, and related factory functions are non-Standard extensions and will be removed in the future. std::span (since C++20) and gsl::span can be used instead. You can define _SILENCE_STDEXT_ARR_ITERS_DEPRECATION_WARNING or _SILENCE_ALL_MS_EXT_DEPRECATION_WARNINGS to suppress this warning. [E:\C++\FlutterReflect\build\_deps\spdlog-build\spdlog.vcxproj]
C:\Program Files\Microsoft Visual Studio\2022\Community\VC\Tools\MSVC\14.38.33130\include\__msvc_iter_core.hpp(489,40): warning C4996:         with [E:\C++\FlutterReflect\build\_deps\spdlog-build\spdlog.vcxproj]
C:\Program Files\Microsoft Visual Studio\2022\Community\VC\Tools\MSVC\14.38.33130\include\__msvc_iter_core.hpp(489,40): warning C4996:         [ [E:\C++\FlutterReflect\build\_deps\spdlog-build\spdlog.vcxproj]
C:\Program Files\Microsoft Visual Studio\2022\Community\VC\Tools\MSVC\14.38.33130\include\__msvc_iter_core.hpp(489,40): warning C4996:             T=wchar_t [E:\C++\FlutterReflect\build\_deps\spdlog-build\spdlog.vcxproj]
C:\Program Files\Microsoft Visual Studio\2022\Community\VC\Tools\MSVC\14.38.33130\include\__msvc_iter_core.hpp(489,40): warning C4996:         ] [E:\C++\FlutterReflect\build\_deps\spdlog-build\spdlog.vcxproj]
  (compiling source file '../spdlog-src/src/color_sinks.cpp')
      C:\Program Files\Microsoft Visual Studio\2022\Community\VC\Tools\MSVC\14.38.33130\include\iterator(1470,58):
      see declaration of 'stdext::checked_array_iterator'
  
C:\Program Files\Microsoft Visual Studio\2022\Community\VC\Tools\MSVC\14.38.33130\include\xutility(1277,12): warning C4996: 'stdext::checked_array_iterator<T *>::_Seek_to': warning STL4043: stdext::checked_array_iterator, stdext::unchecked_array_iterator, and related factory functions are non-Standard extensions and will be removed in the future. std::span (since C++20) and gsl::span can be used instead. You can define _SILENCE_STDEXT_ARR_ITERS_DEPRECATION_WARNING or _SILENCE_ALL_MS_EXT_DEPRECATION_WARNINGS to suppress this warning. [E:\C++\FlutterReflect\build\_deps\spdlog-build\spdlog.vcxproj]
C:\Program Files\Microsoft Visual Studio\2022\Community\VC\Tools\MSVC\14.38.33130\include\xutility(1277,12): warning C4996:         with [E:\C++\FlutterReflect\build\_deps\spdlog-build\spdlog.vcxproj]
C:\Program Files\Microsoft Visual Studio\2022\Community\VC\Tools\MSVC\14.38.33130\include\xutility(1277,12): warning C4996:         [ [E:\C++\FlutterReflect\build\_deps\spdlog-build\spdlog.vcxproj]
C:\Program Files\Microsoft Visual Studio\2022\Community\VC\Tools\MSVC\14.38.33130\include\xutility(1277,12): warning C4996:             T=fmt::v9::detail::bigint::bigit [E:\C++\FlutterReflect\build\_deps\spdlog-build\spdlog.vcxproj]
C:\Program Files\Microsoft Visual Studio\2022\Community\VC\Tools\MSVC\14.38.33130\include\xutility(1277,12): warning C4996:         ] [E:\C++\FlutterReflect\build\_deps\spdlog-build\spdlog.vcxproj]
  (compiling source file '../spdlog-src/src/stdout_sinks.cpp')
      C:\Program Files\Microsoft Visual Studio\2022\Community\VC\Tools\MSVC\14.38.33130\include\xutility(1277,12):
      the template instantiation context (the oldest one first) is
          E:\C++\FlutterReflect\build\_deps\spdlog-src\include\spdlog\fmt\bundled\format.h(2807,10):
          see reference to function template instantiation '_OutIt std::copy<const T*,stdext::checked_array_iterator<T *>>(_InIt,_InIt,_OutIt)' being compiled
          with
          [
              _OutIt=stdext::checked_array_iterator<fmt::v9::detail::bigint::bigit *>,
              T=fmt::v9::detail::bigint::bigit,
              _InIt=const fmt::v9::detail::bigint::bigit *
          ]
          C:\Program Files\Microsoft Visual Studio\2022\Community\VC\Tools\MSVC\14.38.33130\include\xutility(4611,5):
          see reference to function template instantiation 'void std::_Seek_wrapped<_OutIt,unsigned int*>(_Iter &,_UIter &&)' being compiled
          with
          [
              _OutIt=stdext::checked_array_iterator<fmt::v9::detail::bigint::bigit *>,
              _Iter=stdext::checked_array_iterator<fmt::v9::detail::bigint::bigit *>,
              _UIter=fmt::v9::detail::bigint::bigit *
          ]
  
C:\Program Files\Microsoft Visual Studio\2022\Community\VC\Tools\MSVC\14.38.33130\include\__msvc_iter_core.hpp(489,31): warning C4996: 'stdext::checked_array_iterator<T *>::value_type': warning STL4043: stdext::checked_array_iterator, stdext::unchecked_array_iterator, and related factory functions are non-Standard extensions and will be removed in the future. std::span (since C++20) and gsl::span can be used instead. You can define _SILENCE_STDEXT_ARR_ITERS_DEPRECATION_WARNING or _SILENCE_ALL_MS_EXT_DEPRECATION_WARNINGS to suppress this warning. [E:\C++\FlutterReflect\build\_deps\spdlog-build\spdlog.vcxproj]
C:\Program Files\Microsoft Visual Studio\2022\Community\VC\Tools\MSVC\14.38.33130\include\__msvc_iter_core.hpp(489,31): warning C4996:         with [E:\C++\FlutterReflect\build\_deps\spdlog-build\spdlog.vcxproj]
C:\Program Files\Microsoft Visual Studio\2022\Community\VC\Tools\MSVC\14.38.33130\include\__msvc_iter_core.hpp(489,31): warning C4996:         [ [E:\C++\FlutterReflect\build\_deps\spdlog-build\spdlog.vcxproj]
C:\Program Files\Microsoft Visual Studio\2022\Community\VC\Tools\MSVC\14.38.33130\include\__msvc_iter_core.hpp(489,31): warning C4996:             T=wchar_t [E:\C++\FlutterReflect\build\_deps\spdlog-build\spdlog.vcxproj]
C:\Program Files\Microsoft Visual Studio\2022\Community\VC\Tools\MSVC\14.38.33130\include\__msvc_iter_core.hpp(489,31): warning C4996:         ] [E:\C++\FlutterReflect\build\_deps\spdlog-build\spdlog.vcxproj]
  (compiling source file '../spdlog-src/src/color_sinks.cpp')
  
C:\Program Files\Microsoft Visual Studio\2022\Community\VC\Tools\MSVC\14.38.33130\include\__msvc_iter_core.hpp(490,40): warning C4996: 'stdext::checked_array_iterator<T *>': warning STL4043: stdext::checked_array_iterator, stdext::unchecked_array_iterator, and related factory functions are non-Standard extensions and will be removed in the future. std::span (since C++20) and gsl::span can be used instead. You can define _SILENCE_STDEXT_ARR_ITERS_DEPRECATION_WARNING or _SILENCE_ALL_MS_EXT_DEPRECATION_WARNINGS to suppress this warning. [E:\C++\FlutterReflect\build\_deps\spdlog-build\spdlog.vcxproj]
C:\Program Files\Microsoft Visual Studio\2022\Community\VC\Tools\MSVC\14.38.33130\include\__msvc_iter_core.hpp(490,40): warning C4996:         with [E:\C++\FlutterReflect\build\_deps\spdlog-build\spdlog.vcxproj]
C:\Program Files\Microsoft Visual Studio\2022\Community\VC\Tools\MSVC\14.38.33130\include\__msvc_iter_core.hpp(490,40): warning C4996:         [ [E:\C++\FlutterReflect\build\_deps\spdlog-build\spdlog.vcxproj]
C:\Program Files\Microsoft Visual Studio\2022\Community\VC\Tools\MSVC\14.38.33130\include\__msvc_iter_core.hpp(490,40): warning C4996:             T=wchar_t [E:\C++\FlutterReflect\build\_deps\spdlog-build\spdlog.vcxproj]
C:\Program Files\Microsoft Visual Studio\2022\Community\VC\Tools\MSVC\14.38.33130\include\__msvc_iter_core.hpp(490,40): warning C4996:         ] [E:\C++\FlutterReflect\build\_deps\spdlog-build\spdlog.vcxproj]
  (compiling source file '../spdlog-src/src/color_sinks.cpp')
      C:\Program Files\Microsoft Visual Studio\2022\Community\VC\Tools\MSVC\14.38.33130\include\iterator(1470,58):
      see declaration of 'stdext::checked_array_iterator'
  
C:\Program Files\Microsoft Visual Studio\2022\Community\VC\Tools\MSVC\14.38.33130\include\__msvc_iter_core.hpp(490,31): warning C4996: 'stdext::checked_array_iterator<T *>::difference_type': warning STL4043: stdext::checked_array_iterator, stdext::unchecked_array_iterator, and related factory functions are non-Standard extensions and will be removed in the future. std::span (since C++20) and gsl::span can be used instead. You can define _SILENCE_STDEXT_ARR_ITERS_DEPRECATION_WARNING or _SILENCE_ALL_MS_EXT_DEPRECATION_WARNINGS to suppress this warning. [E:\C++\FlutterReflect\build\_deps\spdlog-build\spdlog.vcxproj]
C:\Program Files\Microsoft Visual Studio\2022\Community\VC\Tools\MSVC\14.38.33130\include\__msvc_iter_core.hpp(490,31): warning C4996:         with [E:\C++\FlutterReflect\build\_deps\spdlog-build\spdlog.vcxproj]
C:\Program Files\Microsoft Visual Studio\2022\Community\VC\Tools\MSVC\14.38.33130\include\__msvc_iter_core.hpp(490,31): warning C4996:         [ [E:\C++\FlutterReflect\build\_deps\spdlog-build\spdlog.vcxproj]
C:\Program Files\Microsoft Visual Studio\2022\Community\VC\Tools\MSVC\14.38.33130\include\__msvc_iter_core.hpp(490,31): warning C4996:             T=wchar_t [E:\C++\FlutterReflect\build\_deps\spdlog-build\spdlog.vcxproj]
C:\Program Files\Microsoft Visual Studio\2022\Community\VC\Tools\MSVC\14.38.33130\include\__msvc_iter_core.hpp(490,31): warning C4996:         ] [E:\C++\FlutterReflect\build\_deps\spdlog-build\spdlog.vcxproj]
  (compiling source file '../spdlog-src/src/color_sinks.cpp')
  
C:\Program Files\Microsoft Visual Studio\2022\Community\VC\Tools\MSVC\14.38.33130\include\__msvc_iter_core.hpp(491,40): warning C4996: 'stdext::checked_array_iterator<T *>': warning STL4043: stdext::checked_array_iterator, stdext::unchecked_array_iterator, and related factory functions are non-Standard extensions and will be removed in the future. std::span (since C++20) and gsl::span can be used instead. You can define _SILENCE_STDEXT_ARR_ITERS_DEPRECATION_WARNING or _SILENCE_ALL_MS_EXT_DEPRECATION_WARNINGS to suppress this warning. [E:\C++\FlutterReflect\build\_deps\spdlog-build\spdlog.vcxproj]
C:\Program Files\Microsoft Visual Studio\2022\Community\VC\Tools\MSVC\14.38.33130\include\__msvc_iter_core.hpp(491,40): warning C4996:         with [E:\C++\FlutterReflect\build\_deps\spdlog-build\spdlog.vcxproj]
C:\Program Files\Microsoft Visual Studio\2022\Community\VC\Tools\MSVC\14.38.33130\include\__msvc_iter_core.hpp(491,40): warning C4996:         [ [E:\C++\FlutterReflect\build\_deps\spdlog-build\spdlog.vcxproj]
C:\Program Files\Microsoft Visual Studio\2022\Community\VC\Tools\MSVC\14.38.33130\include\__msvc_iter_core.hpp(491,40): warning C4996:             T=wchar_t [E:\C++\FlutterReflect\build\_deps\spdlog-build\spdlog.vcxproj]
C:\Program Files\Microsoft Visual Studio\2022\Community\VC\Tools\MSVC\14.38.33130\include\__msvc_iter_core.hpp(491,40): warning C4996:         ] [E:\C++\FlutterReflect\build\_deps\spdlog-build\spdlog.vcxproj]
  (compiling source file '../spdlog-src/src/color_sinks.cpp')
      C:\Program Files\Microsoft Visual Studio\2022\Community\VC\Tools\MSVC\14.38.33130\include\iterator(1470,58):
      see declaration of 'stdext::checked_array_iterator'
  
C:\Program Files\Microsoft Visual Studio\2022\Community\VC\Tools\MSVC\14.38.33130\include\__msvc_iter_core.hpp(491,31): warning C4996: 'stdext::checked_array_iterator<T *>::pointer': warning STL4043: stdext::checked_array_iterator, stdext::unchecked_array_iterator, and related factory functions are non-Standard extensions and will be removed in the future. std::span (since C++20) and gsl::span can be used instead. You can define _SILENCE_STDEXT_ARR_ITERS_DEPRECATION_WARNING or _SILENCE_ALL_MS_EXT_DEPRECATION_WARNINGS to suppress this warning. [E:\C++\FlutterReflect\build\_deps\spdlog-build\spdlog.vcxproj]
C:\Program Files\Microsoft Visual Studio\2022\Community\VC\Tools\MSVC\14.38.33130\include\__msvc_iter_core.hpp(491,31): warning C4996:         with [E:\C++\FlutterReflect\build\_deps\spdlog-build\spdlog.vcxproj]
C:\Program Files\Microsoft Visual Studio\2022\Community\VC\Tools\MSVC\14.38.33130\include\__msvc_iter_core.hpp(491,31): warning C4996:         [ [E:\C++\FlutterReflect\build\_deps\spdlog-build\spdlog.vcxproj]
C:\Program Files\Microsoft Visual Studio\2022\Community\VC\Tools\MSVC\14.38.33130\include\__msvc_iter_core.hpp(491,31): warning C4996:             T=wchar_t [E:\C++\FlutterReflect\build\_deps\spdlog-build\spdlog.vcxproj]
C:\Program Files\Microsoft Visual Studio\2022\Community\VC\Tools\MSVC\14.38.33130\include\__msvc_iter_core.hpp(491,31): warning C4996:         ] [E:\C++\FlutterReflect\build\_deps\spdlog-build\spdlog.vcxproj]
  (compiling source file '../spdlog-src/src/color_sinks.cpp')
  
C:\Program Files\Microsoft Visual Studio\2022\Community\VC\Tools\MSVC\14.38.33130\include\__msvc_iter_core.hpp(492,40): warning C4996: 'stdext::checked_array_iterator<T *>': warning STL4043: stdext::checked_array_iterator, stdext::unchecked_array_iterator, and related factory functions are non-Standard extensions and will be removed in the future. std::span (since C++20) and gsl::span can be used instead. You can define _SILENCE_STDEXT_ARR_ITERS_DEPRECATION_WARNING or _SILENCE_ALL_MS_EXT_DEPRECATION_WARNINGS to suppress this warning. [E:\C++\FlutterReflect\build\_deps\spdlog-build\spdlog.vcxproj]
C:\Program Files\Microsoft Visual Studio\2022\Community\VC\Tools\MSVC\14.38.33130\include\__msvc_iter_core.hpp(492,40): warning C4996:         with [E:\C++\FlutterReflect\build\_deps\spdlog-build\spdlog.vcxproj]
C:\Program Files\Microsoft Visual Studio\2022\Community\VC\Tools\MSVC\14.38.33130\include\__msvc_iter_core.hpp(492,40): warning C4996:         [ [E:\C++\FlutterReflect\build\_deps\spdlog-build\spdlog.vcxproj]
C:\Program Files\Microsoft Visual Studio\2022\Community\VC\Tools\MSVC\14.38.33130\include\__msvc_iter_core.hpp(492,40): warning C4996:             T=wchar_t [E:\C++\FlutterReflect\build\_deps\spdlog-build\spdlog.vcxproj]
C:\Program Files\Microsoft Visual Studio\2022\Community\VC\Tools\MSVC\14.38.33130\include\__msvc_iter_core.hpp(492,40): warning C4996:         ] [E:\C++\FlutterReflect\build\_deps\spdlog-build\spdlog.vcxproj]
  (compiling source file '../spdlog-src/src/color_sinks.cpp')
      C:\Program Files\Microsoft Visual Studio\2022\Community\VC\Tools\MSVC\14.38.33130\include\iterator(1470,58):
      see declaration of 'stdext::checked_array_iterator'
  
C:\Program Files\Microsoft Visual Studio\2022\Community\VC\Tools\MSVC\14.38.33130\include\__msvc_iter_core.hpp(492,31): warning C4996: 'stdext::checked_array_iterator<T *>::reference': warning STL4043: stdext::checked_array_iterator, stdext::unchecked_array_iterator, and related factory functions are non-Standard extensions and will be removed in the future. std::span (since C++20) and gsl::span can be used instead. You can define _SILENCE_STDEXT_ARR_ITERS_DEPRECATION_WARNING or _SILENCE_ALL_MS_EXT_DEPRECATION_WARNINGS to suppress this warning. [E:\C++\FlutterReflect\build\_deps\spdlog-build\spdlog.vcxproj]
C:\Program Files\Microsoft Visual Studio\2022\Community\VC\Tools\MSVC\14.38.33130\include\__msvc_iter_core.hpp(492,31): warning C4996:         with [E:\C++\FlutterReflect\build\_deps\spdlog-build\spdlog.vcxproj]
C:\Program Files\Microsoft Visual Studio\2022\Community\VC\Tools\MSVC\14.38.33130\include\__msvc_iter_core.hpp(492,31): warning C4996:         [ [E:\C++\FlutterReflect\build\_deps\spdlog-build\spdlog.vcxproj]
C:\Program Files\Microsoft Visual Studio\2022\Community\VC\Tools\MSVC\14.38.33130\include\__msvc_iter_core.hpp(492,31): warning C4996:             T=wchar_t [E:\C++\FlutterReflect\build\_deps\spdlog-build\spdlog.vcxproj]
C:\Program Files\Microsoft Visual Studio\2022\Community\VC\Tools\MSVC\14.38.33130\include\__msvc_iter_core.hpp(492,31): warning C4996:         ] [E:\C++\FlutterReflect\build\_deps\spdlog-build\spdlog.vcxproj]
  (compiling source file '../spdlog-src/src/color_sinks.cpp')
  
C:\Program Files\Microsoft Visual Studio\2022\Community\VC\Tools\MSVC\14.38.33130\include\xutility(1255,12): warning C4996: 'stdext::checked_array_iterator<T *>::_Verify_offset': warning STL4043: stdext::checked_array_iterator, stdext::unchecked_array_iterator, and related factory functions are non-Standard extensions and will be removed in the future. std::span (since C++20) and gsl::span can be used instead. You can define _SILENCE_STDEXT_ARR_ITERS_DEPRECATION_WARNING or _SILENCE_ALL_MS_EXT_DEPRECATION_WARNINGS to suppress this warning. [E:\C++\FlutterReflect\build\_deps\spdlog-build\spdlog.vcxproj]
C:\Program Files\Microsoft Visual Studio\2022\Community\VC\Tools\MSVC\14.38.33130\include\xutility(1255,12): warning C4996:         with [E:\C++\FlutterReflect\build\_deps\spdlog-build\spdlog.vcxproj]
C:\Program Files\Microsoft Visual Studio\2022\Community\VC\Tools\MSVC\14.38.33130\include\xutility(1255,12): warning C4996:         [ [E:\C++\FlutterReflect\build\_deps\spdlog-build\spdlog.vcxproj]
C:\Program Files\Microsoft Visual Studio\2022\Community\VC\Tools\MSVC\14.38.33130\include\xutility(1255,12): warning C4996:             T=wchar_t [E:\C++\FlutterReflect\build\_deps\spdlog-build\spdlog.vcxproj]
C:\Program Files\Microsoft Visual Studio\2022\Community\VC\Tools\MSVC\14.38.33130\include\xutility(1255,12): warning C4996:         ] [E:\C++\FlutterReflect\build\_deps\spdlog-build\spdlog.vcxproj]
  (compiling source file '../spdlog-src/src/color_sinks.cpp')
  
C:\Program Files\Microsoft Visual Studio\2022\Community\VC\Tools\MSVC\14.38.33130\include\xutility(1256,41): warning C4996: 'stdext::checked_array_iterator<T *>::_Unwrapped': warning STL4043: stdext::checked_array_iterator, stdext::unchecked_array_iterator, and related factory functions are non-Standard extensions and will be removed in the future. std::span (since C++20) and gsl::span can be used instead. You can define _SILENCE_STDEXT_ARR_ITERS_DEPRECATION_WARNING or _SILENCE_ALL_MS_EXT_DEPRECATION_WARNINGS to suppress this warning. [E:\C++\FlutterReflect\build\_deps\spdlog-build\spdlog.vcxproj]
C:\Program Files\Microsoft Visual Studio\2022\Community\VC\Tools\MSVC\14.38.33130\include\xutility(1256,41): warning C4996:         with [E:\C++\FlutterReflect\build\_deps\spdlog-build\spdlog.vcxproj]
C:\Program Files\Microsoft Visual Studio\2022\Community\VC\Tools\MSVC\14.38.33130\include\xutility(1256,41): warning C4996:         [ [E:\C++\FlutterReflect\build\_deps\spdlog-build\spdlog.vcxproj]
C:\Program Files\Microsoft Visual Studio\2022\Community\VC\Tools\MSVC\14.38.33130\include\xutility(1256,41): warning C4996:             T=wchar_t [E:\C++\FlutterReflect\build\_deps\spdlog-build\spdlog.vcxproj]
C:\Program Files\Microsoft Visual Studio\2022\Community\VC\Tools\MSVC\14.38.33130\include\xutility(1256,41): warning C4996:         ] [E:\C++\FlutterReflect\build\_deps\spdlog-build\spdlog.vcxproj]
  (compiling source file '../spdlog-src/src/color_sinks.cpp')
  
C:\Program Files\Microsoft Visual Studio\2022\Community\VC\Tools\MSVC\14.38.33130\include\xutility(1277,12): warning C4996: 'stdext::checked_array_iterator<T *>::_Seek_to': warning STL4043: stdext::checked_array_iterator, stdext::unchecked_array_iterator, and related factory functions are non-Standard extensions and will be removed in the future. std::span (since C++20) and gsl::span can be used instead. You can define _SILENCE_STDEXT_ARR_ITERS_DEPRECATION_WARNING or _SILENCE_ALL_MS_EXT_DEPRECATION_WARNINGS to suppress this warning. [E:\C++\FlutterReflect\build\_deps\spdlog-build\spdlog.vcxproj]
C:\Program Files\Microsoft Visual Studio\2022\Community\VC\Tools\MSVC\14.38.33130\include\xutility(1277,12): warning C4996:         with [E:\C++\FlutterReflect\build\_deps\spdlog-build\spdlog.vcxproj]
C:\Program Files\Microsoft Visual Studio\2022\Community\VC\Tools\MSVC\14.38.33130\include\xutility(1277,12): warning C4996:         [ [E:\C++\FlutterReflect\build\_deps\spdlog-build\spdlog.vcxproj]
C:\Program Files\Microsoft Visual Studio\2022\Community\VC\Tools\MSVC\14.38.33130\include\xutility(1277,12): warning C4996:             T=fmt::v9::detail::bigint::bigit [E:\C++\FlutterReflect\build\_deps\spdlog-build\spdlog.vcxproj]
C:\Program Files\Microsoft Visual Studio\2022\Community\VC\Tools\MSVC\14.38.33130\include\xutility(1277,12): warning C4996:         ] [E:\C++\FlutterReflect\build\_deps\spdlog-build\spdlog.vcxproj]
  (compiling source file '../spdlog-src/src/color_sinks.cpp')
      C:\Program Files\Microsoft Visual Studio\2022\Community\VC\Tools\MSVC\14.38.33130\include\xutility(1277,12):
      the template instantiation context (the oldest one first) is
          E:\C++\FlutterReflect\build\_deps\spdlog-src\include\spdlog\fmt\bundled\format.h(2807,10):
          see reference to function template instantiation '_OutIt std::copy<const T*,stdext::checked_array_iterator<T *>>(_InIt,_InIt,_OutIt)' being compiled
          with
          [
              _OutIt=stdext::checked_array_iterator<fmt::v9::detail::bigint::bigit *>,
              T=fmt::v9::detail::bigint::bigit,
              _InIt=const fmt::v9::detail::bigint::bigit *
          ]
          C:\Program Files\Microsoft Visual Studio\2022\Community\VC\Tools\MSVC\14.38.33130\include\xutility(4611,5):
          see reference to function template instantiation 'void std::_Seek_wrapped<_OutIt,unsigned int*>(_Iter &,_UIter &&)' being compiled
          with
          [
              _OutIt=stdext::checked_array_iterator<fmt::v9::detail::bigint::bigit *>,
              _Iter=stdext::checked_array_iterator<fmt::v9::detail::bigint::bigit *>,
              _UIter=fmt::v9::detail::bigint::bigit *
          ]
  
C:\Program Files\Microsoft Visual Studio\2022\Community\VC\Tools\MSVC\14.38.33130\include\xutility(1141,31): warning C4996: 'stdext::checked_array_iterator<T *>': warning STL4043: stdext::checked_array_iterator, stdext::unchecked_array_iterator, and related factory functions are non-Standard extensions and will be removed in the future. std::span (since C++20) and gsl::span can be used instead. You can define _SILENCE_STDEXT_ARR_ITERS_DEPRECATION_WARNING or _SILENCE_ALL_MS_EXT_DEPRECATION_WARNINGS to suppress this warning. [E:\C++\FlutterReflect\build\_deps\spdlog-build\spdlog.vcxproj]
C:\Program Files\Microsoft Visual Studio\2022\Community\VC\Tools\MSVC\14.38.33130\include\xutility(1141,31): warning C4996:         with [E:\C++\FlutterReflect\build\_deps\spdlog-build\spdlog.vcxproj]
C:\Program Files\Microsoft Visual Studio\2022\Community\VC\Tools\MSVC\14.38.33130\include\xutility(1141,31): warning C4996:         [ [E:\C++\FlutterReflect\build\_deps\spdlog-build\spdlog.vcxproj]
C:\Program Files\Microsoft Visual Studio\2022\Community\VC\Tools\MSVC\14.38.33130\include\xutility(1141,31): warning C4996:             T=char [E:\C++\FlutterReflect\build\_deps\spdlog-build\spdlog.vcxproj]
C:\Program Files\Microsoft Visual Studio\2022\Community\VC\Tools\MSVC\14.38.33130\include\xutility(1141,31): warning C4996:         ] [E:\C++\FlutterReflect\build\_deps\spdlog-build\spdlog.vcxproj]
  (compiling source file '../spdlog-src/src/stdout_sinks.cpp')
      C:\Program Files\Microsoft Visual Studio\2022\Community\VC\Tools\MSVC\14.38.33130\include\iterator(1470,58):
      see declaration of 'stdext::checked_array_iterator'
      C:\Program Files\Microsoft Visual Studio\2022\Community\VC\Tools\MSVC\14.38.33130\include\xutility(1141,31):
      the template instantiation context (the oldest one first) is
          E:\C++\FlutterReflect\build\_deps\spdlog-src\include\spdlog\common.h(351,34):
          see reference to class template instantiation 'fmt::v9::basic_memory_buffer<char,250,std::allocator<char>>' being compiled
          E:\C++\FlutterReflect\build\_deps\spdlog-src\include\spdlog\fmt\bundled\format.h(912,18):
          while compiling class template member function 'void fmt::v9::basic_memory_buffer<char,250,std::allocator<char>>::grow(size_t)'
          E:\C++\FlutterReflect\build\_deps\spdlog-src\include\spdlog\fmt\bundled\format.h(925,8):
          see reference to function template instantiation '_NoThrowFwdIt std::uninitialized_copy<T*,stdext::checked_array_iterator<T *>>(const _InIt,const _InIt,_NoThrowFwdIt)' being compiled
          with
          [
              _NoThrowFwdIt=stdext::checked_array_iterator<char *>,
              T=char,
              _InIt=char *
          ]
          C:\Program Files\Microsoft Visual Studio\2022\Community\VC\Tools\MSVC\14.38.33130\include\xmemory(1919,25):
          see reference to function template instantiation 'decltype(auto) std::_Get_unwrapped_n<_NoThrowFwdIt&,__int64>(_Iter,const _Diff)' being compiled
          with
          [
              _NoThrowFwdIt=stdext::checked_array_iterator<char *>,
              _Iter=stdext::checked_array_iterator<char *> &,
              _Diff=__int64
          ]
          C:\Program Files\Microsoft Visual Studio\2022\Community\VC\Tools\MSVC\14.38.33130\include\xutility(1244,26):
          see reference to variable template 'const bool _Unwrappable_for_offset_v<stdext::checked_array_iterator<char *> &>' being compiled
          C:\Program Files\Microsoft Visual Studio\2022\Community\VC\Tools\MSVC\14.38.33130\include\xutility(1238,5):
          see reference to variable template 'const bool _Unwrappable_v<stdext::checked_array_iterator<char *> &,void>' being compiled
          C:\Program Files\Microsoft Visual Studio\2022\Community\VC\Tools\MSVC\14.38.33130\include\xutility(1165,5):
          see reference to variable template 'const bool _Allow_inheriting_unwrap_v<stdext::checked_array_iterator<char *>,void>' being compiled
  
C:\Program Files\Microsoft Visual Studio\2022\Community\VC\Tools\MSVC\14.38.33130\include\xutility(1141,22): warning C4996: 'stdext::checked_array_iterator<T *>::_Prevent_inheriting_unwrap': warning STL4043: stdext::checked_array_iterator, stdext::unchecked_array_iterator, and related factory functions are non-Standard extensions and will be removed in the future. std::span (since C++20) and gsl::span can be used instead. You can define _SILENCE_STDEXT_ARR_ITERS_DEPRECATION_WARNING or _SILENCE_ALL_MS_EXT_DEPRECATION_WARNINGS to suppress this warning. [E:\C++\FlutterReflect\build\_deps\spdlog-build\spdlog.vcxproj]
C:\Program Files\Microsoft Visual Studio\2022\Community\VC\Tools\MSVC\14.38.33130\include\xutility(1141,22): warning C4996:         with [E:\C++\FlutterReflect\build\_deps\spdlog-build\spdlog.vcxproj]
C:\Program Files\Microsoft Visual Studio\2022\Community\VC\Tools\MSVC\14.38.33130\include\xutility(1141,22): warning C4996:         [ [E:\C++\FlutterReflect\build\_deps\spdlog-build\spdlog.vcxproj]
C:\Program Files\Microsoft Visual Studio\2022\Community\VC\Tools\MSVC\14.38.33130\include\xutility(1141,22): warning C4996:             T=char [E:\C++\FlutterReflect\build\_deps\spdlog-build\spdlog.vcxproj]
C:\Program Files\Microsoft Visual Studio\2022\Community\VC\Tools\MSVC\14.38.33130\include\xutility(1141,22): warning C4996:         ] [E:\C++\FlutterReflect\build\_deps\spdlog-build\spdlog.vcxproj]
  (compiling source file '../spdlog-src/src/stdout_sinks.cpp')
  
C:\Program Files\Microsoft Visual Studio\2022\Community\VC\Tools\MSVC\14.38.33130\include\__msvc_iter_core.hpp(488,40): warning C4996: 'stdext::checked_array_iterator<T *>': warning STL4043: stdext::checked_array_iterator, stdext::unchecked_array_iterator, and related factory functions are non-Standard extensions and will be removed in the future. std::span (since C++20) and gsl::span can be used instead. You can define _SILENCE_STDEXT_ARR_ITERS_DEPRECATION_WARNING or _SILENCE_ALL_MS_EXT_DEPRECATION_WARNINGS to suppress this warning. [E:\C++\FlutterReflect\build\_deps\spdlog-build\spdlog.vcxproj]
C:\Program Files\Microsoft Visual Studio\2022\Community\VC\Tools\MSVC\14.38.33130\include\__msvc_iter_core.hpp(488,40): warning C4996:         with [E:\C++\FlutterReflect\build\_deps\spdlog-build\spdlog.vcxproj]
C:\Program Files\Microsoft Visual Studio\2022\Community\VC\Tools\MSVC\14.38.33130\include\__msvc_iter_core.hpp(488,40): warning C4996:         [ [E:\C++\FlutterReflect\build\_deps\spdlog-build\spdlog.vcxproj]
C:\Program Files\Microsoft Visual Studio\2022\Community\VC\Tools\MSVC\14.38.33130\include\__msvc_iter_core.hpp(488,40): warning C4996:             T=char [E:\C++\FlutterReflect\build\_deps\spdlog-build\spdlog.vcxproj]
C:\Program Files\Microsoft Visual Studio\2022\Community\VC\Tools\MSVC\14.38.33130\include\__msvc_iter_core.hpp(488,40): warning C4996:         ] [E:\C++\FlutterReflect\build\_deps\spdlog-build\spdlog.vcxproj]
  (compiling source file '../spdlog-src/src/stdout_sinks.cpp')
      C:\Program Files\Microsoft Visual Studio\2022\Community\VC\Tools\MSVC\14.38.33130\include\iterator(1470,58):
      see declaration of 'stdext::checked_array_iterator'
      C:\Program Files\Microsoft Visual Studio\2022\Community\VC\Tools\MSVC\14.38.33130\include\__msvc_iter_core.hpp(488,40):
      the template instantiation context (the oldest one first) is
          C:\Program Files\Microsoft Visual Studio\2022\Community\VC\Tools\MSVC\14.38.33130\include\xutility(1233,93):
          see reference to alias template instantiation 'std::_Iter_diff_t<_Iter>' being compiled
          with
          [
              _Iter=stdext::checked_array_iterator<char *>
          ]
          C:\Program Files\Microsoft Visual Studio\2022\Community\VC\Tools\MSVC\14.38.33130\include\xutility(1238,5):
          see reference to class template instantiation 'std::iterator_traits<_Iter>' being compiled
          with
          [
              _Iter=stdext::checked_array_iterator<char *>
          ]
          C:\Program Files\Microsoft Visual Studio\2022\Community\VC\Tools\MSVC\14.38.33130\include\__msvc_iter_core.hpp(508,26):
          see reference to class template instantiation 'std::_Iterator_traits_base<_Iter,void>' being compiled
          with
          [
              _Iter=stdext::checked_array_iterator<char *>
          ]
  
C:\Program Files\Microsoft Visual Studio\2022\Community\VC\Tools\MSVC\14.38.33130\include\__msvc_iter_core.hpp(488,31): warning C4996: 'stdext::checked_array_iterator<T *>::iterator_category': warning STL4043: stdext::checked_array_iterator, stdext::unchecked_array_iterator, and related factory functions are non-Standard extensions and will be removed in the future. std::span (since C++20) and gsl::span can be used instead. You can define _SILENCE_STDEXT_ARR_ITERS_DEPRECATION_WARNING or _SILENCE_ALL_MS_EXT_DEPRECATION_WARNINGS to suppress this warning. [E:\C++\FlutterReflect\build\_deps\spdlog-build\spdlog.vcxproj]
C:\Program Files\Microsoft Visual Studio\2022\Community\VC\Tools\MSVC\14.38.33130\include\__msvc_iter_core.hpp(488,31): warning C4996:         with [E:\C++\FlutterReflect\build\_deps\spdlog-build\spdlog.vcxproj]
C:\Program Files\Microsoft Visual Studio\2022\Community\VC\Tools\MSVC\14.38.33130\include\__msvc_iter_core.hpp(488,31): warning C4996:         [ [E:\C++\FlutterReflect\build\_deps\spdlog-build\spdlog.vcxproj]
C:\Program Files\Microsoft Visual Studio\2022\Community\VC\Tools\MSVC\14.38.33130\include\__msvc_iter_core.hpp(488,31): warning C4996:             T=char [E:\C++\FlutterReflect\build\_deps\spdlog-build\spdlog.vcxproj]
C:\Program Files\Microsoft Visual Studio\2022\Community\VC\Tools\MSVC\14.38.33130\include\__msvc_iter_core.hpp(488,31): warning C4996:         ] [E:\C++\FlutterReflect\build\_deps\spdlog-build\spdlog.vcxproj]
  (compiling source file '../spdlog-src/src/stdout_sinks.cpp')
  
C:\Program Files\Microsoft Visual Studio\2022\Community\VC\Tools\MSVC\14.38.33130\include\__msvc_iter_core.hpp(489,40): warning C4996: 'stdext::checked_array_iterator<T *>': warning STL4043: stdext::checked_array_iterator, stdext::unchecked_array_iterator, and related factory functions are non-Standard extensions and will be removed in the future. std::span (since C++20) and gsl::span can be used instead. You can define _SILENCE_STDEXT_ARR_ITERS_DEPRECATION_WARNING or _SILENCE_ALL_MS_EXT_DEPRECATION_WARNINGS to suppress this warning. [E:\C++\FlutterReflect\build\_deps\spdlog-build\spdlog.vcxproj]
C:\Program Files\Microsoft Visual Studio\2022\Community\VC\Tools\MSVC\14.38.33130\include\__msvc_iter_core.hpp(489,40): warning C4996:         with [E:\C++\FlutterReflect\build\_deps\spdlog-build\spdlog.vcxproj]
C:\Program Files\Microsoft Visual Studio\2022\Community\VC\Tools\MSVC\14.38.33130\include\__msvc_iter_core.hpp(489,40): warning C4996:         [ [E:\C++\FlutterReflect\build\_deps\spdlog-build\spdlog.vcxproj]
C:\Program Files\Microsoft Visual Studio\2022\Community\VC\Tools\MSVC\14.38.33130\include\__msvc_iter_core.hpp(489,40): warning C4996:             T=char [E:\C++\FlutterReflect\build\_deps\spdlog-build\spdlog.vcxproj]
C:\Program Files\Microsoft Visual Studio\2022\Community\VC\Tools\MSVC\14.38.33130\include\__msvc_iter_core.hpp(489,40): warning C4996:         ] [E:\C++\FlutterReflect\build\_deps\spdlog-build\spdlog.vcxproj]
  (compiling source file '../spdlog-src/src/stdout_sinks.cpp')
      C:\Program Files\Microsoft Visual Studio\2022\Community\VC\Tools\MSVC\14.38.33130\include\iterator(1470,58):
      see declaration of 'stdext::checked_array_iterator'
  
C:\Program Files\Microsoft Visual Studio\2022\Community\VC\Tools\MSVC\14.38.33130\include\__msvc_iter_core.hpp(489,31): warning C4996: 'stdext::checked_array_iterator<T *>::value_type': warning STL4043: stdext::checked_array_iterator, stdext::unchecked_array_iterator, and related factory functions are non-Standard extensions and will be removed in the future. std::span (since C++20) and gsl::span can be used instead. You can define _SILENCE_STDEXT_ARR_ITERS_DEPRECATION_WARNING or _SILENCE_ALL_MS_EXT_DEPRECATION_WARNINGS to suppress this warning. [E:\C++\FlutterReflect\build\_deps\spdlog-build\spdlog.vcxproj]
C:\Program Files\Microsoft Visual Studio\2022\Community\VC\Tools\MSVC\14.38.33130\include\__msvc_iter_core.hpp(489,31): warning C4996:         with [E:\C++\FlutterReflect\build\_deps\spdlog-build\spdlog.vcxproj]
C:\Program Files\Microsoft Visual Studio\2022\Community\VC\Tools\MSVC\14.38.33130\include\__msvc_iter_core.hpp(489,31): warning C4996:         [ [E:\C++\FlutterReflect\build\_deps\spdlog-build\spdlog.vcxproj]
C:\Program Files\Microsoft Visual Studio\2022\Community\VC\Tools\MSVC\14.38.33130\include\__msvc_iter_core.hpp(489,31): warning C4996:             T=char [E:\C++\FlutterReflect\build\_deps\spdlog-build\spdlog.vcxproj]
C:\Program Files\Microsoft Visual Studio\2022\Community\VC\Tools\MSVC\14.38.33130\include\__msvc_iter_core.hpp(489,31): warning C4996:         ] [E:\C++\FlutterReflect\build\_deps\spdlog-build\spdlog.vcxproj]
  (compiling source file '../spdlog-src/src/stdout_sinks.cpp')
  
C:\Program Files\Microsoft Visual Studio\2022\Community\VC\Tools\MSVC\14.38.33130\include\__msvc_iter_core.hpp(490,40): warning C4996: 'stdext::checked_array_iterator<T *>': warning STL4043: stdext::checked_array_iterator, stdext::unchecked_array_iterator, and related factory functions are non-Standard extensions and will be removed in the future. std::span (since C++20) and gsl::span can be used instead. You can define _SILENCE_STDEXT_ARR_ITERS_DEPRECATION_WARNING or _SILENCE_ALL_MS_EXT_DEPRECATION_WARNINGS to suppress this warning. [E:\C++\FlutterReflect\build\_deps\spdlog-build\spdlog.vcxproj]
C:\Program Files\Microsoft Visual Studio\2022\Community\VC\Tools\MSVC\14.38.33130\include\__msvc_iter_core.hpp(490,40): warning C4996:         with [E:\C++\FlutterReflect\build\_deps\spdlog-build\spdlog.vcxproj]
C:\Program Files\Microsoft Visual Studio\2022\Community\VC\Tools\MSVC\14.38.33130\include\__msvc_iter_core.hpp(490,40): warning C4996:         [ [E:\C++\FlutterReflect\build\_deps\spdlog-build\spdlog.vcxproj]
C:\Program Files\Microsoft Visual Studio\2022\Community\VC\Tools\MSVC\14.38.33130\include\__msvc_iter_core.hpp(490,40): warning C4996:             T=char [E:\C++\FlutterReflect\build\_deps\spdlog-build\spdlog.vcxproj]
C:\Program Files\Microsoft Visual Studio\2022\Community\VC\Tools\MSVC\14.38.33130\include\__msvc_iter_core.hpp(490,40): warning C4996:         ] [E:\C++\FlutterReflect\build\_deps\spdlog-build\spdlog.vcxproj]
  (compiling source file '../spdlog-src/src/stdout_sinks.cpp')
      C:\Program Files\Microsoft Visual Studio\2022\Community\VC\Tools\MSVC\14.38.33130\include\iterator(1470,58):
      see declaration of 'stdext::checked_array_iterator'
  
C:\Program Files\Microsoft Visual Studio\2022\Community\VC\Tools\MSVC\14.38.33130\include\__msvc_iter_core.hpp(490,31): warning C4996: 'stdext::checked_array_iterator<T *>::difference_type': warning STL4043: stdext::checked_array_iterator, stdext::unchecked_array_iterator, and related factory functions are non-Standard extensions and will be removed in the future. std::span (since C++20) and gsl::span can be used instead. You can define _SILENCE_STDEXT_ARR_ITERS_DEPRECATION_WARNING or _SILENCE_ALL_MS_EXT_DEPRECATION_WARNINGS to suppress this warning. [E:\C++\FlutterReflect\build\_deps\spdlog-build\spdlog.vcxproj]
C:\Program Files\Microsoft Visual Studio\2022\Community\VC\Tools\MSVC\14.38.33130\include\__msvc_iter_core.hpp(490,31): warning C4996:         with [E:\C++\FlutterReflect\build\_deps\spdlog-build\spdlog.vcxproj]
C:\Program Files\Microsoft Visual Studio\2022\Community\VC\Tools\MSVC\14.38.33130\include\__msvc_iter_core.hpp(490,31): warning C4996:         [ [E:\C++\FlutterReflect\build\_deps\spdlog-build\spdlog.vcxproj]
C:\Program Files\Microsoft Visual Studio\2022\Community\VC\Tools\MSVC\14.38.33130\include\__msvc_iter_core.hpp(490,31): warning C4996:             T=char [E:\C++\FlutterReflect\build\_deps\spdlog-build\spdlog.vcxproj]
C:\Program Files\Microsoft Visual Studio\2022\Community\VC\Tools\MSVC\14.38.33130\include\__msvc_iter_core.hpp(490,31): warning C4996:         ] [E:\C++\FlutterReflect\build\_deps\spdlog-build\spdlog.vcxproj]
  (compiling source file '../spdlog-src/src/stdout_sinks.cpp')
  
C:\Program Files\Microsoft Visual Studio\2022\Community\VC\Tools\MSVC\14.38.33130\include\__msvc_iter_core.hpp(491,40): warning C4996: 'stdext::checked_array_iterator<T *>': warning STL4043: stdext::checked_array_iterator, stdext::unchecked_array_iterator, and related factory functions are non-Standard extensions and will be removed in the future. std::span (since C++20) and gsl::span can be used instead. You can define _SILENCE_STDEXT_ARR_ITERS_DEPRECATION_WARNING or _SILENCE_ALL_MS_EXT_DEPRECATION_WARNINGS to suppress this warning. [E:\C++\FlutterReflect\build\_deps\spdlog-build\spdlog.vcxproj]
C:\Program Files\Microsoft Visual Studio\2022\Community\VC\Tools\MSVC\14.38.33130\include\__msvc_iter_core.hpp(491,40): warning C4996:         with [E:\C++\FlutterReflect\build\_deps\spdlog-build\spdlog.vcxproj]
C:\Program Files\Microsoft Visual Studio\2022\Community\VC\Tools\MSVC\14.38.33130\include\__msvc_iter_core.hpp(491,40): warning C4996:         [ [E:\C++\FlutterReflect\build\_deps\spdlog-build\spdlog.vcxproj]
C:\Program Files\Microsoft Visual Studio\2022\Community\VC\Tools\MSVC\14.38.33130\include\__msvc_iter_core.hpp(491,40): warning C4996:             T=char [E:\C++\FlutterReflect\build\_deps\spdlog-build\spdlog.vcxproj]
C:\Program Files\Microsoft Visual Studio\2022\Community\VC\Tools\MSVC\14.38.33130\include\__msvc_iter_core.hpp(491,40): warning C4996:         ] [E:\C++\FlutterReflect\build\_deps\spdlog-build\spdlog.vcxproj]
  (compiling source file '../spdlog-src/src/stdout_sinks.cpp')
      C:\Program Files\Microsoft Visual Studio\2022\Community\VC\Tools\MSVC\14.38.33130\include\iterator(1470,58):
      see declaration of 'stdext::checked_array_iterator'
  
C:\Program Files\Microsoft Visual Studio\2022\Community\VC\Tools\MSVC\14.38.33130\include\__msvc_iter_core.hpp(491,31): warning C4996: 'stdext::checked_array_iterator<T *>::pointer': warning STL4043: stdext::checked_array_iterator, stdext::unchecked_array_iterator, and related factory functions are non-Standard extensions and will be removed in the future. std::span (since C++20) and gsl::span can be used instead. You can define _SILENCE_STDEXT_ARR_ITERS_DEPRECATION_WARNING or _SILENCE_ALL_MS_EXT_DEPRECATION_WARNINGS to suppress this warning. [E:\C++\FlutterReflect\build\_deps\spdlog-build\spdlog.vcxproj]
C:\Program Files\Microsoft Visual Studio\2022\Community\VC\Tools\MSVC\14.38.33130\include\__msvc_iter_core.hpp(491,31): warning C4996:         with [E:\C++\FlutterReflect\build\_deps\spdlog-build\spdlog.vcxproj]
C:\Program Files\Microsoft Visual Studio\2022\Community\VC\Tools\MSVC\14.38.33130\include\__msvc_iter_core.hpp(491,31): warning C4996:         [ [E:\C++\FlutterReflect\build\_deps\spdlog-build\spdlog.vcxproj]
C:\Program Files\Microsoft Visual Studio\2022\Community\VC\Tools\MSVC\14.38.33130\include\__msvc_iter_core.hpp(491,31): warning C4996:             T=char [E:\C++\FlutterReflect\build\_deps\spdlog-build\spdlog.vcxproj]
C:\Program Files\Microsoft Visual Studio\2022\Community\VC\Tools\MSVC\14.38.33130\include\__msvc_iter_core.hpp(491,31): warning C4996:         ] [E:\C++\FlutterReflect\build\_deps\spdlog-build\spdlog.vcxproj]
  (compiling source file '../spdlog-src/src/stdout_sinks.cpp')
  
C:\Program Files\Microsoft Visual Studio\2022\Community\VC\Tools\MSVC\14.38.33130\include\__msvc_iter_core.hpp(492,40): warning C4996: 'stdext::checked_array_iterator<T *>': warning STL4043: stdext::checked_array_iterator, stdext::unchecked_array_iterator, and related factory functions are non-Standard extensions and will be removed in the future. std::span (since C++20) and gsl::span can be used instead. You can define _SILENCE_STDEXT_ARR_ITERS_DEPRECATION_WARNING or _SILENCE_ALL_MS_EXT_DEPRECATION_WARNINGS to suppress this warning. [E:\C++\FlutterReflect\build\_deps\spdlog-build\spdlog.vcxproj]
C:\Program Files\Microsoft Visual Studio\2022\Community\VC\Tools\MSVC\14.38.33130\include\__msvc_iter_core.hpp(492,40): warning C4996:         with [E:\C++\FlutterReflect\build\_deps\spdlog-build\spdlog.vcxproj]
C:\Program Files\Microsoft Visual Studio\2022\Community\VC\Tools\MSVC\14.38.33130\include\__msvc_iter_core.hpp(492,40): warning C4996:         [ [E:\C++\FlutterReflect\build\_deps\spdlog-build\spdlog.vcxproj]
C:\Program Files\Microsoft Visual Studio\2022\Community\VC\Tools\MSVC\14.38.33130\include\__msvc_iter_core.hpp(492,40): warning C4996:             T=char [E:\C++\FlutterReflect\build\_deps\spdlog-build\spdlog.vcxproj]
C:\Program Files\Microsoft Visual Studio\2022\Community\VC\Tools\MSVC\14.38.33130\include\__msvc_iter_core.hpp(492,40): warning C4996:         ] [E:\C++\FlutterReflect\build\_deps\spdlog-build\spdlog.vcxproj]
  (compiling source file '../spdlog-src/src/stdout_sinks.cpp')
      C:\Program Files\Microsoft Visual Studio\2022\Community\VC\Tools\MSVC\14.38.33130\include\iterator(1470,58):
      see declaration of 'stdext::checked_array_iterator'
  
C:\Program Files\Microsoft Visual Studio\2022\Community\VC\Tools\MSVC\14.38.33130\include\__msvc_iter_core.hpp(492,31): warning C4996: 'stdext::checked_array_iterator<T *>::reference': warning STL4043: stdext::checked_array_iterator, stdext::unchecked_array_iterator, and related factory functions are non-Standard extensions and will be removed in the future. std::span (since C++20) and gsl::span can be used instead. You can define _SILENCE_STDEXT_ARR_ITERS_DEPRECATION_WARNING or _SILENCE_ALL_MS_EXT_DEPRECATION_WARNINGS to suppress this warning. [E:\C++\FlutterReflect\build\_deps\spdlog-build\spdlog.vcxproj]
C:\Program Files\Microsoft Visual Studio\2022\Community\VC\Tools\MSVC\14.38.33130\include\__msvc_iter_core.hpp(492,31): warning C4996:         with [E:\C++\FlutterReflect\build\_deps\spdlog-build\spdlog.vcxproj]
C:\Program Files\Microsoft Visual Studio\2022\Community\VC\Tools\MSVC\14.38.33130\include\__msvc_iter_core.hpp(492,31): warning C4996:         [ [E:\C++\FlutterReflect\build\_deps\spdlog-build\spdlog.vcxproj]
C:\Program Files\Microsoft Visual Studio\2022\Community\VC\Tools\MSVC\14.38.33130\include\__msvc_iter_core.hpp(492,31): warning C4996:             T=char [E:\C++\FlutterReflect\build\_deps\spdlog-build\spdlog.vcxproj]
C:\Program Files\Microsoft Visual Studio\2022\Community\VC\Tools\MSVC\14.38.33130\include\__msvc_iter_core.hpp(492,31): warning C4996:         ] [E:\C++\FlutterReflect\build\_deps\spdlog-build\spdlog.vcxproj]
  (compiling source file '../spdlog-src/src/stdout_sinks.cpp')
  
C:\Program Files\Microsoft Visual Studio\2022\Community\VC\Tools\MSVC\14.38.33130\include\xutility(1255,12): warning C4996: 'stdext::checked_array_iterator<T *>::_Verify_offset': warning STL4043: stdext::checked_array_iterator, stdext::unchecked_array_iterator, and related factory functions are non-Standard extensions and will be removed in the future. std::span (since C++20) and gsl::span can be used instead. You can define _SILENCE_STDEXT_ARR_ITERS_DEPRECATION_WARNING or _SILENCE_ALL_MS_EXT_DEPRECATION_WARNINGS to suppress this warning. [E:\C++\FlutterReflect\build\_deps\spdlog-build\spdlog.vcxproj]
C:\Program Files\Microsoft Visual Studio\2022\Community\VC\Tools\MSVC\14.38.33130\include\xutility(1255,12): warning C4996:         with [E:\C++\FlutterReflect\build\_deps\spdlog-build\spdlog.vcxproj]
C:\Program Files\Microsoft Visual Studio\2022\Community\VC\Tools\MSVC\14.38.33130\include\xutility(1255,12): warning C4996:         [ [E:\C++\FlutterReflect\build\_deps\spdlog-build\spdlog.vcxproj]
C:\Program Files\Microsoft Visual Studio\2022\Community\VC\Tools\MSVC\14.38.33130\include\xutility(1255,12): warning C4996:             T=char [E:\C++\FlutterReflect\build\_deps\spdlog-build\spdlog.vcxproj]
C:\Program Files\Microsoft Visual Studio\2022\Community\VC\Tools\MSVC\14.38.33130\include\xutility(1255,12): warning C4996:         ] [E:\C++\FlutterReflect\build\_deps\spdlog-build\spdlog.vcxproj]
  (compiling source file '../spdlog-src/src/stdout_sinks.cpp')
  
C:\Program Files\Microsoft Visual Studio\2022\Community\VC\Tools\MSVC\14.38.33130\include\xutility(1141,31): warning C4996: 'stdext::checked_array_iterator<T *>': warning STL4043: stdext::checked_array_iterator, stdext::unchecked_array_iterator, and related factory functions are non-Standard extensions and will be removed in the future. std::span (since C++20) and gsl::span can be used instead. You can define _SILENCE_STDEXT_ARR_ITERS_DEPRECATION_WARNING or _SILENCE_ALL_MS_EXT_DEPRECATION_WARNINGS to suppress this warning. [E:\C++\FlutterReflect\build\_deps\spdlog-build\spdlog.vcxproj]
C:\Program Files\Microsoft Visual Studio\2022\Community\VC\Tools\MSVC\14.38.33130\include\xutility(1141,31): warning C4996:         with [E:\C++\FlutterReflect\build\_deps\spdlog-build\spdlog.vcxproj]
C:\Program Files\Microsoft Visual Studio\2022\Community\VC\Tools\MSVC\14.38.33130\include\xutility(1141,31): warning C4996:         [ [E:\C++\FlutterReflect\build\_deps\spdlog-build\spdlog.vcxproj]
C:\Program Files\Microsoft Visual Studio\2022\Community\VC\Tools\MSVC\14.38.33130\include\xutility(1141,31): warning C4996:             T=char [E:\C++\FlutterReflect\build\_deps\spdlog-build\spdlog.vcxproj]
C:\Program Files\Microsoft Visual Studio\2022\Community\VC\Tools\MSVC\14.38.33130\include\xutility(1141,31): warning C4996:         ] [E:\C++\FlutterReflect\build\_deps\spdlog-build\spdlog.vcxproj]
  (compiling source file '../spdlog-src/src/color_sinks.cpp')
      C:\Program Files\Microsoft Visual Studio\2022\Community\VC\Tools\MSVC\14.38.33130\include\iterator(1470,58):
      see declaration of 'stdext::checked_array_iterator'
      C:\Program Files\Microsoft Visual Studio\2022\Community\VC\Tools\MSVC\14.38.33130\include\xutility(1141,31):
      the template instantiation context (the oldest one first) is
          E:\C++\FlutterReflect\build\_deps\spdlog-src\include\spdlog\common.h(351,34):
          see reference to class template instantiation 'fmt::v9::basic_memory_buffer<char,250,std::allocator<char>>' being compiled
          E:\C++\FlutterReflect\build\_deps\spdlog-src\include\spdlog\fmt\bundled\format.h(912,18):
          while compiling class template member function 'void fmt::v9::basic_memory_buffer<char,250,std::allocator<char>>::grow(size_t)'
          E:\C++\FlutterReflect\build\_deps\spdlog-src\include\spdlog\fmt\bundled\format.h(925,8):
          see reference to function template instantiation '_NoThrowFwdIt std::uninitialized_copy<T*,stdext::checked_array_iterator<T *>>(const _InIt,const _InIt,_NoThrowFwdIt)' being compiled
          with
          [
              _NoThrowFwdIt=stdext::checked_array_iterator<char *>,
              T=char,
              _InIt=char *
          ]
          C:\Program Files\Microsoft Visual Studio\2022\Community\VC\Tools\MSVC\14.38.33130\include\xmemory(1919,25):
          see reference to function template instantiation 'decltype(auto) std::_Get_unwrapped_n<_NoThrowFwdIt&,__int64>(_Iter,const _Diff)' being compiled
          with
          [
              _NoThrowFwdIt=stdext::checked_array_iterator<char *>,
              _Iter=stdext::checked_array_iterator<char *> &,
              _Diff=__int64
          ]
          C:\Program Files\Microsoft Visual Studio\2022\Community\VC\Tools\MSVC\14.38.33130\include\xutility(1244,26):
          see reference to variable template 'const bool _Unwrappable_for_offset_v<stdext::checked_array_iterator<char *> &>' being compiled
          C:\Program Files\Microsoft Visual Studio\2022\Community\VC\Tools\MSVC\14.38.33130\include\xutility(1238,5):
          see reference to variable template 'const bool _Unwrappable_v<stdext::checked_array_iterator<char *> &,void>' being compiled
          C:\Program Files\Microsoft Visual Studio\2022\Community\VC\Tools\MSVC\14.38.33130\include\xutility(1165,5):
          see reference to variable template 'const bool _Allow_inheriting_unwrap_v<stdext::checked_array_iterator<char *>,void>' being compiled
  
C:\Program Files\Microsoft Visual Studio\2022\Community\VC\Tools\MSVC\14.38.33130\include\xutility(1141,22): warning C4996: 'stdext::checked_array_iterator<T *>::_Prevent_inheriting_unwrap': warning STL4043: stdext::checked_array_iterator, stdext::unchecked_array_iterator, and related factory functions are non-Standard extensions and will be removed in the future. std::span (since C++20) and gsl::span can be used instead. You can define _SILENCE_STDEXT_ARR_ITERS_DEPRECATION_WARNING or _SILENCE_ALL_MS_EXT_DEPRECATION_WARNINGS to suppress this warning. [E:\C++\FlutterReflect\build\_deps\spdlog-build\spdlog.vcxproj]
C:\Program Files\Microsoft Visual Studio\2022\Community\VC\Tools\MSVC\14.38.33130\include\xutility(1141,22): warning C4996:         with [E:\C++\FlutterReflect\build\_deps\spdlog-build\spdlog.vcxproj]
C:\Program Files\Microsoft Visual Studio\2022\Community\VC\Tools\MSVC\14.38.33130\include\xutility(1141,22): warning C4996:         [ [E:\C++\FlutterReflect\build\_deps\spdlog-build\spdlog.vcxproj]
C:\Program Files\Microsoft Visual Studio\2022\Community\VC\Tools\MSVC\14.38.33130\include\xutility(1141,22): warning C4996:             T=char [E:\C++\FlutterReflect\build\_deps\spdlog-build\spdlog.vcxproj]
C:\Program Files\Microsoft Visual Studio\2022\Community\VC\Tools\MSVC\14.38.33130\include\xutility(1141,22): warning C4996:         ] [E:\C++\FlutterReflect\build\_deps\spdlog-build\spdlog.vcxproj]
  (compiling source file '../spdlog-src/src/color_sinks.cpp')
  
C:\Program Files\Microsoft Visual Studio\2022\Community\VC\Tools\MSVC\14.38.33130\include\xutility(1256,41): warning C4996: 'stdext::checked_array_iterator<T *>::_Unwrapped': warning STL4043: stdext::checked_array_iterator, stdext::unchecked_array_iterator, and related factory functions are non-Standard extensions and will be removed in the future. std::span (since C++20) and gsl::span can be used instead. You can define _SILENCE_STDEXT_ARR_ITERS_DEPRECATION_WARNING or _SILENCE_ALL_MS_EXT_DEPRECATION_WARNINGS to suppress this warning. [E:\C++\FlutterReflect\build\_deps\spdlog-build\spdlog.vcxproj]
C:\Program Files\Microsoft Visual Studio\2022\Community\VC\Tools\MSVC\14.38.33130\include\xutility(1256,41): warning C4996:         with [E:\C++\FlutterReflect\build\_deps\spdlog-build\spdlog.vcxproj]
C:\Program Files\Microsoft Visual Studio\2022\Community\VC\Tools\MSVC\14.38.33130\include\xutility(1256,41): warning C4996:         [ [E:\C++\FlutterReflect\build\_deps\spdlog-build\spdlog.vcxproj]
C:\Program Files\Microsoft Visual Studio\2022\Community\VC\Tools\MSVC\14.38.33130\include\xutility(1256,41): warning C4996:             T=char [E:\C++\FlutterReflect\build\_deps\spdlog-build\spdlog.vcxproj]
C:\Program Files\Microsoft Visual Studio\2022\Community\VC\Tools\MSVC\14.38.33130\include\xutility(1256,41): warning C4996:         ] [E:\C++\FlutterReflect\build\_deps\spdlog-build\spdlog.vcxproj]
  (compiling source file '../spdlog-src/src/stdout_sinks.cpp')
  
C:\Program Files\Microsoft Visual Studio\2022\Community\VC\Tools\MSVC\14.38.33130\include\__msvc_iter_core.hpp(488,40): warning C4996: 'stdext::checked_array_iterator<T *>': warning STL4043: stdext::checked_array_iterator, stdext::unchecked_array_iterator, and related factory functions are non-Standard extensions and will be removed in the future. std::span (since C++20) and gsl::span can be used instead. You can define _SILENCE_STDEXT_ARR_ITERS_DEPRECATION_WARNING or _SILENCE_ALL_MS_EXT_DEPRECATION_WARNINGS to suppress this warning. [E:\C++\FlutterReflect\build\_deps\spdlog-build\spdlog.vcxproj]
C:\Program Files\Microsoft Visual Studio\2022\Community\VC\Tools\MSVC\14.38.33130\include\__msvc_iter_core.hpp(488,40): warning C4996:         with [E:\C++\FlutterReflect\build\_deps\spdlog-build\spdlog.vcxproj]
C:\Program Files\Microsoft Visual Studio\2022\Community\VC\Tools\MSVC\14.38.33130\include\__msvc_iter_core.hpp(488,40): warning C4996:         [ [E:\C++\FlutterReflect\build\_deps\spdlog-build\spdlog.vcxproj]
C:\Program Files\Microsoft Visual Studio\2022\Community\VC\Tools\MSVC\14.38.33130\include\__msvc_iter_core.hpp(488,40): warning C4996:             T=char [E:\C++\FlutterReflect\build\_deps\spdlog-build\spdlog.vcxproj]
C:\Program Files\Microsoft Visual Studio\2022\Community\VC\Tools\MSVC\14.38.33130\include\__msvc_iter_core.hpp(488,40): warning C4996:         ] [E:\C++\FlutterReflect\build\_deps\spdlog-build\spdlog.vcxproj]
  (compiling source file '../spdlog-src/src/color_sinks.cpp')
      C:\Program Files\Microsoft Visual Studio\2022\Community\VC\Tools\MSVC\14.38.33130\include\iterator(1470,58):
      see declaration of 'stdext::checked_array_iterator'
      C:\Program Files\Microsoft Visual Studio\2022\Community\VC\Tools\MSVC\14.38.33130\include\__msvc_iter_core.hpp(488,40):
      the template instantiation context (the oldest one first) is
          C:\Program Files\Microsoft Visual Studio\2022\Community\VC\Tools\MSVC\14.38.33130\include\xutility(1233,93):
          see reference to alias template instantiation 'std::_Iter_diff_t<_Iter>' being compiled
          with
          [
              _Iter=stdext::checked_array_iterator<char *>
          ]
          C:\Program Files\Microsoft Visual Studio\2022\Community\VC\Tools\MSVC\14.38.33130\include\xutility(1238,5):
          see reference to class template instantiation 'std::iterator_traits<_Iter>' being compiled
          with
          [
              _Iter=stdext::checked_array_iterator<char *>
          ]
          C:\Program Files\Microsoft Visual Studio\2022\Community\VC\Tools\MSVC\14.38.33130\include\__msvc_iter_core.hpp(508,26):
          see reference to class template instantiation 'std::_Iterator_traits_base<_Iter,void>' being compiled
          with
          [
              _Iter=stdext::checked_array_iterator<char *>
          ]
  
C:\Program Files\Microsoft Visual Studio\2022\Community\VC\Tools\MSVC\14.38.33130\include\__msvc_iter_core.hpp(488,31): warning C4996: 'stdext::checked_array_iterator<T *>::iterator_category': warning STL4043: stdext::checked_array_iterator, stdext::unchecked_array_iterator, and related factory functions are non-Standard extensions and will be removed in the future. std::span (since C++20) and gsl::span can be used instead. You can define _SILENCE_STDEXT_ARR_ITERS_DEPRECATION_WARNING or _SILENCE_ALL_MS_EXT_DEPRECATION_WARNINGS to suppress this warning. [E:\C++\FlutterReflect\build\_deps\spdlog-build\spdlog.vcxproj]
C:\Program Files\Microsoft Visual Studio\2022\Community\VC\Tools\MSVC\14.38.33130\include\__msvc_iter_core.hpp(488,31): warning C4996:         with [E:\C++\FlutterReflect\build\_deps\spdlog-build\spdlog.vcxproj]
C:\Program Files\Microsoft Visual Studio\2022\Community\VC\Tools\MSVC\14.38.33130\include\__msvc_iter_core.hpp(488,31): warning C4996:         [ [E:\C++\FlutterReflect\build\_deps\spdlog-build\spdlog.vcxproj]
C:\Program Files\Microsoft Visual Studio\2022\Community\VC\Tools\MSVC\14.38.33130\include\__msvc_iter_core.hpp(488,31): warning C4996:             T=char [E:\C++\FlutterReflect\build\_deps\spdlog-build\spdlog.vcxproj]
C:\Program Files\Microsoft Visual Studio\2022\Community\VC\Tools\MSVC\14.38.33130\include\__msvc_iter_core.hpp(488,31): warning C4996:         ] [E:\C++\FlutterReflect\build\_deps\spdlog-build\spdlog.vcxproj]
  (compiling source file '../spdlog-src/src/color_sinks.cpp')
  
C:\Program Files\Microsoft Visual Studio\2022\Community\VC\Tools\MSVC\14.38.33130\include\__msvc_iter_core.hpp(489,40): warning C4996: 'stdext::checked_array_iterator<T *>': warning STL4043: stdext::checked_array_iterator, stdext::unchecked_array_iterator, and related factory functions are non-Standard extensions and will be removed in the future. std::span (since C++20) and gsl::span can be used instead. You can define _SILENCE_STDEXT_ARR_ITERS_DEPRECATION_WARNING or _SILENCE_ALL_MS_EXT_DEPRECATION_WARNINGS to suppress this warning. [E:\C++\FlutterReflect\build\_deps\spdlog-build\spdlog.vcxproj]
C:\Program Files\Microsoft Visual Studio\2022\Community\VC\Tools\MSVC\14.38.33130\include\__msvc_iter_core.hpp(489,40): warning C4996:         with [E:\C++\FlutterReflect\build\_deps\spdlog-build\spdlog.vcxproj]
C:\Program Files\Microsoft Visual Studio\2022\Community\VC\Tools\MSVC\14.38.33130\include\__msvc_iter_core.hpp(489,40): warning C4996:         [ [E:\C++\FlutterReflect\build\_deps\spdlog-build\spdlog.vcxproj]
C:\Program Files\Microsoft Visual Studio\2022\Community\VC\Tools\MSVC\14.38.33130\include\__msvc_iter_core.hpp(489,40): warning C4996:             T=char [E:\C++\FlutterReflect\build\_deps\spdlog-build\spdlog.vcxproj]
C:\Program Files\Microsoft Visual Studio\2022\Community\VC\Tools\MSVC\14.38.33130\include\__msvc_iter_core.hpp(489,40): warning C4996:         ] [E:\C++\FlutterReflect\build\_deps\spdlog-build\spdlog.vcxproj]
  (compiling source file '../spdlog-src/src/color_sinks.cpp')
      C:\Program Files\Microsoft Visual Studio\2022\Community\VC\Tools\MSVC\14.38.33130\include\iterator(1470,58):
      see declaration of 'stdext::checked_array_iterator'
  
C:\Program Files\Microsoft Visual Studio\2022\Community\VC\Tools\MSVC\14.38.33130\include\__msvc_iter_core.hpp(489,31): warning C4996: 'stdext::checked_array_iterator<T *>::value_type': warning STL4043: stdext::checked_array_iterator, stdext::unchecked_array_iterator, and related factory functions are non-Standard extensions and will be removed in the future. std::span (since C++20) and gsl::span can be used instead. You can define _SILENCE_STDEXT_ARR_ITERS_DEPRECATION_WARNING or _SILENCE_ALL_MS_EXT_DEPRECATION_WARNINGS to suppress this warning. [E:\C++\FlutterReflect\build\_deps\spdlog-build\spdlog.vcxproj]
C:\Program Files\Microsoft Visual Studio\2022\Community\VC\Tools\MSVC\14.38.33130\include\__msvc_iter_core.hpp(489,31): warning C4996:         with [E:\C++\FlutterReflect\build\_deps\spdlog-build\spdlog.vcxproj]
C:\Program Files\Microsoft Visual Studio\2022\Community\VC\Tools\MSVC\14.38.33130\include\__msvc_iter_core.hpp(489,31): warning C4996:         [ [E:\C++\FlutterReflect\build\_deps\spdlog-build\spdlog.vcxproj]
C:\Program Files\Microsoft Visual Studio\2022\Community\VC\Tools\MSVC\14.38.33130\include\__msvc_iter_core.hpp(489,31): warning C4996:             T=char [E:\C++\FlutterReflect\build\_deps\spdlog-build\spdlog.vcxproj]
C:\Program Files\Microsoft Visual Studio\2022\Community\VC\Tools\MSVC\14.38.33130\include\__msvc_iter_core.hpp(489,31): warning C4996:         ] [E:\C++\FlutterReflect\build\_deps\spdlog-build\spdlog.vcxproj]
  (compiling source file '../spdlog-src/src/color_sinks.cpp')
  
C:\Program Files\Microsoft Visual Studio\2022\Community\VC\Tools\MSVC\14.38.33130\include\__msvc_iter_core.hpp(490,40): warning C4996: 'stdext::checked_array_iterator<T *>': warning STL4043: stdext::checked_array_iterator, stdext::unchecked_array_iterator, and related factory functions are non-Standard extensions and will be removed in the future. std::span (since C++20) and gsl::span can be used instead. You can define _SILENCE_STDEXT_ARR_ITERS_DEPRECATION_WARNING or _SILENCE_ALL_MS_EXT_DEPRECATION_WARNINGS to suppress this warning. [E:\C++\FlutterReflect\build\_deps\spdlog-build\spdlog.vcxproj]
C:\Program Files\Microsoft Visual Studio\2022\Community\VC\Tools\MSVC\14.38.33130\include\__msvc_iter_core.hpp(490,40): warning C4996:         with [E:\C++\FlutterReflect\build\_deps\spdlog-build\spdlog.vcxproj]
C:\Program Files\Microsoft Visual Studio\2022\Community\VC\Tools\MSVC\14.38.33130\include\__msvc_iter_core.hpp(490,40): warning C4996:         [ [E:\C++\FlutterReflect\build\_deps\spdlog-build\spdlog.vcxproj]
C:\Program Files\Microsoft Visual Studio\2022\Community\VC\Tools\MSVC\14.38.33130\include\__msvc_iter_core.hpp(490,40): warning C4996:             T=char [E:\C++\FlutterReflect\build\_deps\spdlog-build\spdlog.vcxproj]
C:\Program Files\Microsoft Visual Studio\2022\Community\VC\Tools\MSVC\14.38.33130\include\__msvc_iter_core.hpp(490,40): warning C4996:         ] [E:\C++\FlutterReflect\build\_deps\spdlog-build\spdlog.vcxproj]
  (compiling source file '../spdlog-src/src/color_sinks.cpp')
      C:\Program Files\Microsoft Visual Studio\2022\Community\VC\Tools\MSVC\14.38.33130\include\iterator(1470,58):
      see declaration of 'stdext::checked_array_iterator'
  
C:\Program Files\Microsoft Visual Studio\2022\Community\VC\Tools\MSVC\14.38.33130\include\__msvc_iter_core.hpp(490,31): warning C4996: 'stdext::checked_array_iterator<T *>::difference_type': warning STL4043: stdext::checked_array_iterator, stdext::unchecked_array_iterator, and related factory functions are non-Standard extensions and will be removed in the future. std::span (since C++20) and gsl::span can be used instead. You can define _SILENCE_STDEXT_ARR_ITERS_DEPRECATION_WARNING or _SILENCE_ALL_MS_EXT_DEPRECATION_WARNINGS to suppress this warning. [E:\C++\FlutterReflect\build\_deps\spdlog-build\spdlog.vcxproj]
C:\Program Files\Microsoft Visual Studio\2022\Community\VC\Tools\MSVC\14.38.33130\include\__msvc_iter_core.hpp(490,31): warning C4996:         with [E:\C++\FlutterReflect\build\_deps\spdlog-build\spdlog.vcxproj]
C:\Program Files\Microsoft Visual Studio\2022\Community\VC\Tools\MSVC\14.38.33130\include\__msvc_iter_core.hpp(490,31): warning C4996:         [ [E:\C++\FlutterReflect\build\_deps\spdlog-build\spdlog.vcxproj]
C:\Program Files\Microsoft Visual Studio\2022\Community\VC\Tools\MSVC\14.38.33130\include\__msvc_iter_core.hpp(490,31): warning C4996:             T=char [E:\C++\FlutterReflect\build\_deps\spdlog-build\spdlog.vcxproj]
C:\Program Files\Microsoft Visual Studio\2022\Community\VC\Tools\MSVC\14.38.33130\include\__msvc_iter_core.hpp(490,31): warning C4996:         ] [E:\C++\FlutterReflect\build\_deps\spdlog-build\spdlog.vcxproj]
  (compiling source file '../spdlog-src/src/color_sinks.cpp')
  
C:\Program Files\Microsoft Visual Studio\2022\Community\VC\Tools\MSVC\14.38.33130\include\__msvc_iter_core.hpp(491,40): warning C4996: 'stdext::checked_array_iterator<T *>': warning STL4043: stdext::checked_array_iterator, stdext::unchecked_array_iterator, and related factory functions are non-Standard extensions and will be removed in the future. std::span (since C++20) and gsl::span can be used instead. You can define _SILENCE_STDEXT_ARR_ITERS_DEPRECATION_WARNING or _SILENCE_ALL_MS_EXT_DEPRECATION_WARNINGS to suppress this warning. [E:\C++\FlutterReflect\build\_deps\spdlog-build\spdlog.vcxproj]
C:\Program Files\Microsoft Visual Studio\2022\Community\VC\Tools\MSVC\14.38.33130\include\__msvc_iter_core.hpp(491,40): warning C4996:         with [E:\C++\FlutterReflect\build\_deps\spdlog-build\spdlog.vcxproj]
C:\Program Files\Microsoft Visual Studio\2022\Community\VC\Tools\MSVC\14.38.33130\include\__msvc_iter_core.hpp(491,40): warning C4996:         [ [E:\C++\FlutterReflect\build\_deps\spdlog-build\spdlog.vcxproj]
C:\Program Files\Microsoft Visual Studio\2022\Community\VC\Tools\MSVC\14.38.33130\include\__msvc_iter_core.hpp(491,40): warning C4996:             T=char [E:\C++\FlutterReflect\build\_deps\spdlog-build\spdlog.vcxproj]
C:\Program Files\Microsoft Visual Studio\2022\Community\VC\Tools\MSVC\14.38.33130\include\__msvc_iter_core.hpp(491,40): warning C4996:         ] [E:\C++\FlutterReflect\build\_deps\spdlog-build\spdlog.vcxproj]
  (compiling source file '../spdlog-src/src/color_sinks.cpp')
      C:\Program Files\Microsoft Visual Studio\2022\Community\VC\Tools\MSVC\14.38.33130\include\iterator(1470,58):
      see declaration of 'stdext::checked_array_iterator'
  
C:\Program Files\Microsoft Visual Studio\2022\Community\VC\Tools\MSVC\14.38.33130\include\__msvc_iter_core.hpp(491,31): warning C4996: 'stdext::checked_array_iterator<T *>::pointer': warning STL4043: stdext::checked_array_iterator, stdext::unchecked_array_iterator, and related factory functions are non-Standard extensions and will be removed in the future. std::span (since C++20) and gsl::span can be used instead. You can define _SILENCE_STDEXT_ARR_ITERS_DEPRECATION_WARNING or _SILENCE_ALL_MS_EXT_DEPRECATION_WARNINGS to suppress this warning. [E:\C++\FlutterReflect\build\_deps\spdlog-build\spdlog.vcxproj]
C:\Program Files\Microsoft Visual Studio\2022\Community\VC\Tools\MSVC\14.38.33130\include\__msvc_iter_core.hpp(491,31): warning C4996:         with [E:\C++\FlutterReflect\build\_deps\spdlog-build\spdlog.vcxproj]
C:\Program Files\Microsoft Visual Studio\2022\Community\VC\Tools\MSVC\14.38.33130\include\__msvc_iter_core.hpp(491,31): warning C4996:         [ [E:\C++\FlutterReflect\build\_deps\spdlog-build\spdlog.vcxproj]
C:\Program Files\Microsoft Visual Studio\2022\Community\VC\Tools\MSVC\14.38.33130\include\__msvc_iter_core.hpp(491,31): warning C4996:             T=char [E:\C++\FlutterReflect\build\_deps\spdlog-build\spdlog.vcxproj]
C:\Program Files\Microsoft Visual Studio\2022\Community\VC\Tools\MSVC\14.38.33130\include\__msvc_iter_core.hpp(491,31): warning C4996:         ] [E:\C++\FlutterReflect\build\_deps\spdlog-build\spdlog.vcxproj]
  (compiling source file '../spdlog-src/src/color_sinks.cpp')
  
C:\Program Files\Microsoft Visual Studio\2022\Community\VC\Tools\MSVC\14.38.33130\include\__msvc_iter_core.hpp(492,40): warning C4996: 'stdext::checked_array_iterator<T *>': warning STL4043: stdext::checked_array_iterator, stdext::unchecked_array_iterator, and related factory functions are non-Standard extensions and will be removed in the future. std::span (since C++20) and gsl::span can be used instead. You can define _SILENCE_STDEXT_ARR_ITERS_DEPRECATION_WARNING or _SILENCE_ALL_MS_EXT_DEPRECATION_WARNINGS to suppress this warning. [E:\C++\FlutterReflect\build\_deps\spdlog-build\spdlog.vcxproj]
C:\Program Files\Microsoft Visual Studio\2022\Community\VC\Tools\MSVC\14.38.33130\include\__msvc_iter_core.hpp(492,40): warning C4996:         with [E:\C++\FlutterReflect\build\_deps\spdlog-build\spdlog.vcxproj]
C:\Program Files\Microsoft Visual Studio\2022\Community\VC\Tools\MSVC\14.38.33130\include\__msvc_iter_core.hpp(492,40): warning C4996:         [ [E:\C++\FlutterReflect\build\_deps\spdlog-build\spdlog.vcxproj]
C:\Program Files\Microsoft Visual Studio\2022\Community\VC\Tools\MSVC\14.38.33130\include\__msvc_iter_core.hpp(492,40): warning C4996:             T=char [E:\C++\FlutterReflect\build\_deps\spdlog-build\spdlog.vcxproj]
C:\Program Files\Microsoft Visual Studio\2022\Community\VC\Tools\MSVC\14.38.33130\include\__msvc_iter_core.hpp(492,40): warning C4996:         ] [E:\C++\FlutterReflect\build\_deps\spdlog-build\spdlog.vcxproj]
  (compiling source file '../spdlog-src/src/color_sinks.cpp')
      C:\Program Files\Microsoft Visual Studio\2022\Community\VC\Tools\MSVC\14.38.33130\include\iterator(1470,58):
      see declaration of 'stdext::checked_array_iterator'
  
C:\Program Files\Microsoft Visual Studio\2022\Community\VC\Tools\MSVC\14.38.33130\include\__msvc_iter_core.hpp(492,31): warning C4996: 'stdext::checked_array_iterator<T *>::reference': warning STL4043: stdext::checked_array_iterator, stdext::unchecked_array_iterator, and related factory functions are non-Standard extensions and will be removed in the future. std::span (since C++20) and gsl::span can be used instead. You can define _SILENCE_STDEXT_ARR_ITERS_DEPRECATION_WARNING or _SILENCE_ALL_MS_EXT_DEPRECATION_WARNINGS to suppress this warning. [E:\C++\FlutterReflect\build\_deps\spdlog-build\spdlog.vcxproj]
C:\Program Files\Microsoft Visual Studio\2022\Community\VC\Tools\MSVC\14.38.33130\include\__msvc_iter_core.hpp(492,31): warning C4996:         with [E:\C++\FlutterReflect\build\_deps\spdlog-build\spdlog.vcxproj]
C:\Program Files\Microsoft Visual Studio\2022\Community\VC\Tools\MSVC\14.38.33130\include\__msvc_iter_core.hpp(492,31): warning C4996:         [ [E:\C++\FlutterReflect\build\_deps\spdlog-build\spdlog.vcxproj]
C:\Program Files\Microsoft Visual Studio\2022\Community\VC\Tools\MSVC\14.38.33130\include\__msvc_iter_core.hpp(492,31): warning C4996:             T=char [E:\C++\FlutterReflect\build\_deps\spdlog-build\spdlog.vcxproj]
C:\Program Files\Microsoft Visual Studio\2022\Community\VC\Tools\MSVC\14.38.33130\include\__msvc_iter_core.hpp(492,31): warning C4996:         ] [E:\C++\FlutterReflect\build\_deps\spdlog-build\spdlog.vcxproj]
  (compiling source file '../spdlog-src/src/color_sinks.cpp')
  
C:\Program Files\Microsoft Visual Studio\2022\Community\VC\Tools\MSVC\14.38.33130\include\xutility(1255,12): warning C4996: 'stdext::checked_array_iterator<T *>::_Verify_offset': warning STL4043: stdext::checked_array_iterator, stdext::unchecked_array_iterator, and related factory functions are non-Standard extensions and will be removed in the future. std::span (since C++20) and gsl::span can be used instead. You can define _SILENCE_STDEXT_ARR_ITERS_DEPRECATION_WARNING or _SILENCE_ALL_MS_EXT_DEPRECATION_WARNINGS to suppress this warning. [E:\C++\FlutterReflect\build\_deps\spdlog-build\spdlog.vcxproj]
C:\Program Files\Microsoft Visual Studio\2022\Community\VC\Tools\MSVC\14.38.33130\include\xutility(1255,12): warning C4996:         with [E:\C++\FlutterReflect\build\_deps\spdlog-build\spdlog.vcxproj]
C:\Program Files\Microsoft Visual Studio\2022\Community\VC\Tools\MSVC\14.38.33130\include\xutility(1255,12): warning C4996:         [ [E:\C++\FlutterReflect\build\_deps\spdlog-build\spdlog.vcxproj]
C:\Program Files\Microsoft Visual Studio\2022\Community\VC\Tools\MSVC\14.38.33130\include\xutility(1255,12): warning C4996:             T=char [E:\C++\FlutterReflect\build\_deps\spdlog-build\spdlog.vcxproj]
C:\Program Files\Microsoft Visual Studio\2022\Community\VC\Tools\MSVC\14.38.33130\include\xutility(1255,12): warning C4996:         ] [E:\C++\FlutterReflect\build\_deps\spdlog-build\spdlog.vcxproj]
  (compiling source file '../spdlog-src/src/color_sinks.cpp')
  
C:\Program Files\Microsoft Visual Studio\2022\Community\VC\Tools\MSVC\14.38.33130\include\xutility(1256,41): warning C4996: 'stdext::checked_array_iterator<T *>::_Unwrapped': warning STL4043: stdext::checked_array_iterator, stdext::unchecked_array_iterator, and related factory functions are non-Standard extensions and will be removed in the future. std::span (since C++20) and gsl::span can be used instead. You can define _SILENCE_STDEXT_ARR_ITERS_DEPRECATION_WARNING or _SILENCE_ALL_MS_EXT_DEPRECATION_WARNINGS to suppress this warning. [E:\C++\FlutterReflect\build\_deps\spdlog-build\spdlog.vcxproj]
C:\Program Files\Microsoft Visual Studio\2022\Community\VC\Tools\MSVC\14.38.33130\include\xutility(1256,41): warning C4996:         with [E:\C++\FlutterReflect\build\_deps\spdlog-build\spdlog.vcxproj]
C:\Program Files\Microsoft Visual Studio\2022\Community\VC\Tools\MSVC\14.38.33130\include\xutility(1256,41): warning C4996:         [ [E:\C++\FlutterReflect\build\_deps\spdlog-build\spdlog.vcxproj]
C:\Program Files\Microsoft Visual Studio\2022\Community\VC\Tools\MSVC\14.38.33130\include\xutility(1256,41): warning C4996:             T=char [E:\C++\FlutterReflect\build\_deps\spdlog-build\spdlog.vcxproj]
C:\Program Files\Microsoft Visual Studio\2022\Community\VC\Tools\MSVC\14.38.33130\include\xutility(1256,41): warning C4996:         ] [E:\C++\FlutterReflect\build\_deps\spdlog-build\spdlog.vcxproj]
  (compiling source file '../spdlog-src/src/color_sinks.cpp')
  
C:\Program Files\Microsoft Visual Studio\2022\Community\VC\Tools\MSVC\14.38.33130\include\xutility(1141,31): warning C4996: 'stdext::checked_array_iterator<T *>': warning STL4043: stdext::checked_array_iterator, stdext::unchecked_array_iterator, and related factory functions are non-Standard extensions and will be removed in the future. std::span (since C++20) and gsl::span can be used instead. You can define _SILENCE_STDEXT_ARR_ITERS_DEPRECATION_WARNING or _SILENCE_ALL_MS_EXT_DEPRECATION_WARNINGS to suppress this warning. [E:\C++\FlutterReflect\build\_deps\spdlog-build\spdlog.vcxproj]
C:\Program Files\Microsoft Visual Studio\2022\Community\VC\Tools\MSVC\14.38.33130\include\xutility(1141,31): warning C4996:         with [E:\C++\FlutterReflect\build\_deps\spdlog-build\spdlog.vcxproj]
C:\Program Files\Microsoft Visual Studio\2022\Community\VC\Tools\MSVC\14.38.33130\include\xutility(1141,31): warning C4996:         [ [E:\C++\FlutterReflect\build\_deps\spdlog-build\spdlog.vcxproj]
C:\Program Files\Microsoft Visual Studio\2022\Community\VC\Tools\MSVC\14.38.33130\include\xutility(1141,31): warning C4996:             T=fmt::v9::detail::bigint::bigit [E:\C++\FlutterReflect\build\_deps\spdlog-build\spdlog.vcxproj]
C:\Program Files\Microsoft Visual Studio\2022\Community\VC\Tools\MSVC\14.38.33130\include\xutility(1141,31): warning C4996:         ] [E:\C++\FlutterReflect\build\_deps\spdlog-build\spdlog.vcxproj]
  (compiling source file '../spdlog-src/src/spdlog.cpp')
      C:\Program Files\Microsoft Visual Studio\2022\Community\VC\Tools\MSVC\14.38.33130\include\iterator(1470,58):
      see declaration of 'stdext::checked_array_iterator'
      C:\Program Files\Microsoft Visual Studio\2022\Community\VC\Tools\MSVC\14.38.33130\include\xutility(1141,31):
      the template instantiation context (the oldest one first) is
          E:\C++\FlutterReflect\build\_deps\spdlog-src\include\spdlog\fmt\bundled\format.h(2807,10):
          see reference to function template instantiation '_OutIt std::copy<const T*,stdext::checked_array_iterator<T *>>(_InIt,_InIt,_OutIt)' being compiled
          with
          [
              _OutIt=stdext::checked_array_iterator<fmt::v9::detail::bigint::bigit *>,
              T=fmt::v9::detail::bigint::bigit,
              _InIt=const fmt::v9::detail::bigint::bigit *
          ]
          C:\Program Files\Microsoft Visual Studio\2022\Community\VC\Tools\MSVC\14.38.33130\include\xutility(4610,26):
          see reference to function template instantiation 'decltype(auto) std::_Get_unwrapped_n<_OutIt&,__int64>(_Iter,const _Diff)' being compiled
          with
          [
              _OutIt=stdext::checked_array_iterator<fmt::v9::detail::bigint::bigit *>,
              _Iter=stdext::checked_array_iterator<fmt::v9::detail::bigint::bigit *> &,
              _Diff=__int64
          ]
          C:\Program Files\Microsoft Visual Studio\2022\Community\VC\Tools\MSVC\14.38.33130\include\xutility(1244,26):
          see reference to variable template 'const bool _Unwrappable_for_offset_v<stdext::checked_array_iterator<unsigned int *> &>' being compiled
          C:\Program Files\Microsoft Visual Studio\2022\Community\VC\Tools\MSVC\14.38.33130\include\xutility(1238,5):
          see reference to variable template 'const bool _Unwrappable_v<stdext::checked_array_iterator<unsigned int *> &,void>' being compiled
          C:\Program Files\Microsoft Visual Studio\2022\Community\VC\Tools\MSVC\14.38.33130\include\xutility(1165,5):
          see reference to variable template 'const bool _Allow_inheriting_unwrap_v<stdext::checked_array_iterator<unsigned int *>,void>' being compiled
  
C:\Program Files\Microsoft Visual Studio\2022\Community\VC\Tools\MSVC\14.38.33130\include\xutility(1141,22): warning C4996: 'stdext::checked_array_iterator<T *>::_Prevent_inheriting_unwrap': warning STL4043: stdext::checked_array_iterator, stdext::unchecked_array_iterator, and related factory functions are non-Standard extensions and will be removed in the future. std::span (since C++20) and gsl::span can be used instead. You can define _SILENCE_STDEXT_ARR_ITERS_DEPRECATION_WARNING or _SILENCE_ALL_MS_EXT_DEPRECATION_WARNINGS to suppress this warning. [E:\C++\FlutterReflect\build\_deps\spdlog-build\spdlog.vcxproj]
C:\Program Files\Microsoft Visual Studio\2022\Community\VC\Tools\MSVC\14.38.33130\include\xutility(1141,22): warning C4996:         with [E:\C++\FlutterReflect\build\_deps\spdlog-build\spdlog.vcxproj]
C:\Program Files\Microsoft Visual Studio\2022\Community\VC\Tools\MSVC\14.38.33130\include\xutility(1141,22): warning C4996:         [ [E:\C++\FlutterReflect\build\_deps\spdlog-build\spdlog.vcxproj]
C:\Program Files\Microsoft Visual Studio\2022\Community\VC\Tools\MSVC\14.38.33130\include\xutility(1141,22): warning C4996:             T=fmt::v9::detail::bigint::bigit [E:\C++\FlutterReflect\build\_deps\spdlog-build\spdlog.vcxproj]
C:\Program Files\Microsoft Visual Studio\2022\Community\VC\Tools\MSVC\14.38.33130\include\xutility(1141,22): warning C4996:         ] [E:\C++\FlutterReflect\build\_deps\spdlog-build\spdlog.vcxproj]
  (compiling source file '../spdlog-src/src/spdlog.cpp')
  
C:\Program Files\Microsoft Visual Studio\2022\Community\VC\Tools\MSVC\14.38.33130\include\__msvc_iter_core.hpp(488,40): warning C4996: 'stdext::checked_array_iterator<T *>': warning STL4043: stdext::checked_array_iterator, stdext::unchecked_array_iterator, and related factory functions are non-Standard extensions and will be removed in the future. std::span (since C++20) and gsl::span can be used instead. You can define _SILENCE_STDEXT_ARR_ITERS_DEPRECATION_WARNING or _SILENCE_ALL_MS_EXT_DEPRECATION_WARNINGS to suppress this warning. [E:\C++\FlutterReflect\build\_deps\spdlog-build\spdlog.vcxproj]
C:\Program Files\Microsoft Visual Studio\2022\Community\VC\Tools\MSVC\14.38.33130\include\__msvc_iter_core.hpp(488,40): warning C4996:         with [E:\C++\FlutterReflect\build\_deps\spdlog-build\spdlog.vcxproj]
C:\Program Files\Microsoft Visual Studio\2022\Community\VC\Tools\MSVC\14.38.33130\include\__msvc_iter_core.hpp(488,40): warning C4996:         [ [E:\C++\FlutterReflect\build\_deps\spdlog-build\spdlog.vcxproj]
C:\Program Files\Microsoft Visual Studio\2022\Community\VC\Tools\MSVC\14.38.33130\include\__msvc_iter_core.hpp(488,40): warning C4996:             T=fmt::v9::detail::bigint::bigit [E:\C++\FlutterReflect\build\_deps\spdlog-build\spdlog.vcxproj]
C:\Program Files\Microsoft Visual Studio\2022\Community\VC\Tools\MSVC\14.38.33130\include\__msvc_iter_core.hpp(488,40): warning C4996:         ] [E:\C++\FlutterReflect\build\_deps\spdlog-build\spdlog.vcxproj]
  (compiling source file '../spdlog-src/src/spdlog.cpp')
      C:\Program Files\Microsoft Visual Studio\2022\Community\VC\Tools\MSVC\14.38.33130\include\iterator(1470,58):
      see declaration of 'stdext::checked_array_iterator'
      C:\Program Files\Microsoft Visual Studio\2022\Community\VC\Tools\MSVC\14.38.33130\include\__msvc_iter_core.hpp(488,40):
      the template instantiation context (the oldest one first) is
          C:\Program Files\Microsoft Visual Studio\2022\Community\VC\Tools\MSVC\14.38.33130\include\xutility(1233,93):
          see reference to alias template instantiation 'std::_Iter_diff_t<_Iter>' being compiled
          with
          [
              _Iter=stdext::checked_array_iterator<fmt::v9::detail::bigint::bigit *>
          ]
          C:\Program Files\Microsoft Visual Studio\2022\Community\VC\Tools\MSVC\14.38.33130\include\xutility(1238,5):
          see reference to class template instantiation 'std::iterator_traits<_Iter>' being compiled
          with
          [
              _Iter=stdext::checked_array_iterator<fmt::v9::detail::bigint::bigit *>
          ]
          C:\Program Files\Microsoft Visual Studio\2022\Community\VC\Tools\MSVC\14.38.33130\include\__msvc_iter_core.hpp(508,26):
          see reference to class template instantiation 'std::_Iterator_traits_base<_Iter,void>' being compiled
          with
          [
              _Iter=stdext::checked_array_iterator<fmt::v9::detail::bigint::bigit *>
          ]
  
C:\Program Files\Microsoft Visual Studio\2022\Community\VC\Tools\MSVC\14.38.33130\include\__msvc_iter_core.hpp(488,31): warning C4996: 'stdext::checked_array_iterator<T *>::iterator_category': warning STL4043: stdext::checked_array_iterator, stdext::unchecked_array_iterator, and related factory functions are non-Standard extensions and will be removed in the future. std::span (since C++20) and gsl::span can be used instead. You can define _SILENCE_STDEXT_ARR_ITERS_DEPRECATION_WARNING or _SILENCE_ALL_MS_EXT_DEPRECATION_WARNINGS to suppress this warning. [E:\C++\FlutterReflect\build\_deps\spdlog-build\spdlog.vcxproj]
C:\Program Files\Microsoft Visual Studio\2022\Community\VC\Tools\MSVC\14.38.33130\include\__msvc_iter_core.hpp(488,31): warning C4996:         with [E:\C++\FlutterReflect\build\_deps\spdlog-build\spdlog.vcxproj]
C:\Program Files\Microsoft Visual Studio\2022\Community\VC\Tools\MSVC\14.38.33130\include\__msvc_iter_core.hpp(488,31): warning C4996:         [ [E:\C++\FlutterReflect\build\_deps\spdlog-build\spdlog.vcxproj]
C:\Program Files\Microsoft Visual Studio\2022\Community\VC\Tools\MSVC\14.38.33130\include\__msvc_iter_core.hpp(488,31): warning C4996:             T=fmt::v9::detail::bigint::bigit [E:\C++\FlutterReflect\build\_deps\spdlog-build\spdlog.vcxproj]
C:\Program Files\Microsoft Visual Studio\2022\Community\VC\Tools\MSVC\14.38.33130\include\__msvc_iter_core.hpp(488,31): warning C4996:         ] [E:\C++\FlutterReflect\build\_deps\spdlog-build\spdlog.vcxproj]
  (compiling source file '../spdlog-src/src/spdlog.cpp')
  
C:\Program Files\Microsoft Visual Studio\2022\Community\VC\Tools\MSVC\14.38.33130\include\__msvc_iter_core.hpp(489,40): warning C4996: 'stdext::checked_array_iterator<T *>': warning STL4043: stdext::checked_array_iterator, stdext::unchecked_array_iterator, and related factory functions are non-Standard extensions and will be removed in the future. std::span (since C++20) and gsl::span can be used instead. You can define _SILENCE_STDEXT_ARR_ITERS_DEPRECATION_WARNING or _SILENCE_ALL_MS_EXT_DEPRECATION_WARNINGS to suppress this warning. [E:\C++\FlutterReflect\build\_deps\spdlog-build\spdlog.vcxproj]
C:\Program Files\Microsoft Visual Studio\2022\Community\VC\Tools\MSVC\14.38.33130\include\__msvc_iter_core.hpp(489,40): warning C4996:         with [E:\C++\FlutterReflect\build\_deps\spdlog-build\spdlog.vcxproj]
C:\Program Files\Microsoft Visual Studio\2022\Community\VC\Tools\MSVC\14.38.33130\include\__msvc_iter_core.hpp(489,40): warning C4996:         [ [E:\C++\FlutterReflect\build\_deps\spdlog-build\spdlog.vcxproj]
C:\Program Files\Microsoft Visual Studio\2022\Community\VC\Tools\MSVC\14.38.33130\include\__msvc_iter_core.hpp(489,40): warning C4996:             T=fmt::v9::detail::bigint::bigit [E:\C++\FlutterReflect\build\_deps\spdlog-build\spdlog.vcxproj]
C:\Program Files\Microsoft Visual Studio\2022\Community\VC\Tools\MSVC\14.38.33130\include\__msvc_iter_core.hpp(489,40): warning C4996:         ] [E:\C++\FlutterReflect\build\_deps\spdlog-build\spdlog.vcxproj]
  (compiling source file '../spdlog-src/src/spdlog.cpp')
      C:\Program Files\Microsoft Visual Studio\2022\Community\VC\Tools\MSVC\14.38.33130\include\iterator(1470,58):
      see declaration of 'stdext::checked_array_iterator'
  
C:\Program Files\Microsoft Visual Studio\2022\Community\VC\Tools\MSVC\14.38.33130\include\__msvc_iter_core.hpp(489,31): warning C4996: 'stdext::checked_array_iterator<T *>::value_type': warning STL4043: stdext::checked_array_iterator, stdext::unchecked_array_iterator, and related factory functions are non-Standard extensions and will be removed in the future. std::span (since C++20) and gsl::span can be used instead. You can define _SILENCE_STDEXT_ARR_ITERS_DEPRECATION_WARNING or _SILENCE_ALL_MS_EXT_DEPRECATION_WARNINGS to suppress this warning. [E:\C++\FlutterReflect\build\_deps\spdlog-build\spdlog.vcxproj]
C:\Program Files\Microsoft Visual Studio\2022\Community\VC\Tools\MSVC\14.38.33130\include\__msvc_iter_core.hpp(489,31): warning C4996:         with [E:\C++\FlutterReflect\build\_deps\spdlog-build\spdlog.vcxproj]
C:\Program Files\Microsoft Visual Studio\2022\Community\VC\Tools\MSVC\14.38.33130\include\__msvc_iter_core.hpp(489,31): warning C4996:         [ [E:\C++\FlutterReflect\build\_deps\spdlog-build\spdlog.vcxproj]
C:\Program Files\Microsoft Visual Studio\2022\Community\VC\Tools\MSVC\14.38.33130\include\__msvc_iter_core.hpp(489,31): warning C4996:             T=fmt::v9::detail::bigint::bigit [E:\C++\FlutterReflect\build\_deps\spdlog-build\spdlog.vcxproj]
C:\Program Files\Microsoft Visual Studio\2022\Community\VC\Tools\MSVC\14.38.33130\include\__msvc_iter_core.hpp(489,31): warning C4996:         ] [E:\C++\FlutterReflect\build\_deps\spdlog-build\spdlog.vcxproj]
  (compiling source file '../spdlog-src/src/spdlog.cpp')
  
C:\Program Files\Microsoft Visual Studio\2022\Community\VC\Tools\MSVC\14.38.33130\include\__msvc_iter_core.hpp(490,40): warning C4996: 'stdext::checked_array_iterator<T *>': warning STL4043: stdext::checked_array_iterator, stdext::unchecked_array_iterator, and related factory functions are non-Standard extensions and will be removed in the future. std::span (since C++20) and gsl::span can be used instead. You can define _SILENCE_STDEXT_ARR_ITERS_DEPRECATION_WARNING or _SILENCE_ALL_MS_EXT_DEPRECATION_WARNINGS to suppress this warning. [E:\C++\FlutterReflect\build\_deps\spdlog-build\spdlog.vcxproj]
C:\Program Files\Microsoft Visual Studio\2022\Community\VC\Tools\MSVC\14.38.33130\include\__msvc_iter_core.hpp(490,40): warning C4996:         with [E:\C++\FlutterReflect\build\_deps\spdlog-build\spdlog.vcxproj]
C:\Program Files\Microsoft Visual Studio\2022\Community\VC\Tools\MSVC\14.38.33130\include\__msvc_iter_core.hpp(490,40): warning C4996:         [ [E:\C++\FlutterReflect\build\_deps\spdlog-build\spdlog.vcxproj]
C:\Program Files\Microsoft Visual Studio\2022\Community\VC\Tools\MSVC\14.38.33130\include\__msvc_iter_core.hpp(490,40): warning C4996:             T=fmt::v9::detail::bigint::bigit [E:\C++\FlutterReflect\build\_deps\spdlog-build\spdlog.vcxproj]
C:\Program Files\Microsoft Visual Studio\2022\Community\VC\Tools\MSVC\14.38.33130\include\__msvc_iter_core.hpp(490,40): warning C4996:         ] [E:\C++\FlutterReflect\build\_deps\spdlog-build\spdlog.vcxproj]
  (compiling source file '../spdlog-src/src/spdlog.cpp')
      C:\Program Files\Microsoft Visual Studio\2022\Community\VC\Tools\MSVC\14.38.33130\include\iterator(1470,58):
      see declaration of 'stdext::checked_array_iterator'
  
C:\Program Files\Microsoft Visual Studio\2022\Community\VC\Tools\MSVC\14.38.33130\include\__msvc_iter_core.hpp(490,31): warning C4996: 'stdext::checked_array_iterator<T *>::difference_type': warning STL4043: stdext::checked_array_iterator, stdext::unchecked_array_iterator, and related factory functions are non-Standard extensions and will be removed in the future. std::span (since C++20) and gsl::span can be used instead. You can define _SILENCE_STDEXT_ARR_ITERS_DEPRECATION_WARNING or _SILENCE_ALL_MS_EXT_DEPRECATION_WARNINGS to suppress this warning. [E:\C++\FlutterReflect\build\_deps\spdlog-build\spdlog.vcxproj]
C:\Program Files\Microsoft Visual Studio\2022\Community\VC\Tools\MSVC\14.38.33130\include\__msvc_iter_core.hpp(490,31): warning C4996:         with [E:\C++\FlutterReflect\build\_deps\spdlog-build\spdlog.vcxproj]
C:\Program Files\Microsoft Visual Studio\2022\Community\VC\Tools\MSVC\14.38.33130\include\__msvc_iter_core.hpp(490,31): warning C4996:         [ [E:\C++\FlutterReflect\build\_deps\spdlog-build\spdlog.vcxproj]
C:\Program Files\Microsoft Visual Studio\2022\Community\VC\Tools\MSVC\14.38.33130\include\__msvc_iter_core.hpp(490,31): warning C4996:             T=fmt::v9::detail::bigint::bigit [E:\C++\FlutterReflect\build\_deps\spdlog-build\spdlog.vcxproj]
C:\Program Files\Microsoft Visual Studio\2022\Community\VC\Tools\MSVC\14.38.33130\include\__msvc_iter_core.hpp(490,31): warning C4996:         ] [E:\C++\FlutterReflect\build\_deps\spdlog-build\spdlog.vcxproj]
  (compiling source file '../spdlog-src/src/spdlog.cpp')
  
C:\Program Files\Microsoft Visual Studio\2022\Community\VC\Tools\MSVC\14.38.33130\include\__msvc_iter_core.hpp(491,40): warning C4996: 'stdext::checked_array_iterator<T *>': warning STL4043: stdext::checked_array_iterator, stdext::unchecked_array_iterator, and related factory functions are non-Standard extensions and will be removed in the future. std::span (since C++20) and gsl::span can be used instead. You can define _SILENCE_STDEXT_ARR_ITERS_DEPRECATION_WARNING or _SILENCE_ALL_MS_EXT_DEPRECATION_WARNINGS to suppress this warning. [E:\C++\FlutterReflect\build\_deps\spdlog-build\spdlog.vcxproj]
C:\Program Files\Microsoft Visual Studio\2022\Community\VC\Tools\MSVC\14.38.33130\include\__msvc_iter_core.hpp(491,40): warning C4996:         with [E:\C++\FlutterReflect\build\_deps\spdlog-build\spdlog.vcxproj]
C:\Program Files\Microsoft Visual Studio\2022\Community\VC\Tools\MSVC\14.38.33130\include\__msvc_iter_core.hpp(491,40): warning C4996:         [ [E:\C++\FlutterReflect\build\_deps\spdlog-build\spdlog.vcxproj]
C:\Program Files\Microsoft Visual Studio\2022\Community\VC\Tools\MSVC\14.38.33130\include\__msvc_iter_core.hpp(491,40): warning C4996:             T=fmt::v9::detail::bigint::bigit [E:\C++\FlutterReflect\build\_deps\spdlog-build\spdlog.vcxproj]
C:\Program Files\Microsoft Visual Studio\2022\Community\VC\Tools\MSVC\14.38.33130\include\__msvc_iter_core.hpp(491,40): warning C4996:         ] [E:\C++\FlutterReflect\build\_deps\spdlog-build\spdlog.vcxproj]
  (compiling source file '../spdlog-src/src/spdlog.cpp')
      C:\Program Files\Microsoft Visual Studio\2022\Community\VC\Tools\MSVC\14.38.33130\include\iterator(1470,58):
      see declaration of 'stdext::checked_array_iterator'
  
C:\Program Files\Microsoft Visual Studio\2022\Community\VC\Tools\MSVC\14.38.33130\include\__msvc_iter_core.hpp(491,31): warning C4996: 'stdext::checked_array_iterator<T *>::pointer': warning STL4043: stdext::checked_array_iterator, stdext::unchecked_array_iterator, and related factory functions are non-Standard extensions and will be removed in the future. std::span (since C++20) and gsl::span can be used instead. You can define _SILENCE_STDEXT_ARR_ITERS_DEPRECATION_WARNING or _SILENCE_ALL_MS_EXT_DEPRECATION_WARNINGS to suppress this warning. [E:\C++\FlutterReflect\build\_deps\spdlog-build\spdlog.vcxproj]
C:\Program Files\Microsoft Visual Studio\2022\Community\VC\Tools\MSVC\14.38.33130\include\__msvc_iter_core.hpp(491,31): warning C4996:         with [E:\C++\FlutterReflect\build\_deps\spdlog-build\spdlog.vcxproj]
C:\Program Files\Microsoft Visual Studio\2022\Community\VC\Tools\MSVC\14.38.33130\include\__msvc_iter_core.hpp(491,31): warning C4996:         [ [E:\C++\FlutterReflect\build\_deps\spdlog-build\spdlog.vcxproj]
C:\Program Files\Microsoft Visual Studio\2022\Community\VC\Tools\MSVC\14.38.33130\include\__msvc_iter_core.hpp(491,31): warning C4996:             T=fmt::v9::detail::bigint::bigit [E:\C++\FlutterReflect\build\_deps\spdlog-build\spdlog.vcxproj]
C:\Program Files\Microsoft Visual Studio\2022\Community\VC\Tools\MSVC\14.38.33130\include\__msvc_iter_core.hpp(491,31): warning C4996:         ] [E:\C++\FlutterReflect\build\_deps\spdlog-build\spdlog.vcxproj]
  (compiling source file '../spdlog-src/src/spdlog.cpp')
  
C:\Program Files\Microsoft Visual Studio\2022\Community\VC\Tools\MSVC\14.38.33130\include\__msvc_iter_core.hpp(492,40): warning C4996: 'stdext::checked_array_iterator<T *>': warning STL4043: stdext::checked_array_iterator, stdext::unchecked_array_iterator, and related factory functions are non-Standard extensions and will be removed in the future. std::span (since C++20) and gsl::span can be used instead. You can define _SILENCE_STDEXT_ARR_ITERS_DEPRECATION_WARNING or _SILENCE_ALL_MS_EXT_DEPRECATION_WARNINGS to suppress this warning. [E:\C++\FlutterReflect\build\_deps\spdlog-build\spdlog.vcxproj]
C:\Program Files\Microsoft Visual Studio\2022\Community\VC\Tools\MSVC\14.38.33130\include\__msvc_iter_core.hpp(492,40): warning C4996:         with [E:\C++\FlutterReflect\build\_deps\spdlog-build\spdlog.vcxproj]
C:\Program Files\Microsoft Visual Studio\2022\Community\VC\Tools\MSVC\14.38.33130\include\__msvc_iter_core.hpp(492,40): warning C4996:         [ [E:\C++\FlutterReflect\build\_deps\spdlog-build\spdlog.vcxproj]
C:\Program Files\Microsoft Visual Studio\2022\Community\VC\Tools\MSVC\14.38.33130\include\__msvc_iter_core.hpp(492,40): warning C4996:             T=fmt::v9::detail::bigint::bigit [E:\C++\FlutterReflect\build\_deps\spdlog-build\spdlog.vcxproj]
C:\Program Files\Microsoft Visual Studio\2022\Community\VC\Tools\MSVC\14.38.33130\include\__msvc_iter_core.hpp(492,40): warning C4996:         ] [E:\C++\FlutterReflect\build\_deps\spdlog-build\spdlog.vcxproj]
  (compiling source file '../spdlog-src/src/spdlog.cpp')
      C:\Program Files\Microsoft Visual Studio\2022\Community\VC\Tools\MSVC\14.38.33130\include\iterator(1470,58):
      see declaration of 'stdext::checked_array_iterator'
  
C:\Program Files\Microsoft Visual Studio\2022\Community\VC\Tools\MSVC\14.38.33130\include\__msvc_iter_core.hpp(492,31): warning C4996: 'stdext::checked_array_iterator<T *>::reference': warning STL4043: stdext::checked_array_iterator, stdext::unchecked_array_iterator, and related factory functions are non-Standard extensions and will be removed in the future. std::span (since C++20) and gsl::span can be used instead. You can define _SILENCE_STDEXT_ARR_ITERS_DEPRECATION_WARNING or _SILENCE_ALL_MS_EXT_DEPRECATION_WARNINGS to suppress this warning. [E:\C++\FlutterReflect\build\_deps\spdlog-build\spdlog.vcxproj]
C:\Program Files\Microsoft Visual Studio\2022\Community\VC\Tools\MSVC\14.38.33130\include\__msvc_iter_core.hpp(492,31): warning C4996:         with [E:\C++\FlutterReflect\build\_deps\spdlog-build\spdlog.vcxproj]
C:\Program Files\Microsoft Visual Studio\2022\Community\VC\Tools\MSVC\14.38.33130\include\__msvc_iter_core.hpp(492,31): warning C4996:         [ [E:\C++\FlutterReflect\build\_deps\spdlog-build\spdlog.vcxproj]
C:\Program Files\Microsoft Visual Studio\2022\Community\VC\Tools\MSVC\14.38.33130\include\__msvc_iter_core.hpp(492,31): warning C4996:             T=fmt::v9::detail::bigint::bigit [E:\C++\FlutterReflect\build\_deps\spdlog-build\spdlog.vcxproj]
C:\Program Files\Microsoft Visual Studio\2022\Community\VC\Tools\MSVC\14.38.33130\include\__msvc_iter_core.hpp(492,31): warning C4996:         ] [E:\C++\FlutterReflect\build\_deps\spdlog-build\spdlog.vcxproj]
  (compiling source file '../spdlog-src/src/spdlog.cpp')
  
C:\Program Files\Microsoft Visual Studio\2022\Community\VC\Tools\MSVC\14.38.33130\include\xutility(1255,12): warning C4996: 'stdext::checked_array_iterator<T *>::_Verify_offset': warning STL4043: stdext::checked_array_iterator, stdext::unchecked_array_iterator, and related factory functions are non-Standard extensions and will be removed in the future. std::span (since C++20) and gsl::span can be used instead. You can define _SILENCE_STDEXT_ARR_ITERS_DEPRECATION_WARNING or _SILENCE_ALL_MS_EXT_DEPRECATION_WARNINGS to suppress this warning. [E:\C++\FlutterReflect\build\_deps\spdlog-build\spdlog.vcxproj]
C:\Program Files\Microsoft Visual Studio\2022\Community\VC\Tools\MSVC\14.38.33130\include\xutility(1255,12): warning C4996:         with [E:\C++\FlutterReflect\build\_deps\spdlog-build\spdlog.vcxproj]
C:\Program Files\Microsoft Visual Studio\2022\Community\VC\Tools\MSVC\14.38.33130\include\xutility(1255,12): warning C4996:         [ [E:\C++\FlutterReflect\build\_deps\spdlog-build\spdlog.vcxproj]
C:\Program Files\Microsoft Visual Studio\2022\Community\VC\Tools\MSVC\14.38.33130\include\xutility(1255,12): warning C4996:             T=fmt::v9::detail::bigint::bigit [E:\C++\FlutterReflect\build\_deps\spdlog-build\spdlog.vcxproj]
C:\Program Files\Microsoft Visual Studio\2022\Community\VC\Tools\MSVC\14.38.33130\include\xutility(1255,12): warning C4996:         ] [E:\C++\FlutterReflect\build\_deps\spdlog-build\spdlog.vcxproj]
  (compiling source file '../spdlog-src/src/spdlog.cpp')
  
C:\Program Files\Microsoft Visual Studio\2022\Community\VC\Tools\MSVC\14.38.33130\include\xutility(1256,41): warning C4996: 'stdext::checked_array_iterator<T *>::_Unwrapped': warning STL4043: stdext::checked_array_iterator, stdext::unchecked_array_iterator, and related factory functions are non-Standard extensions and will be removed in the future. std::span (since C++20) and gsl::span can be used instead. You can define _SILENCE_STDEXT_ARR_ITERS_DEPRECATION_WARNING or _SILENCE_ALL_MS_EXT_DEPRECATION_WARNINGS to suppress this warning. [E:\C++\FlutterReflect\build\_deps\spdlog-build\spdlog.vcxproj]
C:\Program Files\Microsoft Visual Studio\2022\Community\VC\Tools\MSVC\14.38.33130\include\xutility(1256,41): warning C4996:         with [E:\C++\FlutterReflect\build\_deps\spdlog-build\spdlog.vcxproj]
C:\Program Files\Microsoft Visual Studio\2022\Community\VC\Tools\MSVC\14.38.33130\include\xutility(1256,41): warning C4996:         [ [E:\C++\FlutterReflect\build\_deps\spdlog-build\spdlog.vcxproj]
C:\Program Files\Microsoft Visual Studio\2022\Community\VC\Tools\MSVC\14.38.33130\include\xutility(1256,41): warning C4996:             T=fmt::v9::detail::bigint::bigit [E:\C++\FlutterReflect\build\_deps\spdlog-build\spdlog.vcxproj]
C:\Program Files\Microsoft Visual Studio\2022\Community\VC\Tools\MSVC\14.38.33130\include\xutility(1256,41): warning C4996:         ] [E:\C++\FlutterReflect\build\_deps\spdlog-build\spdlog.vcxproj]
  (compiling source file '../spdlog-src/src/spdlog.cpp')
  
C:\Program Files\Microsoft Visual Studio\2022\Community\VC\Tools\MSVC\14.38.33130\include\xutility(1277,12): warning C4996: 'stdext::checked_array_iterator<T *>::_Seek_to': warning STL4043: stdext::checked_array_iterator, stdext::unchecked_array_iterator, and related factory functions are non-Standard extensions and will be removed in the future. std::span (since C++20) and gsl::span can be used instead. You can define _SILENCE_STDEXT_ARR_ITERS_DEPRECATION_WARNING or _SILENCE_ALL_MS_EXT_DEPRECATION_WARNINGS to suppress this warning. [E:\C++\FlutterReflect\build\_deps\spdlog-build\spdlog.vcxproj]
C:\Program Files\Microsoft Visual Studio\2022\Community\VC\Tools\MSVC\14.38.33130\include\xutility(1277,12): warning C4996:         with [E:\C++\FlutterReflect\build\_deps\spdlog-build\spdlog.vcxproj]
C:\Program Files\Microsoft Visual Studio\2022\Community\VC\Tools\MSVC\14.38.33130\include\xutility(1277,12): warning C4996:         [ [E:\C++\FlutterReflect\build\_deps\spdlog-build\spdlog.vcxproj]
C:\Program Files\Microsoft Visual Studio\2022\Community\VC\Tools\MSVC\14.38.33130\include\xutility(1277,12): warning C4996:             T=wchar_t [E:\C++\FlutterReflect\build\_deps\spdlog-build\spdlog.vcxproj]
C:\Program Files\Microsoft Visual Studio\2022\Community\VC\Tools\MSVC\14.38.33130\include\xutility(1277,12): warning C4996:         ] [E:\C++\FlutterReflect\build\_deps\spdlog-build\spdlog.vcxproj]
  (compiling source file '../spdlog-src/src/color_sinks.cpp')
      C:\Program Files\Microsoft Visual Studio\2022\Community\VC\Tools\MSVC\14.38.33130\include\xutility(1277,12):
      the template instantiation context (the oldest one first) is
          E:\C++\FlutterReflect\build\_deps\spdlog-src\include\spdlog\fmt\bundled\format.h(925,8):
          see reference to function template instantiation '_NoThrowFwdIt std::uninitialized_copy<T*,stdext::checked_array_iterator<T *>>(const _InIt,const _InIt,_NoThrowFwdIt)' being compiled
          with
          [
              _NoThrowFwdIt=stdext::checked_array_iterator<wchar_t *>,
              T=wchar_t,
              _InIt=wchar_t *
          ]
          C:\Program Files\Microsoft Visual Studio\2022\Community\VC\Tools\MSVC\14.38.33130\include\xmemory(1920,5):
          see reference to function template instantiation 'void std::_Seek_wrapped<_NoThrowFwdIt,wchar_t*>(_Iter &,_UIter &&)' being compiled
          with
          [
              _NoThrowFwdIt=stdext::checked_array_iterator<wchar_t *>,
              _Iter=stdext::checked_array_iterator<wchar_t *>,
              _UIter=wchar_t *
          ]
  
C:\Program Files\Microsoft Visual Studio\2022\Community\VC\Tools\MSVC\14.38.33130\include\xutility(1277,12): warning C4996: 'stdext::checked_array_iterator<T *>::_Seek_to': warning STL4043: stdext::checked_array_iterator, stdext::unchecked_array_iterator, and related factory functions are non-Standard extensions and will be removed in the future. std::span (since C++20) and gsl::span can be used instead. You can define _SILENCE_STDEXT_ARR_ITERS_DEPRECATION_WARNING or _SILENCE_ALL_MS_EXT_DEPRECATION_WARNINGS to suppress this warning. [E:\C++\FlutterReflect\build\_deps\spdlog-build\spdlog.vcxproj]
C:\Program Files\Microsoft Visual Studio\2022\Community\VC\Tools\MSVC\14.38.33130\include\xutility(1277,12): warning C4996:         with [E:\C++\FlutterReflect\build\_deps\spdlog-build\spdlog.vcxproj]
C:\Program Files\Microsoft Visual Studio\2022\Community\VC\Tools\MSVC\14.38.33130\include\xutility(1277,12): warning C4996:         [ [E:\C++\FlutterReflect\build\_deps\spdlog-build\spdlog.vcxproj]
C:\Program Files\Microsoft Visual Studio\2022\Community\VC\Tools\MSVC\14.38.33130\include\xutility(1277,12): warning C4996:             T=wchar_t [E:\C++\FlutterReflect\build\_deps\spdlog-build\spdlog.vcxproj]
C:\Program Files\Microsoft Visual Studio\2022\Community\VC\Tools\MSVC\14.38.33130\include\xutility(1277,12): warning C4996:         ] [E:\C++\FlutterReflect\build\_deps\spdlog-build\spdlog.vcxproj]
  (compiling source file '../spdlog-src/src/stdout_sinks.cpp')
      C:\Program Files\Microsoft Visual Studio\2022\Community\VC\Tools\MSVC\14.38.33130\include\xutility(1277,12):
      the template instantiation context (the oldest one first) is
          E:\C++\FlutterReflect\build\_deps\spdlog-src\include\spdlog\fmt\bundled\format.h(925,8):
          see reference to function template instantiation '_NoThrowFwdIt std::uninitialized_copy<T*,stdext::checked_array_iterator<T *>>(const _InIt,const _InIt,_NoThrowFwdIt)' being compiled
          with
          [
              _NoThrowFwdIt=stdext::checked_array_iterator<wchar_t *>,
              T=wchar_t,
              _InIt=wchar_t *
          ]
          C:\Program Files\Microsoft Visual Studio\2022\Community\VC\Tools\MSVC\14.38.33130\include\xmemory(1920,5):
          see reference to function template instantiation 'void std::_Seek_wrapped<_NoThrowFwdIt,wchar_t*>(_Iter &,_UIter &&)' being compiled
          with
          [
              _NoThrowFwdIt=stdext::checked_array_iterator<wchar_t *>,
              _Iter=stdext::checked_array_iterator<wchar_t *>,
              _UIter=wchar_t *
          ]
  
C:\Program Files\Microsoft Visual Studio\2022\Community\VC\Tools\MSVC\14.38.33130\include\xutility(1141,31): warning C4996: 'stdext::checked_array_iterator<T *>': warning STL4043: stdext::checked_array_iterator, stdext::unchecked_array_iterator, and related factory functions are non-Standard extensions and will be removed in the future. std::span (since C++20) and gsl::span can be used instead. You can define _SILENCE_STDEXT_ARR_ITERS_DEPRECATION_WARNING or _SILENCE_ALL_MS_EXT_DEPRECATION_WARNINGS to suppress this warning. [E:\C++\FlutterReflect\build\_deps\spdlog-build\spdlog.vcxproj]
C:\Program Files\Microsoft Visual Studio\2022\Community\VC\Tools\MSVC\14.38.33130\include\xutility(1141,31): warning C4996:         with [E:\C++\FlutterReflect\build\_deps\spdlog-build\spdlog.vcxproj]
C:\Program Files\Microsoft Visual Studio\2022\Community\VC\Tools\MSVC\14.38.33130\include\xutility(1141,31): warning C4996:         [ [E:\C++\FlutterReflect\build\_deps\spdlog-build\spdlog.vcxproj]
C:\Program Files\Microsoft Visual Studio\2022\Community\VC\Tools\MSVC\14.38.33130\include\xutility(1141,31): warning C4996:             T=wchar_t [E:\C++\FlutterReflect\build\_deps\spdlog-build\spdlog.vcxproj]
C:\Program Files\Microsoft Visual Studio\2022\Community\VC\Tools\MSVC\14.38.33130\include\xutility(1141,31): warning C4996:         ] [E:\C++\FlutterReflect\build\_deps\spdlog-build\spdlog.vcxproj]
  (compiling source file '../spdlog-src/src/spdlog.cpp')
      C:\Program Files\Microsoft Visual Studio\2022\Community\VC\Tools\MSVC\14.38.33130\include\iterator(1470,58):
      see declaration of 'stdext::checked_array_iterator'
      C:\Program Files\Microsoft Visual Studio\2022\Community\VC\Tools\MSVC\14.38.33130\include\xutility(1141,31):
      the template instantiation context (the oldest one first) is
          E:\C++\FlutterReflect\build\_deps\spdlog-src\include\spdlog\fmt\bundled\format.h(1276,32):
          see reference to class template instantiation 'fmt::v9::basic_memory_buffer<wchar_t,500,std::allocator<wchar_t>>' being compiled
          E:\C++\FlutterReflect\build\_deps\spdlog-src\include\spdlog\fmt\bundled\format.h(912,18):
          while compiling class template member function 'void fmt::v9::basic_memory_buffer<wchar_t,500,std::allocator<wchar_t>>::grow(size_t)'
          E:\C++\FlutterReflect\build\_deps\spdlog-src\include\spdlog\fmt\bundled\format.h(925,8):
          see reference to function template instantiation '_NoThrowFwdIt std::uninitialized_copy<T*,stdext::checked_array_iterator<T *>>(const _InIt,const _InIt,_NoThrowFwdIt)' being compiled
          with
          [
              _NoThrowFwdIt=stdext::checked_array_iterator<wchar_t *>,
              T=wchar_t,
              _InIt=wchar_t *
          ]
          C:\Program Files\Microsoft Visual Studio\2022\Community\VC\Tools\MSVC\14.38.33130\include\xmemory(1919,25):
          see reference to function template instantiation 'decltype(auto) std::_Get_unwrapped_n<_NoThrowFwdIt&,__int64>(_Iter,const _Diff)' being compiled
          with
          [
              _NoThrowFwdIt=stdext::checked_array_iterator<wchar_t *>,
              _Iter=stdext::checked_array_iterator<wchar_t *> &,
              _Diff=__int64
          ]
          C:\Program Files\Microsoft Visual Studio\2022\Community\VC\Tools\MSVC\14.38.33130\include\xutility(1244,26):
          see reference to variable template 'const bool _Unwrappable_for_offset_v<stdext::checked_array_iterator<wchar_t *> &>' being compiled
          C:\Program Files\Microsoft Visual Studio\2022\Community\VC\Tools\MSVC\14.38.33130\include\xutility(1238,5):
          see reference to variable template 'const bool _Unwrappable_v<stdext::checked_array_iterator<wchar_t *> &,void>' being compiled
          C:\Program Files\Microsoft Visual Studio\2022\Community\VC\Tools\MSVC\14.38.33130\include\xutility(1165,5):
          see reference to variable template 'const bool _Allow_inheriting_unwrap_v<stdext::checked_array_iterator<wchar_t *>,void>' being compiled
  
C:\Program Files\Microsoft Visual Studio\2022\Community\VC\Tools\MSVC\14.38.33130\include\xutility(1141,22): warning C4996: 'stdext::checked_array_iterator<T *>::_Prevent_inheriting_unwrap': warning STL4043: stdext::checked_array_iterator, stdext::unchecked_array_iterator, and related factory functions are non-Standard extensions and will be removed in the future. std::span (since C++20) and gsl::span can be used instead. You can define _SILENCE_STDEXT_ARR_ITERS_DEPRECATION_WARNING or _SILENCE_ALL_MS_EXT_DEPRECATION_WARNINGS to suppress this warning. [E:\C++\FlutterReflect\build\_deps\spdlog-build\spdlog.vcxproj]
C:\Program Files\Microsoft Visual Studio\2022\Community\VC\Tools\MSVC\14.38.33130\include\xutility(1141,22): warning C4996:         with [E:\C++\FlutterReflect\build\_deps\spdlog-build\spdlog.vcxproj]
C:\Program Files\Microsoft Visual Studio\2022\Community\VC\Tools\MSVC\14.38.33130\include\xutility(1141,22): warning C4996:         [ [E:\C++\FlutterReflect\build\_deps\spdlog-build\spdlog.vcxproj]
C:\Program Files\Microsoft Visual Studio\2022\Community\VC\Tools\MSVC\14.38.33130\include\xutility(1141,22): warning C4996:             T=wchar_t [E:\C++\FlutterReflect\build\_deps\spdlog-build\spdlog.vcxproj]
C:\Program Files\Microsoft Visual Studio\2022\Community\VC\Tools\MSVC\14.38.33130\include\xutility(1141,22): warning C4996:         ] [E:\C++\FlutterReflect\build\_deps\spdlog-build\spdlog.vcxproj]
  (compiling source file '../spdlog-src/src/spdlog.cpp')
  
C:\Program Files\Microsoft Visual Studio\2022\Community\VC\Tools\MSVC\14.38.33130\include\__msvc_iter_core.hpp(488,40): warning C4996: 'stdext::checked_array_iterator<T *>': warning STL4043: stdext::checked_array_iterator, stdext::unchecked_array_iterator, and related factory functions are non-Standard extensions and will be removed in the future. std::span (since C++20) and gsl::span can be used instead. You can define _SILENCE_STDEXT_ARR_ITERS_DEPRECATION_WARNING or _SILENCE_ALL_MS_EXT_DEPRECATION_WARNINGS to suppress this warning. [E:\C++\FlutterReflect\build\_deps\spdlog-build\spdlog.vcxproj]
C:\Program Files\Microsoft Visual Studio\2022\Community\VC\Tools\MSVC\14.38.33130\include\__msvc_iter_core.hpp(488,40): warning C4996:         with [E:\C++\FlutterReflect\build\_deps\spdlog-build\spdlog.vcxproj]
C:\Program Files\Microsoft Visual Studio\2022\Community\VC\Tools\MSVC\14.38.33130\include\__msvc_iter_core.hpp(488,40): warning C4996:         [ [E:\C++\FlutterReflect\build\_deps\spdlog-build\spdlog.vcxproj]
C:\Program Files\Microsoft Visual Studio\2022\Community\VC\Tools\MSVC\14.38.33130\include\__msvc_iter_core.hpp(488,40): warning C4996:             T=wchar_t [E:\C++\FlutterReflect\build\_deps\spdlog-build\spdlog.vcxproj]
C:\Program Files\Microsoft Visual Studio\2022\Community\VC\Tools\MSVC\14.38.33130\include\__msvc_iter_core.hpp(488,40): warning C4996:         ] [E:\C++\FlutterReflect\build\_deps\spdlog-build\spdlog.vcxproj]
  (compiling source file '../spdlog-src/src/spdlog.cpp')
      C:\Program Files\Microsoft Visual Studio\2022\Community\VC\Tools\MSVC\14.38.33130\include\iterator(1470,58):
      see declaration of 'stdext::checked_array_iterator'
      C:\Program Files\Microsoft Visual Studio\2022\Community\VC\Tools\MSVC\14.38.33130\include\__msvc_iter_core.hpp(488,40):
      the template instantiation context (the oldest one first) is
          C:\Program Files\Microsoft Visual Studio\2022\Community\VC\Tools\MSVC\14.38.33130\include\xutility(1233,93):
          see reference to alias template instantiation 'std::_Iter_diff_t<_Iter>' being compiled
          with
          [
              _Iter=stdext::checked_array_iterator<wchar_t *>
          ]
          C:\Program Files\Microsoft Visual Studio\2022\Community\VC\Tools\MSVC\14.38.33130\include\xutility(1238,5):
          see reference to class template instantiation 'std::iterator_traits<_Iter>' being compiled
          with
          [
              _Iter=stdext::checked_array_iterator<wchar_t *>
          ]
          C:\Program Files\Microsoft Visual Studio\2022\Community\VC\Tools\MSVC\14.38.33130\include\__msvc_iter_core.hpp(508,26):
          see reference to class template instantiation 'std::_Iterator_traits_base<_Iter,void>' being compiled
          with
          [
              _Iter=stdext::checked_array_iterator<wchar_t *>
          ]
  
C:\Program Files\Microsoft Visual Studio\2022\Community\VC\Tools\MSVC\14.38.33130\include\__msvc_iter_core.hpp(488,31): warning C4996: 'stdext::checked_array_iterator<T *>::iterator_category': warning STL4043: stdext::checked_array_iterator, stdext::unchecked_array_iterator, and related factory functions are non-Standard extensions and will be removed in the future. std::span (since C++20) and gsl::span can be used instead. You can define _SILENCE_STDEXT_ARR_ITERS_DEPRECATION_WARNING or _SILENCE_ALL_MS_EXT_DEPRECATION_WARNINGS to suppress this warning. [E:\C++\FlutterReflect\build\_deps\spdlog-build\spdlog.vcxproj]
C:\Program Files\Microsoft Visual Studio\2022\Community\VC\Tools\MSVC\14.38.33130\include\__msvc_iter_core.hpp(488,31): warning C4996:         with [E:\C++\FlutterReflect\build\_deps\spdlog-build\spdlog.vcxproj]
C:\Program Files\Microsoft Visual Studio\2022\Community\VC\Tools\MSVC\14.38.33130\include\__msvc_iter_core.hpp(488,31): warning C4996:         [ [E:\C++\FlutterReflect\build\_deps\spdlog-build\spdlog.vcxproj]
C:\Program Files\Microsoft Visual Studio\2022\Community\VC\Tools\MSVC\14.38.33130\include\__msvc_iter_core.hpp(488,31): warning C4996:             T=wchar_t [E:\C++\FlutterReflect\build\_deps\spdlog-build\spdlog.vcxproj]
C:\Program Files\Microsoft Visual Studio\2022\Community\VC\Tools\MSVC\14.38.33130\include\__msvc_iter_core.hpp(488,31): warning C4996:         ] [E:\C++\FlutterReflect\build\_deps\spdlog-build\spdlog.vcxproj]
  (compiling source file '../spdlog-src/src/spdlog.cpp')
  
C:\Program Files\Microsoft Visual Studio\2022\Community\VC\Tools\MSVC\14.38.33130\include\__msvc_iter_core.hpp(489,40): warning C4996: 'stdext::checked_array_iterator<T *>': warning STL4043: stdext::checked_array_iterator, stdext::unchecked_array_iterator, and related factory functions are non-Standard extensions and will be removed in the future. std::span (since C++20) and gsl::span can be used instead. You can define _SILENCE_STDEXT_ARR_ITERS_DEPRECATION_WARNING or _SILENCE_ALL_MS_EXT_DEPRECATION_WARNINGS to suppress this warning. [E:\C++\FlutterReflect\build\_deps\spdlog-build\spdlog.vcxproj]
C:\Program Files\Microsoft Visual Studio\2022\Community\VC\Tools\MSVC\14.38.33130\include\__msvc_iter_core.hpp(489,40): warning C4996:         with [E:\C++\FlutterReflect\build\_deps\spdlog-build\spdlog.vcxproj]
C:\Program Files\Microsoft Visual Studio\2022\Community\VC\Tools\MSVC\14.38.33130\include\__msvc_iter_core.hpp(489,40): warning C4996:         [ [E:\C++\FlutterReflect\build\_deps\spdlog-build\spdlog.vcxproj]
C:\Program Files\Microsoft Visual Studio\2022\Community\VC\Tools\MSVC\14.38.33130\include\__msvc_iter_core.hpp(489,40): warning C4996:             T=wchar_t [E:\C++\FlutterReflect\build\_deps\spdlog-build\spdlog.vcxproj]
C:\Program Files\Microsoft Visual Studio\2022\Community\VC\Tools\MSVC\14.38.33130\include\__msvc_iter_core.hpp(489,40): warning C4996:         ] [E:\C++\FlutterReflect\build\_deps\spdlog-build\spdlog.vcxproj]
  (compiling source file '../spdlog-src/src/spdlog.cpp')
      C:\Program Files\Microsoft Visual Studio\2022\Community\VC\Tools\MSVC\14.38.33130\include\iterator(1470,58):
      see declaration of 'stdext::checked_array_iterator'
  
C:\Program Files\Microsoft Visual Studio\2022\Community\VC\Tools\MSVC\14.38.33130\include\__msvc_iter_core.hpp(489,31): warning C4996: 'stdext::checked_array_iterator<T *>::value_type': warning STL4043: stdext::checked_array_iterator, stdext::unchecked_array_iterator, and related factory functions are non-Standard extensions and will be removed in the future. std::span (since C++20) and gsl::span can be used instead. You can define _SILENCE_STDEXT_ARR_ITERS_DEPRECATION_WARNING or _SILENCE_ALL_MS_EXT_DEPRECATION_WARNINGS to suppress this warning. [E:\C++\FlutterReflect\build\_deps\spdlog-build\spdlog.vcxproj]
C:\Program Files\Microsoft Visual Studio\2022\Community\VC\Tools\MSVC\14.38.33130\include\__msvc_iter_core.hpp(489,31): warning C4996:         with [E:\C++\FlutterReflect\build\_deps\spdlog-build\spdlog.vcxproj]
C:\Program Files\Microsoft Visual Studio\2022\Community\VC\Tools\MSVC\14.38.33130\include\__msvc_iter_core.hpp(489,31): warning C4996:         [ [E:\C++\FlutterReflect\build\_deps\spdlog-build\spdlog.vcxproj]
C:\Program Files\Microsoft Visual Studio\2022\Community\VC\Tools\MSVC\14.38.33130\include\__msvc_iter_core.hpp(489,31): warning C4996:             T=wchar_t [E:\C++\FlutterReflect\build\_deps\spdlog-build\spdlog.vcxproj]
C:\Program Files\Microsoft Visual Studio\2022\Community\VC\Tools\MSVC\14.38.33130\include\__msvc_iter_core.hpp(489,31): warning C4996:         ] [E:\C++\FlutterReflect\build\_deps\spdlog-build\spdlog.vcxproj]
  (compiling source file '../spdlog-src/src/spdlog.cpp')
  
C:\Program Files\Microsoft Visual Studio\2022\Community\VC\Tools\MSVC\14.38.33130\include\__msvc_iter_core.hpp(490,40): warning C4996: 'stdext::checked_array_iterator<T *>': warning STL4043: stdext::checked_array_iterator, stdext::unchecked_array_iterator, and related factory functions are non-Standard extensions and will be removed in the future. std::span (since C++20) and gsl::span can be used instead. You can define _SILENCE_STDEXT_ARR_ITERS_DEPRECATION_WARNING or _SILENCE_ALL_MS_EXT_DEPRECATION_WARNINGS to suppress this warning. [E:\C++\FlutterReflect\build\_deps\spdlog-build\spdlog.vcxproj]
C:\Program Files\Microsoft Visual Studio\2022\Community\VC\Tools\MSVC\14.38.33130\include\__msvc_iter_core.hpp(490,40): warning C4996:         with [E:\C++\FlutterReflect\build\_deps\spdlog-build\spdlog.vcxproj]
C:\Program Files\Microsoft Visual Studio\2022\Community\VC\Tools\MSVC\14.38.33130\include\__msvc_iter_core.hpp(490,40): warning C4996:         [ [E:\C++\FlutterReflect\build\_deps\spdlog-build\spdlog.vcxproj]
C:\Program Files\Microsoft Visual Studio\2022\Community\VC\Tools\MSVC\14.38.33130\include\__msvc_iter_core.hpp(490,40): warning C4996:             T=wchar_t [E:\C++\FlutterReflect\build\_deps\spdlog-build\spdlog.vcxproj]
C:\Program Files\Microsoft Visual Studio\2022\Community\VC\Tools\MSVC\14.38.33130\include\__msvc_iter_core.hpp(490,40): warning C4996:         ] [E:\C++\FlutterReflect\build\_deps\spdlog-build\spdlog.vcxproj]
  (compiling source file '../spdlog-src/src/spdlog.cpp')
      C:\Program Files\Microsoft Visual Studio\2022\Community\VC\Tools\MSVC\14.38.33130\include\iterator(1470,58):
      see declaration of 'stdext::checked_array_iterator'
  
C:\Program Files\Microsoft Visual Studio\2022\Community\VC\Tools\MSVC\14.38.33130\include\__msvc_iter_core.hpp(490,31): warning C4996: 'stdext::checked_array_iterator<T *>::difference_type': warning STL4043: stdext::checked_array_iterator, stdext::unchecked_array_iterator, and related factory functions are non-Standard extensions and will be removed in the future. std::span (since C++20) and gsl::span can be used instead. You can define _SILENCE_STDEXT_ARR_ITERS_DEPRECATION_WARNING or _SILENCE_ALL_MS_EXT_DEPRECATION_WARNINGS to suppress this warning. [E:\C++\FlutterReflect\build\_deps\spdlog-build\spdlog.vcxproj]
C:\Program Files\Microsoft Visual Studio\2022\Community\VC\Tools\MSVC\14.38.33130\include\__msvc_iter_core.hpp(490,31): warning C4996:         with [E:\C++\FlutterReflect\build\_deps\spdlog-build\spdlog.vcxproj]
C:\Program Files\Microsoft Visual Studio\2022\Community\VC\Tools\MSVC\14.38.33130\include\__msvc_iter_core.hpp(490,31): warning C4996:         [ [E:\C++\FlutterReflect\build\_deps\spdlog-build\spdlog.vcxproj]
C:\Program Files\Microsoft Visual Studio\2022\Community\VC\Tools\MSVC\14.38.33130\include\__msvc_iter_core.hpp(490,31): warning C4996:             T=wchar_t [E:\C++\FlutterReflect\build\_deps\spdlog-build\spdlog.vcxproj]
C:\Program Files\Microsoft Visual Studio\2022\Community\VC\Tools\MSVC\14.38.33130\include\__msvc_iter_core.hpp(490,31): warning C4996:         ] [E:\C++\FlutterReflect\build\_deps\spdlog-build\spdlog.vcxproj]
  (compiling source file '../spdlog-src/src/spdlog.cpp')
  
C:\Program Files\Microsoft Visual Studio\2022\Community\VC\Tools\MSVC\14.38.33130\include\__msvc_iter_core.hpp(491,40): warning C4996: 'stdext::checked_array_iterator<T *>': warning STL4043: stdext::checked_array_iterator, stdext::unchecked_array_iterator, and related factory functions are non-Standard extensions and will be removed in the future. std::span (since C++20) and gsl::span can be used instead. You can define _SILENCE_STDEXT_ARR_ITERS_DEPRECATION_WARNING or _SILENCE_ALL_MS_EXT_DEPRECATION_WARNINGS to suppress this warning. [E:\C++\FlutterReflect\build\_deps\spdlog-build\spdlog.vcxproj]
C:\Program Files\Microsoft Visual Studio\2022\Community\VC\Tools\MSVC\14.38.33130\include\__msvc_iter_core.hpp(491,40): warning C4996:         with [E:\C++\FlutterReflect\build\_deps\spdlog-build\spdlog.vcxproj]
C:\Program Files\Microsoft Visual Studio\2022\Community\VC\Tools\MSVC\14.38.33130\include\__msvc_iter_core.hpp(491,40): warning C4996:         [ [E:\C++\FlutterReflect\build\_deps\spdlog-build\spdlog.vcxproj]
C:\Program Files\Microsoft Visual Studio\2022\Community\VC\Tools\MSVC\14.38.33130\include\__msvc_iter_core.hpp(491,40): warning C4996:             T=wchar_t [E:\C++\FlutterReflect\build\_deps\spdlog-build\spdlog.vcxproj]
C:\Program Files\Microsoft Visual Studio\2022\Community\VC\Tools\MSVC\14.38.33130\include\__msvc_iter_core.hpp(491,40): warning C4996:         ] [E:\C++\FlutterReflect\build\_deps\spdlog-build\spdlog.vcxproj]
  (compiling source file '../spdlog-src/src/spdlog.cpp')
      C:\Program Files\Microsoft Visual Studio\2022\Community\VC\Tools\MSVC\14.38.33130\include\iterator(1470,58):
      see declaration of 'stdext::checked_array_iterator'
  
C:\Program Files\Microsoft Visual Studio\2022\Community\VC\Tools\MSVC\14.38.33130\include\__msvc_iter_core.hpp(491,31): warning C4996: 'stdext::checked_array_iterator<T *>::pointer': warning STL4043: stdext::checked_array_iterator, stdext::unchecked_array_iterator, and related factory functions are non-Standard extensions and will be removed in the future. std::span (since C++20) and gsl::span can be used instead. You can define _SILENCE_STDEXT_ARR_ITERS_DEPRECATION_WARNING or _SILENCE_ALL_MS_EXT_DEPRECATION_WARNINGS to suppress this warning. [E:\C++\FlutterReflect\build\_deps\spdlog-build\spdlog.vcxproj]
C:\Program Files\Microsoft Visual Studio\2022\Community\VC\Tools\MSVC\14.38.33130\include\__msvc_iter_core.hpp(491,31): warning C4996:         with [E:\C++\FlutterReflect\build\_deps\spdlog-build\spdlog.vcxproj]
C:\Program Files\Microsoft Visual Studio\2022\Community\VC\Tools\MSVC\14.38.33130\include\__msvc_iter_core.hpp(491,31): warning C4996:         [ [E:\C++\FlutterReflect\build\_deps\spdlog-build\spdlog.vcxproj]
C:\Program Files\Microsoft Visual Studio\2022\Community\VC\Tools\MSVC\14.38.33130\include\__msvc_iter_core.hpp(491,31): warning C4996:             T=wchar_t [E:\C++\FlutterReflect\build\_deps\spdlog-build\spdlog.vcxproj]
C:\Program Files\Microsoft Visual Studio\2022\Community\VC\Tools\MSVC\14.38.33130\include\__msvc_iter_core.hpp(491,31): warning C4996:         ] [E:\C++\FlutterReflect\build\_deps\spdlog-build\spdlog.vcxproj]
  (compiling source file '../spdlog-src/src/spdlog.cpp')
  
C:\Program Files\Microsoft Visual Studio\2022\Community\VC\Tools\MSVC\14.38.33130\include\__msvc_iter_core.hpp(492,40): warning C4996: 'stdext::checked_array_iterator<T *>': warning STL4043: stdext::checked_array_iterator, stdext::unchecked_array_iterator, and related factory functions are non-Standard extensions and will be removed in the future. std::span (since C++20) and gsl::span can be used instead. You can define _SILENCE_STDEXT_ARR_ITERS_DEPRECATION_WARNING or _SILENCE_ALL_MS_EXT_DEPRECATION_WARNINGS to suppress this warning. [E:\C++\FlutterReflect\build\_deps\spdlog-build\spdlog.vcxproj]
C:\Program Files\Microsoft Visual Studio\2022\Community\VC\Tools\MSVC\14.38.33130\include\__msvc_iter_core.hpp(492,40): warning C4996:         with [E:\C++\FlutterReflect\build\_deps\spdlog-build\spdlog.vcxproj]
C:\Program Files\Microsoft Visual Studio\2022\Community\VC\Tools\MSVC\14.38.33130\include\__msvc_iter_core.hpp(492,40): warning C4996:         [ [E:\C++\FlutterReflect\build\_deps\spdlog-build\spdlog.vcxproj]
C:\Program Files\Microsoft Visual Studio\2022\Community\VC\Tools\MSVC\14.38.33130\include\__msvc_iter_core.hpp(492,40): warning C4996:             T=wchar_t [E:\C++\FlutterReflect\build\_deps\spdlog-build\spdlog.vcxproj]
C:\Program Files\Microsoft Visual Studio\2022\Community\VC\Tools\MSVC\14.38.33130\include\__msvc_iter_core.hpp(492,40): warning C4996:         ] [E:\C++\FlutterReflect\build\_deps\spdlog-build\spdlog.vcxproj]
  (compiling source file '../spdlog-src/src/spdlog.cpp')
      C:\Program Files\Microsoft Visual Studio\2022\Community\VC\Tools\MSVC\14.38.33130\include\iterator(1470,58):
      see declaration of 'stdext::checked_array_iterator'
  
C:\Program Files\Microsoft Visual Studio\2022\Community\VC\Tools\MSVC\14.38.33130\include\__msvc_iter_core.hpp(492,31): warning C4996: 'stdext::checked_array_iterator<T *>::reference': warning STL4043: stdext::checked_array_iterator, stdext::unchecked_array_iterator, and related factory functions are non-Standard extensions and will be removed in the future. std::span (since C++20) and gsl::span can be used instead. You can define _SILENCE_STDEXT_ARR_ITERS_DEPRECATION_WARNING or _SILENCE_ALL_MS_EXT_DEPRECATION_WARNINGS to suppress this warning. [E:\C++\FlutterReflect\build\_deps\spdlog-build\spdlog.vcxproj]
C:\Program Files\Microsoft Visual Studio\2022\Community\VC\Tools\MSVC\14.38.33130\include\__msvc_iter_core.hpp(492,31): warning C4996:         with [E:\C++\FlutterReflect\build\_deps\spdlog-build\spdlog.vcxproj]
C:\Program Files\Microsoft Visual Studio\2022\Community\VC\Tools\MSVC\14.38.33130\include\__msvc_iter_core.hpp(492,31): warning C4996:         [ [E:\C++\FlutterReflect\build\_deps\spdlog-build\spdlog.vcxproj]
C:\Program Files\Microsoft Visual Studio\2022\Community\VC\Tools\MSVC\14.38.33130\include\__msvc_iter_core.hpp(492,31): warning C4996:             T=wchar_t [E:\C++\FlutterReflect\build\_deps\spdlog-build\spdlog.vcxproj]
C:\Program Files\Microsoft Visual Studio\2022\Community\VC\Tools\MSVC\14.38.33130\include\__msvc_iter_core.hpp(492,31): warning C4996:         ] [E:\C++\FlutterReflect\build\_deps\spdlog-build\spdlog.vcxproj]
  (compiling source file '../spdlog-src/src/spdlog.cpp')
  
C:\Program Files\Microsoft Visual Studio\2022\Community\VC\Tools\MSVC\14.38.33130\include\xutility(1255,12): warning C4996: 'stdext::checked_array_iterator<T *>::_Verify_offset': warning STL4043: stdext::checked_array_iterator, stdext::unchecked_array_iterator, and related factory functions are non-Standard extensions and will be removed in the future. std::span (since C++20) and gsl::span can be used instead. You can define _SILENCE_STDEXT_ARR_ITERS_DEPRECATION_WARNING or _SILENCE_ALL_MS_EXT_DEPRECATION_WARNINGS to suppress this warning. [E:\C++\FlutterReflect\build\_deps\spdlog-build\spdlog.vcxproj]
C:\Program Files\Microsoft Visual Studio\2022\Community\VC\Tools\MSVC\14.38.33130\include\xutility(1255,12): warning C4996:         with [E:\C++\FlutterReflect\build\_deps\spdlog-build\spdlog.vcxproj]
C:\Program Files\Microsoft Visual Studio\2022\Community\VC\Tools\MSVC\14.38.33130\include\xutility(1255,12): warning C4996:         [ [E:\C++\FlutterReflect\build\_deps\spdlog-build\spdlog.vcxproj]
C:\Program Files\Microsoft Visual Studio\2022\Community\VC\Tools\MSVC\14.38.33130\include\xutility(1255,12): warning C4996:             T=wchar_t [E:\C++\FlutterReflect\build\_deps\spdlog-build\spdlog.vcxproj]
C:\Program Files\Microsoft Visual Studio\2022\Community\VC\Tools\MSVC\14.38.33130\include\xutility(1255,12): warning C4996:         ] [E:\C++\FlutterReflect\build\_deps\spdlog-build\spdlog.vcxproj]
  (compiling source file '../spdlog-src/src/spdlog.cpp')
  
C:\Program Files\Microsoft Visual Studio\2022\Community\VC\Tools\MSVC\14.38.33130\include\xutility(1256,41): warning C4996: 'stdext::checked_array_iterator<T *>::_Unwrapped': warning STL4043: stdext::checked_array_iterator, stdext::unchecked_array_iterator, and related factory functions are non-Standard extensions and will be removed in the future. std::span (since C++20) and gsl::span can be used instead. You can define _SILENCE_STDEXT_ARR_ITERS_DEPRECATION_WARNING or _SILENCE_ALL_MS_EXT_DEPRECATION_WARNINGS to suppress this warning. [E:\C++\FlutterReflect\build\_deps\spdlog-build\spdlog.vcxproj]
C:\Program Files\Microsoft Visual Studio\2022\Community\VC\Tools\MSVC\14.38.33130\include\xutility(1256,41): warning C4996:         with [E:\C++\FlutterReflect\build\_deps\spdlog-build\spdlog.vcxproj]
C:\Program Files\Microsoft Visual Studio\2022\Community\VC\Tools\MSVC\14.38.33130\include\xutility(1256,41): warning C4996:         [ [E:\C++\FlutterReflect\build\_deps\spdlog-build\spdlog.vcxproj]
C:\Program Files\Microsoft Visual Studio\2022\Community\VC\Tools\MSVC\14.38.33130\include\xutility(1256,41): warning C4996:             T=wchar_t [E:\C++\FlutterReflect\build\_deps\spdlog-build\spdlog.vcxproj]
C:\Program Files\Microsoft Visual Studio\2022\Community\VC\Tools\MSVC\14.38.33130\include\xutility(1256,41): warning C4996:         ] [E:\C++\FlutterReflect\build\_deps\spdlog-build\spdlog.vcxproj]
  (compiling source file '../spdlog-src/src/spdlog.cpp')
  
C:\Program Files\Microsoft Visual Studio\2022\Community\VC\Tools\MSVC\14.38.33130\include\xutility(1277,12): warning C4996: 'stdext::checked_array_iterator<T *>::_Seek_to': warning STL4043: stdext::checked_array_iterator, stdext::unchecked_array_iterator, and related factory functions are non-Standard extensions and will be removed in the future. std::span (since C++20) and gsl::span can be used instead. You can define _SILENCE_STDEXT_ARR_ITERS_DEPRECATION_WARNING or _SILENCE_ALL_MS_EXT_DEPRECATION_WARNINGS to suppress this warning. [E:\C++\FlutterReflect\build\_deps\spdlog-build\spdlog.vcxproj]
C:\Program Files\Microsoft Visual Studio\2022\Community\VC\Tools\MSVC\14.38.33130\include\xutility(1277,12): warning C4996:         with [E:\C++\FlutterReflect\build\_deps\spdlog-build\spdlog.vcxproj]
C:\Program Files\Microsoft Visual Studio\2022\Community\VC\Tools\MSVC\14.38.33130\include\xutility(1277,12): warning C4996:         [ [E:\C++\FlutterReflect\build\_deps\spdlog-build\spdlog.vcxproj]
C:\Program Files\Microsoft Visual Studio\2022\Community\VC\Tools\MSVC\14.38.33130\include\xutility(1277,12): warning C4996:             T=fmt::v9::detail::bigint::bigit [E:\C++\FlutterReflect\build\_deps\spdlog-build\spdlog.vcxproj]
C:\Program Files\Microsoft Visual Studio\2022\Community\VC\Tools\MSVC\14.38.33130\include\xutility(1277,12): warning C4996:         ] [E:\C++\FlutterReflect\build\_deps\spdlog-build\spdlog.vcxproj]
  (compiling source file '../spdlog-src/src/spdlog.cpp')
      C:\Program Files\Microsoft Visual Studio\2022\Community\VC\Tools\MSVC\14.38.33130\include\xutility(1277,12):
      the template instantiation context (the oldest one first) is
          E:\C++\FlutterReflect\build\_deps\spdlog-src\include\spdlog\fmt\bundled\format.h(2807,10):
          see reference to function template instantiation '_OutIt std::copy<const T*,stdext::checked_array_iterator<T *>>(_InIt,_InIt,_OutIt)' being compiled
          with
          [
              _OutIt=stdext::checked_array_iterator<fmt::v9::detail::bigint::bigit *>,
              T=fmt::v9::detail::bigint::bigit,
              _InIt=const fmt::v9::detail::bigint::bigit *
          ]
          C:\Program Files\Microsoft Visual Studio\2022\Community\VC\Tools\MSVC\14.38.33130\include\xutility(4611,5):
          see reference to function template instantiation 'void std::_Seek_wrapped<_OutIt,unsigned int*>(_Iter &,_UIter &&)' being compiled
          with
          [
              _OutIt=stdext::checked_array_iterator<fmt::v9::detail::bigint::bigit *>,
              _Iter=stdext::checked_array_iterator<fmt::v9::detail::bigint::bigit *>,
              _UIter=fmt::v9::detail::bigint::bigit *
          ]
  
C:\Program Files\Microsoft Visual Studio\2022\Community\VC\Tools\MSVC\14.38.33130\include\xutility(1141,31): warning C4996: 'stdext::checked_array_iterator<T *>': warning STL4043: stdext::checked_array_iterator, stdext::unchecked_array_iterator, and related factory functions are non-Standard extensions and will be removed in the future. std::span (since C++20) and gsl::span can be used instead. You can define _SILENCE_STDEXT_ARR_ITERS_DEPRECATION_WARNING or _SILENCE_ALL_MS_EXT_DEPRECATION_WARNINGS to suppress this warning. [E:\C++\FlutterReflect\build\_deps\spdlog-build\spdlog.vcxproj]
C:\Program Files\Microsoft Visual Studio\2022\Community\VC\Tools\MSVC\14.38.33130\include\xutility(1141,31): warning C4996:         with [E:\C++\FlutterReflect\build\_deps\spdlog-build\spdlog.vcxproj]
C:\Program Files\Microsoft Visual Studio\2022\Community\VC\Tools\MSVC\14.38.33130\include\xutility(1141,31): warning C4996:         [ [E:\C++\FlutterReflect\build\_deps\spdlog-build\spdlog.vcxproj]
C:\Program Files\Microsoft Visual Studio\2022\Community\VC\Tools\MSVC\14.38.33130\include\xutility(1141,31): warning C4996:             T=char [E:\C++\FlutterReflect\build\_deps\spdlog-build\spdlog.vcxproj]
C:\Program Files\Microsoft Visual Studio\2022\Community\VC\Tools\MSVC\14.38.33130\include\xutility(1141,31): warning C4996:         ] [E:\C++\FlutterReflect\build\_deps\spdlog-build\spdlog.vcxproj]
  (compiling source file '../spdlog-src/src/spdlog.cpp')
      C:\Program Files\Microsoft Visual Studio\2022\Community\VC\Tools\MSVC\14.38.33130\include\iterator(1470,58):
      see declaration of 'stdext::checked_array_iterator'
      C:\Program Files\Microsoft Visual Studio\2022\Community\VC\Tools\MSVC\14.38.33130\include\xutility(1141,31):
      the template instantiation context (the oldest one first) is
          E:\C++\FlutterReflect\build\_deps\spdlog-src\include\spdlog\common.h(351,34):
          see reference to class template instantiation 'fmt::v9::basic_memory_buffer<char,250,std::allocator<char>>' being compiled
          E:\C++\FlutterReflect\build\_deps\spdlog-src\include\spdlog\fmt\bundled\format.h(912,18):
          while compiling class template member function 'void fmt::v9::basic_memory_buffer<char,250,std::allocator<char>>::grow(size_t)'
          E:\C++\FlutterReflect\build\_deps\spdlog-src\include\spdlog\fmt\bundled\format.h(925,8):
          see reference to function template instantiation '_NoThrowFwdIt std::uninitialized_copy<T*,stdext::checked_array_iterator<T *>>(const _InIt,const _InIt,_NoThrowFwdIt)' being compiled
          with
          [
              _NoThrowFwdIt=stdext::checked_array_iterator<char *>,
              T=char,
              _InIt=char *
          ]
          C:\Program Files\Microsoft Visual Studio\2022\Community\VC\Tools\MSVC\14.38.33130\include\xmemory(1919,25):
          see reference to function template instantiation 'decltype(auto) std::_Get_unwrapped_n<_NoThrowFwdIt&,__int64>(_Iter,const _Diff)' being compiled
          with
          [
              _NoThrowFwdIt=stdext::checked_array_iterator<char *>,
              _Iter=stdext::checked_array_iterator<char *> &,
              _Diff=__int64
          ]
          C:\Program Files\Microsoft Visual Studio\2022\Community\VC\Tools\MSVC\14.38.33130\include\xutility(1244,26):
          see reference to variable template 'const bool _Unwrappable_for_offset_v<stdext::checked_array_iterator<char *> &>' being compiled
          C:\Program Files\Microsoft Visual Studio\2022\Community\VC\Tools\MSVC\14.38.33130\include\xutility(1238,5):
          see reference to variable template 'const bool _Unwrappable_v<stdext::checked_array_iterator<char *> &,void>' being compiled
          C:\Program Files\Microsoft Visual Studio\2022\Community\VC\Tools\MSVC\14.38.33130\include\xutility(1165,5):
          see reference to variable template 'const bool _Allow_inheriting_unwrap_v<stdext::checked_array_iterator<char *>,void>' being compiled
  
C:\Program Files\Microsoft Visual Studio\2022\Community\VC\Tools\MSVC\14.38.33130\include\xutility(1141,22): warning C4996: 'stdext::checked_array_iterator<T *>::_Prevent_inheriting_unwrap': warning STL4043: stdext::checked_array_iterator, stdext::unchecked_array_iterator, and related factory functions are non-Standard extensions and will be removed in the future. std::span (since C++20) and gsl::span can be used instead. You can define _SILENCE_STDEXT_ARR_ITERS_DEPRECATION_WARNING or _SILENCE_ALL_MS_EXT_DEPRECATION_WARNINGS to suppress this warning. [E:\C++\FlutterReflect\build\_deps\spdlog-build\spdlog.vcxproj]
C:\Program Files\Microsoft Visual Studio\2022\Community\VC\Tools\MSVC\14.38.33130\include\xutility(1141,22): warning C4996:         with [E:\C++\FlutterReflect\build\_deps\spdlog-build\spdlog.vcxproj]
C:\Program Files\Microsoft Visual Studio\2022\Community\VC\Tools\MSVC\14.38.33130\include\xutility(1141,22): warning C4996:         [ [E:\C++\FlutterReflect\build\_deps\spdlog-build\spdlog.vcxproj]
C:\Program Files\Microsoft Visual Studio\2022\Community\VC\Tools\MSVC\14.38.33130\include\xutility(1141,22): warning C4996:             T=char [E:\C++\FlutterReflect\build\_deps\spdlog-build\spdlog.vcxproj]
C:\Program Files\Microsoft Visual Studio\2022\Community\VC\Tools\MSVC\14.38.33130\include\xutility(1141,22): warning C4996:         ] [E:\C++\FlutterReflect\build\_deps\spdlog-build\spdlog.vcxproj]
  (compiling source file '../spdlog-src/src/spdlog.cpp')
  
C:\Program Files\Microsoft Visual Studio\2022\Community\VC\Tools\MSVC\14.38.33130\include\__msvc_iter_core.hpp(488,40): warning C4996: 'stdext::checked_array_iterator<T *>': warning STL4043: stdext::checked_array_iterator, stdext::unchecked_array_iterator, and related factory functions are non-Standard extensions and will be removed in the future. std::span (since C++20) and gsl::span can be used instead. You can define _SILENCE_STDEXT_ARR_ITERS_DEPRECATION_WARNING or _SILENCE_ALL_MS_EXT_DEPRECATION_WARNINGS to suppress this warning. [E:\C++\FlutterReflect\build\_deps\spdlog-build\spdlog.vcxproj]
C:\Program Files\Microsoft Visual Studio\2022\Community\VC\Tools\MSVC\14.38.33130\include\__msvc_iter_core.hpp(488,40): warning C4996:         with [E:\C++\FlutterReflect\build\_deps\spdlog-build\spdlog.vcxproj]
C:\Program Files\Microsoft Visual Studio\2022\Community\VC\Tools\MSVC\14.38.33130\include\__msvc_iter_core.hpp(488,40): warning C4996:         [ [E:\C++\FlutterReflect\build\_deps\spdlog-build\spdlog.vcxproj]
C:\Program Files\Microsoft Visual Studio\2022\Community\VC\Tools\MSVC\14.38.33130\include\__msvc_iter_core.hpp(488,40): warning C4996:             T=char [E:\C++\FlutterReflect\build\_deps\spdlog-build\spdlog.vcxproj]
C:\Program Files\Microsoft Visual Studio\2022\Community\VC\Tools\MSVC\14.38.33130\include\__msvc_iter_core.hpp(488,40): warning C4996:         ] [E:\C++\FlutterReflect\build\_deps\spdlog-build\spdlog.vcxproj]
  (compiling source file '../spdlog-src/src/spdlog.cpp')
      C:\Program Files\Microsoft Visual Studio\2022\Community\VC\Tools\MSVC\14.38.33130\include\iterator(1470,58):
      see declaration of 'stdext::checked_array_iterator'
      C:\Program Files\Microsoft Visual Studio\2022\Community\VC\Tools\MSVC\14.38.33130\include\__msvc_iter_core.hpp(488,40):
      the template instantiation context (the oldest one first) is
          C:\Program Files\Microsoft Visual Studio\2022\Community\VC\Tools\MSVC\14.38.33130\include\xutility(1233,93):
          see reference to alias template instantiation 'std::_Iter_diff_t<_Iter>' being compiled
          with
          [
              _Iter=stdext::checked_array_iterator<char *>
          ]
          C:\Program Files\Microsoft Visual Studio\2022\Community\VC\Tools\MSVC\14.38.33130\include\xutility(1238,5):
          see reference to class template instantiation 'std::iterator_traits<_Iter>' being compiled
          with
          [
              _Iter=stdext::checked_array_iterator<char *>
          ]
          C:\Program Files\Microsoft Visual Studio\2022\Community\VC\Tools\MSVC\14.38.33130\include\__msvc_iter_core.hpp(508,26):
          see reference to class template instantiation 'std::_Iterator_traits_base<_Iter,void>' being compiled
          with
          [
              _Iter=stdext::checked_array_iterator<char *>
          ]
  
C:\Program Files\Microsoft Visual Studio\2022\Community\VC\Tools\MSVC\14.38.33130\include\__msvc_iter_core.hpp(488,31): warning C4996: 'stdext::checked_array_iterator<T *>::iterator_category': warning STL4043: stdext::checked_array_iterator, stdext::unchecked_array_iterator, and related factory functions are non-Standard extensions and will be removed in the future. std::span (since C++20) and gsl::span can be used instead. You can define _SILENCE_STDEXT_ARR_ITERS_DEPRECATION_WARNING or _SILENCE_ALL_MS_EXT_DEPRECATION_WARNINGS to suppress this warning. [E:\C++\FlutterReflect\build\_deps\spdlog-build\spdlog.vcxproj]
C:\Program Files\Microsoft Visual Studio\2022\Community\VC\Tools\MSVC\14.38.33130\include\__msvc_iter_core.hpp(488,31): warning C4996:         with [E:\C++\FlutterReflect\build\_deps\spdlog-build\spdlog.vcxproj]
C:\Program Files\Microsoft Visual Studio\2022\Community\VC\Tools\MSVC\14.38.33130\include\__msvc_iter_core.hpp(488,31): warning C4996:         [ [E:\C++\FlutterReflect\build\_deps\spdlog-build\spdlog.vcxproj]
C:\Program Files\Microsoft Visual Studio\2022\Community\VC\Tools\MSVC\14.38.33130\include\__msvc_iter_core.hpp(488,31): warning C4996:             T=char [E:\C++\FlutterReflect\build\_deps\spdlog-build\spdlog.vcxproj]
C:\Program Files\Microsoft Visual Studio\2022\Community\VC\Tools\MSVC\14.38.33130\include\__msvc_iter_core.hpp(488,31): warning C4996:         ] [E:\C++\FlutterReflect\build\_deps\spdlog-build\spdlog.vcxproj]
  (compiling source file '../spdlog-src/src/spdlog.cpp')
  
C:\Program Files\Microsoft Visual Studio\2022\Community\VC\Tools\MSVC\14.38.33130\include\__msvc_iter_core.hpp(489,40): warning C4996: 'stdext::checked_array_iterator<T *>': warning STL4043: stdext::checked_array_iterator, stdext::unchecked_array_iterator, and related factory functions are non-Standard extensions and will be removed in the future. std::span (since C++20) and gsl::span can be used instead. You can define _SILENCE_STDEXT_ARR_ITERS_DEPRECATION_WARNING or _SILENCE_ALL_MS_EXT_DEPRECATION_WARNINGS to suppress this warning. [E:\C++\FlutterReflect\build\_deps\spdlog-build\spdlog.vcxproj]
C:\Program Files\Microsoft Visual Studio\2022\Community\VC\Tools\MSVC\14.38.33130\include\__msvc_iter_core.hpp(489,40): warning C4996:         with [E:\C++\FlutterReflect\build\_deps\spdlog-build\spdlog.vcxproj]
C:\Program Files\Microsoft Visual Studio\2022\Community\VC\Tools\MSVC\14.38.33130\include\__msvc_iter_core.hpp(489,40): warning C4996:         [ [E:\C++\FlutterReflect\build\_deps\spdlog-build\spdlog.vcxproj]
C:\Program Files\Microsoft Visual Studio\2022\Community\VC\Tools\MSVC\14.38.33130\include\__msvc_iter_core.hpp(489,40): warning C4996:             T=char [E:\C++\FlutterReflect\build\_deps\spdlog-build\spdlog.vcxproj]
C:\Program Files\Microsoft Visual Studio\2022\Community\VC\Tools\MSVC\14.38.33130\include\__msvc_iter_core.hpp(489,40): warning C4996:         ] [E:\C++\FlutterReflect\build\_deps\spdlog-build\spdlog.vcxproj]
  (compiling source file '../spdlog-src/src/spdlog.cpp')
      C:\Program Files\Microsoft Visual Studio\2022\Community\VC\Tools\MSVC\14.38.33130\include\iterator(1470,58):
      see declaration of 'stdext::checked_array_iterator'
  
C:\Program Files\Microsoft Visual Studio\2022\Community\VC\Tools\MSVC\14.38.33130\include\__msvc_iter_core.hpp(489,31): warning C4996: 'stdext::checked_array_iterator<T *>::value_type': warning STL4043: stdext::checked_array_iterator, stdext::unchecked_array_iterator, and related factory functions are non-Standard extensions and will be removed in the future. std::span (since C++20) and gsl::span can be used instead. You can define _SILENCE_STDEXT_ARR_ITERS_DEPRECATION_WARNING or _SILENCE_ALL_MS_EXT_DEPRECATION_WARNINGS to suppress this warning. [E:\C++\FlutterReflect\build\_deps\spdlog-build\spdlog.vcxproj]
C:\Program Files\Microsoft Visual Studio\2022\Community\VC\Tools\MSVC\14.38.33130\include\__msvc_iter_core.hpp(489,31): warning C4996:         with [E:\C++\FlutterReflect\build\_deps\spdlog-build\spdlog.vcxproj]
C:\Program Files\Microsoft Visual Studio\2022\Community\VC\Tools\MSVC\14.38.33130\include\__msvc_iter_core.hpp(489,31): warning C4996:         [ [E:\C++\FlutterReflect\build\_deps\spdlog-build\spdlog.vcxproj]
C:\Program Files\Microsoft Visual Studio\2022\Community\VC\Tools\MSVC\14.38.33130\include\__msvc_iter_core.hpp(489,31): warning C4996:             T=char [E:\C++\FlutterReflect\build\_deps\spdlog-build\spdlog.vcxproj]
C:\Program Files\Microsoft Visual Studio\2022\Community\VC\Tools\MSVC\14.38.33130\include\__msvc_iter_core.hpp(489,31): warning C4996:         ] [E:\C++\FlutterReflect\build\_deps\spdlog-build\spdlog.vcxproj]
  (compiling source file '../spdlog-src/src/spdlog.cpp')
  
C:\Program Files\Microsoft Visual Studio\2022\Community\VC\Tools\MSVC\14.38.33130\include\__msvc_iter_core.hpp(490,40): warning C4996: 'stdext::checked_array_iterator<T *>': warning STL4043: stdext::checked_array_iterator, stdext::unchecked_array_iterator, and related factory functions are non-Standard extensions and will be removed in the future. std::span (since C++20) and gsl::span can be used instead. You can define _SILENCE_STDEXT_ARR_ITERS_DEPRECATION_WARNING or _SILENCE_ALL_MS_EXT_DEPRECATION_WARNINGS to suppress this warning. [E:\C++\FlutterReflect\build\_deps\spdlog-build\spdlog.vcxproj]
C:\Program Files\Microsoft Visual Studio\2022\Community\VC\Tools\MSVC\14.38.33130\include\__msvc_iter_core.hpp(490,40): warning C4996:         with [E:\C++\FlutterReflect\build\_deps\spdlog-build\spdlog.vcxproj]
C:\Program Files\Microsoft Visual Studio\2022\Community\VC\Tools\MSVC\14.38.33130\include\__msvc_iter_core.hpp(490,40): warning C4996:         [ [E:\C++\FlutterReflect\build\_deps\spdlog-build\spdlog.vcxproj]
C:\Program Files\Microsoft Visual Studio\2022\Community\VC\Tools\MSVC\14.38.33130\include\__msvc_iter_core.hpp(490,40): warning C4996:             T=char [E:\C++\FlutterReflect\build\_deps\spdlog-build\spdlog.vcxproj]
C:\Program Files\Microsoft Visual Studio\2022\Community\VC\Tools\MSVC\14.38.33130\include\__msvc_iter_core.hpp(490,40): warning C4996:         ] [E:\C++\FlutterReflect\build\_deps\spdlog-build\spdlog.vcxproj]
  (compiling source file '../spdlog-src/src/spdlog.cpp')
      C:\Program Files\Microsoft Visual Studio\2022\Community\VC\Tools\MSVC\14.38.33130\include\iterator(1470,58):
      see declaration of 'stdext::checked_array_iterator'
  
C:\Program Files\Microsoft Visual Studio\2022\Community\VC\Tools\MSVC\14.38.33130\include\__msvc_iter_core.hpp(490,31): warning C4996: 'stdext::checked_array_iterator<T *>::difference_type': warning STL4043: stdext::checked_array_iterator, stdext::unchecked_array_iterator, and related factory functions are non-Standard extensions and will be removed in the future. std::span (since C++20) and gsl::span can be used instead. You can define _SILENCE_STDEXT_ARR_ITERS_DEPRECATION_WARNING or _SILENCE_ALL_MS_EXT_DEPRECATION_WARNINGS to suppress this warning. [E:\C++\FlutterReflect\build\_deps\spdlog-build\spdlog.vcxproj]
C:\Program Files\Microsoft Visual Studio\2022\Community\VC\Tools\MSVC\14.38.33130\include\__msvc_iter_core.hpp(490,31): warning C4996:         with [E:\C++\FlutterReflect\build\_deps\spdlog-build\spdlog.vcxproj]
C:\Program Files\Microsoft Visual Studio\2022\Community\VC\Tools\MSVC\14.38.33130\include\__msvc_iter_core.hpp(490,31): warning C4996:         [ [E:\C++\FlutterReflect\build\_deps\spdlog-build\spdlog.vcxproj]
C:\Program Files\Microsoft Visual Studio\2022\Community\VC\Tools\MSVC\14.38.33130\include\__msvc_iter_core.hpp(490,31): warning C4996:             T=char [E:\C++\FlutterReflect\build\_deps\spdlog-build\spdlog.vcxproj]
C:\Program Files\Microsoft Visual Studio\2022\Community\VC\Tools\MSVC\14.38.33130\include\__msvc_iter_core.hpp(490,31): warning C4996:         ] [E:\C++\FlutterReflect\build\_deps\spdlog-build\spdlog.vcxproj]
  (compiling source file '../spdlog-src/src/spdlog.cpp')
  
C:\Program Files\Microsoft Visual Studio\2022\Community\VC\Tools\MSVC\14.38.33130\include\__msvc_iter_core.hpp(491,40): warning C4996: 'stdext::checked_array_iterator<T *>': warning STL4043: stdext::checked_array_iterator, stdext::unchecked_array_iterator, and related factory functions are non-Standard extensions and will be removed in the future. std::span (since C++20) and gsl::span can be used instead. You can define _SILENCE_STDEXT_ARR_ITERS_DEPRECATION_WARNING or _SILENCE_ALL_MS_EXT_DEPRECATION_WARNINGS to suppress this warning. [E:\C++\FlutterReflect\build\_deps\spdlog-build\spdlog.vcxproj]
C:\Program Files\Microsoft Visual Studio\2022\Community\VC\Tools\MSVC\14.38.33130\include\__msvc_iter_core.hpp(491,40): warning C4996:         with [E:\C++\FlutterReflect\build\_deps\spdlog-build\spdlog.vcxproj]
C:\Program Files\Microsoft Visual Studio\2022\Community\VC\Tools\MSVC\14.38.33130\include\__msvc_iter_core.hpp(491,40): warning C4996:         [ [E:\C++\FlutterReflect\build\_deps\spdlog-build\spdlog.vcxproj]
C:\Program Files\Microsoft Visual Studio\2022\Community\VC\Tools\MSVC\14.38.33130\include\__msvc_iter_core.hpp(491,40): warning C4996:             T=char [E:\C++\FlutterReflect\build\_deps\spdlog-build\spdlog.vcxproj]
C:\Program Files\Microsoft Visual Studio\2022\Community\VC\Tools\MSVC\14.38.33130\include\__msvc_iter_core.hpp(491,40): warning C4996:         ] [E:\C++\FlutterReflect\build\_deps\spdlog-build\spdlog.vcxproj]
  (compiling source file '../spdlog-src/src/spdlog.cpp')
      C:\Program Files\Microsoft Visual Studio\2022\Community\VC\Tools\MSVC\14.38.33130\include\iterator(1470,58):
      see declaration of 'stdext::checked_array_iterator'
  
C:\Program Files\Microsoft Visual Studio\2022\Community\VC\Tools\MSVC\14.38.33130\include\__msvc_iter_core.hpp(491,31): warning C4996: 'stdext::checked_array_iterator<T *>::pointer': warning STL4043: stdext::checked_array_iterator, stdext::unchecked_array_iterator, and related factory functions are non-Standard extensions and will be removed in the future. std::span (since C++20) and gsl::span can be used instead. You can define _SILENCE_STDEXT_ARR_ITERS_DEPRECATION_WARNING or _SILENCE_ALL_MS_EXT_DEPRECATION_WARNINGS to suppress this warning. [E:\C++\FlutterReflect\build\_deps\spdlog-build\spdlog.vcxproj]
C:\Program Files\Microsoft Visual Studio\2022\Community\VC\Tools\MSVC\14.38.33130\include\__msvc_iter_core.hpp(491,31): warning C4996:         with [E:\C++\FlutterReflect\build\_deps\spdlog-build\spdlog.vcxproj]
C:\Program Files\Microsoft Visual Studio\2022\Community\VC\Tools\MSVC\14.38.33130\include\__msvc_iter_core.hpp(491,31): warning C4996:         [ [E:\C++\FlutterReflect\build\_deps\spdlog-build\spdlog.vcxproj]
C:\Program Files\Microsoft Visual Studio\2022\Community\VC\Tools\MSVC\14.38.33130\include\__msvc_iter_core.hpp(491,31): warning C4996:             T=char [E:\C++\FlutterReflect\build\_deps\spdlog-build\spdlog.vcxproj]
C:\Program Files\Microsoft Visual Studio\2022\Community\VC\Tools\MSVC\14.38.33130\include\__msvc_iter_core.hpp(491,31): warning C4996:         ] [E:\C++\FlutterReflect\build\_deps\spdlog-build\spdlog.vcxproj]
  (compiling source file '../spdlog-src/src/spdlog.cpp')
  
C:\Program Files\Microsoft Visual Studio\2022\Community\VC\Tools\MSVC\14.38.33130\include\__msvc_iter_core.hpp(492,40): warning C4996: 'stdext::checked_array_iterator<T *>': warning STL4043: stdext::checked_array_iterator, stdext::unchecked_array_iterator, and related factory functions are non-Standard extensions and will be removed in the future. std::span (since C++20) and gsl::span can be used instead. You can define _SILENCE_STDEXT_ARR_ITERS_DEPRECATION_WARNING or _SILENCE_ALL_MS_EXT_DEPRECATION_WARNINGS to suppress this warning. [E:\C++\FlutterReflect\build\_deps\spdlog-build\spdlog.vcxproj]
C:\Program Files\Microsoft Visual Studio\2022\Community\VC\Tools\MSVC\14.38.33130\include\__msvc_iter_core.hpp(492,40): warning C4996:         with [E:\C++\FlutterReflect\build\_deps\spdlog-build\spdlog.vcxproj]
C:\Program Files\Microsoft Visual Studio\2022\Community\VC\Tools\MSVC\14.38.33130\include\__msvc_iter_core.hpp(492,40): warning C4996:         [ [E:\C++\FlutterReflect\build\_deps\spdlog-build\spdlog.vcxproj]
C:\Program Files\Microsoft Visual Studio\2022\Community\VC\Tools\MSVC\14.38.33130\include\__msvc_iter_core.hpp(492,40): warning C4996:             T=char [E:\C++\FlutterReflect\build\_deps\spdlog-build\spdlog.vcxproj]
C:\Program Files\Microsoft Visual Studio\2022\Community\VC\Tools\MSVC\14.38.33130\include\__msvc_iter_core.hpp(492,40): warning C4996:         ] [E:\C++\FlutterReflect\build\_deps\spdlog-build\spdlog.vcxproj]
  (compiling source file '../spdlog-src/src/spdlog.cpp')
      C:\Program Files\Microsoft Visual Studio\2022\Community\VC\Tools\MSVC\14.38.33130\include\iterator(1470,58):
      see declaration of 'stdext::checked_array_iterator'
  
C:\Program Files\Microsoft Visual Studio\2022\Community\VC\Tools\MSVC\14.38.33130\include\__msvc_iter_core.hpp(492,31): warning C4996: 'stdext::checked_array_iterator<T *>::reference': warning STL4043: stdext::checked_array_iterator, stdext::unchecked_array_iterator, and related factory functions are non-Standard extensions and will be removed in the future. std::span (since C++20) and gsl::span can be used instead. You can define _SILENCE_STDEXT_ARR_ITERS_DEPRECATION_WARNING or _SILENCE_ALL_MS_EXT_DEPRECATION_WARNINGS to suppress this warning. [E:\C++\FlutterReflect\build\_deps\spdlog-build\spdlog.vcxproj]
C:\Program Files\Microsoft Visual Studio\2022\Community\VC\Tools\MSVC\14.38.33130\include\__msvc_iter_core.hpp(492,31): warning C4996:         with [E:\C++\FlutterReflect\build\_deps\spdlog-build\spdlog.vcxproj]
C:\Program Files\Microsoft Visual Studio\2022\Community\VC\Tools\MSVC\14.38.33130\include\__msvc_iter_core.hpp(492,31): warning C4996:         [ [E:\C++\FlutterReflect\build\_deps\spdlog-build\spdlog.vcxproj]
C:\Program Files\Microsoft Visual Studio\2022\Community\VC\Tools\MSVC\14.38.33130\include\__msvc_iter_core.hpp(492,31): warning C4996:             T=char [E:\C++\FlutterReflect\build\_deps\spdlog-build\spdlog.vcxproj]
C:\Program Files\Microsoft Visual Studio\2022\Community\VC\Tools\MSVC\14.38.33130\include\__msvc_iter_core.hpp(492,31): warning C4996:         ] [E:\C++\FlutterReflect\build\_deps\spdlog-build\spdlog.vcxproj]
  (compiling source file '../spdlog-src/src/spdlog.cpp')
  
C:\Program Files\Microsoft Visual Studio\2022\Community\VC\Tools\MSVC\14.38.33130\include\xutility(1255,12): warning C4996: 'stdext::checked_array_iterator<T *>::_Verify_offset': warning STL4043: stdext::checked_array_iterator, stdext::unchecked_array_iterator, and related factory functions are non-Standard extensions and will be removed in the future. std::span (since C++20) and gsl::span can be used instead. You can define _SILENCE_STDEXT_ARR_ITERS_DEPRECATION_WARNING or _SILENCE_ALL_MS_EXT_DEPRECATION_WARNINGS to suppress this warning. [E:\C++\FlutterReflect\build\_deps\spdlog-build\spdlog.vcxproj]
C:\Program Files\Microsoft Visual Studio\2022\Community\VC\Tools\MSVC\14.38.33130\include\xutility(1255,12): warning C4996:         with [E:\C++\FlutterReflect\build\_deps\spdlog-build\spdlog.vcxproj]
C:\Program Files\Microsoft Visual Studio\2022\Community\VC\Tools\MSVC\14.38.33130\include\xutility(1255,12): warning C4996:         [ [E:\C++\FlutterReflect\build\_deps\spdlog-build\spdlog.vcxproj]
C:\Program Files\Microsoft Visual Studio\2022\Community\VC\Tools\MSVC\14.38.33130\include\xutility(1255,12): warning C4996:             T=char [E:\C++\FlutterReflect\build\_deps\spdlog-build\spdlog.vcxproj]
C:\Program Files\Microsoft Visual Studio\2022\Community\VC\Tools\MSVC\14.38.33130\include\xutility(1255,12): warning C4996:         ] [E:\C++\FlutterReflect\build\_deps\spdlog-build\spdlog.vcxproj]
  (compiling source file '../spdlog-src/src/spdlog.cpp')
  
C:\Program Files\Microsoft Visual Studio\2022\Community\VC\Tools\MSVC\14.38.33130\include\xutility(1256,41): warning C4996: 'stdext::checked_array_iterator<T *>::_Unwrapped': warning STL4043: stdext::checked_array_iterator, stdext::unchecked_array_iterator, and related factory functions are non-Standard extensions and will be removed in the future. std::span (since C++20) and gsl::span can be used instead. You can define _SILENCE_STDEXT_ARR_ITERS_DEPRECATION_WARNING or _SILENCE_ALL_MS_EXT_DEPRECATION_WARNINGS to suppress this warning. [E:\C++\FlutterReflect\build\_deps\spdlog-build\spdlog.vcxproj]
C:\Program Files\Microsoft Visual Studio\2022\Community\VC\Tools\MSVC\14.38.33130\include\xutility(1256,41): warning C4996:         with [E:\C++\FlutterReflect\build\_deps\spdlog-build\spdlog.vcxproj]
C:\Program Files\Microsoft Visual Studio\2022\Community\VC\Tools\MSVC\14.38.33130\include\xutility(1256,41): warning C4996:         [ [E:\C++\FlutterReflect\build\_deps\spdlog-build\spdlog.vcxproj]
C:\Program Files\Microsoft Visual Studio\2022\Community\VC\Tools\MSVC\14.38.33130\include\xutility(1256,41): warning C4996:             T=char [E:\C++\FlutterReflect\build\_deps\spdlog-build\spdlog.vcxproj]
C:\Program Files\Microsoft Visual Studio\2022\Community\VC\Tools\MSVC\14.38.33130\include\xutility(1256,41): warning C4996:         ] [E:\C++\FlutterReflect\build\_deps\spdlog-build\spdlog.vcxproj]
  (compiling source file '../spdlog-src/src/spdlog.cpp')
  
C:\Program Files\Microsoft Visual Studio\2022\Community\VC\Tools\MSVC\14.38.33130\include\xutility(1277,12): warning C4996: 'stdext::checked_array_iterator<T *>::_Seek_to': warning STL4043: stdext::checked_array_iterator, stdext::unchecked_array_iterator, and related factory functions are non-Standard extensions and will be removed in the future. std::span (since C++20) and gsl::span can be used instead. You can define _SILENCE_STDEXT_ARR_ITERS_DEPRECATION_WARNING or _SILENCE_ALL_MS_EXT_DEPRECATION_WARNINGS to suppress this warning. [E:\C++\FlutterReflect\build\_deps\spdlog-build\spdlog.vcxproj]
C:\Program Files\Microsoft Visual Studio\2022\Community\VC\Tools\MSVC\14.38.33130\include\xutility(1277,12): warning C4996:         with [E:\C++\FlutterReflect\build\_deps\spdlog-build\spdlog.vcxproj]
C:\Program Files\Microsoft Visual Studio\2022\Community\VC\Tools\MSVC\14.38.33130\include\xutility(1277,12): warning C4996:         [ [E:\C++\FlutterReflect\build\_deps\spdlog-build\spdlog.vcxproj]
C:\Program Files\Microsoft Visual Studio\2022\Community\VC\Tools\MSVC\14.38.33130\include\xutility(1277,12): warning C4996:             T=wchar_t [E:\C++\FlutterReflect\build\_deps\spdlog-build\spdlog.vcxproj]
C:\Program Files\Microsoft Visual Studio\2022\Community\VC\Tools\MSVC\14.38.33130\include\xutility(1277,12): warning C4996:         ] [E:\C++\FlutterReflect\build\_deps\spdlog-build\spdlog.vcxproj]
  (compiling source file '../spdlog-src/src/spdlog.cpp')
      C:\Program Files\Microsoft Visual Studio\2022\Community\VC\Tools\MSVC\14.38.33130\include\xutility(1277,12):
      the template instantiation context (the oldest one first) is
          E:\C++\FlutterReflect\build\_deps\spdlog-src\include\spdlog\fmt\bundled\format.h(925,8):
          see reference to function template instantiation '_NoThrowFwdIt std::uninitialized_copy<T*,stdext::checked_array_iterator<T *>>(const _InIt,const _InIt,_NoThrowFwdIt)' being compiled
          with
          [
              _NoThrowFwdIt=stdext::checked_array_iterator<wchar_t *>,
              T=wchar_t,
              _InIt=wchar_t *
          ]
          C:\Program Files\Microsoft Visual Studio\2022\Community\VC\Tools\MSVC\14.38.33130\include\xmemory(1920,5):
          see reference to function template instantiation 'void std::_Seek_wrapped<_NoThrowFwdIt,wchar_t*>(_Iter &,_UIter &&)' being compiled
          with
          [
              _NoThrowFwdIt=stdext::checked_array_iterator<wchar_t *>,
              _Iter=stdext::checked_array_iterator<wchar_t *>,
              _UIter=wchar_t *
          ]
  
C:\Program Files\Microsoft Visual Studio\2022\Community\VC\Tools\MSVC\14.38.33130\include\xutility(1141,31): warning C4996: 'stdext::checked_array_iterator<T *>': warning STL4043: stdext::checked_array_iterator, stdext::unchecked_array_iterator, and related factory functions are non-Standard extensions and will be removed in the future. std::span (since C++20) and gsl::span can be used instead. You can define _SILENCE_STDEXT_ARR_ITERS_DEPRECATION_WARNING or _SILENCE_ALL_MS_EXT_DEPRECATION_WARNINGS to suppress this warning. [E:\C++\FlutterReflect\build\_deps\spdlog-build\spdlog.vcxproj]
C:\Program Files\Microsoft Visual Studio\2022\Community\VC\Tools\MSVC\14.38.33130\include\xutility(1141,31): warning C4996:         with [E:\C++\FlutterReflect\build\_deps\spdlog-build\spdlog.vcxproj]
C:\Program Files\Microsoft Visual Studio\2022\Community\VC\Tools\MSVC\14.38.33130\include\xutility(1141,31): warning C4996:         [ [E:\C++\FlutterReflect\build\_deps\spdlog-build\spdlog.vcxproj]
C:\Program Files\Microsoft Visual Studio\2022\Community\VC\Tools\MSVC\14.38.33130\include\xutility(1141,31): warning C4996:             T=int [E:\C++\FlutterReflect\build\_deps\spdlog-build\spdlog.vcxproj]
C:\Program Files\Microsoft Visual Studio\2022\Community\VC\Tools\MSVC\14.38.33130\include\xutility(1141,31): warning C4996:         ] [E:\C++\FlutterReflect\build\_deps\spdlog-build\spdlog.vcxproj]
  (compiling source file '../spdlog-src/src/spdlog.cpp')
      C:\Program Files\Microsoft Visual Studio\2022\Community\VC\Tools\MSVC\14.38.33130\include\iterator(1470,58):
      see declaration of 'stdext::checked_array_iterator'
      C:\Program Files\Microsoft Visual Studio\2022\Community\VC\Tools\MSVC\14.38.33130\include\xutility(1141,31):
      the template instantiation context (the oldest one first) is
          E:\C++\FlutterReflect\build\_deps\spdlog-src\include\spdlog\details\fmt_helper.h(105,18):
          see reference to function template instantiation 'OutputIt fmt::v9::format_to<std::back_insert_iterator<spdlog::memory_buf_t>,int&,0>(OutputIt,fmt::v9::basic_format_string<char,int &>,int &)' being compiled
          with
          [
              OutputIt=std::back_insert_iterator<spdlog::memory_buf_t>
          ]
          E:\C++\FlutterReflect\build\_deps\spdlog-src\include\spdlog\fmt\bundled\core.h(3235,10):
          see reference to function template instantiation 'OutputIt fmt::v9::vformat_to<OutputIt,0>(OutputIt,fmt::v9::string_view,fmt::v9::format_args)' being compiled
          with
          [
              OutputIt=std::back_insert_iterator<spdlog::memory_buf_t>
          ]
          E:\C++\FlutterReflect\build\_deps\spdlog-src\include\spdlog\fmt\bundled\core.h(3215,11):
          see reference to function template instantiation 'void fmt::v9::detail::vformat_to<char>(fmt::v9::detail::buffer<char> &,fmt::v9::basic_string_view<char>,fmt::v9::basic_format_args<fmt::v9::format_context>,fmt::v9::detail::locale_ref)' being compiled
          E:\C++\FlutterReflect\build\_deps\spdlog-src\include\spdlog\fmt\bundled\format.h(4078,5):
          see reference to function template instantiation 'fmt::v9::appender fmt::v9::visit_format_arg<fmt::v9::detail::default_arg_formatter<Char>,Context>(Visitor &&,const fmt::v9::basic_format_arg<Context> &)' being compiled
          with
          [
              Char=char,
              Context=fmt::v9::format_context,
              Visitor=fmt::v9::detail::default_arg_formatter<char>
          ]
          E:\C++\FlutterReflect\build\_deps\spdlog-src\include\spdlog\fmt\bundled\core.h(1645,12):
          see reference to function template instantiation 'fmt::v9::appender fmt::v9::detail::default_arg_formatter<Char>::operator ()<float>(T)' being compiled
          with
          [
              Char=char,
              T=float
          ]
          E:\C++\FlutterReflect\build\_deps\spdlog-src\include\spdlog\fmt\bundled\format.h(3374,12):
          see reference to function template instantiation 'OutputIt fmt::v9::detail::write<Char,fmt::v9::appender,T,0>(OutputIt,T)' being compiled
          with
          [
              OutputIt=fmt::v9::appender,
              Char=char,
              T=float
          ]
          E:\C++\FlutterReflect\build\_deps\spdlog-src\include\spdlog\fmt\bundled\format.h(3257,10):
          see reference to function template instantiation 'OutputIt fmt::v9::detail::write_float<OutputIt,fmt::v9::detail::dragonbox::decimal_fp<floaty>,char>(OutputIt,const DecimalFP &,const fmt::v9::basic_format_specs<char> &,fmt::v9::detail::float_specs,fmt::v9::detail::locale_ref)' being compiled
          with
          [
              OutputIt=fmt::v9::appender,
              DecimalFP=fmt::v9::detail::dragonbox::decimal_fp<floaty>
          ]
          E:\C++\FlutterReflect\build\_deps\spdlog-src\include\spdlog\fmt\bundled\format.h(2489,12):
          see reference to function template instantiation 'OutputIt fmt::v9::detail::do_write_float<OutputIt,DecimalFP,char,fmt::v9::detail::digit_grouping<Char>>(OutputIt,const DecimalFP &,const fmt::v9::basic_format_specs<Char> &,fmt::v9::detail::float_specs,fmt::v9::detail::locale_ref)' being compiled
          with
          [
              OutputIt=fmt::v9::appender,
              DecimalFP=fmt::v9::detail::dragonbox::decimal_fp<floaty>,
              Char=char
          ]
          E:\C++\FlutterReflect\build\_deps\spdlog-src\include\spdlog\fmt\bundled\format.h(2428,12):
          see reference to function template instantiation 'OutputIt fmt::v9::detail::write_significand<Char,iterator,unsigned int,Grouping>(OutputIt,T,int,int,const Grouping &)' being compiled
          with
          [
              OutputIt=iterator,
              Char=char,
              Grouping=fmt::v9::detail::digit_grouping<char>,
              T=unsigned int
          ]
          E:\C++\FlutterReflect\build\_deps\spdlog-src\include\spdlog\fmt\bundled\format.h(2291,18):
          see reference to function template instantiation 'Out fmt::v9::detail::digit_grouping<Char>::apply<OutputIt,char>(Out,fmt::v9::basic_string_view<Char>) const' being compiled
          with
          [
              Out=iterator,
              Char=char,
              OutputIt=iterator
          ]
          E:\C++\FlutterReflect\build\_deps\spdlog-src\include\spdlog\fmt\bundled\format.h(1974,47):
          see reference to class template instantiation 'fmt::v9::basic_memory_buffer<int,500,std::allocator<int>>' being compiled
          E:\C++\FlutterReflect\build\_deps\spdlog-src\include\spdlog\fmt\bundled\format.h(912,18):
          while compiling class template member function 'void fmt::v9::basic_memory_buffer<int,500,std::allocator<int>>::grow(size_t)'
          E:\C++\FlutterReflect\build\_deps\spdlog-src\include\spdlog\fmt\bundled\format.h(925,8):
          see reference to function template instantiation '_NoThrowFwdIt std::uninitialized_copy<T*,stdext::checked_array_iterator<T *>>(const _InIt,const _InIt,_NoThrowFwdIt)' being compiled
          with
          [
              _NoThrowFwdIt=stdext::checked_array_iterator<int *>,
              T=int,
              _InIt=int *
          ]
          C:\Program Files\Microsoft Visual Studio\2022\Community\VC\Tools\MSVC\14.38.33130\include\xmemory(1919,25):
          see reference to function template instantiation 'decltype(auto) std::_Get_unwrapped_n<_NoThrowFwdIt&,__int64>(_Iter,const _Diff)' being compiled
          with
          [
              _NoThrowFwdIt=stdext::checked_array_iterator<int *>,
              _Iter=stdext::checked_array_iterator<int *> &,
              _Diff=__int64
          ]
          C:\Program Files\Microsoft Visual Studio\2022\Community\VC\Tools\MSVC\14.38.33130\include\xutility(1244,26):
          see reference to variable template 'const bool _Unwrappable_for_offset_v<stdext::checked_array_iterator<int *> &>' being compiled
          C:\Program Files\Microsoft Visual Studio\2022\Community\VC\Tools\MSVC\14.38.33130\include\xutility(1238,5):
          see reference to variable template 'const bool _Unwrappable_v<stdext::checked_array_iterator<int *> &,void>' being compiled
          C:\Program Files\Microsoft Visual Studio\2022\Community\VC\Tools\MSVC\14.38.33130\include\xutility(1165,5):
          see reference to variable template 'const bool _Allow_inheriting_unwrap_v<stdext::checked_array_iterator<int *>,void>' being compiled
  
C:\Program Files\Microsoft Visual Studio\2022\Community\VC\Tools\MSVC\14.38.33130\include\xutility(1141,22): warning C4996: 'stdext::checked_array_iterator<T *>::_Prevent_inheriting_unwrap': warning STL4043: stdext::checked_array_iterator, stdext::unchecked_array_iterator, and related factory functions are non-Standard extensions and will be removed in the future. std::span (since C++20) and gsl::span can be used instead. You can define _SILENCE_STDEXT_ARR_ITERS_DEPRECATION_WARNING or _SILENCE_ALL_MS_EXT_DEPRECATION_WARNINGS to suppress this warning. [E:\C++\FlutterReflect\build\_deps\spdlog-build\spdlog.vcxproj]
C:\Program Files\Microsoft Visual Studio\2022\Community\VC\Tools\MSVC\14.38.33130\include\xutility(1141,22): warning C4996:         with [E:\C++\FlutterReflect\build\_deps\spdlog-build\spdlog.vcxproj]
C:\Program Files\Microsoft Visual Studio\2022\Community\VC\Tools\MSVC\14.38.33130\include\xutility(1141,22): warning C4996:         [ [E:\C++\FlutterReflect\build\_deps\spdlog-build\spdlog.vcxproj]
C:\Program Files\Microsoft Visual Studio\2022\Community\VC\Tools\MSVC\14.38.33130\include\xutility(1141,22): warning C4996:             T=int [E:\C++\FlutterReflect\build\_deps\spdlog-build\spdlog.vcxproj]
C:\Program Files\Microsoft Visual Studio\2022\Community\VC\Tools\MSVC\14.38.33130\include\xutility(1141,22): warning C4996:         ] [E:\C++\FlutterReflect\build\_deps\spdlog-build\spdlog.vcxproj]
  (compiling source file '../spdlog-src/src/spdlog.cpp')
  
C:\Program Files\Microsoft Visual Studio\2022\Community\VC\Tools\MSVC\14.38.33130\include\__msvc_iter_core.hpp(488,40): warning C4996: 'stdext::checked_array_iterator<T *>': warning STL4043: stdext::checked_array_iterator, stdext::unchecked_array_iterator, and related factory functions are non-Standard extensions and will be removed in the future. std::span (since C++20) and gsl::span can be used instead. You can define _SILENCE_STDEXT_ARR_ITERS_DEPRECATION_WARNING or _SILENCE_ALL_MS_EXT_DEPRECATION_WARNINGS to suppress this warning. [E:\C++\FlutterReflect\build\_deps\spdlog-build\spdlog.vcxproj]
C:\Program Files\Microsoft Visual Studio\2022\Community\VC\Tools\MSVC\14.38.33130\include\__msvc_iter_core.hpp(488,40): warning C4996:         with [E:\C++\FlutterReflect\build\_deps\spdlog-build\spdlog.vcxproj]
C:\Program Files\Microsoft Visual Studio\2022\Community\VC\Tools\MSVC\14.38.33130\include\__msvc_iter_core.hpp(488,40): warning C4996:         [ [E:\C++\FlutterReflect\build\_deps\spdlog-build\spdlog.vcxproj]
C:\Program Files\Microsoft Visual Studio\2022\Community\VC\Tools\MSVC\14.38.33130\include\__msvc_iter_core.hpp(488,40): warning C4996:             T=int [E:\C++\FlutterReflect\build\_deps\spdlog-build\spdlog.vcxproj]
C:\Program Files\Microsoft Visual Studio\2022\Community\VC\Tools\MSVC\14.38.33130\include\__msvc_iter_core.hpp(488,40): warning C4996:         ] [E:\C++\FlutterReflect\build\_deps\spdlog-build\spdlog.vcxproj]
  (compiling source file '../spdlog-src/src/spdlog.cpp')
      C:\Program Files\Microsoft Visual Studio\2022\Community\VC\Tools\MSVC\14.38.33130\include\iterator(1470,58):
      see declaration of 'stdext::checked_array_iterator'
      C:\Program Files\Microsoft Visual Studio\2022\Community\VC\Tools\MSVC\14.38.33130\include\__msvc_iter_core.hpp(488,40):
      the template instantiation context (the oldest one first) is
          C:\Program Files\Microsoft Visual Studio\2022\Community\VC\Tools\MSVC\14.38.33130\include\xutility(1233,93):
          see reference to alias template instantiation 'std::_Iter_diff_t<_Iter>' being compiled
          with
          [
              _Iter=stdext::checked_array_iterator<int *>
          ]
          C:\Program Files\Microsoft Visual Studio\2022\Community\VC\Tools\MSVC\14.38.33130\include\xutility(1238,5):
          see reference to class template instantiation 'std::iterator_traits<_Iter>' being compiled
          with
          [
              _Iter=stdext::checked_array_iterator<int *>
          ]
          C:\Program Files\Microsoft Visual Studio\2022\Community\VC\Tools\MSVC\14.38.33130\include\__msvc_iter_core.hpp(508,26):
          see reference to class template instantiation 'std::_Iterator_traits_base<_Iter,void>' being compiled
          with
          [
              _Iter=stdext::checked_array_iterator<int *>
          ]
  
C:\Program Files\Microsoft Visual Studio\2022\Community\VC\Tools\MSVC\14.38.33130\include\__msvc_iter_core.hpp(488,31): warning C4996: 'stdext::checked_array_iterator<T *>::iterator_category': warning STL4043: stdext::checked_array_iterator, stdext::unchecked_array_iterator, and related factory functions are non-Standard extensions and will be removed in the future. std::span (since C++20) and gsl::span can be used instead. You can define _SILENCE_STDEXT_ARR_ITERS_DEPRECATION_WARNING or _SILENCE_ALL_MS_EXT_DEPRECATION_WARNINGS to suppress this warning. [E:\C++\FlutterReflect\build\_deps\spdlog-build\spdlog.vcxproj]
C:\Program Files\Microsoft Visual Studio\2022\Community\VC\Tools\MSVC\14.38.33130\include\__msvc_iter_core.hpp(488,31): warning C4996:         with [E:\C++\FlutterReflect\build\_deps\spdlog-build\spdlog.vcxproj]
C:\Program Files\Microsoft Visual Studio\2022\Community\VC\Tools\MSVC\14.38.33130\include\__msvc_iter_core.hpp(488,31): warning C4996:         [ [E:\C++\FlutterReflect\build\_deps\spdlog-build\spdlog.vcxproj]
C:\Program Files\Microsoft Visual Studio\2022\Community\VC\Tools\MSVC\14.38.33130\include\__msvc_iter_core.hpp(488,31): warning C4996:             T=int [E:\C++\FlutterReflect\build\_deps\spdlog-build\spdlog.vcxproj]
C:\Program Files\Microsoft Visual Studio\2022\Community\VC\Tools\MSVC\14.38.33130\include\__msvc_iter_core.hpp(488,31): warning C4996:         ] [E:\C++\FlutterReflect\build\_deps\spdlog-build\spdlog.vcxproj]
  (compiling source file '../spdlog-src/src/spdlog.cpp')
  
C:\Program Files\Microsoft Visual Studio\2022\Community\VC\Tools\MSVC\14.38.33130\include\__msvc_iter_core.hpp(489,40): warning C4996: 'stdext::checked_array_iterator<T *>': warning STL4043: stdext::checked_array_iterator, stdext::unchecked_array_iterator, and related factory functions are non-Standard extensions and will be removed in the future. std::span (since C++20) and gsl::span can be used instead. You can define _SILENCE_STDEXT_ARR_ITERS_DEPRECATION_WARNING or _SILENCE_ALL_MS_EXT_DEPRECATION_WARNINGS to suppress this warning. [E:\C++\FlutterReflect\build\_deps\spdlog-build\spdlog.vcxproj]
C:\Program Files\Microsoft Visual Studio\2022\Community\VC\Tools\MSVC\14.38.33130\include\__msvc_iter_core.hpp(489,40): warning C4996:         with [E:\C++\FlutterReflect\build\_deps\spdlog-build\spdlog.vcxproj]
C:\Program Files\Microsoft Visual Studio\2022\Community\VC\Tools\MSVC\14.38.33130\include\__msvc_iter_core.hpp(489,40): warning C4996:         [ [E:\C++\FlutterReflect\build\_deps\spdlog-build\spdlog.vcxproj]
C:\Program Files\Microsoft Visual Studio\2022\Community\VC\Tools\MSVC\14.38.33130\include\__msvc_iter_core.hpp(489,40): warning C4996:             T=int [E:\C++\FlutterReflect\build\_deps\spdlog-build\spdlog.vcxproj]
C:\Program Files\Microsoft Visual Studio\2022\Community\VC\Tools\MSVC\14.38.33130\include\__msvc_iter_core.hpp(489,40): warning C4996:         ] [E:\C++\FlutterReflect\build\_deps\spdlog-build\spdlog.vcxproj]
  (compiling source file '../spdlog-src/src/spdlog.cpp')
      C:\Program Files\Microsoft Visual Studio\2022\Community\VC\Tools\MSVC\14.38.33130\include\iterator(1470,58):
      see declaration of 'stdext::checked_array_iterator'
  
C:\Program Files\Microsoft Visual Studio\2022\Community\VC\Tools\MSVC\14.38.33130\include\__msvc_iter_core.hpp(489,31): warning C4996: 'stdext::checked_array_iterator<T *>::value_type': warning STL4043: stdext::checked_array_iterator, stdext::unchecked_array_iterator, and related factory functions are non-Standard extensions and will be removed in the future. std::span (since C++20) and gsl::span can be used instead. You can define _SILENCE_STDEXT_ARR_ITERS_DEPRECATION_WARNING or _SILENCE_ALL_MS_EXT_DEPRECATION_WARNINGS to suppress this warning. [E:\C++\FlutterReflect\build\_deps\spdlog-build\spdlog.vcxproj]
C:\Program Files\Microsoft Visual Studio\2022\Community\VC\Tools\MSVC\14.38.33130\include\__msvc_iter_core.hpp(489,31): warning C4996:         with [E:\C++\FlutterReflect\build\_deps\spdlog-build\spdlog.vcxproj]
C:\Program Files\Microsoft Visual Studio\2022\Community\VC\Tools\MSVC\14.38.33130\include\__msvc_iter_core.hpp(489,31): warning C4996:         [ [E:\C++\FlutterReflect\build\_deps\spdlog-build\spdlog.vcxproj]
C:\Program Files\Microsoft Visual Studio\2022\Community\VC\Tools\MSVC\14.38.33130\include\__msvc_iter_core.hpp(489,31): warning C4996:             T=int [E:\C++\FlutterReflect\build\_deps\spdlog-build\spdlog.vcxproj]
C:\Program Files\Microsoft Visual Studio\2022\Community\VC\Tools\MSVC\14.38.33130\include\__msvc_iter_core.hpp(489,31): warning C4996:         ] [E:\C++\FlutterReflect\build\_deps\spdlog-build\spdlog.vcxproj]
  (compiling source file '../spdlog-src/src/spdlog.cpp')
  
C:\Program Files\Microsoft Visual Studio\2022\Community\VC\Tools\MSVC\14.38.33130\include\__msvc_iter_core.hpp(490,40): warning C4996: 'stdext::checked_array_iterator<T *>': warning STL4043: stdext::checked_array_iterator, stdext::unchecked_array_iterator, and related factory functions are non-Standard extensions and will be removed in the future. std::span (since C++20) and gsl::span can be used instead. You can define _SILENCE_STDEXT_ARR_ITERS_DEPRECATION_WARNING or _SILENCE_ALL_MS_EXT_DEPRECATION_WARNINGS to suppress this warning. [E:\C++\FlutterReflect\build\_deps\spdlog-build\spdlog.vcxproj]
C:\Program Files\Microsoft Visual Studio\2022\Community\VC\Tools\MSVC\14.38.33130\include\__msvc_iter_core.hpp(490,40): warning C4996:         with [E:\C++\FlutterReflect\build\_deps\spdlog-build\spdlog.vcxproj]
C:\Program Files\Microsoft Visual Studio\2022\Community\VC\Tools\MSVC\14.38.33130\include\__msvc_iter_core.hpp(490,40): warning C4996:         [ [E:\C++\FlutterReflect\build\_deps\spdlog-build\spdlog.vcxproj]
C:\Program Files\Microsoft Visual Studio\2022\Community\VC\Tools\MSVC\14.38.33130\include\__msvc_iter_core.hpp(490,40): warning C4996:             T=int [E:\C++\FlutterReflect\build\_deps\spdlog-build\spdlog.vcxproj]
C:\Program Files\Microsoft Visual Studio\2022\Community\VC\Tools\MSVC\14.38.33130\include\__msvc_iter_core.hpp(490,40): warning C4996:         ] [E:\C++\FlutterReflect\build\_deps\spdlog-build\spdlog.vcxproj]
  (compiling source file '../spdlog-src/src/spdlog.cpp')
      C:\Program Files\Microsoft Visual Studio\2022\Community\VC\Tools\MSVC\14.38.33130\include\iterator(1470,58):
      see declaration of 'stdext::checked_array_iterator'
  
C:\Program Files\Microsoft Visual Studio\2022\Community\VC\Tools\MSVC\14.38.33130\include\__msvc_iter_core.hpp(490,31): warning C4996: 'stdext::checked_array_iterator<T *>::difference_type': warning STL4043: stdext::checked_array_iterator, stdext::unchecked_array_iterator, and related factory functions are non-Standard extensions and will be removed in the future. std::span (since C++20) and gsl::span can be used instead. You can define _SILENCE_STDEXT_ARR_ITERS_DEPRECATION_WARNING or _SILENCE_ALL_MS_EXT_DEPRECATION_WARNINGS to suppress this warning. [E:\C++\FlutterReflect\build\_deps\spdlog-build\spdlog.vcxproj]
C:\Program Files\Microsoft Visual Studio\2022\Community\VC\Tools\MSVC\14.38.33130\include\__msvc_iter_core.hpp(490,31): warning C4996:         with [E:\C++\FlutterReflect\build\_deps\spdlog-build\spdlog.vcxproj]
C:\Program Files\Microsoft Visual Studio\2022\Community\VC\Tools\MSVC\14.38.33130\include\__msvc_iter_core.hpp(490,31): warning C4996:         [ [E:\C++\FlutterReflect\build\_deps\spdlog-build\spdlog.vcxproj]
C:\Program Files\Microsoft Visual Studio\2022\Community\VC\Tools\MSVC\14.38.33130\include\__msvc_iter_core.hpp(490,31): warning C4996:             T=int [E:\C++\FlutterReflect\build\_deps\spdlog-build\spdlog.vcxproj]
C:\Program Files\Microsoft Visual Studio\2022\Community\VC\Tools\MSVC\14.38.33130\include\__msvc_iter_core.hpp(490,31): warning C4996:         ] [E:\C++\FlutterReflect\build\_deps\spdlog-build\spdlog.vcxproj]
  (compiling source file '../spdlog-src/src/spdlog.cpp')
  
C:\Program Files\Microsoft Visual Studio\2022\Community\VC\Tools\MSVC\14.38.33130\include\__msvc_iter_core.hpp(491,40): warning C4996: 'stdext::checked_array_iterator<T *>': warning STL4043: stdext::checked_array_iterator, stdext::unchecked_array_iterator, and related factory functions are non-Standard extensions and will be removed in the future. std::span (since C++20) and gsl::span can be used instead. You can define _SILENCE_STDEXT_ARR_ITERS_DEPRECATION_WARNING or _SILENCE_ALL_MS_EXT_DEPRECATION_WARNINGS to suppress this warning. [E:\C++\FlutterReflect\build\_deps\spdlog-build\spdlog.vcxproj]
C:\Program Files\Microsoft Visual Studio\2022\Community\VC\Tools\MSVC\14.38.33130\include\__msvc_iter_core.hpp(491,40): warning C4996:         with [E:\C++\FlutterReflect\build\_deps\spdlog-build\spdlog.vcxproj]
C:\Program Files\Microsoft Visual Studio\2022\Community\VC\Tools\MSVC\14.38.33130\include\__msvc_iter_core.hpp(491,40): warning C4996:         [ [E:\C++\FlutterReflect\build\_deps\spdlog-build\spdlog.vcxproj]
C:\Program Files\Microsoft Visual Studio\2022\Community\VC\Tools\MSVC\14.38.33130\include\__msvc_iter_core.hpp(491,40): warning C4996:             T=int [E:\C++\FlutterReflect\build\_deps\spdlog-build\spdlog.vcxproj]
C:\Program Files\Microsoft Visual Studio\2022\Community\VC\Tools\MSVC\14.38.33130\include\__msvc_iter_core.hpp(491,40): warning C4996:         ] [E:\C++\FlutterReflect\build\_deps\spdlog-build\spdlog.vcxproj]
  (compiling source file '../spdlog-src/src/spdlog.cpp')
      C:\Program Files\Microsoft Visual Studio\2022\Community\VC\Tools\MSVC\14.38.33130\include\iterator(1470,58):
      see declaration of 'stdext::checked_array_iterator'
  
C:\Program Files\Microsoft Visual Studio\2022\Community\VC\Tools\MSVC\14.38.33130\include\__msvc_iter_core.hpp(491,31): warning C4996: 'stdext::checked_array_iterator<T *>::pointer': warning STL4043: stdext::checked_array_iterator, stdext::unchecked_array_iterator, and related factory functions are non-Standard extensions and will be removed in the future. std::span (since C++20) and gsl::span can be used instead. You can define _SILENCE_STDEXT_ARR_ITERS_DEPRECATION_WARNING or _SILENCE_ALL_MS_EXT_DEPRECATION_WARNINGS to suppress this warning. [E:\C++\FlutterReflect\build\_deps\spdlog-build\spdlog.vcxproj]
C:\Program Files\Microsoft Visual Studio\2022\Community\VC\Tools\MSVC\14.38.33130\include\__msvc_iter_core.hpp(491,31): warning C4996:         with [E:\C++\FlutterReflect\build\_deps\spdlog-build\spdlog.vcxproj]
C:\Program Files\Microsoft Visual Studio\2022\Community\VC\Tools\MSVC\14.38.33130\include\__msvc_iter_core.hpp(491,31): warning C4996:         [ [E:\C++\FlutterReflect\build\_deps\spdlog-build\spdlog.vcxproj]
C:\Program Files\Microsoft Visual Studio\2022\Community\VC\Tools\MSVC\14.38.33130\include\__msvc_iter_core.hpp(491,31): warning C4996:             T=int [E:\C++\FlutterReflect\build\_deps\spdlog-build\spdlog.vcxproj]
C:\Program Files\Microsoft Visual Studio\2022\Community\VC\Tools\MSVC\14.38.33130\include\__msvc_iter_core.hpp(491,31): warning C4996:         ] [E:\C++\FlutterReflect\build\_deps\spdlog-build\spdlog.vcxproj]
  (compiling source file '../spdlog-src/src/spdlog.cpp')
  
C:\Program Files\Microsoft Visual Studio\2022\Community\VC\Tools\MSVC\14.38.33130\include\__msvc_iter_core.hpp(492,40): warning C4996: 'stdext::checked_array_iterator<T *>': warning STL4043: stdext::checked_array_iterator, stdext::unchecked_array_iterator, and related factory functions are non-Standard extensions and will be removed in the future. std::span (since C++20) and gsl::span can be used instead. You can define _SILENCE_STDEXT_ARR_ITERS_DEPRECATION_WARNING or _SILENCE_ALL_MS_EXT_DEPRECATION_WARNINGS to suppress this warning. [E:\C++\FlutterReflect\build\_deps\spdlog-build\spdlog.vcxproj]
C:\Program Files\Microsoft Visual Studio\2022\Community\VC\Tools\MSVC\14.38.33130\include\__msvc_iter_core.hpp(492,40): warning C4996:         with [E:\C++\FlutterReflect\build\_deps\spdlog-build\spdlog.vcxproj]
C:\Program Files\Microsoft Visual Studio\2022\Community\VC\Tools\MSVC\14.38.33130\include\__msvc_iter_core.hpp(492,40): warning C4996:         [ [E:\C++\FlutterReflect\build\_deps\spdlog-build\spdlog.vcxproj]
C:\Program Files\Microsoft Visual Studio\2022\Community\VC\Tools\MSVC\14.38.33130\include\__msvc_iter_core.hpp(492,40): warning C4996:             T=int [E:\C++\FlutterReflect\build\_deps\spdlog-build\spdlog.vcxproj]
C:\Program Files\Microsoft Visual Studio\2022\Community\VC\Tools\MSVC\14.38.33130\include\__msvc_iter_core.hpp(492,40): warning C4996:         ] [E:\C++\FlutterReflect\build\_deps\spdlog-build\spdlog.vcxproj]
  (compiling source file '../spdlog-src/src/spdlog.cpp')
      C:\Program Files\Microsoft Visual Studio\2022\Community\VC\Tools\MSVC\14.38.33130\include\iterator(1470,58):
      see declaration of 'stdext::checked_array_iterator'
  
C:\Program Files\Microsoft Visual Studio\2022\Community\VC\Tools\MSVC\14.38.33130\include\__msvc_iter_core.hpp(492,31): warning C4996: 'stdext::checked_array_iterator<T *>::reference': warning STL4043: stdext::checked_array_iterator, stdext::unchecked_array_iterator, and related factory functions are non-Standard extensions and will be removed in the future. std::span (since C++20) and gsl::span can be used instead. You can define _SILENCE_STDEXT_ARR_ITERS_DEPRECATION_WARNING or _SILENCE_ALL_MS_EXT_DEPRECATION_WARNINGS to suppress this warning. [E:\C++\FlutterReflect\build\_deps\spdlog-build\spdlog.vcxproj]
C:\Program Files\Microsoft Visual Studio\2022\Community\VC\Tools\MSVC\14.38.33130\include\__msvc_iter_core.hpp(492,31): warning C4996:         with [E:\C++\FlutterReflect\build\_deps\spdlog-build\spdlog.vcxproj]
C:\Program Files\Microsoft Visual Studio\2022\Community\VC\Tools\MSVC\14.38.33130\include\__msvc_iter_core.hpp(492,31): warning C4996:         [ [E:\C++\FlutterReflect\build\_deps\spdlog-build\spdlog.vcxproj]
C:\Program Files\Microsoft Visual Studio\2022\Community\VC\Tools\MSVC\14.38.33130\include\__msvc_iter_core.hpp(492,31): warning C4996:             T=int [E:\C++\FlutterReflect\build\_deps\spdlog-build\spdlog.vcxproj]
C:\Program Files\Microsoft Visual Studio\2022\Community\VC\Tools\MSVC\14.38.33130\include\__msvc_iter_core.hpp(492,31): warning C4996:         ] [E:\C++\FlutterReflect\build\_deps\spdlog-build\spdlog.vcxproj]
  (compiling source file '../spdlog-src/src/spdlog.cpp')
  
C:\Program Files\Microsoft Visual Studio\2022\Community\VC\Tools\MSVC\14.38.33130\include\xutility(1255,12): warning C4996: 'stdext::checked_array_iterator<T *>::_Verify_offset': warning STL4043: stdext::checked_array_iterator, stdext::unchecked_array_iterator, and related factory functions are non-Standard extensions and will be removed in the future. std::span (since C++20) and gsl::span can be used instead. You can define _SILENCE_STDEXT_ARR_ITERS_DEPRECATION_WARNING or _SILENCE_ALL_MS_EXT_DEPRECATION_WARNINGS to suppress this warning. [E:\C++\FlutterReflect\build\_deps\spdlog-build\spdlog.vcxproj]
C:\Program Files\Microsoft Visual Studio\2022\Community\VC\Tools\MSVC\14.38.33130\include\xutility(1255,12): warning C4996:         with [E:\C++\FlutterReflect\build\_deps\spdlog-build\spdlog.vcxproj]
C:\Program Files\Microsoft Visual Studio\2022\Community\VC\Tools\MSVC\14.38.33130\include\xutility(1255,12): warning C4996:         [ [E:\C++\FlutterReflect\build\_deps\spdlog-build\spdlog.vcxproj]
C:\Program Files\Microsoft Visual Studio\2022\Community\VC\Tools\MSVC\14.38.33130\include\xutility(1255,12): warning C4996:             T=int [E:\C++\FlutterReflect\build\_deps\spdlog-build\spdlog.vcxproj]
C:\Program Files\Microsoft Visual Studio\2022\Community\VC\Tools\MSVC\14.38.33130\include\xutility(1255,12): warning C4996:         ] [E:\C++\FlutterReflect\build\_deps\spdlog-build\spdlog.vcxproj]
  (compiling source file '../spdlog-src/src/spdlog.cpp')
  
C:\Program Files\Microsoft Visual Studio\2022\Community\VC\Tools\MSVC\14.38.33130\include\xutility(1256,41): warning C4996: 'stdext::checked_array_iterator<T *>::_Unwrapped': warning STL4043: stdext::checked_array_iterator, stdext::unchecked_array_iterator, and related factory functions are non-Standard extensions and will be removed in the future. std::span (since C++20) and gsl::span can be used instead. You can define _SILENCE_STDEXT_ARR_ITERS_DEPRECATION_WARNING or _SILENCE_ALL_MS_EXT_DEPRECATION_WARNINGS to suppress this warning. [E:\C++\FlutterReflect\build\_deps\spdlog-build\spdlog.vcxproj]
C:\Program Files\Microsoft Visual Studio\2022\Community\VC\Tools\MSVC\14.38.33130\include\xutility(1256,41): warning C4996:         with [E:\C++\FlutterReflect\build\_deps\spdlog-build\spdlog.vcxproj]
C:\Program Files\Microsoft Visual Studio\2022\Community\VC\Tools\MSVC\14.38.33130\include\xutility(1256,41): warning C4996:         [ [E:\C++\FlutterReflect\build\_deps\spdlog-build\spdlog.vcxproj]
C:\Program Files\Microsoft Visual Studio\2022\Community\VC\Tools\MSVC\14.38.33130\include\xutility(1256,41): warning C4996:             T=int [E:\C++\FlutterReflect\build\_deps\spdlog-build\spdlog.vcxproj]
C:\Program Files\Microsoft Visual Studio\2022\Community\VC\Tools\MSVC\14.38.33130\include\xutility(1256,41): warning C4996:         ] [E:\C++\FlutterReflect\build\_deps\spdlog-build\spdlog.vcxproj]
  (compiling source file '../spdlog-src/src/spdlog.cpp')
  
C:\Program Files\Microsoft Visual Studio\2022\Community\VC\Tools\MSVC\14.38.33130\include\xutility(1277,12): warning C4996: 'stdext::checked_array_iterator<T *>::_Seek_to': warning STL4043: stdext::checked_array_iterator, stdext::unchecked_array_iterator, and related factory functions are non-Standard extensions and will be removed in the future. std::span (since C++20) and gsl::span can be used instead. You can define _SILENCE_STDEXT_ARR_ITERS_DEPRECATION_WARNING or _SILENCE_ALL_MS_EXT_DEPRECATION_WARNINGS to suppress this warning. [E:\C++\FlutterReflect\build\_deps\spdlog-build\spdlog.vcxproj]
C:\Program Files\Microsoft Visual Studio\2022\Community\VC\Tools\MSVC\14.38.33130\include\xutility(1277,12): warning C4996:         with [E:\C++\FlutterReflect\build\_deps\spdlog-build\spdlog.vcxproj]
C:\Program Files\Microsoft Visual Studio\2022\Community\VC\Tools\MSVC\14.38.33130\include\xutility(1277,12): warning C4996:         [ [E:\C++\FlutterReflect\build\_deps\spdlog-build\spdlog.vcxproj]
C:\Program Files\Microsoft Visual Studio\2022\Community\VC\Tools\MSVC\14.38.33130\include\xutility(1277,12): warning C4996:             T=int [E:\C++\FlutterReflect\build\_deps\spdlog-build\spdlog.vcxproj]
C:\Program Files\Microsoft Visual Studio\2022\Community\VC\Tools\MSVC\14.38.33130\include\xutility(1277,12): warning C4996:         ] [E:\C++\FlutterReflect\build\_deps\spdlog-build\spdlog.vcxproj]
  (compiling source file '../spdlog-src/src/spdlog.cpp')
      C:\Program Files\Microsoft Visual Studio\2022\Community\VC\Tools\MSVC\14.38.33130\include\xutility(1277,12):
      the template instantiation context (the oldest one first) is
          E:\C++\FlutterReflect\build\_deps\spdlog-src\include\spdlog\fmt\bundled\format.h(925,8):
          see reference to function template instantiation '_NoThrowFwdIt std::uninitialized_copy<T*,stdext::checked_array_iterator<T *>>(const _InIt,const _InIt,_NoThrowFwdIt)' being compiled
          with
          [
              _NoThrowFwdIt=stdext::checked_array_iterator<int *>,
              T=int,
              _InIt=int *
          ]
          C:\Program Files\Microsoft Visual Studio\2022\Community\VC\Tools\MSVC\14.38.33130\include\xmemory(1920,5):
          see reference to function template instantiation 'void std::_Seek_wrapped<_NoThrowFwdIt,int*>(_Iter &,_UIter &&)' being compiled
          with
          [
              _NoThrowFwdIt=stdext::checked_array_iterator<int *>,
              _Iter=stdext::checked_array_iterator<int *>,
              _UIter=int *
          ]
  
  spdlog.vcxproj -> E:\C++\FlutterReflect\build\_deps\spdlog-build\Debug\spdlogd.lib
  Building Custom Rule E:/C++/FlutterReflect/CMakeLists.txt
  message.cpp
  handler.cpp
C:\Program Files\Microsoft Visual Studio\2022\Community\VC\Tools\MSVC\14.38.33130\include\xutility(1141,31): warning C4996: 'stdext::checked_array_iterator<T *>': warning STL4043: stdext::checked_array_iterator, stdext::unchecked_array_iterator, and related factory functions are non-Standard extensions and will be removed in the future. std::span (since C++20) and gsl::span can be used instead. You can define _SILENCE_STDEXT_ARR_ITERS_DEPRECATION_WARNING or _SILENCE_ALL_MS_EXT_DEPRECATION_WARNINGS to suppress this warning. [E:\C++\FlutterReflect\build\flutter_reflect_lib.vcxproj]
C:\Program Files\Microsoft Visual Studio\2022\Community\VC\Tools\MSVC\14.38.33130\include\xutility(1141,31): warning C4996:         with [E:\C++\FlutterReflect\build\flutter_reflect_lib.vcxproj]
C:\Program Files\Microsoft Visual Studio\2022\Community\VC\Tools\MSVC\14.38.33130\include\xutility(1141,31): warning C4996:         [ [E:\C++\FlutterReflect\build\flutter_reflect_lib.vcxproj]
C:\Program Files\Microsoft Visual Studio\2022\Community\VC\Tools\MSVC\14.38.33130\include\xutility(1141,31): warning C4996:             T=fmt::v9::detail::bigint::bigit [E:\C++\FlutterReflect\build\flutter_reflect_lib.vcxproj]
C:\Program Files\Microsoft Visual Studio\2022\Community\VC\Tools\MSVC\14.38.33130\include\xutility(1141,31): warning C4996:         ] [E:\C++\FlutterReflect\build\flutter_reflect_lib.vcxproj]
  (compiling source file '../src/jsonrpc/handler.cpp')
      C:\Program Files\Microsoft Visual Studio\2022\Community\VC\Tools\MSVC\14.38.33130\include\iterator(1470,58):
      see declaration of 'stdext::checked_array_iterator'
      C:\Program Files\Microsoft Visual Studio\2022\Community\VC\Tools\MSVC\14.38.33130\include\xutility(1141,31):
      the template instantiation context (the oldest one first) is
          E:\C++\FlutterReflect\build\_deps\spdlog-src\include\spdlog\fmt\bundled\format.h(2807,10):
          see reference to function template instantiation '_OutIt std::copy<const T*,stdext::checked_array_iterator<T *>>(_InIt,_InIt,_OutIt)' being compiled
          with
          [
              _OutIt=stdext::checked_array_iterator<fmt::v9::detail::bigint::bigit *>,
              T=fmt::v9::detail::bigint::bigit,
              _InIt=const fmt::v9::detail::bigint::bigit *
          ]
          C:\Program Files\Microsoft Visual Studio\2022\Community\VC\Tools\MSVC\14.38.33130\include\xutility(4610,26):
          see reference to function template instantiation 'decltype(auto) std::_Get_unwrapped_n<_OutIt&,__int64>(_Iter,const _Diff)' being compiled
          with
          [
              _OutIt=stdext::checked_array_iterator<fmt::v9::detail::bigint::bigit *>,
              _Iter=stdext::checked_array_iterator<fmt::v9::detail::bigint::bigit *> &,
              _Diff=__int64
          ]
          C:\Program Files\Microsoft Visual Studio\2022\Community\VC\Tools\MSVC\14.38.33130\include\xutility(1244,26):
          see reference to variable template 'const bool _Unwrappable_for_offset_v<stdext::checked_array_iterator<unsigned int *> &>' being compiled
          C:\Program Files\Microsoft Visual Studio\2022\Community\VC\Tools\MSVC\14.38.33130\include\xutility(1238,5):
          see reference to variable template 'const bool _Unwrappable_v<stdext::checked_array_iterator<unsigned int *> &,void>' being compiled
          C:\Program Files\Microsoft Visual Studio\2022\Community\VC\Tools\MSVC\14.38.33130\include\xutility(1165,5):
          see reference to variable template 'const bool _Allow_inheriting_unwrap_v<stdext::checked_array_iterator<unsigned int *>,void>' being compiled
  
C:\Program Files\Microsoft Visual Studio\2022\Community\VC\Tools\MSVC\14.38.33130\include\xutility(1141,22): warning C4996: 'stdext::checked_array_iterator<T *>::_Prevent_inheriting_unwrap': warning STL4043: stdext::checked_array_iterator, stdext::unchecked_array_iterator, and related factory functions are non-Standard extensions and will be removed in the future. std::span (since C++20) and gsl::span can be used instead. You can define _SILENCE_STDEXT_ARR_ITERS_DEPRECATION_WARNING or _SILENCE_ALL_MS_EXT_DEPRECATION_WARNINGS to suppress this warning. [E:\C++\FlutterReflect\build\flutter_reflect_lib.vcxproj]
C:\Program Files\Microsoft Visual Studio\2022\Community\VC\Tools\MSVC\14.38.33130\include\xutility(1141,22): warning C4996:         with [E:\C++\FlutterReflect\build\flutter_reflect_lib.vcxproj]
C:\Program Files\Microsoft Visual Studio\2022\Community\VC\Tools\MSVC\14.38.33130\include\xutility(1141,22): warning C4996:         [ [E:\C++\FlutterReflect\build\flutter_reflect_lib.vcxproj]
C:\Program Files\Microsoft Visual Studio\2022\Community\VC\Tools\MSVC\14.38.33130\include\xutility(1141,22): warning C4996:             T=fmt::v9::detail::bigint::bigit [E:\C++\FlutterReflect\build\flutter_reflect_lib.vcxproj]
C:\Program Files\Microsoft Visual Studio\2022\Community\VC\Tools\MSVC\14.38.33130\include\xutility(1141,22): warning C4996:         ] [E:\C++\FlutterReflect\build\flutter_reflect_lib.vcxproj]
  (compiling source file '../src/jsonrpc/handler.cpp')
  
C:\Program Files\Microsoft Visual Studio\2022\Community\VC\Tools\MSVC\14.38.33130\include\__msvc_iter_core.hpp(488,40): warning C4996: 'stdext::checked_array_iterator<T *>': warning STL4043: stdext::checked_array_iterator, stdext::unchecked_array_iterator, and related factory functions are non-Standard extensions and will be removed in the future. std::span (since C++20) and gsl::span can be used instead. You can define _SILENCE_STDEXT_ARR_ITERS_DEPRECATION_WARNING or _SILENCE_ALL_MS_EXT_DEPRECATION_WARNINGS to suppress this warning. [E:\C++\FlutterReflect\build\flutter_reflect_lib.vcxproj]
C:\Program Files\Microsoft Visual Studio\2022\Community\VC\Tools\MSVC\14.38.33130\include\__msvc_iter_core.hpp(488,40): warning C4996:         with [E:\C++\FlutterReflect\build\flutter_reflect_lib.vcxproj]
C:\Program Files\Microsoft Visual Studio\2022\Community\VC\Tools\MSVC\14.38.33130\include\__msvc_iter_core.hpp(488,40): warning C4996:         [ [E:\C++\FlutterReflect\build\flutter_reflect_lib.vcxproj]
C:\Program Files\Microsoft Visual Studio\2022\Community\VC\Tools\MSVC\14.38.33130\include\__msvc_iter_core.hpp(488,40): warning C4996:             T=fmt::v9::detail::bigint::bigit [E:\C++\FlutterReflect\build\flutter_reflect_lib.vcxproj]
C:\Program Files\Microsoft Visual Studio\2022\Community\VC\Tools\MSVC\14.38.33130\include\__msvc_iter_core.hpp(488,40): warning C4996:         ] [E:\C++\FlutterReflect\build\flutter_reflect_lib.vcxproj]
  (compiling source file '../src/jsonrpc/handler.cpp')
      C:\Program Files\Microsoft Visual Studio\2022\Community\VC\Tools\MSVC\14.38.33130\include\iterator(1470,58):
      see declaration of 'stdext::checked_array_iterator'
      C:\Program Files\Microsoft Visual Studio\2022\Community\VC\Tools\MSVC\14.38.33130\include\__msvc_iter_core.hpp(488,40):
      the template instantiation context (the oldest one first) is
          C:\Program Files\Microsoft Visual Studio\2022\Community\VC\Tools\MSVC\14.38.33130\include\xutility(1233,93):
          see reference to alias template instantiation 'std::_Iter_diff_t<_Iter>' being compiled
          with
          [
              _Iter=stdext::checked_array_iterator<fmt::v9::detail::bigint::bigit *>
          ]
          C:\Program Files\Microsoft Visual Studio\2022\Community\VC\Tools\MSVC\14.38.33130\include\xutility(1238,5):
          see reference to class template instantiation 'std::iterator_traits<_Iter>' being compiled
          with
          [
              _Iter=stdext::checked_array_iterator<fmt::v9::detail::bigint::bigit *>
          ]
          C:\Program Files\Microsoft Visual Studio\2022\Community\VC\Tools\MSVC\14.38.33130\include\__msvc_iter_core.hpp(508,26):
          see reference to class template instantiation 'std::_Iterator_traits_base<_Iter,void>' being compiled
          with
          [
              _Iter=stdext::checked_array_iterator<fmt::v9::detail::bigint::bigit *>
          ]
  
C:\Program Files\Microsoft Visual Studio\2022\Community\VC\Tools\MSVC\14.38.33130\include\__msvc_iter_core.hpp(488,31): warning C4996: 'stdext::checked_array_iterator<T *>::iterator_category': warning STL4043: stdext::checked_array_iterator, stdext::unchecked_array_iterator, and related factory functions are non-Standard extensions and will be removed in the future. std::span (since C++20) and gsl::span can be used instead. You can define _SILENCE_STDEXT_ARR_ITERS_DEPRECATION_WARNING or _SILENCE_ALL_MS_EXT_DEPRECATION_WARNINGS to suppress this warning. [E:\C++\FlutterReflect\build\flutter_reflect_lib.vcxproj]
C:\Program Files\Microsoft Visual Studio\2022\Community\VC\Tools\MSVC\14.38.33130\include\__msvc_iter_core.hpp(488,31): warning C4996:         with [E:\C++\FlutterReflect\build\flutter_reflect_lib.vcxproj]
C:\Program Files\Microsoft Visual Studio\2022\Community\VC\Tools\MSVC\14.38.33130\include\__msvc_iter_core.hpp(488,31): warning C4996:         [ [E:\C++\FlutterReflect\build\flutter_reflect_lib.vcxproj]
C:\Program Files\Microsoft Visual Studio\2022\Community\VC\Tools\MSVC\14.38.33130\include\__msvc_iter_core.hpp(488,31): warning C4996:             T=fmt::v9::detail::bigint::bigit [E:\C++\FlutterReflect\build\flutter_reflect_lib.vcxproj]
C:\Program Files\Microsoft Visual Studio\2022\Community\VC\Tools\MSVC\14.38.33130\include\__msvc_iter_core.hpp(488,31): warning C4996:         ] [E:\C++\FlutterReflect\build\flutter_reflect_lib.vcxproj]
  (compiling source file '../src/jsonrpc/handler.cpp')
  
C:\Program Files\Microsoft Visual Studio\2022\Community\VC\Tools\MSVC\14.38.33130\include\__msvc_iter_core.hpp(489,40): warning C4996: 'stdext::checked_array_iterator<T *>': warning STL4043: stdext::checked_array_iterator, stdext::unchecked_array_iterator, and related factory functions are non-Standard extensions and will be removed in the future. std::span (since C++20) and gsl::span can be used instead. You can define _SILENCE_STDEXT_ARR_ITERS_DEPRECATION_WARNING or _SILENCE_ALL_MS_EXT_DEPRECATION_WARNINGS to suppress this warning. [E:\C++\FlutterReflect\build\flutter_reflect_lib.vcxproj]
C:\Program Files\Microsoft Visual Studio\2022\Community\VC\Tools\MSVC\14.38.33130\include\__msvc_iter_core.hpp(489,40): warning C4996:         with [E:\C++\FlutterReflect\build\flutter_reflect_lib.vcxproj]
C:\Program Files\Microsoft Visual Studio\2022\Community\VC\Tools\MSVC\14.38.33130\include\__msvc_iter_core.hpp(489,40): warning C4996:         [ [E:\C++\FlutterReflect\build\flutter_reflect_lib.vcxproj]
C:\Program Files\Microsoft Visual Studio\2022\Community\VC\Tools\MSVC\14.38.33130\include\__msvc_iter_core.hpp(489,40): warning C4996:             T=fmt::v9::detail::bigint::bigit [E:\C++\FlutterReflect\build\flutter_reflect_lib.vcxproj]
C:\Program Files\Microsoft Visual Studio\2022\Community\VC\Tools\MSVC\14.38.33130\include\__msvc_iter_core.hpp(489,40): warning C4996:         ] [E:\C++\FlutterReflect\build\flutter_reflect_lib.vcxproj]
  (compiling source file '../src/jsonrpc/handler.cpp')
      C:\Program Files\Microsoft Visual Studio\2022\Community\VC\Tools\MSVC\14.38.33130\include\iterator(1470,58):
      see declaration of 'stdext::checked_array_iterator'
  
C:\Program Files\Microsoft Visual Studio\2022\Community\VC\Tools\MSVC\14.38.33130\include\__msvc_iter_core.hpp(489,31): warning C4996: 'stdext::checked_array_iterator<T *>::value_type': warning STL4043: stdext::checked_array_iterator, stdext::unchecked_array_iterator, and related factory functions are non-Standard extensions and will be removed in the future. std::span (since C++20) and gsl::span can be used instead. You can define _SILENCE_STDEXT_ARR_ITERS_DEPRECATION_WARNING or _SILENCE_ALL_MS_EXT_DEPRECATION_WARNINGS to suppress this warning. [E:\C++\FlutterReflect\build\flutter_reflect_lib.vcxproj]
C:\Program Files\Microsoft Visual Studio\2022\Community\VC\Tools\MSVC\14.38.33130\include\__msvc_iter_core.hpp(489,31): warning C4996:         with [E:\C++\FlutterReflect\build\flutter_reflect_lib.vcxproj]
C:\Program Files\Microsoft Visual Studio\2022\Community\VC\Tools\MSVC\14.38.33130\include\__msvc_iter_core.hpp(489,31): warning C4996:         [ [E:\C++\FlutterReflect\build\flutter_reflect_lib.vcxproj]
C:\Program Files\Microsoft Visual Studio\2022\Community\VC\Tools\MSVC\14.38.33130\include\__msvc_iter_core.hpp(489,31): warning C4996:             T=fmt::v9::detail::bigint::bigit [E:\C++\FlutterReflect\build\flutter_reflect_lib.vcxproj]
C:\Program Files\Microsoft Visual Studio\2022\Community\VC\Tools\MSVC\14.38.33130\include\__msvc_iter_core.hpp(489,31): warning C4996:         ] [E:\C++\FlutterReflect\build\flutter_reflect_lib.vcxproj]
  (compiling source file '../src/jsonrpc/handler.cpp')
  
C:\Program Files\Microsoft Visual Studio\2022\Community\VC\Tools\MSVC\14.38.33130\include\__msvc_iter_core.hpp(490,40): warning C4996: 'stdext::checked_array_iterator<T *>': warning STL4043: stdext::checked_array_iterator, stdext::unchecked_array_iterator, and related factory functions are non-Standard extensions and will be removed in the future. std::span (since C++20) and gsl::span can be used instead. You can define _SILENCE_STDEXT_ARR_ITERS_DEPRECATION_WARNING or _SILENCE_ALL_MS_EXT_DEPRECATION_WARNINGS to suppress this warning. [E:\C++\FlutterReflect\build\flutter_reflect_lib.vcxproj]
C:\Program Files\Microsoft Visual Studio\2022\Community\VC\Tools\MSVC\14.38.33130\include\__msvc_iter_core.hpp(490,40): warning C4996:         with [E:\C++\FlutterReflect\build\flutter_reflect_lib.vcxproj]
C:\Program Files\Microsoft Visual Studio\2022\Community\VC\Tools\MSVC\14.38.33130\include\__msvc_iter_core.hpp(490,40): warning C4996:         [ [E:\C++\FlutterReflect\build\flutter_reflect_lib.vcxproj]
C:\Program Files\Microsoft Visual Studio\2022\Community\VC\Tools\MSVC\14.38.33130\include\__msvc_iter_core.hpp(490,40): warning C4996:             T=fmt::v9::detail::bigint::bigit [E:\C++\FlutterReflect\build\flutter_reflect_lib.vcxproj]
C:\Program Files\Microsoft Visual Studio\2022\Community\VC\Tools\MSVC\14.38.33130\include\__msvc_iter_core.hpp(490,40): warning C4996:         ] [E:\C++\FlutterReflect\build\flutter_reflect_lib.vcxproj]
  (compiling source file '../src/jsonrpc/handler.cpp')
      C:\Program Files\Microsoft Visual Studio\2022\Community\VC\Tools\MSVC\14.38.33130\include\iterator(1470,58):
      see declaration of 'stdext::checked_array_iterator'
  
C:\Program Files\Microsoft Visual Studio\2022\Community\VC\Tools\MSVC\14.38.33130\include\__msvc_iter_core.hpp(490,31): warning C4996: 'stdext::checked_array_iterator<T *>::difference_type': warning STL4043: stdext::checked_array_iterator, stdext::unchecked_array_iterator, and related factory functions are non-Standard extensions and will be removed in the future. std::span (since C++20) and gsl::span can be used instead. You can define _SILENCE_STDEXT_ARR_ITERS_DEPRECATION_WARNING or _SILENCE_ALL_MS_EXT_DEPRECATION_WARNINGS to suppress this warning. [E:\C++\FlutterReflect\build\flutter_reflect_lib.vcxproj]
C:\Program Files\Microsoft Visual Studio\2022\Community\VC\Tools\MSVC\14.38.33130\include\__msvc_iter_core.hpp(490,31): warning C4996:         with [E:\C++\FlutterReflect\build\flutter_reflect_lib.vcxproj]
C:\Program Files\Microsoft Visual Studio\2022\Community\VC\Tools\MSVC\14.38.33130\include\__msvc_iter_core.hpp(490,31): warning C4996:         [ [E:\C++\FlutterReflect\build\flutter_reflect_lib.vcxproj]
C:\Program Files\Microsoft Visual Studio\2022\Community\VC\Tools\MSVC\14.38.33130\include\__msvc_iter_core.hpp(490,31): warning C4996:             T=fmt::v9::detail::bigint::bigit [E:\C++\FlutterReflect\build\flutter_reflect_lib.vcxproj]
C:\Program Files\Microsoft Visual Studio\2022\Community\VC\Tools\MSVC\14.38.33130\include\__msvc_iter_core.hpp(490,31): warning C4996:         ] [E:\C++\FlutterReflect\build\flutter_reflect_lib.vcxproj]
  (compiling source file '../src/jsonrpc/handler.cpp')
  
C:\Program Files\Microsoft Visual Studio\2022\Community\VC\Tools\MSVC\14.38.33130\include\__msvc_iter_core.hpp(491,40): warning C4996: 'stdext::checked_array_iterator<T *>': warning STL4043: stdext::checked_array_iterator, stdext::unchecked_array_iterator, and related factory functions are non-Standard extensions and will be removed in the future. std::span (since C++20) and gsl::span can be used instead. You can define _SILENCE_STDEXT_ARR_ITERS_DEPRECATION_WARNING or _SILENCE_ALL_MS_EXT_DEPRECATION_WARNINGS to suppress this warning. [E:\C++\FlutterReflect\build\flutter_reflect_lib.vcxproj]
C:\Program Files\Microsoft Visual Studio\2022\Community\VC\Tools\MSVC\14.38.33130\include\__msvc_iter_core.hpp(491,40): warning C4996:         with [E:\C++\FlutterReflect\build\flutter_reflect_lib.vcxproj]
C:\Program Files\Microsoft Visual Studio\2022\Community\VC\Tools\MSVC\14.38.33130\include\__msvc_iter_core.hpp(491,40): warning C4996:         [ [E:\C++\FlutterReflect\build\flutter_reflect_lib.vcxproj]
C:\Program Files\Microsoft Visual Studio\2022\Community\VC\Tools\MSVC\14.38.33130\include\__msvc_iter_core.hpp(491,40): warning C4996:             T=fmt::v9::detail::bigint::bigit [E:\C++\FlutterReflect\build\flutter_reflect_lib.vcxproj]
C:\Program Files\Microsoft Visual Studio\2022\Community\VC\Tools\MSVC\14.38.33130\include\__msvc_iter_core.hpp(491,40): warning C4996:         ] [E:\C++\FlutterReflect\build\flutter_reflect_lib.vcxproj]
  (compiling source file '../src/jsonrpc/handler.cpp')
      C:\Program Files\Microsoft Visual Studio\2022\Community\VC\Tools\MSVC\14.38.33130\include\iterator(1470,58):
      see declaration of 'stdext::checked_array_iterator'
  
C:\Program Files\Microsoft Visual Studio\2022\Community\VC\Tools\MSVC\14.38.33130\include\__msvc_iter_core.hpp(491,31): warning C4996: 'stdext::checked_array_iterator<T *>::pointer': warning STL4043: stdext::checked_array_iterator, stdext::unchecked_array_iterator, and related factory functions are non-Standard extensions and will be removed in the future. std::span (since C++20) and gsl::span can be used instead. You can define _SILENCE_STDEXT_ARR_ITERS_DEPRECATION_WARNING or _SILENCE_ALL_MS_EXT_DEPRECATION_WARNINGS to suppress this warning. [E:\C++\FlutterReflect\build\flutter_reflect_lib.vcxproj]
C:\Program Files\Microsoft Visual Studio\2022\Community\VC\Tools\MSVC\14.38.33130\include\__msvc_iter_core.hpp(491,31): warning C4996:         with [E:\C++\FlutterReflect\build\flutter_reflect_lib.vcxproj]
C:\Program Files\Microsoft Visual Studio\2022\Community\VC\Tools\MSVC\14.38.33130\include\__msvc_iter_core.hpp(491,31): warning C4996:         [ [E:\C++\FlutterReflect\build\flutter_reflect_lib.vcxproj]
C:\Program Files\Microsoft Visual Studio\2022\Community\VC\Tools\MSVC\14.38.33130\include\__msvc_iter_core.hpp(491,31): warning C4996:             T=fmt::v9::detail::bigint::bigit [E:\C++\FlutterReflect\build\flutter_reflect_lib.vcxproj]
C:\Program Files\Microsoft Visual Studio\2022\Community\VC\Tools\MSVC\14.38.33130\include\__msvc_iter_core.hpp(491,31): warning C4996:         ] [E:\C++\FlutterReflect\build\flutter_reflect_lib.vcxproj]
  (compiling source file '../src/jsonrpc/handler.cpp')
  
C:\Program Files\Microsoft Visual Studio\2022\Community\VC\Tools\MSVC\14.38.33130\include\__msvc_iter_core.hpp(492,40): warning C4996: 'stdext::checked_array_iterator<T *>': warning STL4043: stdext::checked_array_iterator, stdext::unchecked_array_iterator, and related factory functions are non-Standard extensions and will be removed in the future. std::span (since C++20) and gsl::span can be used instead. You can define _SILENCE_STDEXT_ARR_ITERS_DEPRECATION_WARNING or _SILENCE_ALL_MS_EXT_DEPRECATION_WARNINGS to suppress this warning. [E:\C++\FlutterReflect\build\flutter_reflect_lib.vcxproj]
C:\Program Files\Microsoft Visual Studio\2022\Community\VC\Tools\MSVC\14.38.33130\include\__msvc_iter_core.hpp(492,40): warning C4996:         with [E:\C++\FlutterReflect\build\flutter_reflect_lib.vcxproj]
C:\Program Files\Microsoft Visual Studio\2022\Community\VC\Tools\MSVC\14.38.33130\include\__msvc_iter_core.hpp(492,40): warning C4996:         [ [E:\C++\FlutterReflect\build\flutter_reflect_lib.vcxproj]
C:\Program Files\Microsoft Visual Studio\2022\Community\VC\Tools\MSVC\14.38.33130\include\__msvc_iter_core.hpp(492,40): warning C4996:             T=fmt::v9::detail::bigint::bigit [E:\C++\FlutterReflect\build\flutter_reflect_lib.vcxproj]
C:\Program Files\Microsoft Visual Studio\2022\Community\VC\Tools\MSVC\14.38.33130\include\__msvc_iter_core.hpp(492,40): warning C4996:         ] [E:\C++\FlutterReflect\build\flutter_reflect_lib.vcxproj]
  (compiling source file '../src/jsonrpc/handler.cpp')
      C:\Program Files\Microsoft Visual Studio\2022\Community\VC\Tools\MSVC\14.38.33130\include\iterator(1470,58):
      see declaration of 'stdext::checked_array_iterator'
  
C:\Program Files\Microsoft Visual Studio\2022\Community\VC\Tools\MSVC\14.38.33130\include\__msvc_iter_core.hpp(492,31): warning C4996: 'stdext::checked_array_iterator<T *>::reference': warning STL4043: stdext::checked_array_iterator, stdext::unchecked_array_iterator, and related factory functions are non-Standard extensions and will be removed in the future. std::span (since C++20) and gsl::span can be used instead. You can define _SILENCE_STDEXT_ARR_ITERS_DEPRECATION_WARNING or _SILENCE_ALL_MS_EXT_DEPRECATION_WARNINGS to suppress this warning. [E:\C++\FlutterReflect\build\flutter_reflect_lib.vcxproj]
C:\Program Files\Microsoft Visual Studio\2022\Community\VC\Tools\MSVC\14.38.33130\include\__msvc_iter_core.hpp(492,31): warning C4996:         with [E:\C++\FlutterReflect\build\flutter_reflect_lib.vcxproj]
C:\Program Files\Microsoft Visual Studio\2022\Community\VC\Tools\MSVC\14.38.33130\include\__msvc_iter_core.hpp(492,31): warning C4996:         [ [E:\C++\FlutterReflect\build\flutter_reflect_lib.vcxproj]
C:\Program Files\Microsoft Visual Studio\2022\Community\VC\Tools\MSVC\14.38.33130\include\__msvc_iter_core.hpp(492,31): warning C4996:             T=fmt::v9::detail::bigint::bigit [E:\C++\FlutterReflect\build\flutter_reflect_lib.vcxproj]
C:\Program Files\Microsoft Visual Studio\2022\Community\VC\Tools\MSVC\14.38.33130\include\__msvc_iter_core.hpp(492,31): warning C4996:         ] [E:\C++\FlutterReflect\build\flutter_reflect_lib.vcxproj]
  (compiling source file '../src/jsonrpc/handler.cpp')
  
C:\Program Files\Microsoft Visual Studio\2022\Community\VC\Tools\MSVC\14.38.33130\include\xutility(1255,12): warning C4996: 'stdext::checked_array_iterator<T *>::_Verify_offset': warning STL4043: stdext::checked_array_iterator, stdext::unchecked_array_iterator, and related factory functions are non-Standard extensions and will be removed in the future. std::span (since C++20) and gsl::span can be used instead. You can define _SILENCE_STDEXT_ARR_ITERS_DEPRECATION_WARNING or _SILENCE_ALL_MS_EXT_DEPRECATION_WARNINGS to suppress this warning. [E:\C++\FlutterReflect\build\flutter_reflect_lib.vcxproj]
C:\Program Files\Microsoft Visual Studio\2022\Community\VC\Tools\MSVC\14.38.33130\include\xutility(1255,12): warning C4996:         with [E:\C++\FlutterReflect\build\flutter_reflect_lib.vcxproj]
C:\Program Files\Microsoft Visual Studio\2022\Community\VC\Tools\MSVC\14.38.33130\include\xutility(1255,12): warning C4996:         [ [E:\C++\FlutterReflect\build\flutter_reflect_lib.vcxproj]
C:\Program Files\Microsoft Visual Studio\2022\Community\VC\Tools\MSVC\14.38.33130\include\xutility(1255,12): warning C4996:             T=fmt::v9::detail::bigint::bigit [E:\C++\FlutterReflect\build\flutter_reflect_lib.vcxproj]
C:\Program Files\Microsoft Visual Studio\2022\Community\VC\Tools\MSVC\14.38.33130\include\xutility(1255,12): warning C4996:         ] [E:\C++\FlutterReflect\build\flutter_reflect_lib.vcxproj]
  (compiling source file '../src/jsonrpc/handler.cpp')
  
C:\Program Files\Microsoft Visual Studio\2022\Community\VC\Tools\MSVC\14.38.33130\include\xutility(1256,41): warning C4996: 'stdext::checked_array_iterator<T *>::_Unwrapped': warning STL4043: stdext::checked_array_iterator, stdext::unchecked_array_iterator, and related factory functions are non-Standard extensions and will be removed in the future. std::span (since C++20) and gsl::span can be used instead. You can define _SILENCE_STDEXT_ARR_ITERS_DEPRECATION_WARNING or _SILENCE_ALL_MS_EXT_DEPRECATION_WARNINGS to suppress this warning. [E:\C++\FlutterReflect\build\flutter_reflect_lib.vcxproj]
C:\Program Files\Microsoft Visual Studio\2022\Community\VC\Tools\MSVC\14.38.33130\include\xutility(1256,41): warning C4996:         with [E:\C++\FlutterReflect\build\flutter_reflect_lib.vcxproj]
C:\Program Files\Microsoft Visual Studio\2022\Community\VC\Tools\MSVC\14.38.33130\include\xutility(1256,41): warning C4996:         [ [E:\C++\FlutterReflect\build\flutter_reflect_lib.vcxproj]
C:\Program Files\Microsoft Visual Studio\2022\Community\VC\Tools\MSVC\14.38.33130\include\xutility(1256,41): warning C4996:             T=fmt::v9::detail::bigint::bigit [E:\C++\FlutterReflect\build\flutter_reflect_lib.vcxproj]
C:\Program Files\Microsoft Visual Studio\2022\Community\VC\Tools\MSVC\14.38.33130\include\xutility(1256,41): warning C4996:         ] [E:\C++\FlutterReflect\build\flutter_reflect_lib.vcxproj]
  (compiling source file '../src/jsonrpc/handler.cpp')
  
C:\Program Files\Microsoft Visual Studio\2022\Community\VC\Tools\MSVC\14.38.33130\include\xutility(1141,31): warning C4996: 'stdext::checked_array_iterator<T *>': warning STL4043: stdext::checked_array_iterator, stdext::unchecked_array_iterator, and related factory functions are non-Standard extensions and will be removed in the future. std::span (since C++20) and gsl::span can be used instead. You can define _SILENCE_STDEXT_ARR_ITERS_DEPRECATION_WARNING or _SILENCE_ALL_MS_EXT_DEPRECATION_WARNINGS to suppress this warning. [E:\C++\FlutterReflect\build\flutter_reflect_lib.vcxproj]
C:\Program Files\Microsoft Visual Studio\2022\Community\VC\Tools\MSVC\14.38.33130\include\xutility(1141,31): warning C4996:         with [E:\C++\FlutterReflect\build\flutter_reflect_lib.vcxproj]
C:\Program Files\Microsoft Visual Studio\2022\Community\VC\Tools\MSVC\14.38.33130\include\xutility(1141,31): warning C4996:         [ [E:\C++\FlutterReflect\build\flutter_reflect_lib.vcxproj]
C:\Program Files\Microsoft Visual Studio\2022\Community\VC\Tools\MSVC\14.38.33130\include\xutility(1141,31): warning C4996:             T=wchar_t [E:\C++\FlutterReflect\build\flutter_reflect_lib.vcxproj]
C:\Program Files\Microsoft Visual Studio\2022\Community\VC\Tools\MSVC\14.38.33130\include\xutility(1141,31): warning C4996:         ] [E:\C++\FlutterReflect\build\flutter_reflect_lib.vcxproj]
  (compiling source file '../src/jsonrpc/handler.cpp')
      C:\Program Files\Microsoft Visual Studio\2022\Community\VC\Tools\MSVC\14.38.33130\include\iterator(1470,58):
      see declaration of 'stdext::checked_array_iterator'
      C:\Program Files\Microsoft Visual Studio\2022\Community\VC\Tools\MSVC\14.38.33130\include\xutility(1141,31):
      the template instantiation context (the oldest one first) is
          E:\C++\FlutterReflect\build\_deps\spdlog-src\include\spdlog\fmt\bundled\format.h(1276,32):
          see reference to class template instantiation 'fmt::v9::basic_memory_buffer<wchar_t,500,std::allocator<wchar_t>>' being compiled
          E:\C++\FlutterReflect\build\_deps\spdlog-src\include\spdlog\fmt\bundled\format.h(912,18):
          while compiling class template member function 'void fmt::v9::basic_memory_buffer<wchar_t,500,std::allocator<wchar_t>>::grow(size_t)'
          E:\C++\FlutterReflect\build\_deps\spdlog-src\include\spdlog\fmt\bundled\format.h(925,8):
          see reference to function template instantiation '_NoThrowFwdIt std::uninitialized_copy<T*,stdext::checked_array_iterator<T *>>(const _InIt,const _InIt,_NoThrowFwdIt)' being compiled
          with
          [
              _NoThrowFwdIt=stdext::checked_array_iterator<wchar_t *>,
              T=wchar_t,
              _InIt=wchar_t *
          ]
          C:\Program Files\Microsoft Visual Studio\2022\Community\VC\Tools\MSVC\14.38.33130\include\xmemory(1919,25):
          see reference to function template instantiation 'decltype(auto) std::_Get_unwrapped_n<_NoThrowFwdIt&,__int64>(_Iter,const _Diff)' being compiled
          with
          [
              _NoThrowFwdIt=stdext::checked_array_iterator<wchar_t *>,
              _Iter=stdext::checked_array_iterator<wchar_t *> &,
              _Diff=__int64
          ]
          C:\Program Files\Microsoft Visual Studio\2022\Community\VC\Tools\MSVC\14.38.33130\include\xutility(1244,26):
          see reference to variable template 'const bool _Unwrappable_for_offset_v<stdext::checked_array_iterator<wchar_t *> &>' being compiled
          C:\Program Files\Microsoft Visual Studio\2022\Community\VC\Tools\MSVC\14.38.33130\include\xutility(1238,5):
          see reference to variable template 'const bool _Unwrappable_v<stdext::checked_array_iterator<wchar_t *> &,void>' being compiled
          C:\Program Files\Microsoft Visual Studio\2022\Community\VC\Tools\MSVC\14.38.33130\include\xutility(1165,5):
          see reference to variable template 'const bool _Allow_inheriting_unwrap_v<stdext::checked_array_iterator<wchar_t *>,void>' being compiled
  
C:\Program Files\Microsoft Visual Studio\2022\Community\VC\Tools\MSVC\14.38.33130\include\xutility(1141,22): warning C4996: 'stdext::checked_array_iterator<T *>::_Prevent_inheriting_unwrap': warning STL4043: stdext::checked_array_iterator, stdext::unchecked_array_iterator, and related factory functions are non-Standard extensions and will be removed in the future. std::span (since C++20) and gsl::span can be used instead. You can define _SILENCE_STDEXT_ARR_ITERS_DEPRECATION_WARNING or _SILENCE_ALL_MS_EXT_DEPRECATION_WARNINGS to suppress this warning. [E:\C++\FlutterReflect\build\flutter_reflect_lib.vcxproj]
C:\Program Files\Microsoft Visual Studio\2022\Community\VC\Tools\MSVC\14.38.33130\include\xutility(1141,22): warning C4996:         with [E:\C++\FlutterReflect\build\flutter_reflect_lib.vcxproj]
C:\Program Files\Microsoft Visual Studio\2022\Community\VC\Tools\MSVC\14.38.33130\include\xutility(1141,22): warning C4996:         [ [E:\C++\FlutterReflect\build\flutter_reflect_lib.vcxproj]
C:\Program Files\Microsoft Visual Studio\2022\Community\VC\Tools\MSVC\14.38.33130\include\xutility(1141,22): warning C4996:             T=wchar_t [E:\C++\FlutterReflect\build\flutter_reflect_lib.vcxproj]
C:\Program Files\Microsoft Visual Studio\2022\Community\VC\Tools\MSVC\14.38.33130\include\xutility(1141,22): warning C4996:         ] [E:\C++\FlutterReflect\build\flutter_reflect_lib.vcxproj]
  (compiling source file '../src/jsonrpc/handler.cpp')
  
C:\Program Files\Microsoft Visual Studio\2022\Community\VC\Tools\MSVC\14.38.33130\include\__msvc_iter_core.hpp(488,40): warning C4996: 'stdext::checked_array_iterator<T *>': warning STL4043: stdext::checked_array_iterator, stdext::unchecked_array_iterator, and related factory functions are non-Standard extensions and will be removed in the future. std::span (since C++20) and gsl::span can be used instead. You can define _SILENCE_STDEXT_ARR_ITERS_DEPRECATION_WARNING or _SILENCE_ALL_MS_EXT_DEPRECATION_WARNINGS to suppress this warning. [E:\C++\FlutterReflect\build\flutter_reflect_lib.vcxproj]
C:\Program Files\Microsoft Visual Studio\2022\Community\VC\Tools\MSVC\14.38.33130\include\__msvc_iter_core.hpp(488,40): warning C4996:         with [E:\C++\FlutterReflect\build\flutter_reflect_lib.vcxproj]
C:\Program Files\Microsoft Visual Studio\2022\Community\VC\Tools\MSVC\14.38.33130\include\__msvc_iter_core.hpp(488,40): warning C4996:         [ [E:\C++\FlutterReflect\build\flutter_reflect_lib.vcxproj]
C:\Program Files\Microsoft Visual Studio\2022\Community\VC\Tools\MSVC\14.38.33130\include\__msvc_iter_core.hpp(488,40): warning C4996:             T=wchar_t [E:\C++\FlutterReflect\build\flutter_reflect_lib.vcxproj]
C:\Program Files\Microsoft Visual Studio\2022\Community\VC\Tools\MSVC\14.38.33130\include\__msvc_iter_core.hpp(488,40): warning C4996:         ] [E:\C++\FlutterReflect\build\flutter_reflect_lib.vcxproj]
  (compiling source file '../src/jsonrpc/handler.cpp')
      C:\Program Files\Microsoft Visual Studio\2022\Community\VC\Tools\MSVC\14.38.33130\include\iterator(1470,58):
      see declaration of 'stdext::checked_array_iterator'
      C:\Program Files\Microsoft Visual Studio\2022\Community\VC\Tools\MSVC\14.38.33130\include\__msvc_iter_core.hpp(488,40):
      the template instantiation context (the oldest one first) is
          C:\Program Files\Microsoft Visual Studio\2022\Community\VC\Tools\MSVC\14.38.33130\include\xutility(1233,93):
          see reference to alias template instantiation 'std::_Iter_diff_t<_Iter>' being compiled
          with
          [
              _Iter=stdext::checked_array_iterator<wchar_t *>
          ]
          C:\Program Files\Microsoft Visual Studio\2022\Community\VC\Tools\MSVC\14.38.33130\include\xutility(1238,5):
          see reference to class template instantiation 'std::iterator_traits<_Iter>' being compiled
          with
          [
              _Iter=stdext::checked_array_iterator<wchar_t *>
          ]
          C:\Program Files\Microsoft Visual Studio\2022\Community\VC\Tools\MSVC\14.38.33130\include\__msvc_iter_core.hpp(508,26):
          see reference to class template instantiation 'std::_Iterator_traits_base<_Iter,void>' being compiled
          with
          [
              _Iter=stdext::checked_array_iterator<wchar_t *>
          ]
  
C:\Program Files\Microsoft Visual Studio\2022\Community\VC\Tools\MSVC\14.38.33130\include\__msvc_iter_core.hpp(488,31): warning C4996: 'stdext::checked_array_iterator<T *>::iterator_category': warning STL4043: stdext::checked_array_iterator, stdext::unchecked_array_iterator, and related factory functions are non-Standard extensions and will be removed in the future. std::span (since C++20) and gsl::span can be used instead. You can define _SILENCE_STDEXT_ARR_ITERS_DEPRECATION_WARNING or _SILENCE_ALL_MS_EXT_DEPRECATION_WARNINGS to suppress this warning. [E:\C++\FlutterReflect\build\flutter_reflect_lib.vcxproj]
C:\Program Files\Microsoft Visual Studio\2022\Community\VC\Tools\MSVC\14.38.33130\include\__msvc_iter_core.hpp(488,31): warning C4996:         with [E:\C++\FlutterReflect\build\flutter_reflect_lib.vcxproj]
C:\Program Files\Microsoft Visual Studio\2022\Community\VC\Tools\MSVC\14.38.33130\include\__msvc_iter_core.hpp(488,31): warning C4996:         [ [E:\C++\FlutterReflect\build\flutter_reflect_lib.vcxproj]
C:\Program Files\Microsoft Visual Studio\2022\Community\VC\Tools\MSVC\14.38.33130\include\__msvc_iter_core.hpp(488,31): warning C4996:             T=wchar_t [E:\C++\FlutterReflect\build\flutter_reflect_lib.vcxproj]
C:\Program Files\Microsoft Visual Studio\2022\Community\VC\Tools\MSVC\14.38.33130\include\__msvc_iter_core.hpp(488,31): warning C4996:         ] [E:\C++\FlutterReflect\build\flutter_reflect_lib.vcxproj]
  (compiling source file '../src/jsonrpc/handler.cpp')
  
C:\Program Files\Microsoft Visual Studio\2022\Community\VC\Tools\MSVC\14.38.33130\include\__msvc_iter_core.hpp(489,40): warning C4996: 'stdext::checked_array_iterator<T *>': warning STL4043: stdext::checked_array_iterator, stdext::unchecked_array_iterator, and related factory functions are non-Standard extensions and will be removed in the future. std::span (since C++20) and gsl::span can be used instead. You can define _SILENCE_STDEXT_ARR_ITERS_DEPRECATION_WARNING or _SILENCE_ALL_MS_EXT_DEPRECATION_WARNINGS to suppress this warning. [E:\C++\FlutterReflect\build\flutter_reflect_lib.vcxproj]
C:\Program Files\Microsoft Visual Studio\2022\Community\VC\Tools\MSVC\14.38.33130\include\__msvc_iter_core.hpp(489,40): warning C4996:         with [E:\C++\FlutterReflect\build\flutter_reflect_lib.vcxproj]
C:\Program Files\Microsoft Visual Studio\2022\Community\VC\Tools\MSVC\14.38.33130\include\__msvc_iter_core.hpp(489,40): warning C4996:         [ [E:\C++\FlutterReflect\build\flutter_reflect_lib.vcxproj]
C:\Program Files\Microsoft Visual Studio\2022\Community\VC\Tools\MSVC\14.38.33130\include\__msvc_iter_core.hpp(489,40): warning C4996:             T=wchar_t [E:\C++\FlutterReflect\build\flutter_reflect_lib.vcxproj]
C:\Program Files\Microsoft Visual Studio\2022\Community\VC\Tools\MSVC\14.38.33130\include\__msvc_iter_core.hpp(489,40): warning C4996:         ] [E:\C++\FlutterReflect\build\flutter_reflect_lib.vcxproj]
  (compiling source file '../src/jsonrpc/handler.cpp')
      C:\Program Files\Microsoft Visual Studio\2022\Community\VC\Tools\MSVC\14.38.33130\include\iterator(1470,58):
      see declaration of 'stdext::checked_array_iterator'
  
C:\Program Files\Microsoft Visual Studio\2022\Community\VC\Tools\MSVC\14.38.33130\include\__msvc_iter_core.hpp(489,31): warning C4996: 'stdext::checked_array_iterator<T *>::value_type': warning STL4043: stdext::checked_array_iterator, stdext::unchecked_array_iterator, and related factory functions are non-Standard extensions and will be removed in the future. std::span (since C++20) and gsl::span can be used instead. You can define _SILENCE_STDEXT_ARR_ITERS_DEPRECATION_WARNING or _SILENCE_ALL_MS_EXT_DEPRECATION_WARNINGS to suppress this warning. [E:\C++\FlutterReflect\build\flutter_reflect_lib.vcxproj]
C:\Program Files\Microsoft Visual Studio\2022\Community\VC\Tools\MSVC\14.38.33130\include\__msvc_iter_core.hpp(489,31): warning C4996:         with [E:\C++\FlutterReflect\build\flutter_reflect_lib.vcxproj]
C:\Program Files\Microsoft Visual Studio\2022\Community\VC\Tools\MSVC\14.38.33130\include\__msvc_iter_core.hpp(489,31): warning C4996:         [ [E:\C++\FlutterReflect\build\flutter_reflect_lib.vcxproj]
C:\Program Files\Microsoft Visual Studio\2022\Community\VC\Tools\MSVC\14.38.33130\include\__msvc_iter_core.hpp(489,31): warning C4996:             T=wchar_t [E:\C++\FlutterReflect\build\flutter_reflect_lib.vcxproj]
C:\Program Files\Microsoft Visual Studio\2022\Community\VC\Tools\MSVC\14.38.33130\include\__msvc_iter_core.hpp(489,31): warning C4996:         ] [E:\C++\FlutterReflect\build\flutter_reflect_lib.vcxproj]
  (compiling source file '../src/jsonrpc/handler.cpp')
  
C:\Program Files\Microsoft Visual Studio\2022\Community\VC\Tools\MSVC\14.38.33130\include\__msvc_iter_core.hpp(490,40): warning C4996: 'stdext::checked_array_iterator<T *>': warning STL4043: stdext::checked_array_iterator, stdext::unchecked_array_iterator, and related factory functions are non-Standard extensions and will be removed in the future. std::span (since C++20) and gsl::span can be used instead. You can define _SILENCE_STDEXT_ARR_ITERS_DEPRECATION_WARNING or _SILENCE_ALL_MS_EXT_DEPRECATION_WARNINGS to suppress this warning. [E:\C++\FlutterReflect\build\flutter_reflect_lib.vcxproj]
C:\Program Files\Microsoft Visual Studio\2022\Community\VC\Tools\MSVC\14.38.33130\include\__msvc_iter_core.hpp(490,40): warning C4996:         with [E:\C++\FlutterReflect\build\flutter_reflect_lib.vcxproj]
C:\Program Files\Microsoft Visual Studio\2022\Community\VC\Tools\MSVC\14.38.33130\include\__msvc_iter_core.hpp(490,40): warning C4996:         [ [E:\C++\FlutterReflect\build\flutter_reflect_lib.vcxproj]
C:\Program Files\Microsoft Visual Studio\2022\Community\VC\Tools\MSVC\14.38.33130\include\__msvc_iter_core.hpp(490,40): warning C4996:             T=wchar_t [E:\C++\FlutterReflect\build\flutter_reflect_lib.vcxproj]
C:\Program Files\Microsoft Visual Studio\2022\Community\VC\Tools\MSVC\14.38.33130\include\__msvc_iter_core.hpp(490,40): warning C4996:         ] [E:\C++\FlutterReflect\build\flutter_reflect_lib.vcxproj]
  (compiling source file '../src/jsonrpc/handler.cpp')
      C:\Program Files\Microsoft Visual Studio\2022\Community\VC\Tools\MSVC\14.38.33130\include\iterator(1470,58):
      see declaration of 'stdext::checked_array_iterator'
  
C:\Program Files\Microsoft Visual Studio\2022\Community\VC\Tools\MSVC\14.38.33130\include\__msvc_iter_core.hpp(490,31): warning C4996: 'stdext::checked_array_iterator<T *>::difference_type': warning STL4043: stdext::checked_array_iterator, stdext::unchecked_array_iterator, and related factory functions are non-Standard extensions and will be removed in the future. std::span (since C++20) and gsl::span can be used instead. You can define _SILENCE_STDEXT_ARR_ITERS_DEPRECATION_WARNING or _SILENCE_ALL_MS_EXT_DEPRECATION_WARNINGS to suppress this warning. [E:\C++\FlutterReflect\build\flutter_reflect_lib.vcxproj]
C:\Program Files\Microsoft Visual Studio\2022\Community\VC\Tools\MSVC\14.38.33130\include\__msvc_iter_core.hpp(490,31): warning C4996:         with [E:\C++\FlutterReflect\build\flutter_reflect_lib.vcxproj]
C:\Program Files\Microsoft Visual Studio\2022\Community\VC\Tools\MSVC\14.38.33130\include\__msvc_iter_core.hpp(490,31): warning C4996:         [ [E:\C++\FlutterReflect\build\flutter_reflect_lib.vcxproj]
C:\Program Files\Microsoft Visual Studio\2022\Community\VC\Tools\MSVC\14.38.33130\include\__msvc_iter_core.hpp(490,31): warning C4996:             T=wchar_t [E:\C++\FlutterReflect\build\flutter_reflect_lib.vcxproj]
C:\Program Files\Microsoft Visual Studio\2022\Community\VC\Tools\MSVC\14.38.33130\include\__msvc_iter_core.hpp(490,31): warning C4996:         ] [E:\C++\FlutterReflect\build\flutter_reflect_lib.vcxproj]
  (compiling source file '../src/jsonrpc/handler.cpp')
  
C:\Program Files\Microsoft Visual Studio\2022\Community\VC\Tools\MSVC\14.38.33130\include\__msvc_iter_core.hpp(491,40): warning C4996: 'stdext::checked_array_iterator<T *>': warning STL4043: stdext::checked_array_iterator, stdext::unchecked_array_iterator, and related factory functions are non-Standard extensions and will be removed in the future. std::span (since C++20) and gsl::span can be used instead. You can define _SILENCE_STDEXT_ARR_ITERS_DEPRECATION_WARNING or _SILENCE_ALL_MS_EXT_DEPRECATION_WARNINGS to suppress this warning. [E:\C++\FlutterReflect\build\flutter_reflect_lib.vcxproj]
C:\Program Files\Microsoft Visual Studio\2022\Community\VC\Tools\MSVC\14.38.33130\include\__msvc_iter_core.hpp(491,40): warning C4996:         with [E:\C++\FlutterReflect\build\flutter_reflect_lib.vcxproj]
C:\Program Files\Microsoft Visual Studio\2022\Community\VC\Tools\MSVC\14.38.33130\include\__msvc_iter_core.hpp(491,40): warning C4996:         [ [E:\C++\FlutterReflect\build\flutter_reflect_lib.vcxproj]
C:\Program Files\Microsoft Visual Studio\2022\Community\VC\Tools\MSVC\14.38.33130\include\__msvc_iter_core.hpp(491,40): warning C4996:             T=wchar_t [E:\C++\FlutterReflect\build\flutter_reflect_lib.vcxproj]
C:\Program Files\Microsoft Visual Studio\2022\Community\VC\Tools\MSVC\14.38.33130\include\__msvc_iter_core.hpp(491,40): warning C4996:         ] [E:\C++\FlutterReflect\build\flutter_reflect_lib.vcxproj]
  (compiling source file '../src/jsonrpc/handler.cpp')
      C:\Program Files\Microsoft Visual Studio\2022\Community\VC\Tools\MSVC\14.38.33130\include\iterator(1470,58):
      see declaration of 'stdext::checked_array_iterator'
  
C:\Program Files\Microsoft Visual Studio\2022\Community\VC\Tools\MSVC\14.38.33130\include\__msvc_iter_core.hpp(491,31): warning C4996: 'stdext::checked_array_iterator<T *>::pointer': warning STL4043: stdext::checked_array_iterator, stdext::unchecked_array_iterator, and related factory functions are non-Standard extensions and will be removed in the future. std::span (since C++20) and gsl::span can be used instead. You can define _SILENCE_STDEXT_ARR_ITERS_DEPRECATION_WARNING or _SILENCE_ALL_MS_EXT_DEPRECATION_WARNINGS to suppress this warning. [E:\C++\FlutterReflect\build\flutter_reflect_lib.vcxproj]
C:\Program Files\Microsoft Visual Studio\2022\Community\VC\Tools\MSVC\14.38.33130\include\__msvc_iter_core.hpp(491,31): warning C4996:         with [E:\C++\FlutterReflect\build\flutter_reflect_lib.vcxproj]
C:\Program Files\Microsoft Visual Studio\2022\Community\VC\Tools\MSVC\14.38.33130\include\__msvc_iter_core.hpp(491,31): warning C4996:         [ [E:\C++\FlutterReflect\build\flutter_reflect_lib.vcxproj]
C:\Program Files\Microsoft Visual Studio\2022\Community\VC\Tools\MSVC\14.38.33130\include\__msvc_iter_core.hpp(491,31): warning C4996:             T=wchar_t [E:\C++\FlutterReflect\build\flutter_reflect_lib.vcxproj]
C:\Program Files\Microsoft Visual Studio\2022\Community\VC\Tools\MSVC\14.38.33130\include\__msvc_iter_core.hpp(491,31): warning C4996:         ] [E:\C++\FlutterReflect\build\flutter_reflect_lib.vcxproj]
  (compiling source file '../src/jsonrpc/handler.cpp')
  
C:\Program Files\Microsoft Visual Studio\2022\Community\VC\Tools\MSVC\14.38.33130\include\__msvc_iter_core.hpp(492,40): warning C4996: 'stdext::checked_array_iterator<T *>': warning STL4043: stdext::checked_array_iterator, stdext::unchecked_array_iterator, and related factory functions are non-Standard extensions and will be removed in the future. std::span (since C++20) and gsl::span can be used instead. You can define _SILENCE_STDEXT_ARR_ITERS_DEPRECATION_WARNING or _SILENCE_ALL_MS_EXT_DEPRECATION_WARNINGS to suppress this warning. [E:\C++\FlutterReflect\build\flutter_reflect_lib.vcxproj]
C:\Program Files\Microsoft Visual Studio\2022\Community\VC\Tools\MSVC\14.38.33130\include\__msvc_iter_core.hpp(492,40): warning C4996:         with [E:\C++\FlutterReflect\build\flutter_reflect_lib.vcxproj]
C:\Program Files\Microsoft Visual Studio\2022\Community\VC\Tools\MSVC\14.38.33130\include\__msvc_iter_core.hpp(492,40): warning C4996:         [ [E:\C++\FlutterReflect\build\flutter_reflect_lib.vcxproj]
C:\Program Files\Microsoft Visual Studio\2022\Community\VC\Tools\MSVC\14.38.33130\include\__msvc_iter_core.hpp(492,40): warning C4996:             T=wchar_t [E:\C++\FlutterReflect\build\flutter_reflect_lib.vcxproj]
C:\Program Files\Microsoft Visual Studio\2022\Community\VC\Tools\MSVC\14.38.33130\include\__msvc_iter_core.hpp(492,40): warning C4996:         ] [E:\C++\FlutterReflect\build\flutter_reflect_lib.vcxproj]
  (compiling source file '../src/jsonrpc/handler.cpp')
      C:\Program Files\Microsoft Visual Studio\2022\Community\VC\Tools\MSVC\14.38.33130\include\iterator(1470,58):
      see declaration of 'stdext::checked_array_iterator'
  
C:\Program Files\Microsoft Visual Studio\2022\Community\VC\Tools\MSVC\14.38.33130\include\__msvc_iter_core.hpp(492,31): warning C4996: 'stdext::checked_array_iterator<T *>::reference': warning STL4043: stdext::checked_array_iterator, stdext::unchecked_array_iterator, and related factory functions are non-Standard extensions and will be removed in the future. std::span (since C++20) and gsl::span can be used instead. You can define _SILENCE_STDEXT_ARR_ITERS_DEPRECATION_WARNING or _SILENCE_ALL_MS_EXT_DEPRECATION_WARNINGS to suppress this warning. [E:\C++\FlutterReflect\build\flutter_reflect_lib.vcxproj]
C:\Program Files\Microsoft Visual Studio\2022\Community\VC\Tools\MSVC\14.38.33130\include\__msvc_iter_core.hpp(492,31): warning C4996:         with [E:\C++\FlutterReflect\build\flutter_reflect_lib.vcxproj]
C:\Program Files\Microsoft Visual Studio\2022\Community\VC\Tools\MSVC\14.38.33130\include\__msvc_iter_core.hpp(492,31): warning C4996:         [ [E:\C++\FlutterReflect\build\flutter_reflect_lib.vcxproj]
C:\Program Files\Microsoft Visual Studio\2022\Community\VC\Tools\MSVC\14.38.33130\include\__msvc_iter_core.hpp(492,31): warning C4996:             T=wchar_t [E:\C++\FlutterReflect\build\flutter_reflect_lib.vcxproj]
C:\Program Files\Microsoft Visual Studio\2022\Community\VC\Tools\MSVC\14.38.33130\include\__msvc_iter_core.hpp(492,31): warning C4996:         ] [E:\C++\FlutterReflect\build\flutter_reflect_lib.vcxproj]
  (compiling source file '../src/jsonrpc/handler.cpp')
  
C:\Program Files\Microsoft Visual Studio\2022\Community\VC\Tools\MSVC\14.38.33130\include\xutility(1255,12): warning C4996: 'stdext::checked_array_iterator<T *>::_Verify_offset': warning STL4043: stdext::checked_array_iterator, stdext::unchecked_array_iterator, and related factory functions are non-Standard extensions and will be removed in the future. std::span (since C++20) and gsl::span can be used instead. You can define _SILENCE_STDEXT_ARR_ITERS_DEPRECATION_WARNING or _SILENCE_ALL_MS_EXT_DEPRECATION_WARNINGS to suppress this warning. [E:\C++\FlutterReflect\build\flutter_reflect_lib.vcxproj]
C:\Program Files\Microsoft Visual Studio\2022\Community\VC\Tools\MSVC\14.38.33130\include\xutility(1255,12): warning C4996:         with [E:\C++\FlutterReflect\build\flutter_reflect_lib.vcxproj]
C:\Program Files\Microsoft Visual Studio\2022\Community\VC\Tools\MSVC\14.38.33130\include\xutility(1255,12): warning C4996:         [ [E:\C++\FlutterReflect\build\flutter_reflect_lib.vcxproj]
C:\Program Files\Microsoft Visual Studio\2022\Community\VC\Tools\MSVC\14.38.33130\include\xutility(1255,12): warning C4996:             T=wchar_t [E:\C++\FlutterReflect\build\flutter_reflect_lib.vcxproj]
C:\Program Files\Microsoft Visual Studio\2022\Community\VC\Tools\MSVC\14.38.33130\include\xutility(1255,12): warning C4996:         ] [E:\C++\FlutterReflect\build\flutter_reflect_lib.vcxproj]
  (compiling source file '../src/jsonrpc/handler.cpp')
  
C:\Program Files\Microsoft Visual Studio\2022\Community\VC\Tools\MSVC\14.38.33130\include\xutility(1256,41): warning C4996: 'stdext::checked_array_iterator<T *>::_Unwrapped': warning STL4043: stdext::checked_array_iterator, stdext::unchecked_array_iterator, and related factory functions are non-Standard extensions and will be removed in the future. std::span (since C++20) and gsl::span can be used instead. You can define _SILENCE_STDEXT_ARR_ITERS_DEPRECATION_WARNING or _SILENCE_ALL_MS_EXT_DEPRECATION_WARNINGS to suppress this warning. [E:\C++\FlutterReflect\build\flutter_reflect_lib.vcxproj]
C:\Program Files\Microsoft Visual Studio\2022\Community\VC\Tools\MSVC\14.38.33130\include\xutility(1256,41): warning C4996:         with [E:\C++\FlutterReflect\build\flutter_reflect_lib.vcxproj]
C:\Program Files\Microsoft Visual Studio\2022\Community\VC\Tools\MSVC\14.38.33130\include\xutility(1256,41): warning C4996:         [ [E:\C++\FlutterReflect\build\flutter_reflect_lib.vcxproj]
C:\Program Files\Microsoft Visual Studio\2022\Community\VC\Tools\MSVC\14.38.33130\include\xutility(1256,41): warning C4996:             T=wchar_t [E:\C++\FlutterReflect\build\flutter_reflect_lib.vcxproj]
C:\Program Files\Microsoft Visual Studio\2022\Community\VC\Tools\MSVC\14.38.33130\include\xutility(1256,41): warning C4996:         ] [E:\C++\FlutterReflect\build\flutter_reflect_lib.vcxproj]
  (compiling source file '../src/jsonrpc/handler.cpp')
  
C:\Program Files\Microsoft Visual Studio\2022\Community\VC\Tools\MSVC\14.38.33130\include\xutility(1277,12): warning C4996: 'stdext::checked_array_iterator<T *>::_Seek_to': warning STL4043: stdext::checked_array_iterator, stdext::unchecked_array_iterator, and related factory functions are non-Standard extensions and will be removed in the future. std::span (since C++20) and gsl::span can be used instead. You can define _SILENCE_STDEXT_ARR_ITERS_DEPRECATION_WARNING or _SILENCE_ALL_MS_EXT_DEPRECATION_WARNINGS to suppress this warning. [E:\C++\FlutterReflect\build\flutter_reflect_lib.vcxproj]
C:\Program Files\Microsoft Visual Studio\2022\Community\VC\Tools\MSVC\14.38.33130\include\xutility(1277,12): warning C4996:         with [E:\C++\FlutterReflect\build\flutter_reflect_lib.vcxproj]
C:\Program Files\Microsoft Visual Studio\2022\Community\VC\Tools\MSVC\14.38.33130\include\xutility(1277,12): warning C4996:         [ [E:\C++\FlutterReflect\build\flutter_reflect_lib.vcxproj]
C:\Program Files\Microsoft Visual Studio\2022\Community\VC\Tools\MSVC\14.38.33130\include\xutility(1277,12): warning C4996:             T=fmt::v9::detail::bigint::bigit [E:\C++\FlutterReflect\build\flutter_reflect_lib.vcxproj]
C:\Program Files\Microsoft Visual Studio\2022\Community\VC\Tools\MSVC\14.38.33130\include\xutility(1277,12): warning C4996:         ] [E:\C++\FlutterReflect\build\flutter_reflect_lib.vcxproj]
  (compiling source file '../src/jsonrpc/handler.cpp')
      C:\Program Files\Microsoft Visual Studio\2022\Community\VC\Tools\MSVC\14.38.33130\include\xutility(1277,12):
      the template instantiation context (the oldest one first) is
          E:\C++\FlutterReflect\build\_deps\spdlog-src\include\spdlog\fmt\bundled\format.h(2807,10):
          see reference to function template instantiation '_OutIt std::copy<const T*,stdext::checked_array_iterator<T *>>(_InIt,_InIt,_OutIt)' being compiled
          with
          [
              _OutIt=stdext::checked_array_iterator<fmt::v9::detail::bigint::bigit *>,
              T=fmt::v9::detail::bigint::bigit,
              _InIt=const fmt::v9::detail::bigint::bigit *
          ]
          C:\Program Files\Microsoft Visual Studio\2022\Community\VC\Tools\MSVC\14.38.33130\include\xutility(4611,5):
          see reference to function template instantiation 'void std::_Seek_wrapped<_OutIt,unsigned int*>(_Iter &,_UIter &&)' being compiled
          with
          [
              _OutIt=stdext::checked_array_iterator<fmt::v9::detail::bigint::bigit *>,
              _Iter=stdext::checked_array_iterator<fmt::v9::detail::bigint::bigit *>,
              _UIter=fmt::v9::detail::bigint::bigit *
          ]
  
C:\Program Files\Microsoft Visual Studio\2022\Community\VC\Tools\MSVC\14.38.33130\include\xutility(1141,31): warning C4996: 'stdext::checked_array_iterator<T *>': warning STL4043: stdext::checked_array_iterator, stdext::unchecked_array_iterator, and related factory functions are non-Standard extensions and will be removed in the future. std::span (since C++20) and gsl::span can be used instead. You can define _SILENCE_STDEXT_ARR_ITERS_DEPRECATION_WARNING or _SILENCE_ALL_MS_EXT_DEPRECATION_WARNINGS to suppress this warning. [E:\C++\FlutterReflect\build\flutter_reflect_lib.vcxproj]
C:\Program Files\Microsoft Visual Studio\2022\Community\VC\Tools\MSVC\14.38.33130\include\xutility(1141,31): warning C4996:         with [E:\C++\FlutterReflect\build\flutter_reflect_lib.vcxproj]
C:\Program Files\Microsoft Visual Studio\2022\Community\VC\Tools\MSVC\14.38.33130\include\xutility(1141,31): warning C4996:         [ [E:\C++\FlutterReflect\build\flutter_reflect_lib.vcxproj]
C:\Program Files\Microsoft Visual Studio\2022\Community\VC\Tools\MSVC\14.38.33130\include\xutility(1141,31): warning C4996:             T=char [E:\C++\FlutterReflect\build\flutter_reflect_lib.vcxproj]
C:\Program Files\Microsoft Visual Studio\2022\Community\VC\Tools\MSVC\14.38.33130\include\xutility(1141,31): warning C4996:         ] [E:\C++\FlutterReflect\build\flutter_reflect_lib.vcxproj]
  (compiling source file '../src/jsonrpc/handler.cpp')
      C:\Program Files\Microsoft Visual Studio\2022\Community\VC\Tools\MSVC\14.38.33130\include\iterator(1470,58):
      see declaration of 'stdext::checked_array_iterator'
      C:\Program Files\Microsoft Visual Studio\2022\Community\VC\Tools\MSVC\14.38.33130\include\xutility(1141,31):
      the template instantiation context (the oldest one first) is
          E:\C++\FlutterReflect\build\_deps\spdlog-src\include\spdlog\common.h(351,34):
          see reference to class template instantiation 'fmt::v9::basic_memory_buffer<char,250,std::allocator<char>>' being compiled
          E:\C++\FlutterReflect\build\_deps\spdlog-src\include\spdlog\fmt\bundled\format.h(912,18):
          while compiling class template member function 'void fmt::v9::basic_memory_buffer<char,250,std::allocator<char>>::grow(size_t)'
          E:\C++\FlutterReflect\build\_deps\spdlog-src\include\spdlog\fmt\bundled\format.h(925,8):
          see reference to function template instantiation '_NoThrowFwdIt std::uninitialized_copy<T*,stdext::checked_array_iterator<T *>>(const _InIt,const _InIt,_NoThrowFwdIt)' being compiled
          with
          [
              _NoThrowFwdIt=stdext::checked_array_iterator<char *>,
              T=char,
              _InIt=char *
          ]
          C:\Program Files\Microsoft Visual Studio\2022\Community\VC\Tools\MSVC\14.38.33130\include\xmemory(1919,25):
          see reference to function template instantiation 'decltype(auto) std::_Get_unwrapped_n<_NoThrowFwdIt&,__int64>(_Iter,const _Diff)' being compiled
          with
          [
              _NoThrowFwdIt=stdext::checked_array_iterator<char *>,
              _Iter=stdext::checked_array_iterator<char *> &,
              _Diff=__int64
          ]
          C:\Program Files\Microsoft Visual Studio\2022\Community\VC\Tools\MSVC\14.38.33130\include\xutility(1244,26):
          see reference to variable template 'const bool _Unwrappable_for_offset_v<stdext::checked_array_iterator<char *> &>' being compiled
          C:\Program Files\Microsoft Visual Studio\2022\Community\VC\Tools\MSVC\14.38.33130\include\xutility(1238,5):
          see reference to variable template 'const bool _Unwrappable_v<stdext::checked_array_iterator<char *> &,void>' being compiled
          C:\Program Files\Microsoft Visual Studio\2022\Community\VC\Tools\MSVC\14.38.33130\include\xutility(1165,5):
          see reference to variable template 'const bool _Allow_inheriting_unwrap_v<stdext::checked_array_iterator<char *>,void>' being compiled
  
C:\Program Files\Microsoft Visual Studio\2022\Community\VC\Tools\MSVC\14.38.33130\include\xutility(1141,22): warning C4996: 'stdext::checked_array_iterator<T *>::_Prevent_inheriting_unwrap': warning STL4043: stdext::checked_array_iterator, stdext::unchecked_array_iterator, and related factory functions are non-Standard extensions and will be removed in the future. std::span (since C++20) and gsl::span can be used instead. You can define _SILENCE_STDEXT_ARR_ITERS_DEPRECATION_WARNING or _SILENCE_ALL_MS_EXT_DEPRECATION_WARNINGS to suppress this warning. [E:\C++\FlutterReflect\build\flutter_reflect_lib.vcxproj]
C:\Program Files\Microsoft Visual Studio\2022\Community\VC\Tools\MSVC\14.38.33130\include\xutility(1141,22): warning C4996:         with [E:\C++\FlutterReflect\build\flutter_reflect_lib.vcxproj]
C:\Program Files\Microsoft Visual Studio\2022\Community\VC\Tools\MSVC\14.38.33130\include\xutility(1141,22): warning C4996:         [ [E:\C++\FlutterReflect\build\flutter_reflect_lib.vcxproj]
C:\Program Files\Microsoft Visual Studio\2022\Community\VC\Tools\MSVC\14.38.33130\include\xutility(1141,22): warning C4996:             T=char [E:\C++\FlutterReflect\build\flutter_reflect_lib.vcxproj]
C:\Program Files\Microsoft Visual Studio\2022\Community\VC\Tools\MSVC\14.38.33130\include\xutility(1141,22): warning C4996:         ] [E:\C++\FlutterReflect\build\flutter_reflect_lib.vcxproj]
  (compiling source file '../src/jsonrpc/handler.cpp')
  
C:\Program Files\Microsoft Visual Studio\2022\Community\VC\Tools\MSVC\14.38.33130\include\__msvc_iter_core.hpp(488,40): warning C4996: 'stdext::checked_array_iterator<T *>': warning STL4043: stdext::checked_array_iterator, stdext::unchecked_array_iterator, and related factory functions are non-Standard extensions and will be removed in the future. std::span (since C++20) and gsl::span can be used instead. You can define _SILENCE_STDEXT_ARR_ITERS_DEPRECATION_WARNING or _SILENCE_ALL_MS_EXT_DEPRECATION_WARNINGS to suppress this warning. [E:\C++\FlutterReflect\build\flutter_reflect_lib.vcxproj]
C:\Program Files\Microsoft Visual Studio\2022\Community\VC\Tools\MSVC\14.38.33130\include\__msvc_iter_core.hpp(488,40): warning C4996:         with [E:\C++\FlutterReflect\build\flutter_reflect_lib.vcxproj]
C:\Program Files\Microsoft Visual Studio\2022\Community\VC\Tools\MSVC\14.38.33130\include\__msvc_iter_core.hpp(488,40): warning C4996:         [ [E:\C++\FlutterReflect\build\flutter_reflect_lib.vcxproj]
C:\Program Files\Microsoft Visual Studio\2022\Community\VC\Tools\MSVC\14.38.33130\include\__msvc_iter_core.hpp(488,40): warning C4996:             T=char [E:\C++\FlutterReflect\build\flutter_reflect_lib.vcxproj]
C:\Program Files\Microsoft Visual Studio\2022\Community\VC\Tools\MSVC\14.38.33130\include\__msvc_iter_core.hpp(488,40): warning C4996:         ] [E:\C++\FlutterReflect\build\flutter_reflect_lib.vcxproj]
  (compiling source file '../src/jsonrpc/handler.cpp')
      C:\Program Files\Microsoft Visual Studio\2022\Community\VC\Tools\MSVC\14.38.33130\include\iterator(1470,58):
      see declaration of 'stdext::checked_array_iterator'
      C:\Program Files\Microsoft Visual Studio\2022\Community\VC\Tools\MSVC\14.38.33130\include\__msvc_iter_core.hpp(488,40):
      the template instantiation context (the oldest one first) is
          C:\Program Files\Microsoft Visual Studio\2022\Community\VC\Tools\MSVC\14.38.33130\include\xutility(1233,93):
          see reference to alias template instantiation 'std::_Iter_diff_t<_Iter>' being compiled
          with
          [
              _Iter=stdext::checked_array_iterator<char *>
          ]
          C:\Program Files\Microsoft Visual Studio\2022\Community\VC\Tools\MSVC\14.38.33130\include\xutility(1238,5):
          see reference to class template instantiation 'std::iterator_traits<_Iter>' being compiled
          with
          [
              _Iter=stdext::checked_array_iterator<char *>
          ]
          C:\Program Files\Microsoft Visual Studio\2022\Community\VC\Tools\MSVC\14.38.33130\include\__msvc_iter_core.hpp(508,26):
          see reference to class template instantiation 'std::_Iterator_traits_base<_Iter,void>' being compiled
          with
          [
              _Iter=stdext::checked_array_iterator<char *>
          ]
  
C:\Program Files\Microsoft Visual Studio\2022\Community\VC\Tools\MSVC\14.38.33130\include\__msvc_iter_core.hpp(488,31): warning C4996: 'stdext::checked_array_iterator<T *>::iterator_category': warning STL4043: stdext::checked_array_iterator, stdext::unchecked_array_iterator, and related factory functions are non-Standard extensions and will be removed in the future. std::span (since C++20) and gsl::span can be used instead. You can define _SILENCE_STDEXT_ARR_ITERS_DEPRECATION_WARNING or _SILENCE_ALL_MS_EXT_DEPRECATION_WARNINGS to suppress this warning. [E:\C++\FlutterReflect\build\flutter_reflect_lib.vcxproj]
C:\Program Files\Microsoft Visual Studio\2022\Community\VC\Tools\MSVC\14.38.33130\include\__msvc_iter_core.hpp(488,31): warning C4996:         with [E:\C++\FlutterReflect\build\flutter_reflect_lib.vcxproj]
C:\Program Files\Microsoft Visual Studio\2022\Community\VC\Tools\MSVC\14.38.33130\include\__msvc_iter_core.hpp(488,31): warning C4996:         [ [E:\C++\FlutterReflect\build\flutter_reflect_lib.vcxproj]
C:\Program Files\Microsoft Visual Studio\2022\Community\VC\Tools\MSVC\14.38.33130\include\__msvc_iter_core.hpp(488,31): warning C4996:             T=char [E:\C++\FlutterReflect\build\flutter_reflect_lib.vcxproj]
C:\Program Files\Microsoft Visual Studio\2022\Community\VC\Tools\MSVC\14.38.33130\include\__msvc_iter_core.hpp(488,31): warning C4996:         ] [E:\C++\FlutterReflect\build\flutter_reflect_lib.vcxproj]
  (compiling source file '../src/jsonrpc/handler.cpp')
  
C:\Program Files\Microsoft Visual Studio\2022\Community\VC\Tools\MSVC\14.38.33130\include\__msvc_iter_core.hpp(489,40): warning C4996: 'stdext::checked_array_iterator<T *>': warning STL4043: stdext::checked_array_iterator, stdext::unchecked_array_iterator, and related factory functions are non-Standard extensions and will be removed in the future. std::span (since C++20) and gsl::span can be used instead. You can define _SILENCE_STDEXT_ARR_ITERS_DEPRECATION_WARNING or _SILENCE_ALL_MS_EXT_DEPRECATION_WARNINGS to suppress this warning. [E:\C++\FlutterReflect\build\flutter_reflect_lib.vcxproj]
C:\Program Files\Microsoft Visual Studio\2022\Community\VC\Tools\MSVC\14.38.33130\include\__msvc_iter_core.hpp(489,40): warning C4996:         with [E:\C++\FlutterReflect\build\flutter_reflect_lib.vcxproj]
C:\Program Files\Microsoft Visual Studio\2022\Community\VC\Tools\MSVC\14.38.33130\include\__msvc_iter_core.hpp(489,40): warning C4996:         [ [E:\C++\FlutterReflect\build\flutter_reflect_lib.vcxproj]
C:\Program Files\Microsoft Visual Studio\2022\Community\VC\Tools\MSVC\14.38.33130\include\__msvc_iter_core.hpp(489,40): warning C4996:             T=char [E:\C++\FlutterReflect\build\flutter_reflect_lib.vcxproj]
C:\Program Files\Microsoft Visual Studio\2022\Community\VC\Tools\MSVC\14.38.33130\include\__msvc_iter_core.hpp(489,40): warning C4996:         ] [E:\C++\FlutterReflect\build\flutter_reflect_lib.vcxproj]
  (compiling source file '../src/jsonrpc/handler.cpp')
      C:\Program Files\Microsoft Visual Studio\2022\Community\VC\Tools\MSVC\14.38.33130\include\iterator(1470,58):
      see declaration of 'stdext::checked_array_iterator'
  
C:\Program Files\Microsoft Visual Studio\2022\Community\VC\Tools\MSVC\14.38.33130\include\__msvc_iter_core.hpp(489,31): warning C4996: 'stdext::checked_array_iterator<T *>::value_type': warning STL4043: stdext::checked_array_iterator, stdext::unchecked_array_iterator, and related factory functions are non-Standard extensions and will be removed in the future. std::span (since C++20) and gsl::span can be used instead. You can define _SILENCE_STDEXT_ARR_ITERS_DEPRECATION_WARNING or _SILENCE_ALL_MS_EXT_DEPRECATION_WARNINGS to suppress this warning. [E:\C++\FlutterReflect\build\flutter_reflect_lib.vcxproj]
C:\Program Files\Microsoft Visual Studio\2022\Community\VC\Tools\MSVC\14.38.33130\include\__msvc_iter_core.hpp(489,31): warning C4996:         with [E:\C++\FlutterReflect\build\flutter_reflect_lib.vcxproj]
C:\Program Files\Microsoft Visual Studio\2022\Community\VC\Tools\MSVC\14.38.33130\include\__msvc_iter_core.hpp(489,31): warning C4996:         [ [E:\C++\FlutterReflect\build\flutter_reflect_lib.vcxproj]
C:\Program Files\Microsoft Visual Studio\2022\Community\VC\Tools\MSVC\14.38.33130\include\__msvc_iter_core.hpp(489,31): warning C4996:             T=char [E:\C++\FlutterReflect\build\flutter_reflect_lib.vcxproj]
C:\Program Files\Microsoft Visual Studio\2022\Community\VC\Tools\MSVC\14.38.33130\include\__msvc_iter_core.hpp(489,31): warning C4996:         ] [E:\C++\FlutterReflect\build\flutter_reflect_lib.vcxproj]
  (compiling source file '../src/jsonrpc/handler.cpp')
  
C:\Program Files\Microsoft Visual Studio\2022\Community\VC\Tools\MSVC\14.38.33130\include\__msvc_iter_core.hpp(490,40): warning C4996: 'stdext::checked_array_iterator<T *>': warning STL4043: stdext::checked_array_iterator, stdext::unchecked_array_iterator, and related factory functions are non-Standard extensions and will be removed in the future. std::span (since C++20) and gsl::span can be used instead. You can define _SILENCE_STDEXT_ARR_ITERS_DEPRECATION_WARNING or _SILENCE_ALL_MS_EXT_DEPRECATION_WARNINGS to suppress this warning. [E:\C++\FlutterReflect\build\flutter_reflect_lib.vcxproj]
C:\Program Files\Microsoft Visual Studio\2022\Community\VC\Tools\MSVC\14.38.33130\include\__msvc_iter_core.hpp(490,40): warning C4996:         with [E:\C++\FlutterReflect\build\flutter_reflect_lib.vcxproj]
C:\Program Files\Microsoft Visual Studio\2022\Community\VC\Tools\MSVC\14.38.33130\include\__msvc_iter_core.hpp(490,40): warning C4996:         [ [E:\C++\FlutterReflect\build\flutter_reflect_lib.vcxproj]
C:\Program Files\Microsoft Visual Studio\2022\Community\VC\Tools\MSVC\14.38.33130\include\__msvc_iter_core.hpp(490,40): warning C4996:             T=char [E:\C++\FlutterReflect\build\flutter_reflect_lib.vcxproj]
C:\Program Files\Microsoft Visual Studio\2022\Community\VC\Tools\MSVC\14.38.33130\include\__msvc_iter_core.hpp(490,40): warning C4996:         ] [E:\C++\FlutterReflect\build\flutter_reflect_lib.vcxproj]
  (compiling source file '../src/jsonrpc/handler.cpp')
      C:\Program Files\Microsoft Visual Studio\2022\Community\VC\Tools\MSVC\14.38.33130\include\iterator(1470,58):
      see declaration of 'stdext::checked_array_iterator'
  
C:\Program Files\Microsoft Visual Studio\2022\Community\VC\Tools\MSVC\14.38.33130\include\__msvc_iter_core.hpp(490,31): warning C4996: 'stdext::checked_array_iterator<T *>::difference_type': warning STL4043: stdext::checked_array_iterator, stdext::unchecked_array_iterator, and related factory functions are non-Standard extensions and will be removed in the future. std::span (since C++20) and gsl::span can be used instead. You can define _SILENCE_STDEXT_ARR_ITERS_DEPRECATION_WARNING or _SILENCE_ALL_MS_EXT_DEPRECATION_WARNINGS to suppress this warning. [E:\C++\FlutterReflect\build\flutter_reflect_lib.vcxproj]
C:\Program Files\Microsoft Visual Studio\2022\Community\VC\Tools\MSVC\14.38.33130\include\__msvc_iter_core.hpp(490,31): warning C4996:         with [E:\C++\FlutterReflect\build\flutter_reflect_lib.vcxproj]
C:\Program Files\Microsoft Visual Studio\2022\Community\VC\Tools\MSVC\14.38.33130\include\__msvc_iter_core.hpp(490,31): warning C4996:         [ [E:\C++\FlutterReflect\build\flutter_reflect_lib.vcxproj]
C:\Program Files\Microsoft Visual Studio\2022\Community\VC\Tools\MSVC\14.38.33130\include\__msvc_iter_core.hpp(490,31): warning C4996:             T=char [E:\C++\FlutterReflect\build\flutter_reflect_lib.vcxproj]
C:\Program Files\Microsoft Visual Studio\2022\Community\VC\Tools\MSVC\14.38.33130\include\__msvc_iter_core.hpp(490,31): warning C4996:         ] [E:\C++\FlutterReflect\build\flutter_reflect_lib.vcxproj]
  (compiling source file '../src/jsonrpc/handler.cpp')
  
C:\Program Files\Microsoft Visual Studio\2022\Community\VC\Tools\MSVC\14.38.33130\include\__msvc_iter_core.hpp(491,40): warning C4996: 'stdext::checked_array_iterator<T *>': warning STL4043: stdext::checked_array_iterator, stdext::unchecked_array_iterator, and related factory functions are non-Standard extensions and will be removed in the future. std::span (since C++20) and gsl::span can be used instead. You can define _SILENCE_STDEXT_ARR_ITERS_DEPRECATION_WARNING or _SILENCE_ALL_MS_EXT_DEPRECATION_WARNINGS to suppress this warning. [E:\C++\FlutterReflect\build\flutter_reflect_lib.vcxproj]
C:\Program Files\Microsoft Visual Studio\2022\Community\VC\Tools\MSVC\14.38.33130\include\__msvc_iter_core.hpp(491,40): warning C4996:         with [E:\C++\FlutterReflect\build\flutter_reflect_lib.vcxproj]
C:\Program Files\Microsoft Visual Studio\2022\Community\VC\Tools\MSVC\14.38.33130\include\__msvc_iter_core.hpp(491,40): warning C4996:         [ [E:\C++\FlutterReflect\build\flutter_reflect_lib.vcxproj]
C:\Program Files\Microsoft Visual Studio\2022\Community\VC\Tools\MSVC\14.38.33130\include\__msvc_iter_core.hpp(491,40): warning C4996:             T=char [E:\C++\FlutterReflect\build\flutter_reflect_lib.vcxproj]
C:\Program Files\Microsoft Visual Studio\2022\Community\VC\Tools\MSVC\14.38.33130\include\__msvc_iter_core.hpp(491,40): warning C4996:         ] [E:\C++\FlutterReflect\build\flutter_reflect_lib.vcxproj]
  (compiling source file '../src/jsonrpc/handler.cpp')
      C:\Program Files\Microsoft Visual Studio\2022\Community\VC\Tools\MSVC\14.38.33130\include\iterator(1470,58):
      see declaration of 'stdext::checked_array_iterator'
  
C:\Program Files\Microsoft Visual Studio\2022\Community\VC\Tools\MSVC\14.38.33130\include\__msvc_iter_core.hpp(491,31): warning C4996: 'stdext::checked_array_iterator<T *>::pointer': warning STL4043: stdext::checked_array_iterator, stdext::unchecked_array_iterator, and related factory functions are non-Standard extensions and will be removed in the future. std::span (since C++20) and gsl::span can be used instead. You can define _SILENCE_STDEXT_ARR_ITERS_DEPRECATION_WARNING or _SILENCE_ALL_MS_EXT_DEPRECATION_WARNINGS to suppress this warning. [E:\C++\FlutterReflect\build\flutter_reflect_lib.vcxproj]
C:\Program Files\Microsoft Visual Studio\2022\Community\VC\Tools\MSVC\14.38.33130\include\__msvc_iter_core.hpp(491,31): warning C4996:         with [E:\C++\FlutterReflect\build\flutter_reflect_lib.vcxproj]
C:\Program Files\Microsoft Visual Studio\2022\Community\VC\Tools\MSVC\14.38.33130\include\__msvc_iter_core.hpp(491,31): warning C4996:         [ [E:\C++\FlutterReflect\build\flutter_reflect_lib.vcxproj]
C:\Program Files\Microsoft Visual Studio\2022\Community\VC\Tools\MSVC\14.38.33130\include\__msvc_iter_core.hpp(491,31): warning C4996:             T=char [E:\C++\FlutterReflect\build\flutter_reflect_lib.vcxproj]
C:\Program Files\Microsoft Visual Studio\2022\Community\VC\Tools\MSVC\14.38.33130\include\__msvc_iter_core.hpp(491,31): warning C4996:         ] [E:\C++\FlutterReflect\build\flutter_reflect_lib.vcxproj]
  (compiling source file '../src/jsonrpc/handler.cpp')
  
C:\Program Files\Microsoft Visual Studio\2022\Community\VC\Tools\MSVC\14.38.33130\include\__msvc_iter_core.hpp(492,40): warning C4996: 'stdext::checked_array_iterator<T *>': warning STL4043: stdext::checked_array_iterator, stdext::unchecked_array_iterator, and related factory functions are non-Standard extensions and will be removed in the future. std::span (since C++20) and gsl::span can be used instead. You can define _SILENCE_STDEXT_ARR_ITERS_DEPRECATION_WARNING or _SILENCE_ALL_MS_EXT_DEPRECATION_WARNINGS to suppress this warning. [E:\C++\FlutterReflect\build\flutter_reflect_lib.vcxproj]
C:\Program Files\Microsoft Visual Studio\2022\Community\VC\Tools\MSVC\14.38.33130\include\__msvc_iter_core.hpp(492,40): warning C4996:         with [E:\C++\FlutterReflect\build\flutter_reflect_lib.vcxproj]
C:\Program Files\Microsoft Visual Studio\2022\Community\VC\Tools\MSVC\14.38.33130\include\__msvc_iter_core.hpp(492,40): warning C4996:         [ [E:\C++\FlutterReflect\build\flutter_reflect_lib.vcxproj]
C:\Program Files\Microsoft Visual Studio\2022\Community\VC\Tools\MSVC\14.38.33130\include\__msvc_iter_core.hpp(492,40): warning C4996:             T=char [E:\C++\FlutterReflect\build\flutter_reflect_lib.vcxproj]
C:\Program Files\Microsoft Visual Studio\2022\Community\VC\Tools\MSVC\14.38.33130\include\__msvc_iter_core.hpp(492,40): warning C4996:         ] [E:\C++\FlutterReflect\build\flutter_reflect_lib.vcxproj]
  (compiling source file '../src/jsonrpc/handler.cpp')
      C:\Program Files\Microsoft Visual Studio\2022\Community\VC\Tools\MSVC\14.38.33130\include\iterator(1470,58):
      see declaration of 'stdext::checked_array_iterator'
  
C:\Program Files\Microsoft Visual Studio\2022\Community\VC\Tools\MSVC\14.38.33130\include\__msvc_iter_core.hpp(492,31): warning C4996: 'stdext::checked_array_iterator<T *>::reference': warning STL4043: stdext::checked_array_iterator, stdext::unchecked_array_iterator, and related factory functions are non-Standard extensions and will be removed in the future. std::span (since C++20) and gsl::span can be used instead. You can define _SILENCE_STDEXT_ARR_ITERS_DEPRECATION_WARNING or _SILENCE_ALL_MS_EXT_DEPRECATION_WARNINGS to suppress this warning. [E:\C++\FlutterReflect\build\flutter_reflect_lib.vcxproj]
C:\Program Files\Microsoft Visual Studio\2022\Community\VC\Tools\MSVC\14.38.33130\include\__msvc_iter_core.hpp(492,31): warning C4996:         with [E:\C++\FlutterReflect\build\flutter_reflect_lib.vcxproj]
C:\Program Files\Microsoft Visual Studio\2022\Community\VC\Tools\MSVC\14.38.33130\include\__msvc_iter_core.hpp(492,31): warning C4996:         [ [E:\C++\FlutterReflect\build\flutter_reflect_lib.vcxproj]
C:\Program Files\Microsoft Visual Studio\2022\Community\VC\Tools\MSVC\14.38.33130\include\__msvc_iter_core.hpp(492,31): warning C4996:             T=char [E:\C++\FlutterReflect\build\flutter_reflect_lib.vcxproj]
C:\Program Files\Microsoft Visual Studio\2022\Community\VC\Tools\MSVC\14.38.33130\include\__msvc_iter_core.hpp(492,31): warning C4996:         ] [E:\C++\FlutterReflect\build\flutter_reflect_lib.vcxproj]
  (compiling source file '../src/jsonrpc/handler.cpp')
  
C:\Program Files\Microsoft Visual Studio\2022\Community\VC\Tools\MSVC\14.38.33130\include\xutility(1255,12): warning C4996: 'stdext::checked_array_iterator<T *>::_Verify_offset': warning STL4043: stdext::checked_array_iterator, stdext::unchecked_array_iterator, and related factory functions are non-Standard extensions and will be removed in the future. std::span (since C++20) and gsl::span can be used instead. You can define _SILENCE_STDEXT_ARR_ITERS_DEPRECATION_WARNING or _SILENCE_ALL_MS_EXT_DEPRECATION_WARNINGS to suppress this warning. [E:\C++\FlutterReflect\build\flutter_reflect_lib.vcxproj]
C:\Program Files\Microsoft Visual Studio\2022\Community\VC\Tools\MSVC\14.38.33130\include\xutility(1255,12): warning C4996:         with [E:\C++\FlutterReflect\build\flutter_reflect_lib.vcxproj]
C:\Program Files\Microsoft Visual Studio\2022\Community\VC\Tools\MSVC\14.38.33130\include\xutility(1255,12): warning C4996:         [ [E:\C++\FlutterReflect\build\flutter_reflect_lib.vcxproj]
C:\Program Files\Microsoft Visual Studio\2022\Community\VC\Tools\MSVC\14.38.33130\include\xutility(1255,12): warning C4996:             T=char [E:\C++\FlutterReflect\build\flutter_reflect_lib.vcxproj]
C:\Program Files\Microsoft Visual Studio\2022\Community\VC\Tools\MSVC\14.38.33130\include\xutility(1255,12): warning C4996:         ] [E:\C++\FlutterReflect\build\flutter_reflect_lib.vcxproj]
  (compiling source file '../src/jsonrpc/handler.cpp')
  
C:\Program Files\Microsoft Visual Studio\2022\Community\VC\Tools\MSVC\14.38.33130\include\xutility(1256,41): warning C4996: 'stdext::checked_array_iterator<T *>::_Unwrapped': warning STL4043: stdext::checked_array_iterator, stdext::unchecked_array_iterator, and related factory functions are non-Standard extensions and will be removed in the future. std::span (since C++20) and gsl::span can be used instead. You can define _SILENCE_STDEXT_ARR_ITERS_DEPRECATION_WARNING or _SILENCE_ALL_MS_EXT_DEPRECATION_WARNINGS to suppress this warning. [E:\C++\FlutterReflect\build\flutter_reflect_lib.vcxproj]
C:\Program Files\Microsoft Visual Studio\2022\Community\VC\Tools\MSVC\14.38.33130\include\xutility(1256,41): warning C4996:         with [E:\C++\FlutterReflect\build\flutter_reflect_lib.vcxproj]
C:\Program Files\Microsoft Visual Studio\2022\Community\VC\Tools\MSVC\14.38.33130\include\xutility(1256,41): warning C4996:         [ [E:\C++\FlutterReflect\build\flutter_reflect_lib.vcxproj]
C:\Program Files\Microsoft Visual Studio\2022\Community\VC\Tools\MSVC\14.38.33130\include\xutility(1256,41): warning C4996:             T=char [E:\C++\FlutterReflect\build\flutter_reflect_lib.vcxproj]
C:\Program Files\Microsoft Visual Studio\2022\Community\VC\Tools\MSVC\14.38.33130\include\xutility(1256,41): warning C4996:         ] [E:\C++\FlutterReflect\build\flutter_reflect_lib.vcxproj]
  (compiling source file '../src/jsonrpc/handler.cpp')
  
C:\Program Files\Microsoft Visual Studio\2022\Community\VC\Tools\MSVC\14.38.33130\include\xutility(1277,12): warning C4996: 'stdext::checked_array_iterator<T *>::_Seek_to': warning STL4043: stdext::checked_array_iterator, stdext::unchecked_array_iterator, and related factory functions are non-Standard extensions and will be removed in the future. std::span (since C++20) and gsl::span can be used instead. You can define _SILENCE_STDEXT_ARR_ITERS_DEPRECATION_WARNING or _SILENCE_ALL_MS_EXT_DEPRECATION_WARNINGS to suppress this warning. [E:\C++\FlutterReflect\build\flutter_reflect_lib.vcxproj]
C:\Program Files\Microsoft Visual Studio\2022\Community\VC\Tools\MSVC\14.38.33130\include\xutility(1277,12): warning C4996:         with [E:\C++\FlutterReflect\build\flutter_reflect_lib.vcxproj]
C:\Program Files\Microsoft Visual Studio\2022\Community\VC\Tools\MSVC\14.38.33130\include\xutility(1277,12): warning C4996:         [ [E:\C++\FlutterReflect\build\flutter_reflect_lib.vcxproj]
C:\Program Files\Microsoft Visual Studio\2022\Community\VC\Tools\MSVC\14.38.33130\include\xutility(1277,12): warning C4996:             T=wchar_t [E:\C++\FlutterReflect\build\flutter_reflect_lib.vcxproj]
C:\Program Files\Microsoft Visual Studio\2022\Community\VC\Tools\MSVC\14.38.33130\include\xutility(1277,12): warning C4996:         ] [E:\C++\FlutterReflect\build\flutter_reflect_lib.vcxproj]
  (compiling source file '../src/jsonrpc/handler.cpp')
      C:\Program Files\Microsoft Visual Studio\2022\Community\VC\Tools\MSVC\14.38.33130\include\xutility(1277,12):
      the template instantiation context (the oldest one first) is
          E:\C++\FlutterReflect\build\_deps\spdlog-src\include\spdlog\fmt\bundled\format.h(925,8):
          see reference to function template instantiation '_NoThrowFwdIt std::uninitialized_copy<T*,stdext::checked_array_iterator<T *>>(const _InIt,const _InIt,_NoThrowFwdIt)' being compiled
          with
          [
              _NoThrowFwdIt=stdext::checked_array_iterator<wchar_t *>,
              T=wchar_t,
              _InIt=wchar_t *
          ]
          C:\Program Files\Microsoft Visual Studio\2022\Community\VC\Tools\MSVC\14.38.33130\include\xmemory(1920,5):
          see reference to function template instantiation 'void std::_Seek_wrapped<_NoThrowFwdIt,wchar_t*>(_Iter &,_UIter &&)' being compiled
          with
          [
              _NoThrowFwdIt=stdext::checked_array_iterator<wchar_t *>,
              _Iter=stdext::checked_array_iterator<wchar_t *>,
              _UIter=wchar_t *
          ]
  
C:\Program Files\Microsoft Visual Studio\2022\Community\VC\Tools\MSVC\14.38.33130\include\xutility(1277,12): warning C4996: 'stdext::checked_array_iterator<T *>::_Seek_to': warning STL4043: stdext::checked_array_iterator, stdext::unchecked_array_iterator, and related factory functions are non-Standard extensions and will be removed in the future. std::span (since C++20) and gsl::span can be used instead. You can define _SILENCE_STDEXT_ARR_ITERS_DEPRECATION_WARNING or _SILENCE_ALL_MS_EXT_DEPRECATION_WARNINGS to suppress this warning. [E:\C++\FlutterReflect\build\flutter_reflect_lib.vcxproj]
C:\Program Files\Microsoft Visual Studio\2022\Community\VC\Tools\MSVC\14.38.33130\include\xutility(1277,12): warning C4996:         with [E:\C++\FlutterReflect\build\flutter_reflect_lib.vcxproj]
C:\Program Files\Microsoft Visual Studio\2022\Community\VC\Tools\MSVC\14.38.33130\include\xutility(1277,12): warning C4996:         [ [E:\C++\FlutterReflect\build\flutter_reflect_lib.vcxproj]
C:\Program Files\Microsoft Visual Studio\2022\Community\VC\Tools\MSVC\14.38.33130\include\xutility(1277,12): warning C4996:             T=char [E:\C++\FlutterReflect\build\flutter_reflect_lib.vcxproj]
C:\Program Files\Microsoft Visual Studio\2022\Community\VC\Tools\MSVC\14.38.33130\include\xutility(1277,12): warning C4996:         ] [E:\C++\FlutterReflect\build\flutter_reflect_lib.vcxproj]
  (compiling source file '../src/jsonrpc/handler.cpp')
      C:\Program Files\Microsoft Visual Studio\2022\Community\VC\Tools\MSVC\14.38.33130\include\xutility(1277,12):
      the template instantiation context (the oldest one first) is
          E:\C++\FlutterReflect\build\_deps\spdlog-src\include\spdlog\fmt\bundled\format.h(778,10):
          see reference to function template instantiation '_NoThrowFwdIt std::uninitialized_copy_n<const U*,unsigned __int64,stdext::checked_array_iterator<T *>>(const _InIt,const _Diff,_NoThrowFwdIt)' being compiled
          with
          [
              _NoThrowFwdIt=stdext::checked_array_iterator<char *>,
              U=char,
              T=char,
              _InIt=const char *,
              _Diff=unsigned __int64
          ]
          C:\Program Files\Microsoft Visual Studio\2022\Community\VC\Tools\MSVC\14.38.33130\include\memory(149,5):
          see reference to function template instantiation 'void std::_Seek_wrapped<_NoThrowFwdIt,_Ptr&>(_Iter &,_UIter)' being compiled
          with
          [
              _NoThrowFwdIt=stdext::checked_array_iterator<char *>,
              _Ptr=char *,
              _Iter=stdext::checked_array_iterator<char *>,
              _UIter=char *&
          ]
  
C:\Program Files\Microsoft Visual Studio\2022\Community\VC\Tools\MSVC\14.38.33130\include\xutility(1141,31): warning C4996: 'stdext::checked_array_iterator<T *>': warning STL4043: stdext::checked_array_iterator, stdext::unchecked_array_iterator, and related factory functions are non-Standard extensions and will be removed in the future. std::span (since C++20) and gsl::span can be used instead. You can define _SILENCE_STDEXT_ARR_ITERS_DEPRECATION_WARNING or _SILENCE_ALL_MS_EXT_DEPRECATION_WARNINGS to suppress this warning. [E:\C++\FlutterReflect\build\flutter_reflect_lib.vcxproj]
C:\Program Files\Microsoft Visual Studio\2022\Community\VC\Tools\MSVC\14.38.33130\include\xutility(1141,31): warning C4996:         with [E:\C++\FlutterReflect\build\flutter_reflect_lib.vcxproj]
C:\Program Files\Microsoft Visual Studio\2022\Community\VC\Tools\MSVC\14.38.33130\include\xutility(1141,31): warning C4996:         [ [E:\C++\FlutterReflect\build\flutter_reflect_lib.vcxproj]
C:\Program Files\Microsoft Visual Studio\2022\Community\VC\Tools\MSVC\14.38.33130\include\xutility(1141,31): warning C4996:             T=int [E:\C++\FlutterReflect\build\flutter_reflect_lib.vcxproj]
C:\Program Files\Microsoft Visual Studio\2022\Community\VC\Tools\MSVC\14.38.33130\include\xutility(1141,31): warning C4996:         ] [E:\C++\FlutterReflect\build\flutter_reflect_lib.vcxproj]
  (compiling source file '../src/jsonrpc/handler.cpp')
      C:\Program Files\Microsoft Visual Studio\2022\Community\VC\Tools\MSVC\14.38.33130\include\iterator(1470,58):
      see declaration of 'stdext::checked_array_iterator'
      C:\Program Files\Microsoft Visual Studio\2022\Community\VC\Tools\MSVC\14.38.33130\include\xutility(1141,31):
      the template instantiation context (the oldest one first) is
          E:\C++\FlutterReflect\build\_deps\spdlog-src\include\spdlog\fmt\bundled\format.h(4078,5):
          see reference to function template instantiation 'fmt::v9::appender fmt::v9::visit_format_arg<fmt::v9::detail::default_arg_formatter<Char>,Context>(Visitor &&,const fmt::v9::basic_format_arg<Context> &)' being compiled
          with
          [
              Char=char,
              Context=fmt::v9::format_context,
              Visitor=fmt::v9::detail::default_arg_formatter<char>
          ]
          E:\C++\FlutterReflect\build\_deps\spdlog-src\include\spdlog\fmt\bundled\core.h(1645,12):
          see reference to function template instantiation 'fmt::v9::appender fmt::v9::detail::default_arg_formatter<Char>::operator ()<float>(T)' being compiled
          with
          [
              Char=char,
              T=float
          ]
          E:\C++\FlutterReflect\build\_deps\spdlog-src\include\spdlog\fmt\bundled\format.h(3374,12):
          see reference to function template instantiation 'OutputIt fmt::v9::detail::write<Char,fmt::v9::appender,T,0>(OutputIt,T)' being compiled
          with
          [
              OutputIt=fmt::v9::appender,
              Char=char,
              T=float
          ]
          E:\C++\FlutterReflect\build\_deps\spdlog-src\include\spdlog\fmt\bundled\format.h(3257,10):
          see reference to function template instantiation 'OutputIt fmt::v9::detail::write_float<OutputIt,fmt::v9::detail::dragonbox::decimal_fp<floaty>,char>(OutputIt,const DecimalFP &,const fmt::v9::basic_format_specs<char> &,fmt::v9::detail::float_specs,fmt::v9::detail::locale_ref)' being compiled
          with
          [
              OutputIt=fmt::v9::appender,
              DecimalFP=fmt::v9::detail::dragonbox::decimal_fp<floaty>
          ]
          E:\C++\FlutterReflect\build\_deps\spdlog-src\include\spdlog\fmt\bundled\format.h(2489,12):
          see reference to function template instantiation 'OutputIt fmt::v9::detail::do_write_float<OutputIt,DecimalFP,char,fmt::v9::detail::digit_grouping<Char>>(OutputIt,const DecimalFP &,const fmt::v9::basic_format_specs<Char> &,fmt::v9::detail::float_specs,fmt::v9::detail::locale_ref)' being compiled
          with
          [
              OutputIt=fmt::v9::appender,
              DecimalFP=fmt::v9::detail::dragonbox::decimal_fp<floaty>,
              Char=char
          ]
          E:\C++\FlutterReflect\build\_deps\spdlog-src\include\spdlog\fmt\bundled\format.h(2428,12):
          see reference to function template instantiation 'OutputIt fmt::v9::detail::write_significand<Char,iterator,unsigned int,Grouping>(OutputIt,T,int,int,const Grouping &)' being compiled
          with
          [
              OutputIt=iterator,
              Char=char,
              Grouping=fmt::v9::detail::digit_grouping<char>,
              T=unsigned int
          ]
          E:\C++\FlutterReflect\build\_deps\spdlog-src\include\spdlog\fmt\bundled\format.h(2291,18):
          see reference to function template instantiation 'Out fmt::v9::detail::digit_grouping<Char>::apply<OutputIt,char>(Out,fmt::v9::basic_string_view<Char>) const' being compiled
          with
          [
              Out=iterator,
              Char=char,
              OutputIt=iterator
          ]
          E:\C++\FlutterReflect\build\_deps\spdlog-src\include\spdlog\fmt\bundled\format.h(1974,47):
          see reference to class template instantiation 'fmt::v9::basic_memory_buffer<int,500,std::allocator<int>>' being compiled
          E:\C++\FlutterReflect\build\_deps\spdlog-src\include\spdlog\fmt\bundled\format.h(912,18):
          while compiling class template member function 'void fmt::v9::basic_memory_buffer<int,500,std::allocator<int>>::grow(size_t)'
          E:\C++\FlutterReflect\build\_deps\spdlog-src\include\spdlog\fmt\bundled\format.h(925,8):
          see reference to function template instantiation '_NoThrowFwdIt std::uninitialized_copy<T*,stdext::checked_array_iterator<T *>>(const _InIt,const _InIt,_NoThrowFwdIt)' being compiled
          with
          [
              _NoThrowFwdIt=stdext::checked_array_iterator<int *>,
              T=int,
              _InIt=int *
          ]
          C:\Program Files\Microsoft Visual Studio\2022\Community\VC\Tools\MSVC\14.38.33130\include\xmemory(1919,25):
          see reference to function template instantiation 'decltype(auto) std::_Get_unwrapped_n<_NoThrowFwdIt&,__int64>(_Iter,const _Diff)' being compiled
          with
          [
              _NoThrowFwdIt=stdext::checked_array_iterator<int *>,
              _Iter=stdext::checked_array_iterator<int *> &,
              _Diff=__int64
          ]
          C:\Program Files\Microsoft Visual Studio\2022\Community\VC\Tools\MSVC\14.38.33130\include\xutility(1244,26):
          see reference to variable template 'const bool _Unwrappable_for_offset_v<stdext::checked_array_iterator<int *> &>' being compiled
          C:\Program Files\Microsoft Visual Studio\2022\Community\VC\Tools\MSVC\14.38.33130\include\xutility(1238,5):
          see reference to variable template 'const bool _Unwrappable_v<stdext::checked_array_iterator<int *> &,void>' being compiled
          C:\Program Files\Microsoft Visual Studio\2022\Community\VC\Tools\MSVC\14.38.33130\include\xutility(1165,5):
          see reference to variable template 'const bool _Allow_inheriting_unwrap_v<stdext::checked_array_iterator<int *>,void>' being compiled
  
C:\Program Files\Microsoft Visual Studio\2022\Community\VC\Tools\MSVC\14.38.33130\include\xutility(1141,22): warning C4996: 'stdext::checked_array_iterator<T *>::_Prevent_inheriting_unwrap': warning STL4043: stdext::checked_array_iterator, stdext::unchecked_array_iterator, and related factory functions are non-Standard extensions and will be removed in the future. std::span (since C++20) and gsl::span can be used instead. You can define _SILENCE_STDEXT_ARR_ITERS_DEPRECATION_WARNING or _SILENCE_ALL_MS_EXT_DEPRECATION_WARNINGS to suppress this warning. [E:\C++\FlutterReflect\build\flutter_reflect_lib.vcxproj]
C:\Program Files\Microsoft Visual Studio\2022\Community\VC\Tools\MSVC\14.38.33130\include\xutility(1141,22): warning C4996:         with [E:\C++\FlutterReflect\build\flutter_reflect_lib.vcxproj]
C:\Program Files\Microsoft Visual Studio\2022\Community\VC\Tools\MSVC\14.38.33130\include\xutility(1141,22): warning C4996:         [ [E:\C++\FlutterReflect\build\flutter_reflect_lib.vcxproj]
C:\Program Files\Microsoft Visual Studio\2022\Community\VC\Tools\MSVC\14.38.33130\include\xutility(1141,22): warning C4996:             T=int [E:\C++\FlutterReflect\build\flutter_reflect_lib.vcxproj]
C:\Program Files\Microsoft Visual Studio\2022\Community\VC\Tools\MSVC\14.38.33130\include\xutility(1141,22): warning C4996:         ] [E:\C++\FlutterReflect\build\flutter_reflect_lib.vcxproj]
  (compiling source file '../src/jsonrpc/handler.cpp')
  
C:\Program Files\Microsoft Visual Studio\2022\Community\VC\Tools\MSVC\14.38.33130\include\__msvc_iter_core.hpp(488,40): warning C4996: 'stdext::checked_array_iterator<T *>': warning STL4043: stdext::checked_array_iterator, stdext::unchecked_array_iterator, and related factory functions are non-Standard extensions and will be removed in the future. std::span (since C++20) and gsl::span can be used instead. You can define _SILENCE_STDEXT_ARR_ITERS_DEPRECATION_WARNING or _SILENCE_ALL_MS_EXT_DEPRECATION_WARNINGS to suppress this warning. [E:\C++\FlutterReflect\build\flutter_reflect_lib.vcxproj]
C:\Program Files\Microsoft Visual Studio\2022\Community\VC\Tools\MSVC\14.38.33130\include\__msvc_iter_core.hpp(488,40): warning C4996:         with [E:\C++\FlutterReflect\build\flutter_reflect_lib.vcxproj]
C:\Program Files\Microsoft Visual Studio\2022\Community\VC\Tools\MSVC\14.38.33130\include\__msvc_iter_core.hpp(488,40): warning C4996:         [ [E:\C++\FlutterReflect\build\flutter_reflect_lib.vcxproj]
C:\Program Files\Microsoft Visual Studio\2022\Community\VC\Tools\MSVC\14.38.33130\include\__msvc_iter_core.hpp(488,40): warning C4996:             T=int [E:\C++\FlutterReflect\build\flutter_reflect_lib.vcxproj]
C:\Program Files\Microsoft Visual Studio\2022\Community\VC\Tools\MSVC\14.38.33130\include\__msvc_iter_core.hpp(488,40): warning C4996:         ] [E:\C++\FlutterReflect\build\flutter_reflect_lib.vcxproj]
  (compiling source file '../src/jsonrpc/handler.cpp')
      C:\Program Files\Microsoft Visual Studio\2022\Community\VC\Tools\MSVC\14.38.33130\include\iterator(1470,58):
      see declaration of 'stdext::checked_array_iterator'
      C:\Program Files\Microsoft Visual Studio\2022\Community\VC\Tools\MSVC\14.38.33130\include\__msvc_iter_core.hpp(488,40):
      the template instantiation context (the oldest one first) is
          C:\Program Files\Microsoft Visual Studio\2022\Community\VC\Tools\MSVC\14.38.33130\include\xutility(1233,93):
          see reference to alias template instantiation 'std::_Iter_diff_t<_Iter>' being compiled
          with
          [
              _Iter=stdext::checked_array_iterator<int *>
          ]
          C:\Program Files\Microsoft Visual Studio\2022\Community\VC\Tools\MSVC\14.38.33130\include\xutility(1238,5):
          see reference to class template instantiation 'std::iterator_traits<_Iter>' being compiled
          with
          [
              _Iter=stdext::checked_array_iterator<int *>
          ]
          C:\Program Files\Microsoft Visual Studio\2022\Community\VC\Tools\MSVC\14.38.33130\include\__msvc_iter_core.hpp(508,26):
          see reference to class template instantiation 'std::_Iterator_traits_base<_Iter,void>' being compiled
          with
          [
              _Iter=stdext::checked_array_iterator<int *>
          ]
  
C:\Program Files\Microsoft Visual Studio\2022\Community\VC\Tools\MSVC\14.38.33130\include\__msvc_iter_core.hpp(488,31): warning C4996: 'stdext::checked_array_iterator<T *>::iterator_category': warning STL4043: stdext::checked_array_iterator, stdext::unchecked_array_iterator, and related factory functions are non-Standard extensions and will be removed in the future. std::span (since C++20) and gsl::span can be used instead. You can define _SILENCE_STDEXT_ARR_ITERS_DEPRECATION_WARNING or _SILENCE_ALL_MS_EXT_DEPRECATION_WARNINGS to suppress this warning. [E:\C++\FlutterReflect\build\flutter_reflect_lib.vcxproj]
C:\Program Files\Microsoft Visual Studio\2022\Community\VC\Tools\MSVC\14.38.33130\include\__msvc_iter_core.hpp(488,31): warning C4996:         with [E:\C++\FlutterReflect\build\flutter_reflect_lib.vcxproj]
C:\Program Files\Microsoft Visual Studio\2022\Community\VC\Tools\MSVC\14.38.33130\include\__msvc_iter_core.hpp(488,31): warning C4996:         [ [E:\C++\FlutterReflect\build\flutter_reflect_lib.vcxproj]
C:\Program Files\Microsoft Visual Studio\2022\Community\VC\Tools\MSVC\14.38.33130\include\__msvc_iter_core.hpp(488,31): warning C4996:             T=int [E:\C++\FlutterReflect\build\flutter_reflect_lib.vcxproj]
C:\Program Files\Microsoft Visual Studio\2022\Community\VC\Tools\MSVC\14.38.33130\include\__msvc_iter_core.hpp(488,31): warning C4996:         ] [E:\C++\FlutterReflect\build\flutter_reflect_lib.vcxproj]
  (compiling source file '../src/jsonrpc/handler.cpp')
  
C:\Program Files\Microsoft Visual Studio\2022\Community\VC\Tools\MSVC\14.38.33130\include\__msvc_iter_core.hpp(489,40): warning C4996: 'stdext::checked_array_iterator<T *>': warning STL4043: stdext::checked_array_iterator, stdext::unchecked_array_iterator, and related factory functions are non-Standard extensions and will be removed in the future. std::span (since C++20) and gsl::span can be used instead. You can define _SILENCE_STDEXT_ARR_ITERS_DEPRECATION_WARNING or _SILENCE_ALL_MS_EXT_DEPRECATION_WARNINGS to suppress this warning. [E:\C++\FlutterReflect\build\flutter_reflect_lib.vcxproj]
C:\Program Files\Microsoft Visual Studio\2022\Community\VC\Tools\MSVC\14.38.33130\include\__msvc_iter_core.hpp(489,40): warning C4996:         with [E:\C++\FlutterReflect\build\flutter_reflect_lib.vcxproj]
C:\Program Files\Microsoft Visual Studio\2022\Community\VC\Tools\MSVC\14.38.33130\include\__msvc_iter_core.hpp(489,40): warning C4996:         [ [E:\C++\FlutterReflect\build\flutter_reflect_lib.vcxproj]
C:\Program Files\Microsoft Visual Studio\2022\Community\VC\Tools\MSVC\14.38.33130\include\__msvc_iter_core.hpp(489,40): warning C4996:             T=int [E:\C++\FlutterReflect\build\flutter_reflect_lib.vcxproj]
C:\Program Files\Microsoft Visual Studio\2022\Community\VC\Tools\MSVC\14.38.33130\include\__msvc_iter_core.hpp(489,40): warning C4996:         ] [E:\C++\FlutterReflect\build\flutter_reflect_lib.vcxproj]
  (compiling source file '../src/jsonrpc/handler.cpp')
      C:\Program Files\Microsoft Visual Studio\2022\Community\VC\Tools\MSVC\14.38.33130\include\iterator(1470,58):
      see declaration of 'stdext::checked_array_iterator'
  
C:\Program Files\Microsoft Visual Studio\2022\Community\VC\Tools\MSVC\14.38.33130\include\__msvc_iter_core.hpp(489,31): warning C4996: 'stdext::checked_array_iterator<T *>::value_type': warning STL4043: stdext::checked_array_iterator, stdext::unchecked_array_iterator, and related factory functions are non-Standard extensions and will be removed in the future. std::span (since C++20) and gsl::span can be used instead. You can define _SILENCE_STDEXT_ARR_ITERS_DEPRECATION_WARNING or _SILENCE_ALL_MS_EXT_DEPRECATION_WARNINGS to suppress this warning. [E:\C++\FlutterReflect\build\flutter_reflect_lib.vcxproj]
C:\Program Files\Microsoft Visual Studio\2022\Community\VC\Tools\MSVC\14.38.33130\include\__msvc_iter_core.hpp(489,31): warning C4996:         with [E:\C++\FlutterReflect\build\flutter_reflect_lib.vcxproj]
C:\Program Files\Microsoft Visual Studio\2022\Community\VC\Tools\MSVC\14.38.33130\include\__msvc_iter_core.hpp(489,31): warning C4996:         [ [E:\C++\FlutterReflect\build\flutter_reflect_lib.vcxproj]
C:\Program Files\Microsoft Visual Studio\2022\Community\VC\Tools\MSVC\14.38.33130\include\__msvc_iter_core.hpp(489,31): warning C4996:             T=int [E:\C++\FlutterReflect\build\flutter_reflect_lib.vcxproj]
C:\Program Files\Microsoft Visual Studio\2022\Community\VC\Tools\MSVC\14.38.33130\include\__msvc_iter_core.hpp(489,31): warning C4996:         ] [E:\C++\FlutterReflect\build\flutter_reflect_lib.vcxproj]
  (compiling source file '../src/jsonrpc/handler.cpp')
  
C:\Program Files\Microsoft Visual Studio\2022\Community\VC\Tools\MSVC\14.38.33130\include\__msvc_iter_core.hpp(490,40): warning C4996: 'stdext::checked_array_iterator<T *>': warning STL4043: stdext::checked_array_iterator, stdext::unchecked_array_iterator, and related factory functions are non-Standard extensions and will be removed in the future. std::span (since C++20) and gsl::span can be used instead. You can define _SILENCE_STDEXT_ARR_ITERS_DEPRECATION_WARNING or _SILENCE_ALL_MS_EXT_DEPRECATION_WARNINGS to suppress this warning. [E:\C++\FlutterReflect\build\flutter_reflect_lib.vcxproj]
C:\Program Files\Microsoft Visual Studio\2022\Community\VC\Tools\MSVC\14.38.33130\include\__msvc_iter_core.hpp(490,40): warning C4996:         with [E:\C++\FlutterReflect\build\flutter_reflect_lib.vcxproj]
C:\Program Files\Microsoft Visual Studio\2022\Community\VC\Tools\MSVC\14.38.33130\include\__msvc_iter_core.hpp(490,40): warning C4996:         [ [E:\C++\FlutterReflect\build\flutter_reflect_lib.vcxproj]
C:\Program Files\Microsoft Visual Studio\2022\Community\VC\Tools\MSVC\14.38.33130\include\__msvc_iter_core.hpp(490,40): warning C4996:             T=int [E:\C++\FlutterReflect\build\flutter_reflect_lib.vcxproj]
C:\Program Files\Microsoft Visual Studio\2022\Community\VC\Tools\MSVC\14.38.33130\include\__msvc_iter_core.hpp(490,40): warning C4996:         ] [E:\C++\FlutterReflect\build\flutter_reflect_lib.vcxproj]
  (compiling source file '../src/jsonrpc/handler.cpp')
      C:\Program Files\Microsoft Visual Studio\2022\Community\VC\Tools\MSVC\14.38.33130\include\iterator(1470,58):
      see declaration of 'stdext::checked_array_iterator'
  
C:\Program Files\Microsoft Visual Studio\2022\Community\VC\Tools\MSVC\14.38.33130\include\__msvc_iter_core.hpp(490,31): warning C4996: 'stdext::checked_array_iterator<T *>::difference_type': warning STL4043: stdext::checked_array_iterator, stdext::unchecked_array_iterator, and related factory functions are non-Standard extensions and will be removed in the future. std::span (since C++20) and gsl::span can be used instead. You can define _SILENCE_STDEXT_ARR_ITERS_DEPRECATION_WARNING or _SILENCE_ALL_MS_EXT_DEPRECATION_WARNINGS to suppress this warning. [E:\C++\FlutterReflect\build\flutter_reflect_lib.vcxproj]
C:\Program Files\Microsoft Visual Studio\2022\Community\VC\Tools\MSVC\14.38.33130\include\__msvc_iter_core.hpp(490,31): warning C4996:         with [E:\C++\FlutterReflect\build\flutter_reflect_lib.vcxproj]
C:\Program Files\Microsoft Visual Studio\2022\Community\VC\Tools\MSVC\14.38.33130\include\__msvc_iter_core.hpp(490,31): warning C4996:         [ [E:\C++\FlutterReflect\build\flutter_reflect_lib.vcxproj]
C:\Program Files\Microsoft Visual Studio\2022\Community\VC\Tools\MSVC\14.38.33130\include\__msvc_iter_core.hpp(490,31): warning C4996:             T=int [E:\C++\FlutterReflect\build\flutter_reflect_lib.vcxproj]
C:\Program Files\Microsoft Visual Studio\2022\Community\VC\Tools\MSVC\14.38.33130\include\__msvc_iter_core.hpp(490,31): warning C4996:         ] [E:\C++\FlutterReflect\build\flutter_reflect_lib.vcxproj]
  (compiling source file '../src/jsonrpc/handler.cpp')
  
C:\Program Files\Microsoft Visual Studio\2022\Community\VC\Tools\MSVC\14.38.33130\include\__msvc_iter_core.hpp(491,40): warning C4996: 'stdext::checked_array_iterator<T *>': warning STL4043: stdext::checked_array_iterator, stdext::unchecked_array_iterator, and related factory functions are non-Standard extensions and will be removed in the future. std::span (since C++20) and gsl::span can be used instead. You can define _SILENCE_STDEXT_ARR_ITERS_DEPRECATION_WARNING or _SILENCE_ALL_MS_EXT_DEPRECATION_WARNINGS to suppress this warning. [E:\C++\FlutterReflect\build\flutter_reflect_lib.vcxproj]
C:\Program Files\Microsoft Visual Studio\2022\Community\VC\Tools\MSVC\14.38.33130\include\__msvc_iter_core.hpp(491,40): warning C4996:         with [E:\C++\FlutterReflect\build\flutter_reflect_lib.vcxproj]
C:\Program Files\Microsoft Visual Studio\2022\Community\VC\Tools\MSVC\14.38.33130\include\__msvc_iter_core.hpp(491,40): warning C4996:         [ [E:\C++\FlutterReflect\build\flutter_reflect_lib.vcxproj]
C:\Program Files\Microsoft Visual Studio\2022\Community\VC\Tools\MSVC\14.38.33130\include\__msvc_iter_core.hpp(491,40): warning C4996:             T=int [E:\C++\FlutterReflect\build\flutter_reflect_lib.vcxproj]
C:\Program Files\Microsoft Visual Studio\2022\Community\VC\Tools\MSVC\14.38.33130\include\__msvc_iter_core.hpp(491,40): warning C4996:         ] [E:\C++\FlutterReflect\build\flutter_reflect_lib.vcxproj]
  (compiling source file '../src/jsonrpc/handler.cpp')
      C:\Program Files\Microsoft Visual Studio\2022\Community\VC\Tools\MSVC\14.38.33130\include\iterator(1470,58):
      see declaration of 'stdext::checked_array_iterator'
  
C:\Program Files\Microsoft Visual Studio\2022\Community\VC\Tools\MSVC\14.38.33130\include\__msvc_iter_core.hpp(491,31): warning C4996: 'stdext::checked_array_iterator<T *>::pointer': warning STL4043: stdext::checked_array_iterator, stdext::unchecked_array_iterator, and related factory functions are non-Standard extensions and will be removed in the future. std::span (since C++20) and gsl::span can be used instead. You can define _SILENCE_STDEXT_ARR_ITERS_DEPRECATION_WARNING or _SILENCE_ALL_MS_EXT_DEPRECATION_WARNINGS to suppress this warning. [E:\C++\FlutterReflect\build\flutter_reflect_lib.vcxproj]
C:\Program Files\Microsoft Visual Studio\2022\Community\VC\Tools\MSVC\14.38.33130\include\__msvc_iter_core.hpp(491,31): warning C4996:         with [E:\C++\FlutterReflect\build\flutter_reflect_lib.vcxproj]
C:\Program Files\Microsoft Visual Studio\2022\Community\VC\Tools\MSVC\14.38.33130\include\__msvc_iter_core.hpp(491,31): warning C4996:         [ [E:\C++\FlutterReflect\build\flutter_reflect_lib.vcxproj]
C:\Program Files\Microsoft Visual Studio\2022\Community\VC\Tools\MSVC\14.38.33130\include\__msvc_iter_core.hpp(491,31): warning C4996:             T=int [E:\C++\FlutterReflect\build\flutter_reflect_lib.vcxproj]
C:\Program Files\Microsoft Visual Studio\2022\Community\VC\Tools\MSVC\14.38.33130\include\__msvc_iter_core.hpp(491,31): warning C4996:         ] [E:\C++\FlutterReflect\build\flutter_reflect_lib.vcxproj]
  (compiling source file '../src/jsonrpc/handler.cpp')
  
C:\Program Files\Microsoft Visual Studio\2022\Community\VC\Tools\MSVC\14.38.33130\include\__msvc_iter_core.hpp(492,40): warning C4996: 'stdext::checked_array_iterator<T *>': warning STL4043: stdext::checked_array_iterator, stdext::unchecked_array_iterator, and related factory functions are non-Standard extensions and will be removed in the future. std::span (since C++20) and gsl::span can be used instead. You can define _SILENCE_STDEXT_ARR_ITERS_DEPRECATION_WARNING or _SILENCE_ALL_MS_EXT_DEPRECATION_WARNINGS to suppress this warning. [E:\C++\FlutterReflect\build\flutter_reflect_lib.vcxproj]
C:\Program Files\Microsoft Visual Studio\2022\Community\VC\Tools\MSVC\14.38.33130\include\__msvc_iter_core.hpp(492,40): warning C4996:         with [E:\C++\FlutterReflect\build\flutter_reflect_lib.vcxproj]
C:\Program Files\Microsoft Visual Studio\2022\Community\VC\Tools\MSVC\14.38.33130\include\__msvc_iter_core.hpp(492,40): warning C4996:         [ [E:\C++\FlutterReflect\build\flutter_reflect_lib.vcxproj]
C:\Program Files\Microsoft Visual Studio\2022\Community\VC\Tools\MSVC\14.38.33130\include\__msvc_iter_core.hpp(492,40): warning C4996:             T=int [E:\C++\FlutterReflect\build\flutter_reflect_lib.vcxproj]
C:\Program Files\Microsoft Visual Studio\2022\Community\VC\Tools\MSVC\14.38.33130\include\__msvc_iter_core.hpp(492,40): warning C4996:         ] [E:\C++\FlutterReflect\build\flutter_reflect_lib.vcxproj]
  (compiling source file '../src/jsonrpc/handler.cpp')
      C:\Program Files\Microsoft Visual Studio\2022\Community\VC\Tools\MSVC\14.38.33130\include\iterator(1470,58):
      see declaration of 'stdext::checked_array_iterator'
  
C:\Program Files\Microsoft Visual Studio\2022\Community\VC\Tools\MSVC\14.38.33130\include\__msvc_iter_core.hpp(492,31): warning C4996: 'stdext::checked_array_iterator<T *>::reference': warning STL4043: stdext::checked_array_iterator, stdext::unchecked_array_iterator, and related factory functions are non-Standard extensions and will be removed in the future. std::span (since C++20) and gsl::span can be used instead. You can define _SILENCE_STDEXT_ARR_ITERS_DEPRECATION_WARNING or _SILENCE_ALL_MS_EXT_DEPRECATION_WARNINGS to suppress this warning. [E:\C++\FlutterReflect\build\flutter_reflect_lib.vcxproj]
C:\Program Files\Microsoft Visual Studio\2022\Community\VC\Tools\MSVC\14.38.33130\include\__msvc_iter_core.hpp(492,31): warning C4996:         with [E:\C++\FlutterReflect\build\flutter_reflect_lib.vcxproj]
C:\Program Files\Microsoft Visual Studio\2022\Community\VC\Tools\MSVC\14.38.33130\include\__msvc_iter_core.hpp(492,31): warning C4996:         [ [E:\C++\FlutterReflect\build\flutter_reflect_lib.vcxproj]
C:\Program Files\Microsoft Visual Studio\2022\Community\VC\Tools\MSVC\14.38.33130\include\__msvc_iter_core.hpp(492,31): warning C4996:             T=int [E:\C++\FlutterReflect\build\flutter_reflect_lib.vcxproj]
C:\Program Files\Microsoft Visual Studio\2022\Community\VC\Tools\MSVC\14.38.33130\include\__msvc_iter_core.hpp(492,31): warning C4996:         ] [E:\C++\FlutterReflect\build\flutter_reflect_lib.vcxproj]
  (compiling source file '../src/jsonrpc/handler.cpp')
  
C:\Program Files\Microsoft Visual Studio\2022\Community\VC\Tools\MSVC\14.38.33130\include\xutility(1255,12): warning C4996: 'stdext::checked_array_iterator<T *>::_Verify_offset': warning STL4043: stdext::checked_array_iterator, stdext::unchecked_array_iterator, and related factory functions are non-Standard extensions and will be removed in the future. std::span (since C++20) and gsl::span can be used instead. You can define _SILENCE_STDEXT_ARR_ITERS_DEPRECATION_WARNING or _SILENCE_ALL_MS_EXT_DEPRECATION_WARNINGS to suppress this warning. [E:\C++\FlutterReflect\build\flutter_reflect_lib.vcxproj]
C:\Program Files\Microsoft Visual Studio\2022\Community\VC\Tools\MSVC\14.38.33130\include\xutility(1255,12): warning C4996:         with [E:\C++\FlutterReflect\build\flutter_reflect_lib.vcxproj]
C:\Program Files\Microsoft Visual Studio\2022\Community\VC\Tools\MSVC\14.38.33130\include\xutility(1255,12): warning C4996:         [ [E:\C++\FlutterReflect\build\flutter_reflect_lib.vcxproj]
C:\Program Files\Microsoft Visual Studio\2022\Community\VC\Tools\MSVC\14.38.33130\include\xutility(1255,12): warning C4996:             T=int [E:\C++\FlutterReflect\build\flutter_reflect_lib.vcxproj]
C:\Program Files\Microsoft Visual Studio\2022\Community\VC\Tools\MSVC\14.38.33130\include\xutility(1255,12): warning C4996:         ] [E:\C++\FlutterReflect\build\flutter_reflect_lib.vcxproj]
  (compiling source file '../src/jsonrpc/handler.cpp')
  
C:\Program Files\Microsoft Visual Studio\2022\Community\VC\Tools\MSVC\14.38.33130\include\xutility(1256,41): warning C4996: 'stdext::checked_array_iterator<T *>::_Unwrapped': warning STL4043: stdext::checked_array_iterator, stdext::unchecked_array_iterator, and related factory functions are non-Standard extensions and will be removed in the future. std::span (since C++20) and gsl::span can be used instead. You can define _SILENCE_STDEXT_ARR_ITERS_DEPRECATION_WARNING or _SILENCE_ALL_MS_EXT_DEPRECATION_WARNINGS to suppress this warning. [E:\C++\FlutterReflect\build\flutter_reflect_lib.vcxproj]
C:\Program Files\Microsoft Visual Studio\2022\Community\VC\Tools\MSVC\14.38.33130\include\xutility(1256,41): warning C4996:         with [E:\C++\FlutterReflect\build\flutter_reflect_lib.vcxproj]
C:\Program Files\Microsoft Visual Studio\2022\Community\VC\Tools\MSVC\14.38.33130\include\xutility(1256,41): warning C4996:         [ [E:\C++\FlutterReflect\build\flutter_reflect_lib.vcxproj]
C:\Program Files\Microsoft Visual Studio\2022\Community\VC\Tools\MSVC\14.38.33130\include\xutility(1256,41): warning C4996:             T=int [E:\C++\FlutterReflect\build\flutter_reflect_lib.vcxproj]
C:\Program Files\Microsoft Visual Studio\2022\Community\VC\Tools\MSVC\14.38.33130\include\xutility(1256,41): warning C4996:         ] [E:\C++\FlutterReflect\build\flutter_reflect_lib.vcxproj]
  (compiling source file '../src/jsonrpc/handler.cpp')
  
C:\Program Files\Microsoft Visual Studio\2022\Community\VC\Tools\MSVC\14.38.33130\include\xutility(1277,12): warning C4996: 'stdext::checked_array_iterator<T *>::_Seek_to': warning STL4043: stdext::checked_array_iterator, stdext::unchecked_array_iterator, and related factory functions are non-Standard extensions and will be removed in the future. std::span (since C++20) and gsl::span can be used instead. You can define _SILENCE_STDEXT_ARR_ITERS_DEPRECATION_WARNING or _SILENCE_ALL_MS_EXT_DEPRECATION_WARNINGS to suppress this warning. [E:\C++\FlutterReflect\build\flutter_reflect_lib.vcxproj]
C:\Program Files\Microsoft Visual Studio\2022\Community\VC\Tools\MSVC\14.38.33130\include\xutility(1277,12): warning C4996:         with [E:\C++\FlutterReflect\build\flutter_reflect_lib.vcxproj]
C:\Program Files\Microsoft Visual Studio\2022\Community\VC\Tools\MSVC\14.38.33130\include\xutility(1277,12): warning C4996:         [ [E:\C++\FlutterReflect\build\flutter_reflect_lib.vcxproj]
C:\Program Files\Microsoft Visual Studio\2022\Community\VC\Tools\MSVC\14.38.33130\include\xutility(1277,12): warning C4996:             T=int [E:\C++\FlutterReflect\build\flutter_reflect_lib.vcxproj]
C:\Program Files\Microsoft Visual Studio\2022\Community\VC\Tools\MSVC\14.38.33130\include\xutility(1277,12): warning C4996:         ] [E:\C++\FlutterReflect\build\flutter_reflect_lib.vcxproj]
  (compiling source file '../src/jsonrpc/handler.cpp')
      C:\Program Files\Microsoft Visual Studio\2022\Community\VC\Tools\MSVC\14.38.33130\include\xutility(1277,12):
      the template instantiation context (the oldest one first) is
          E:\C++\FlutterReflect\build\_deps\spdlog-src\include\spdlog\fmt\bundled\format.h(925,8):
          see reference to function template instantiation '_NoThrowFwdIt std::uninitialized_copy<T*,stdext::checked_array_iterator<T *>>(const _InIt,const _InIt,_NoThrowFwdIt)' being compiled
          with
          [
              _NoThrowFwdIt=stdext::checked_array_iterator<int *>,
              T=int,
              _InIt=int *
          ]
          C:\Program Files\Microsoft Visual Studio\2022\Community\VC\Tools\MSVC\14.38.33130\include\xmemory(1920,5):
          see reference to function template instantiation 'void std::_Seek_wrapped<_NoThrowFwdIt,int*>(_Iter &,_UIter &&)' being compiled
          with
          [
              _NoThrowFwdIt=stdext::checked_array_iterator<int *>,
              _Iter=stdext::checked_array_iterator<int *>,
              _UIter=int *
          ]
  
  server.cpp
E:\C++\FlutterReflect\include\mcp\types.h(20,10): error C2039: 'optional': is not a member of 'std' [E:\C++\FlutterReflect\build\flutter_reflect_lib.vcxproj]
  (compiling source file '../src/mcp/server.cpp')
      E:\C++\FlutterReflect\build\_deps\nlohmann_json-src\include\nlohmann\json.hpp(5196,11):
      see declaration of 'std'
  
E:\C++\FlutterReflect\include\mcp\types.h(20,18): error C2143: syntax error: missing ';' before '<' [E:\C++\FlutterReflect\build\flutter_reflect_lib.vcxproj]
  (compiling source file '../src/mcp/server.cpp')
  
E:\C++\FlutterReflect\include\mcp\types.h(20,18): error C4430: missing type specifier - int assumed. Note: C++ does not support default-int [E:\C++\FlutterReflect\build\flutter_reflect_lib.vcxproj]
  (compiling source file '../src/mcp/server.cpp')
  
E:\C++\FlutterReflect\include\mcp\types.h(20,47): error C2238: unexpected token(s) preceding ';' [E:\C++\FlutterReflect\build\flutter_reflect_lib.vcxproj]
  (compiling source file '../src/mcp/server.cpp')
  
E:\C++\FlutterReflect\include\mcp\types.h(27,13): error C2065: 'capabilities': undeclared identifier [E:\C++\FlutterReflect\build\flutter_reflect_lib.vcxproj]
  (compiling source file '../src/mcp/server.cpp')
  
E:\C++\FlutterReflect\include\mcp\types.h(28,33): error C2065: 'capabilities': undeclared identifier [E:\C++\FlutterReflect\build\flutter_reflect_lib.vcxproj]
  (compiling source file '../src/mcp/server.cpp')
  
E:\C++\FlutterReflect\include\mcp\transport.h(79,26): error C2039: 'thread': is not a member of 'std' [E:\C++\FlutterReflect\build\flutter_reflect_lib.vcxproj]
  (compiling source file '../src/mcp/server.cpp')
      E:\C++\FlutterReflect\build\_deps\nlohmann_json-src\include\nlohmann\json.hpp(5196,11):
      see declaration of 'std'
  
E:\C++\FlutterReflect\include\mcp\transport.h(79,26): error C2065: 'thread': undeclared identifier [E:\C++\FlutterReflect\build\flutter_reflect_lib.vcxproj]
  (compiling source file '../src/mcp/server.cpp')
  
E:\C++\FlutterReflect\include\mcp\transport.h(79,10): error C2923: 'std::unique_ptr': 'thread' is not a valid template type argument for parameter '_Ty' [E:\C++\FlutterReflect\build\flutter_reflect_lib.vcxproj]
  (compiling source file '../src/mcp/server.cpp')
      E:\C++\FlutterReflect\include\mcp\transport.h(79,26):
      see declaration of 'thread'
  
E:\C++\FlutterReflect\include\mcp\transport.h(79,10): error C2976: 'std::unique_ptr': too few template arguments [E:\C++\FlutterReflect\build\flutter_reflect_lib.vcxproj]
  (compiling source file '../src/mcp/server.cpp')
      C:\Program Files\Microsoft Visual Studio\2022\Community\VC\Tools\MSVC\14.38.33130\include\memory(3203,18):
      see declaration of 'std::unique_ptr'
  
E:\C++\FlutterReflect\include\mcp\transport.h(79,34): error C2955: 'std::unique_ptr': use of class template requires template argument list [E:\C++\FlutterReflect\build\flutter_reflect_lib.vcxproj]
  (compiling source file '../src/mcp/server.cpp')
      C:\Program Files\Microsoft Visual Studio\2022\Community\VC\Tools\MSVC\14.38.33130\include\memory(3203,18):
      see declaration of 'std::unique_ptr'
  
E:\C++\FlutterReflect\include\mcp\transport.h(80,10): error C2039: 'mutex': is not a member of 'std' [E:\C++\FlutterReflect\build\flutter_reflect_lib.vcxproj]
  (compiling source file '../src/mcp/server.cpp')
      E:\C++\FlutterReflect\build\_deps\nlohmann_json-src\include\nlohmann\json.hpp(5196,11):
      see declaration of 'std'
  
E:\C++\FlutterReflect\include\mcp\transport.h(80,16): error C3646: 'mutex_': unknown override specifier [E:\C++\FlutterReflect\build\flutter_reflect_lib.vcxproj]
  (compiling source file '../src/mcp/server.cpp')
  
E:\C++\FlutterReflect\include\mcp\transport.h(80,22): error C4430: missing type specifier - int assumed. Note: C++ does not support default-int [E:\C++\FlutterReflect\build\flutter_reflect_lib.vcxproj]
  (compiling source file '../src/mcp/server.cpp')
  
E:\C++\FlutterReflect\src\mcp\server.cpp(17,18): error C2039: 'capabilities': is not a member of 'mcp::ServerInfo' [E:\C++\FlutterReflect\build\flutter_reflect_lib.vcxproj]
      E:\C++\FlutterReflect\include\mcp\types.h(17,8):
      see declaration of 'mcp::ServerInfo'
  
  stdio_transport.cpp
E:\C++\FlutterReflect\include\mcp\transport.h(79,10): error C2039: 'unique_ptr': is not a member of 'std' [E:\C++\FlutterReflect\build\flutter_reflect_lib.vcxproj]
  (compiling source file '../src/mcp/stdio_transport.cpp')
      C:\Program Files\Microsoft Visual Studio\2022\Community\VC\Tools\MSVC\14.38.33130\include\functional(31,1):
      see declaration of 'std'
  
E:\C++\FlutterReflect\include\mcp\transport.h(79,20): error C2143: syntax error: missing ';' before '<' [E:\C++\FlutterReflect\build\flutter_reflect_lib.vcxproj]
  (compiling source file '../src/mcp/stdio_transport.cpp')
  
E:\C++\FlutterReflect\include\mcp\transport.h(79,20): error C4430: missing type specifier - int assumed. Note: C++ does not support default-int [E:\C++\FlutterReflect\build\flutter_reflect_lib.vcxproj]
  (compiling source file '../src/mcp/stdio_transport.cpp')
  
E:\C++\FlutterReflect\include\mcp\transport.h(79,26): error C2039: 'thread': is not a member of 'std' [E:\C++\FlutterReflect\build\flutter_reflect_lib.vcxproj]
  (compiling source file '../src/mcp/stdio_transport.cpp')
      C:\Program Files\Microsoft Visual Studio\2022\Community\VC\Tools\MSVC\14.38.33130\include\functional(31,1):
      see declaration of 'std'
  
E:\C++\FlutterReflect\include\mcp\transport.h(79,49): error C2238: unexpected token(s) preceding ';' [E:\C++\FlutterReflect\build\flutter_reflect_lib.vcxproj]
  (compiling source file '../src/mcp/stdio_transport.cpp')
  
E:\C++\FlutterReflect\include\mcp\transport.h(80,10): error C2039: 'mutex': is not a member of 'std' [E:\C++\FlutterReflect\build\flutter_reflect_lib.vcxproj]
  (compiling source file '../src/mcp/stdio_transport.cpp')
      C:\Program Files\Microsoft Visual Studio\2022\Community\VC\Tools\MSVC\14.38.33130\include\functional(31,1):
      see declaration of 'std'
  
E:\C++\FlutterReflect\include\mcp\transport.h(80,16): error C3646: 'mutex_': unknown override specifier [E:\C++\FlutterReflect\build\flutter_reflect_lib.vcxproj]
  (compiling source file '../src/mcp/stdio_transport.cpp')
  
E:\C++\FlutterReflect\include\mcp\transport.h(80,22): error C4430: missing type specifier - int assumed. Note: C++ does not support default-int [E:\C++\FlutterReflect\build\flutter_reflect_lib.vcxproj]
  (compiling source file '../src/mcp/stdio_transport.cpp')
  
E:\C++\FlutterReflect\src\mcp\stdio_transport.cpp(32,38): error C2065: 'mutex_': undeclared identifier [E:\C++\FlutterReflect\build\flutter_reflect_lib.vcxproj]
E:\C++\FlutterReflect\src\mcp\stdio_transport.cpp(101,5): error C2065: 'receive_thread_': undeclared identifier [E:\C++\FlutterReflect\build\flutter_reflect_lib.vcxproj]
E:\C++\FlutterReflect\src\mcp\stdio_transport.cpp(113,9): error C2065: 'receive_thread_': undeclared identifier [E:\C++\FlutterReflect\build\flutter_reflect_lib.vcxproj]
E:\C++\FlutterReflect\src\mcp\stdio_transport.cpp(113,28): error C2065: 'receive_thread_': undeclared identifier [E:\C++\FlutterReflect\build\flutter_reflect_lib.vcxproj]
E:\C++\FlutterReflect\src\mcp\stdio_transport.cpp(114,9): error C2065: 'receive_thread_': undeclared identifier [E:\C++\FlutterReflect\build\flutter_reflect_lib.vcxproj]
E:\C++\FlutterReflect\src\mcp\stdio_transport.cpp(117,5): error C2065: 'receive_thread_': undeclared identifier [E:\C++\FlutterReflect\build\flutter_reflect_lib.vcxproj]
  tool_registry.cpp
E:\C++\FlutterReflect\include\mcp\types.h(20,10): error C2039: 'optional': is not a member of 'std' [E:\C++\FlutterReflect\build\flutter_reflect_lib.vcxproj]
  (compiling source file '../src/mcp/tool_registry.cpp')
      E:\C++\FlutterReflect\build\_deps\nlohmann_json-src\include\nlohmann\json.hpp(5196,11):
      see declaration of 'std'
  
E:\C++\FlutterReflect\include\mcp\types.h(20,18): error C2143: syntax error: missing ';' before '<' [E:\C++\FlutterReflect\build\flutter_reflect_lib.vcxproj]
  (compiling source file '../src/mcp/tool_registry.cpp')
  
E:\C++\FlutterReflect\include\mcp\types.h(20,18): error C4430: missing type specifier - int assumed. Note: C++ does not support default-int [E:\C++\FlutterReflect\build\flutter_reflect_lib.vcxproj]
  (compiling source file '../src/mcp/tool_registry.cpp')
  
E:\C++\FlutterReflect\include\mcp\types.h(20,47): error C2238: unexpected token(s) preceding ';' [E:\C++\FlutterReflect\build\flutter_reflect_lib.vcxproj]
  (compiling source file '../src/mcp/tool_registry.cpp')
  
E:\C++\FlutterReflect\include\mcp\types.h(27,13): error C2065: 'capabilities': undeclared identifier [E:\C++\FlutterReflect\build\flutter_reflect_lib.vcxproj]
  (compiling source file '../src/mcp/tool_registry.cpp')
  
E:\C++\FlutterReflect\include\mcp\types.h(28,33): error C2065: 'capabilities': undeclared identifier [E:\C++\FlutterReflect\build\flutter_reflect_lib.vcxproj]
  (compiling source file '../src/mcp/tool_registry.cpp')
  
  vm_service_client.cpp
  widget_inspector.cpp
  widget_tree.cpp
  selector_parser.cpp
  selector_matcher.cpp
  interaction.cpp
  connect_tool.cpp
E:\C++\FlutterReflect\include\mcp\types.h(20,10): error C2039: 'optional': is not a member of 'std' [E:\C++\FlutterReflect\build\flutter_reflect_lib.vcxproj]
  (compiling source file '../src/tools/connect_tool.cpp')
      E:\C++\FlutterReflect\build\_deps\nlohmann_json-src\include\nlohmann\json.hpp(5196,11):
      see declaration of 'std'
  
E:\C++\FlutterReflect\include\mcp\types.h(20,18): error C2143: syntax error: missing ';' before '<' [E:\C++\FlutterReflect\build\flutter_reflect_lib.vcxproj]
  (compiling source file '../src/tools/connect_tool.cpp')
  
E:\C++\FlutterReflect\include\mcp\types.h(20,18): error C4430: missing type specifier - int assumed. Note: C++ does not support default-int [E:\C++\FlutterReflect\build\flutter_reflect_lib.vcxproj]
  (compiling source file '../src/tools/connect_tool.cpp')
  
E:\C++\FlutterReflect\include\mcp\types.h(20,47): error C2238: unexpected token(s) preceding ';' [E:\C++\FlutterReflect\build\flutter_reflect_lib.vcxproj]
  (compiling source file '../src/tools/connect_tool.cpp')
  
E:\C++\FlutterReflect\include\mcp\types.h(27,13): error C2065: 'capabilities': undeclared identifier [E:\C++\FlutterReflect\build\flutter_reflect_lib.vcxproj]
  (compiling source file '../src/tools/connect_tool.cpp')
  
E:\C++\FlutterReflect\include\mcp\types.h(28,33): error C2065: 'capabilities': undeclared identifier [E:\C++\FlutterReflect\build\flutter_reflect_lib.vcxproj]
  (compiling source file '../src/tools/connect_tool.cpp')
  
  query_tool.cpp
E:\C++\FlutterReflect\include\mcp\types.h(20,10): error C2039: 'optional': is not a member of 'std' [E:\C++\FlutterReflect\build\flutter_reflect_lib.vcxproj]
  (compiling source file '../src/tools/query_tool.cpp')
      E:\C++\FlutterReflect\build\_deps\nlohmann_json-src\include\nlohmann\json.hpp(5196,11):
      see declaration of 'std'
  
E:\C++\FlutterReflect\include\mcp\types.h(20,18): error C2143: syntax error: missing ';' before '<' [E:\C++\FlutterReflect\build\flutter_reflect_lib.vcxproj]
  (compiling source file '../src/tools/query_tool.cpp')
  
E:\C++\FlutterReflect\include\mcp\types.h(20,18): error C4430: missing type specifier - int assumed. Note: C++ does not support default-int [E:\C++\FlutterReflect\build\flutter_reflect_lib.vcxproj]
  (compiling source file '../src/tools/query_tool.cpp')
  
E:\C++\FlutterReflect\include\mcp\types.h(20,47): error C2238: unexpected token(s) preceding ';' [E:\C++\FlutterReflect\build\flutter_reflect_lib.vcxproj]
  (compiling source file '../src/tools/query_tool.cpp')
  
E:\C++\FlutterReflect\include\mcp\types.h(27,13): error C2065: 'capabilities': undeclared identifier [E:\C++\FlutterReflect\build\flutter_reflect_lib.vcxproj]
  (compiling source file '../src/tools/query_tool.cpp')
  
E:\C++\FlutterReflect\include\mcp\types.h(28,33): error C2065: 'capabilities': undeclared identifier [E:\C++\FlutterReflect\build\flutter_reflect_lib.vcxproj]
  (compiling source file '../src/tools/query_tool.cpp')
  
  tap_tool.cpp
E:\C++\FlutterReflect\include\mcp\types.h(20,10): error C2039: 'optional': is not a member of 'std' [E:\C++\FlutterReflect\build\flutter_reflect_lib.vcxproj]
  (compiling source file '../src/tools/tap_tool.cpp')
      E:\C++\FlutterReflect\build\_deps\nlohmann_json-src\include\nlohmann\json.hpp(5196,11):
      see declaration of 'std'
  
E:\C++\FlutterReflect\include\mcp\types.h(20,18): error C2143: syntax error: missing ';' before '<' [E:\C++\FlutterReflect\build\flutter_reflect_lib.vcxproj]
  (compiling source file '../src/tools/tap_tool.cpp')
  
E:\C++\FlutterReflect\include\mcp\types.h(20,18): error C4430: missing type specifier - int assumed. Note: C++ does not support default-int [E:\C++\FlutterReflect\build\flutter_reflect_lib.vcxproj]
  (compiling source file '../src/tools/tap_tool.cpp')
  
E:\C++\FlutterReflect\include\mcp\types.h(20,47): error C2238: unexpected token(s) preceding ';' [E:\C++\FlutterReflect\build\flutter_reflect_lib.vcxproj]
  (compiling source file '../src/tools/tap_tool.cpp')
  
E:\C++\FlutterReflect\include\mcp\types.h(27,13): error C2065: 'capabilities': undeclared identifier [E:\C++\FlutterReflect\build\flutter_reflect_lib.vcxproj]
  (compiling source file '../src/tools/tap_tool.cpp')
  
E:\C++\FlutterReflect\include\mcp\types.h(28,33): error C2065: 'capabilities': undeclared identifier [E:\C++\FlutterReflect\build\flutter_reflect_lib.vcxproj]
  (compiling source file '../src/tools/tap_tool.cpp')
  
  type_tool.cpp
E:\C++\FlutterReflect\include\mcp\types.h(20,10): error C2039: 'optional': is not a member of 'std' [E:\C++\FlutterReflect\build\flutter_reflect_lib.vcxproj]
  (compiling source file '../src/tools/type_tool.cpp')
      E:\C++\FlutterReflect\build\_deps\nlohmann_json-src\include\nlohmann\json.hpp(5196,11):
      see declaration of 'std'
  
E:\C++\FlutterReflect\include\mcp\types.h(20,18): error C2143: syntax error: missing ';' before '<' [E:\C++\FlutterReflect\build\flutter_reflect_lib.vcxproj]
  (compiling source file '../src/tools/type_tool.cpp')
  
E:\C++\FlutterReflect\include\mcp\types.h(20,18): error C4430: missing type specifier - int assumed. Note: C++ does not support default-int [E:\C++\FlutterReflect\build\flutter_reflect_lib.vcxproj]
  (compiling source file '../src/tools/type_tool.cpp')
  
E:\C++\FlutterReflect\include\mcp\types.h(20,47): error C2238: unexpected token(s) preceding ';' [E:\C++\FlutterReflect\build\flutter_reflect_lib.vcxproj]
  (compiling source file '../src/tools/type_tool.cpp')
  
E:\C++\FlutterReflect\include\mcp\types.h(27,13): error C2065: 'capabilities': undeclared identifier [E:\C++\FlutterReflect\build\flutter_reflect_lib.vcxproj]
  (compiling source file '../src/tools/type_tool.cpp')
  
E:\C++\FlutterReflect\include\mcp\types.h(28,33): error C2065: 'capabilities': undeclared identifier [E:\C++\FlutterReflect\build\flutter_reflect_lib.vcxproj]
  (compiling source file '../src/tools/type_tool.cpp')
  
  scroll_tool.cpp
E:\C++\FlutterReflect\include\mcp\types.h(20,10): error C2039: 'optional': is not a member of 'std' [E:\C++\FlutterReflect\build\flutter_reflect_lib.vcxproj]
  (compiling source file '../src/tools/scroll_tool.cpp')
      E:\C++\FlutterReflect\build\_deps\nlohmann_json-src\include\nlohmann\json.hpp(5196,11):
      see declaration of 'std'
  
E:\C++\FlutterReflect\include\mcp\types.h(20,18): error C2143: syntax error: missing ';' before '<' [E:\C++\FlutterReflect\build\flutter_reflect_lib.vcxproj]
  (compiling source file '../src/tools/scroll_tool.cpp')
  
E:\C++\FlutterReflect\include\mcp\types.h(20,18): error C4430: missing type specifier - int assumed. Note: C++ does not support default-int [E:\C++\FlutterReflect\build\flutter_reflect_lib.vcxproj]
  (compiling source file '../src/tools/scroll_tool.cpp')
  
E:\C++\FlutterReflect\include\mcp\types.h(20,47): error C2238: unexpected token(s) preceding ';' [E:\C++\FlutterReflect\build\flutter_reflect_lib.vcxproj]
  (compiling source file '../src/tools/scroll_tool.cpp')
  
E:\C++\FlutterReflect\include\mcp\types.h(27,13): error C2065: 'capabilities': undeclared identifier [E:\C++\FlutterReflect\build\flutter_reflect_lib.vcxproj]
  (compiling source file '../src/tools/scroll_tool.cpp')
  
E:\C++\FlutterReflect\include\mcp\types.h(28,33): error C2065: 'capabilities': undeclared identifier [E:\C++\FlutterReflect\build\flutter_reflect_lib.vcxproj]
  (compiling source file '../src/tools/scroll_tool.cpp')
  
  screenshot_tool.cpp
E:\C++\FlutterReflect\include\mcp\types.h(20,10): error C2039: 'optional': is not a member of 'std' [E:\C++\FlutterReflect\build\flutter_reflect_lib.vcxproj]
  (compiling source file '../src/tools/screenshot_tool.cpp')
      E:\C++\FlutterReflect\build\_deps\nlohmann_json-src\include\nlohmann\json.hpp(5196,11):
      see declaration of 'std'
  
E:\C++\FlutterReflect\include\mcp\types.h(20,18): error C2143: syntax error: missing ';' before '<' [E:\C++\FlutterReflect\build\flutter_reflect_lib.vcxproj]
  (compiling source file '../src/tools/screenshot_tool.cpp')
  
E:\C++\FlutterReflect\include\mcp\types.h(20,18): error C4430: missing type specifier - int assumed. Note: C++ does not support default-int [E:\C++\FlutterReflect\build\flutter_reflect_lib.vcxproj]
  (compiling source file '../src/tools/screenshot_tool.cpp')
  
E:\C++\FlutterReflect\include\mcp\types.h(20,47): error C2238: unexpected token(s) preceding ';' [E:\C++\FlutterReflect\build\flutter_reflect_lib.vcxproj]
  (compiling source file '../src/tools/screenshot_tool.cpp')
  
E:\C++\FlutterReflect\include\mcp\types.h(27,13): error C2065: 'capabilities': undeclared identifier [E:\C++\FlutterReflect\build\flutter_reflect_lib.vcxproj]
  (compiling source file '../src/tools/screenshot_tool.cpp')
  
E:\C++\FlutterReflect\include\mcp\types.h(28,33): error C2065: 'capabilities': undeclared identifier [E:\C++\FlutterReflect\build\flutter_reflect_lib.vcxproj]
  (compiling source file '../src/tools/screenshot_tool.cpp')
  
  get_property_tool.cpp
E:\C++\FlutterReflect\include\mcp\types.h(20,10): error C2039: 'optional': is not a member of 'std' [E:\C++\FlutterReflect\build\flutter_reflect_lib.vcxproj]
  (compiling source file '../src/tools/get_property_tool.cpp')
      E:\C++\FlutterReflect\build\_deps\nlohmann_json-src\include\nlohmann\json.hpp(5196,11):
      see declaration of 'std'
  
E:\C++\FlutterReflect\include\mcp\types.h(20,18): error C2143: syntax error: missing ';' before '<' [E:\C++\FlutterReflect\build\flutter_reflect_lib.vcxproj]
  (compiling source file '../src/tools/get_property_tool.cpp')
  
E:\C++\FlutterReflect\include\mcp\types.h(20,18): error C4430: missing type specifier - int assumed. Note: C++ does not support default-int [E:\C++\FlutterReflect\build\flutter_reflect_lib.vcxproj]
  (compiling source file '../src/tools/get_property_tool.cpp')
  
E:\C++\FlutterReflect\include\mcp\types.h(20,47): error C2238: unexpected token(s) preceding ';' [E:\C++\FlutterReflect\build\flutter_reflect_lib.vcxproj]
  (compiling source file '../src/tools/get_property_tool.cpp')
  
E:\C++\FlutterReflect\include\mcp\types.h(27,13): error C2065: 'capabilities': undeclared identifier [E:\C++\FlutterReflect\build\flutter_reflect_lib.vcxproj]
  (compiling source file '../src/tools/get_property_tool.cpp')
  
E:\C++\FlutterReflect\include\mcp\types.h(28,33): error C2065: 'capabilities': undeclared identifier [E:\C++\FlutterReflect\build\flutter_reflect_lib.vcxproj]
  (compiling source file '../src/tools/get_property_tool.cpp')
  
  wait_tool.cpp
E:\C++\FlutterReflect\include\mcp\types.h(20,10): error C2039: 'optional': is not a member of 'std' [E:\C++\FlutterReflect\build\flutter_reflect_lib.vcxproj]
  (compiling source file '../src/tools/wait_tool.cpp')
      E:\C++\FlutterReflect\build\_deps\nlohmann_json-src\include\nlohmann\json.hpp(5196,11):
      see declaration of 'std'
  
E:\C++\FlutterReflect\include\mcp\types.h(20,18): error C2143: syntax error: missing ';' before '<' [E:\C++\FlutterReflect\build\flutter_reflect_lib.vcxproj]
  (compiling source file '../src/tools/wait_tool.cpp')
  
E:\C++\FlutterReflect\include\mcp\types.h(20,18): error C4430: missing type specifier - int assumed. Note: C++ does not support default-int [E:\C++\FlutterReflect\build\flutter_reflect_lib.vcxproj]
  (compiling source file '../src/tools/wait_tool.cpp')
  
E:\C++\FlutterReflect\include\mcp\types.h(20,47): error C2238: unexpected token(s) preceding ';' [E:\C++\FlutterReflect\build\flutter_reflect_lib.vcxproj]
  (compiling source file '../src/tools/wait_tool.cpp')
  
E:\C++\FlutterReflect\include\mcp\types.h(27,13): error C2065: 'capabilities': undeclared identifier [E:\C++\FlutterReflect\build\flutter_reflect_lib.vcxproj]
  (compiling source file '../src/tools/wait_tool.cpp')
  
E:\C++\FlutterReflect\include\mcp\types.h(28,33): error C2065: 'capabilities': undeclared identifier [E:\C++\FlutterReflect\build\flutter_reflect_lib.vcxproj]
  (compiling source file '../src/tools/wait_tool.cpp')
  
  Generating Code...
  Building Custom Rule E:/C++/FlutterReflect/build/_deps/googletest-src/googletest/CMakeLists.txt
  gtest-all.cc
  gtest.vcxproj -> E:\C++\FlutterReflect\build\lib\Debug\gtest.lib
  Building Custom Rule E:/C++/FlutterReflect/build/_deps/googletest-src/googletest/CMakeLists.txt
  gtest_main.cc
  gtest_main.vcxproj -> E:\C++\FlutterReflect\build\lib\Debug\gtest_main.lib
  Building Custom Rule E:/C++/FlutterReflect/build/_deps/googletest-src/googlemock/CMakeLists.txt
  gtest-all.cc
  gmock-all.cc
  Generating Code...
  gmock.vcxproj -> E:\C++\FlutterReflect\build\lib\Debug\gmock.lib
  Building Custom Rule E:/C++/FlutterReflect/build/_deps/googletest-src/googlemock/CMakeLists.txt
  gtest-all.cc
  gmock-all.cc
  gmock_main.cc
  Generating Code...
  gmock_main.vcxproj -> E:\C++\FlutterReflect\build\lib\Debug\gmock_main.lib
